2026-05-22 01:53:39 INFO Pipeline Runtime | Device: cuda:0 | Distributed: True | Test Batches: 1691 | Train Batches: 812 | Valid Batches: 762 | World Size: 4
2026-05-22 01:53:39 INFO Stage Start | Run Id: pair_context_gated_abba_block_d256_no_sn_s101
2026-05-22 01:53:42 INFO Train Config | Epochs: 50 | Monitor: auprc | Patience: 10
2026-05-22 01:53:42 INFO Epoch Start | Epoch: 1
2026-05-22 01:53:47 INFO Epoch Progress | Epoch: 1 | Loss: 0.6552 | LR: 4e-06 | Progress: 0% | Step: 1/812
2026-05-22 01:55:32 INFO Epoch Progress | Epoch: 1 | Loss: 0.7281 | LR: 1.29976e-05 | Progress: 25% | Step: 203/812
2026-05-22 01:57:18 INFO Epoch Progress | Epoch: 1 | Loss: 0.6919 | LR: 3.68989e-05 | Progress: 50% | Step: 406/812
2026-05-22 01:59:03 INFO Epoch Progress | Epoch: 1 | Loss: 0.6465 | LR: 6.65711e-05 | Progress: 75% | Step: 609/812
2026-05-22 02:00:48 INFO Epoch Progress | Epoch: 1 | Loss: 0.6148 | LR: 9.0675e-05 | Progress: 100% | Step: 812/812
2026-05-22 02:04:38 INFO CSV Written | Epoch: 1
2026-05-22 02:04:46 INFO Best Saved | Epoch: 1 | Monitor: val_auprc | Value: 0.8700
2026-05-22 02:04:46 INFO Epoch Done | Epoch: 1 | Time: 655.7088 | Train Loss: 0.6138 | Val Accuracy: 0.7774 | Val AUPRC: 0.8700 | Val Auroc: 0.8645 | Val F1: 0.7663 | Val Loss: 0.4885
2026-05-22 02:04:46 INFO Epoch Start | Epoch: 2
2026-05-22 02:04:49 INFO Epoch Progress | Epoch: 2 | Loss: 0.3404 | LR: 9.07628e-05 | Progress: 0% | Step: 1/812
2026-05-22 02:06:33 INFO Epoch Progress | Epoch: 2 | Loss: 0.4937 | LR: 9.99993e-05 | Progress: 25% | Step: 203/812
2026-05-22 02:08:19 INFO Epoch Progress | Epoch: 2 | Loss: 0.4785 | LR: 9.98803e-05 | Progress: 50% | Step: 406/812
2026-05-22 02:10:04 INFO Epoch Progress | Epoch: 2 | Loss: 0.4764 | LR: 9.95176e-05 | Progress: 75% | Step: 609/812
2026-05-22 02:11:49 INFO Epoch Progress | Epoch: 2 | Loss: 0.4706 | LR: 9.89136e-05 | Progress: 100% | Step: 812/812
2026-05-22 02:15:46 INFO CSV Written | Epoch: 2
2026-05-22 02:15:46 INFO Best Saved | Epoch: 2 | Monitor: val_auprc | Value: 0.9040
2026-05-22 02:15:46 INFO Epoch Done | Epoch: 2 | Time: 659.7269 | Train Loss: 0.4702 | Val Accuracy: 0.8166 | Val AUPRC: 0.9040 | Val Auroc: 0.9000 | Val F1: 0.8183 | Val Loss: 0.4361
2026-05-22 02:15:46 INFO Epoch Start | Epoch: 3
2026-05-22 02:15:48 INFO Epoch Progress | Epoch: 3 | Loss: 0.3661 | LR: 9.89101e-05 | Progress: 0% | Step: 1/812
2026-05-22 02:17:34 INFO Epoch Progress | Epoch: 3 | Loss: 0.4290 | LR: 9.80714e-05 | Progress: 25% | Step: 203/812
2026-05-22 02:19:19 INFO Epoch Progress | Epoch: 3 | Loss: 0.4261 | LR: 9.70008e-05 | Progress: 50% | Step: 406/812
2026-05-22 02:21:04 INFO Epoch Progress | Epoch: 3 | Loss: 0.4195 | LR: 9.56965e-05 | Progress: 75% | Step: 609/812
2026-05-22 02:22:49 INFO Epoch Progress | Epoch: 3 | Loss: 0.4155 | LR: 9.41696e-05 | Progress: 100% | Step: 812/812
2026-05-22 02:26:42 INFO CSV Written | Epoch: 3
2026-05-22 02:26:43 INFO Best Saved | Epoch: 3 | Monitor: val_auprc | Value: 0.9243
2026-05-22 02:26:43 INFO Epoch Done | Epoch: 3 | Time: 656.5452 | Train Loss: 0.4161 | Val Accuracy: 0.8398 | Val AUPRC: 0.9243 | Val Auroc: 0.9210 | Val F1: 0.8372 | Val Loss: 0.4029
2026-05-22 02:26:43 INFO Epoch Start | Epoch: 4
2026-05-22 02:26:45 INFO Epoch Progress | Epoch: 4 | Loss: 0.4840 | LR: 9.41615e-05 | Progress: 0% | Step: 1/812
2026-05-22 02:28:31 INFO Epoch Progress | Epoch: 4 | Loss: 0.3890 | LR: 9.24275e-05 | Progress: 25% | Step: 203/812
2026-05-22 02:30:15 INFO Epoch Progress | Epoch: 4 | Loss: 0.3837 | LR: 9.04888e-05 | Progress: 50% | Step: 406/812
2026-05-22 02:31:58 INFO Epoch Progress | Epoch: 4 | Loss: 0.3801 | LR: 8.83437e-05 | Progress: 75% | Step: 609/812
2026-05-22 02:33:43 INFO Epoch Progress | Epoch: 4 | Loss: 0.3792 | LR: 8.60118e-05 | Progress: 100% | Step: 812/812
2026-05-22 02:37:38 INFO CSV Written | Epoch: 4
2026-05-22 02:37:38 INFO Best Saved | Epoch: 4 | Monitor: val_auprc | Value: 0.9307
2026-05-22 02:37:38 INFO Epoch Done | Epoch: 4 | Time: 655.8539 | Train Loss: 0.3809 | Val Accuracy: 0.8533 | Val AUPRC: 0.9307 | Val Auroc: 0.9293 | Val F1: 0.8548 | Val Loss: 0.3857
2026-05-22 02:37:38 INFO Epoch Start | Epoch: 5
2026-05-22 02:37:41 INFO Epoch Progress | Epoch: 5 | Loss: 0.3995 | LR: 8.59999e-05 | Progress: 0% | Step: 1/812
2026-05-22 02:39:27 INFO Epoch Progress | Epoch: 5 | Loss: 0.3582 | LR: 8.35045e-05 | Progress: 25% | Step: 203/812
2026-05-22 02:41:12 INFO Epoch Progress | Epoch: 5 | Loss: 0.3516 | LR: 8.08339e-05 | Progress: 50% | Step: 406/812
2026-05-22 02:42:57 INFO Epoch Progress | Epoch: 5 | Loss: 0.3523 | LR: 7.80132e-05 | Progress: 75% | Step: 609/812
2026-05-22 02:44:43 INFO Epoch Progress | Epoch: 5 | Loss: 0.3556 | LR: 7.50559e-05 | Progress: 100% | Step: 812/812
2026-05-22 02:48:33 INFO CSV Written | Epoch: 5
2026-05-22 02:48:33 INFO Best Saved | Epoch: 5 | Monitor: val_auprc | Value: 0.9378
2026-05-22 02:48:33 INFO Epoch Done | Epoch: 5 | Time: 654.9278 | Train Loss: 0.3551 | Val Accuracy: 0.8592 | Val AUPRC: 0.9378 | Val Auroc: 0.9355 | Val F1: 0.8583 | Val Loss: 0.3741
2026-05-22 02:48:33 INFO Epoch Start | Epoch: 6
2026-05-22 02:48:52 INFO Epoch Progress | Epoch: 6 | Loss: 0.9439 | LR: 7.5041e-05 | Progress: 1% | Step: 1/190
2026-05-22 02:50:23 INFO Epoch Progress | Epoch: 6 | Loss: 0.7005 | LR: 7.43383e-05 | Progress: 25% | Step: 48/190
2026-05-22 02:51:54 INFO Epoch Progress | Epoch: 6 | Loss: 0.6902 | LR: 7.3614e-05 | Progress: 51% | Step: 96/190
2026-05-22 02:53:25 INFO Epoch Progress | Epoch: 6 | Loss: 0.6895 | LR: 7.28833e-05 | Progress: 76% | Step: 144/190
2026-05-22 02:54:50 INFO Epoch Progress | Epoch: 6 | Loss: 0.6878 | LR: 7.21772e-05 | Progress: 100% | Step: 190/190
2026-05-22 02:58:51 INFO CSV Written | Epoch: 6
2026-05-22 02:58:51 INFO Best Saved | Epoch: 6 | Monitor: val_auprc | Value: 0.9401
2026-05-22 02:58:51 INFO Epoch Done | Epoch: 6 | Time: 617.9051 | Train Loss: 0.6894 | Val Accuracy: 0.8659 | Val AUPRC: 0.9401 | Val Auroc: 0.9389 | Val F1: 0.8666 | Val Loss: 0.4571
2026-05-22 02:58:51 INFO Epoch Start | Epoch: 7
2026-05-22 02:59:03 INFO Epoch Progress | Epoch: 7 | Loss: 0.7212 | LR: 7.21618e-05 | Progress: 1% | Step: 1/190
2026-05-22 03:00:33 INFO Epoch Progress | Epoch: 7 | Loss: 0.6853 | LR: 7.14344e-05 | Progress: 25% | Step: 48/190
2026-05-22 03:02:04 INFO Epoch Progress | Epoch: 7 | Loss: 0.6786 | LR: 7.06859e-05 | Progress: 51% | Step: 96/190
2026-05-22 03:03:34 INFO Epoch Progress | Epoch: 7 | Loss: 0.6725 | LR: 6.99317e-05 | Progress: 76% | Step: 144/190
2026-05-22 03:04:59 INFO Epoch Progress | Epoch: 7 | Loss: 0.6725 | LR: 6.92038e-05 | Progress: 100% | Step: 190/190
2026-05-22 03:08:56 INFO CSV Written | Epoch: 7
2026-05-22 03:08:56 INFO Epoch Done | Epoch: 7 | Time: 604.2200 | Train Loss: 0.6685 | Val Accuracy: 0.8676 | Val AUPRC: 0.9395 | Val Auroc: 0.9384 | Val F1: 0.8684 | Val Loss: 0.4544
2026-05-22 03:08:56 INFO Epoch Start | Epoch: 8
2026-05-22 03:09:08 INFO Epoch Progress | Epoch: 8 | Loss: 0.6275 | LR: 6.91879e-05 | Progress: 1% | Step: 1/190
2026-05-22 03:10:37 INFO Epoch Progress | Epoch: 8 | Loss: 0.6483 | LR: 6.84391e-05 | Progress: 25% | Step: 48/190
2026-05-22 03:12:07 INFO Epoch Progress | Epoch: 8 | Loss: 0.6526 | LR: 6.76694e-05 | Progress: 51% | Step: 96/190
2026-05-22 03:13:37 INFO Epoch Progress | Epoch: 8 | Loss: 0.6515 | LR: 6.6895e-05 | Progress: 76% | Step: 144/190
2026-05-22 03:15:01 INFO Epoch Progress | Epoch: 8 | Loss: 0.6518 | LR: 6.61484e-05 | Progress: 100% | Step: 190/190
2026-05-22 03:18:56 INFO CSV Written | Epoch: 8
2026-05-22 03:18:56 INFO Epoch Done | Epoch: 8 | Time: 600.5684 | Train Loss: 0.6504 | Val Accuracy: 0.8683 | Val AUPRC: 0.9398 | Val Auroc: 0.9391 | Val F1: 0.8680 | Val Loss: 0.4548
2026-05-22 03:18:56 INFO Epoch Start | Epoch: 9
2026-05-22 03:19:09 INFO Epoch Progress | Epoch: 9 | Loss: 0.6844 | LR: 6.61321e-05 | Progress: 1% | Step: 1/190
2026-05-22 03:20:38 INFO Epoch Progress | Epoch: 9 | Loss: 0.6144 | LR: 6.53651e-05 | Progress: 25% | Step: 48/190
2026-05-22 03:22:09 INFO Epoch Progress | Epoch: 9 | Loss: 0.6279 | LR: 6.45776e-05 | Progress: 51% | Step: 96/190
2026-05-22 03:23:39 INFO Epoch Progress | Epoch: 9 | Loss: 0.6284 | LR: 6.37861e-05 | Progress: 76% | Step: 144/190
2026-05-22 03:25:04 INFO Epoch Progress | Epoch: 9 | Loss: 0.6285 | LR: 6.30241e-05 | Progress: 100% | Step: 190/190
2026-05-22 03:29:03 INFO CSV Written | Epoch: 9
2026-05-22 03:29:03 INFO Epoch Done | Epoch: 9 | Time: 606.9750 | Train Loss: 0.6308 | Val Accuracy: 0.8671 | Val AUPRC: 0.9347 | Val Auroc: 0.9345 | Val F1: 0.8691 | Val Loss: 0.4313
2026-05-22 03:29:03 INFO Epoch Start | Epoch: 10
2026-05-22 03:29:16 INFO Epoch Progress | Epoch: 10 | Loss: 0.5958 | LR: 6.30075e-05 | Progress: 1% | Step: 1/190
2026-05-22 03:30:45 INFO Epoch Progress | Epoch: 10 | Loss: 0.5876 | LR: 6.22255e-05 | Progress: 25% | Step: 48/190
2026-05-22 03:32:16 INFO Epoch Progress | Epoch: 10 | Loss: 0.6067 | LR: 6.14236e-05 | Progress: 51% | Step: 96/190
2026-05-22 03:33:46 INFO Epoch Progress | Epoch: 10 | Loss: 0.6042 | LR: 6.06185e-05 | Progress: 76% | Step: 144/190
2026-05-22 03:35:10 INFO Epoch Progress | Epoch: 10 | Loss: 0.6114 | LR: 5.98443e-05 | Progress: 100% | Step: 190/190
2026-05-22 03:39:12 INFO CSV Written | Epoch: 10
2026-05-22 03:39:12 INFO Epoch Done | Epoch: 10 | Time: 609.0937 | Train Loss: 0.6086 | Val Accuracy: 0.8681 | Val AUPRC: 0.9372 | Val Auroc: 0.9376 | Val F1: 0.8713 | Val Loss: 0.4286
2026-05-22 03:39:12 INFO Epoch Start | Epoch: 11
2026-05-22 03:39:25 INFO Epoch Progress | Epoch: 11 | Loss: 0.6162 | LR: 5.98274e-05 | Progress: 1% | Step: 1/190
2026-05-22 03:40:55 INFO Epoch Progress | Epoch: 11 | Loss: 0.5817 | LR: 5.90337e-05 | Progress: 25% | Step: 48/190
2026-05-22 03:42:25 INFO Epoch Progress | Epoch: 11 | Loss: 0.5912 | LR: 5.82207e-05 | Progress: 51% | Step: 96/190
2026-05-22 03:43:56 INFO Epoch Progress | Epoch: 11 | Loss: 0.5803 | LR: 5.74225e-05 | Progress: 76% | Step: 144/190
2026-05-22 03:45:21 INFO Epoch Progress | Epoch: 11 | Loss: 0.5783 | LR: 5.66394e-05 | Progress: 100% | Step: 190/190
2026-05-22 03:49:19 INFO CSV Written | Epoch: 11
2026-05-22 03:49:19 INFO Epoch Done | Epoch: 11 | Time: 606.8054 | Train Loss: 0.5787 | Val Accuracy: 0.8697 | Val AUPRC: 0.9344 | Val Auroc: 0.9338 | Val F1: 0.8689 | Val Loss: 0.4023
2026-05-22 03:49:19 INFO Epoch Start | Epoch: 12
2026-05-22 03:49:32 INFO Epoch Progress | Epoch: 12 | Loss: 0.4592 | LR: 5.66224e-05 | Progress: 1% | Step: 1/190
2026-05-22 03:51:02 INFO Epoch Progress | Epoch: 12 | Loss: 0.5446 | LR: 5.58205e-05 | Progress: 25% | Step: 48/190
2026-05-22 03:52:32 INFO Epoch Progress | Epoch: 12 | Loss: 0.5482 | LR: 5.5e-05 | Progress: 51% | Step: 96/190
2026-05-22 03:54:02 INFO Epoch Progress | Epoch: 12 | Loss: 0.5521 | LR: 5.41781e-05 | Progress: 76% | Step: 144/190
2026-05-22 03:55:27 INFO Epoch Progress | Epoch: 12 | Loss: 0.5540 | LR: 5.33894e-05 | Progress: 100% | Step: 190/190
2026-05-22 03:59:26 INFO CSV Written | Epoch: 12
2026-05-22 03:59:26 INFO Epoch Done | Epoch: 12 | Time: 606.9801 | Train Loss: 0.5535 | Val Accuracy: 0.8735 | Val AUPRC: 0.9344 | Val Auroc: 0.9348 | Val F1: 0.8743 | Val Loss: 0.3907
2026-05-22 03:59:26 INFO Epoch Start | Epoch: 13
2026-05-22 03:59:39 INFO Epoch Progress | Epoch: 13 | Loss: 0.4968 | LR: 5.33722e-05 | Progress: 1% | Step: 1/190
2026-05-22 04:01:08 INFO Epoch Progress | Epoch: 13 | Loss: 0.5120 | LR: 5.25655e-05 | Progress: 25% | Step: 48/190
2026-05-22 04:02:38 INFO Epoch Progress | Epoch: 13 | Loss: 0.5252 | LR: 5.17409e-05 | Progress: 51% | Step: 96/190
2026-05-22 04:04:09 INFO Epoch Progress | Epoch: 13 | Loss: 0.5267 | LR: 5.09158e-05 | Progress: 76% | Step: 144/190
2026-05-22 04:05:34 INFO Epoch Progress | Epoch: 13 | Loss: 0.5276 | LR: 5.01249e-05 | Progress: 100% | Step: 190/190
2026-05-22 04:09:34 INFO CSV Written | Epoch: 13
2026-05-22 04:09:34 INFO Epoch Done | Epoch: 13 | Time: 607.9740 | Train Loss: 0.5249 | Val Accuracy: 0.8669 | Val AUPRC: 0.9330 | Val Auroc: 0.9324 | Val F1: 0.8656 | Val Loss: 0.3886
2026-05-22 04:09:34 INFO Epoch Start | Epoch: 14
2026-05-22 04:09:47 INFO Epoch Progress | Epoch: 14 | Loss: 0.5018 | LR: 5.01077e-05 | Progress: 1% | Step: 1/190
2026-05-22 04:11:16 INFO Epoch Progress | Epoch: 14 | Loss: 0.4779 | LR: 4.92995e-05 | Progress: 25% | Step: 48/190
2026-05-22 04:12:46 INFO Epoch Progress | Epoch: 14 | Loss: 0.4869 | LR: 4.84744e-05 | Progress: 51% | Step: 96/190
2026-05-22 04:14:16 INFO Epoch Progress | Epoch: 14 | Loss: 0.4974 | LR: 4.76496e-05 | Progress: 76% | Step: 144/190
2026-05-22 04:15:41 INFO Epoch Progress | Epoch: 14 | Loss: 0.5009 | LR: 4.68598e-05 | Progress: 100% | Step: 190/190
2026-05-22 04:19:42 INFO CSV Written | Epoch: 14
2026-05-22 04:19:42 INFO Epoch Done | Epoch: 14 | Time: 607.2603 | Train Loss: 0.4953 | Val Accuracy: 0.8727 | Val AUPRC: 0.9305 | Val Auroc: 0.9322 | Val F1: 0.8730 | Val Loss: 0.3817
2026-05-22 04:19:42 INFO Epoch Start | Epoch: 15
2026-05-22 04:19:54 INFO Epoch Progress | Epoch: 15 | Loss: 0.4915 | LR: 4.68427e-05 | Progress: 1% | Step: 1/190
2026-05-22 04:21:23 INFO Epoch Progress | Epoch: 15 | Loss: 0.4709 | LR: 4.60365e-05 | Progress: 25% | Step: 48/190
2026-05-22 04:22:54 INFO Epoch Progress | Epoch: 15 | Loss: 0.4680 | LR: 4.52144e-05 | Progress: 51% | Step: 96/190
2026-05-22 04:24:25 INFO Epoch Progress | Epoch: 15 | Loss: 0.4665 | LR: 4.43935e-05 | Progress: 76% | Step: 144/190
2026-05-22 04:25:50 INFO Epoch Progress | Epoch: 15 | Loss: 0.4705 | LR: 4.36082e-05 | Progress: 100% | Step: 190/190
2026-05-22 04:29:49 INFO CSV Written | Epoch: 15
2026-05-22 04:29:49 INFO Epoch Done | Epoch: 15 | Time: 607.2240 | Train Loss: 0.4683 | Val Accuracy: 0.8740 | Val AUPRC: 0.9331 | Val Auroc: 0.9339 | Val F1: 0.8743 | Val Loss: 0.3779
2026-05-22 04:29:49 INFO Epoch Start | Epoch: 16
2026-05-22 04:30:00 INFO Epoch Progress | Epoch: 16 | Loss: 0.3669 | LR: 4.35911e-05 | Progress: 1% | Step: 1/190
2026-05-22 04:31:29 INFO Epoch Progress | Epoch: 16 | Loss: 0.4273 | LR: 4.27905e-05 | Progress: 25% | Step: 48/190
2026-05-22 04:33:00 INFO Epoch Progress | Epoch: 16 | Loss: 0.4313 | LR: 4.19748e-05 | Progress: 51% | Step: 96/190
2026-05-22 04:34:30 INFO Epoch Progress | Epoch: 16 | Loss: 0.4365 | LR: 4.11612e-05 | Progress: 76% | Step: 144/190
2026-05-22 04:35:55 INFO Epoch Progress | Epoch: 16 | Loss: 0.4425 | LR: 4.03838e-05 | Progress: 100% | Step: 190/190
2026-05-22 04:39:54 INFO CSV Written | Epoch: 16
2026-05-22 04:39:54 INFO Epoch Done | Epoch: 16 | Time: 604.9880 | Train Loss: 0.4386 | Val Accuracy: 0.8709 | Val AUPRC: 0.9289 | Val Auroc: 0.9298 | Val F1: 0.8703 | Val Loss: 0.3834
2026-05-22 04:39:54 INFO Early Stop | Epoch: 16
2026-05-22 04:39:54 INFO Stage Done | Run Id: pair_context_gated_abba_block_d256_no_sn_s101
