2026-04-30 20:40:36 INFO Pipeline Runtime | Device: cuda:0 | Distributed: True | Test Batches: 1691 | Train Batches: 812 | Valid Batches: 762 | World Size: 4
2026-04-30 20:40:36 INFO Stage Start | Run Id: cls_mean_attn_s101
2026-04-30 20:40:38 INFO Train Config | Epochs: 50 | Monitor: auprc | Patience: 10
2026-04-30 20:40:38 INFO Epoch Start | Epoch: 1
2026-04-30 20:40:43 INFO Epoch Progress | Epoch: 1 | Loss: 1.0194 | LR: 4e-06 | Progress: 0% | Step: 1/812
2026-04-30 20:42:40 INFO Epoch Progress | Epoch: 1 | Loss: 0.7315 | LR: 1.30844e-05 | Progress: 25% | Step: 203/812
2026-04-30 20:44:37 INFO Epoch Progress | Epoch: 1 | Loss: 0.7195 | LR: 3.704e-05 | Progress: 50% | Step: 406/812
2026-04-30 20:46:33 INFO Epoch Progress | Epoch: 1 | Loss: 0.6866 | LR: 6.67126e-05 | Progress: 75% | Step: 609/812
2026-04-30 20:48:30 INFO Epoch Progress | Epoch: 1 | Loss: 0.6489 | LR: 9.07628e-05 | Progress: 100% | Step: 812/812
2026-04-30 20:52:20 INFO CSV Written | Epoch: 1
2026-04-30 20:52:27 INFO Best Saved | Epoch: 1 | Monitor: val_auprc | Value: 0.8548
2026-04-30 20:52:27 INFO Epoch Done | Epoch: 1 | Time: 702.3539 | Train Loss: 0.6472 | Val Accuracy: 0.7714 | Val AUPRC: 0.8548 | Val Auroc: 0.8567 | Val F1: 0.7589 | Val Loss: 0.5022
2026-04-30 20:52:27 INFO Epoch Start | Epoch: 2
2026-04-30 20:52:29 INFO Epoch Progress | Epoch: 2 | Loss: 0.4121 | LR: 9.08503e-05 | Progress: 0% | Step: 1/812
2026-04-30 20:54:26 INFO Epoch Progress | Epoch: 2 | Loss: 0.5006 | LR: 9.99999e-05 | Progress: 25% | Step: 203/812
2026-04-30 20:56:24 INFO Epoch Progress | Epoch: 2 | Loss: 0.4851 | LR: 9.98791e-05 | Progress: 50% | Step: 406/812
2026-04-30 20:58:21 INFO Epoch Progress | Epoch: 2 | Loss: 0.4801 | LR: 9.95152e-05 | Progress: 75% | Step: 609/812
2026-04-30 21:00:18 INFO Epoch Progress | Epoch: 2 | Loss: 0.4745 | LR: 9.89101e-05 | Progress: 100% | Step: 812/812
2026-04-30 21:03:58 INFO CSV Written | Epoch: 2
2026-04-30 21:03:58 INFO Best Saved | Epoch: 2 | Monitor: val_auprc | Value: 0.8958
2026-04-30 21:03:58 INFO Epoch Done | Epoch: 2 | Time: 690.8972 | Train Loss: 0.4754 | Val Accuracy: 0.8146 | Val AUPRC: 0.8958 | Val Auroc: 0.8972 | Val F1: 0.8145 | Val Loss: 0.4414
2026-04-30 21:03:58 INFO Epoch Start | Epoch: 3
2026-04-30 21:04:00 INFO Epoch Progress | Epoch: 3 | Loss: 0.4171 | LR: 9.89065e-05 | Progress: 0% | Step: 1/812
2026-04-30 21:05:57 INFO Epoch Progress | Epoch: 3 | Loss: 0.4284 | LR: 9.80666e-05 | Progress: 25% | Step: 203/812
2026-04-30 21:07:54 INFO Epoch Progress | Epoch: 3 | Loss: 0.4276 | LR: 9.69891e-05 | Progress: 50% | Step: 406/812
2026-04-30 21:09:51 INFO Epoch Progress | Epoch: 3 | Loss: 0.4213 | LR: 9.56895e-05 | Progress: 75% | Step: 609/812
2026-04-30 21:11:47 INFO Epoch Progress | Epoch: 3 | Loss: 0.4185 | LR: 9.41615e-05 | Progress: 100% | Step: 812/812
2026-04-30 21:15:30 INFO CSV Written | Epoch: 3
2026-04-30 21:15:30 INFO Best Saved | Epoch: 3 | Monitor: val_auprc | Value: 0.9136
2026-04-30 21:15:30 INFO Epoch Done | Epoch: 3 | Time: 691.9163 | Train Loss: 0.4193 | Val Accuracy: 0.8360 | Val AUPRC: 0.9136 | Val Auroc: 0.9154 | Val F1: 0.8350 | Val Loss: 0.4159
2026-04-30 21:15:30 INFO Epoch Start | Epoch: 4
2026-04-30 21:15:33 INFO Epoch Progress | Epoch: 4 | Loss: 0.5129 | LR: 9.41535e-05 | Progress: 0% | Step: 1/812
2026-04-30 21:17:30 INFO Epoch Progress | Epoch: 4 | Loss: 0.3913 | LR: 9.24184e-05 | Progress: 25% | Step: 203/812
2026-04-30 21:19:28 INFO Epoch Progress | Epoch: 4 | Loss: 0.3904 | LR: 9.04686e-05 | Progress: 50% | Step: 406/812
2026-04-30 21:21:26 INFO Epoch Progress | Epoch: 4 | Loss: 0.3864 | LR: 8.83216e-05 | Progress: 75% | Step: 609/812
2026-04-30 21:23:24 INFO Epoch Progress | Epoch: 4 | Loss: 0.3839 | LR: 8.59879e-05 | Progress: 100% | Step: 812/812
2026-04-30 21:27:05 INFO CSV Written | Epoch: 4
2026-04-30 21:27:05 INFO Best Saved | Epoch: 4 | Monitor: val_auprc | Value: 0.9211
2026-04-30 21:27:05 INFO Epoch Done | Epoch: 4 | Time: 694.5695 | Train Loss: 0.3841 | Val Accuracy: 0.8455 | Val AUPRC: 0.9211 | Val Auroc: 0.9235 | Val F1: 0.8445 | Val Loss: 0.3978
2026-04-30 21:27:05 INFO Epoch Start | Epoch: 5
2026-04-30 21:27:08 INFO Epoch Progress | Epoch: 5 | Loss: 0.3459 | LR: 8.5976e-05 | Progress: 0% | Step: 1/812
2026-04-30 21:29:05 INFO Epoch Progress | Epoch: 5 | Loss: 0.3536 | LR: 8.34917e-05 | Progress: 25% | Step: 203/812
2026-04-30 21:31:03 INFO Epoch Progress | Epoch: 5 | Loss: 0.3510 | LR: 8.08204e-05 | Progress: 50% | Step: 406/812
2026-04-30 21:33:01 INFO Epoch Progress | Epoch: 5 | Loss: 0.3519 | LR: 7.79989e-05 | Progress: 75% | Step: 609/812
2026-04-30 21:34:59 INFO Epoch Progress | Epoch: 5 | Loss: 0.3531 | LR: 7.5041e-05 | Progress: 100% | Step: 812/812
2026-04-30 21:38:42 INFO CSV Written | Epoch: 5
2026-04-30 21:38:43 INFO Best Saved | Epoch: 5 | Monitor: val_auprc | Value: 0.9299
2026-04-30 21:38:43 INFO Epoch Done | Epoch: 5 | Time: 697.1026 | Train Loss: 0.3532 | Val Accuracy: 0.8552 | Val AUPRC: 0.9299 | Val Auroc: 0.9310 | Val F1: 0.8570 | Val Loss: 0.3845
2026-04-30 21:38:43 INFO Epoch Start | Epoch: 6
2026-04-30 21:38:58 INFO Epoch Progress | Epoch: 6 | Loss: 0.9605 | LR: 7.50262e-05 | Progress: 1% | Step: 1/190
2026-04-30 21:40:32 INFO Epoch Progress | Epoch: 6 | Loss: 0.6960 | LR: 7.43233e-05 | Progress: 25% | Step: 48/190
2026-04-30 21:42:05 INFO Epoch Progress | Epoch: 6 | Loss: 0.6853 | LR: 7.35988e-05 | Progress: 51% | Step: 96/190
2026-04-30 21:43:38 INFO Epoch Progress | Epoch: 6 | Loss: 0.6850 | LR: 7.2868e-05 | Progress: 76% | Step: 144/190
2026-04-30 21:45:06 INFO Epoch Progress | Epoch: 6 | Loss: 0.6808 | LR: 7.21618e-05 | Progress: 100% | Step: 190/190
2026-04-30 21:48:57 INFO CSV Written | Epoch: 6
2026-04-30 21:48:57 INFO Best Saved | Epoch: 6 | Monitor: val_auprc | Value: 0.9372
2026-04-30 21:48:57 INFO Epoch Done | Epoch: 6 | Time: 614.4196 | Train Loss: 0.6826 | Val Accuracy: 0.8650 | Val AUPRC: 0.9372 | Val Auroc: 0.9383 | Val F1: 0.8656 | Val Loss: 0.4906
2026-04-30 21:48:57 INFO Epoch Start | Epoch: 7
2026-04-30 21:49:08 INFO Epoch Progress | Epoch: 7 | Loss: 0.7286 | LR: 7.21463e-05 | Progress: 1% | Step: 1/190
2026-04-30 21:50:39 INFO Epoch Progress | Epoch: 7 | Loss: 0.6538 | LR: 7.14189e-05 | Progress: 25% | Step: 48/190
2026-04-30 21:52:13 INFO Epoch Progress | Epoch: 7 | Loss: 0.6593 | LR: 7.06702e-05 | Progress: 51% | Step: 96/190
2026-04-30 21:53:48 INFO Epoch Progress | Epoch: 7 | Loss: 0.6549 | LR: 6.99159e-05 | Progress: 76% | Step: 144/190
2026-04-30 21:55:16 INFO Epoch Progress | Epoch: 7 | Loss: 0.6564 | LR: 6.91879e-05 | Progress: 100% | Step: 190/190
2026-04-30 21:58:55 INFO CSV Written | Epoch: 7
2026-04-30 21:58:55 INFO Epoch Done | Epoch: 7 | Time: 597.4675 | Train Loss: 0.6550 | Val Accuracy: 0.8634 | Val AUPRC: 0.9364 | Val Auroc: 0.9380 | Val F1: 0.8675 | Val Loss: 0.4735
2026-04-30 21:58:55 INFO Epoch Start | Epoch: 8
2026-04-30 21:59:05 INFO Epoch Progress | Epoch: 8 | Loss: 0.6325 | LR: 6.9172e-05 | Progress: 1% | Step: 1/190
2026-04-30 22:00:36 INFO Epoch Progress | Epoch: 8 | Loss: 0.6393 | LR: 6.84231e-05 | Progress: 25% | Step: 48/190
2026-04-30 22:02:10 INFO Epoch Progress | Epoch: 8 | Loss: 0.6414 | LR: 6.76534e-05 | Progress: 51% | Step: 96/190
2026-04-30 22:03:43 INFO Epoch Progress | Epoch: 8 | Loss: 0.6428 | LR: 6.68788e-05 | Progress: 76% | Step: 144/190
2026-04-30 22:05:12 INFO Epoch Progress | Epoch: 8 | Loss: 0.6461 | LR: 6.61321e-05 | Progress: 100% | Step: 190/190
2026-04-30 22:08:53 INFO CSV Written | Epoch: 8
2026-04-30 22:08:53 INFO Epoch Done | Epoch: 8 | Time: 597.7656 | Train Loss: 0.6417 | Val Accuracy: 0.8649 | Val AUPRC: 0.9355 | Val Auroc: 0.9379 | Val F1: 0.8675 | Val Loss: 0.4754
2026-04-30 22:08:53 INFO Epoch Start | Epoch: 9
2026-04-30 22:09:03 INFO Epoch Progress | Epoch: 9 | Loss: 0.5737 | LR: 6.61159e-05 | Progress: 1% | Step: 1/190
2026-04-30 22:10:36 INFO Epoch Progress | Epoch: 9 | Loss: 0.6294 | LR: 6.53487e-05 | Progress: 25% | Step: 48/190
2026-04-30 22:12:09 INFO Epoch Progress | Epoch: 9 | Loss: 0.6365 | LR: 6.45612e-05 | Progress: 51% | Step: 96/190
2026-04-30 22:13:41 INFO Epoch Progress | Epoch: 9 | Loss: 0.6332 | LR: 6.37696e-05 | Progress: 76% | Step: 144/190
2026-04-30 22:15:09 INFO Epoch Progress | Epoch: 9 | Loss: 0.6320 | LR: 6.30075e-05 | Progress: 100% | Step: 190/190
2026-04-30 22:18:55 INFO CSV Written | Epoch: 9
2026-04-30 22:18:55 INFO Epoch Done | Epoch: 9 | Time: 602.0896 | Train Loss: 0.6290 | Val Accuracy: 0.8667 | Val AUPRC: 0.9345 | Val Auroc: 0.9379 | Val F1: 0.8691 | Val Loss: 0.4407
2026-04-30 22:18:55 INFO Epoch Start | Epoch: 10
2026-04-30 22:19:05 INFO Epoch Progress | Epoch: 10 | Loss: 0.5907 | LR: 6.29909e-05 | Progress: 1% | Step: 1/190
2026-04-30 22:20:36 INFO Epoch Progress | Epoch: 10 | Loss: 0.5832 | LR: 6.22088e-05 | Progress: 25% | Step: 48/190
2026-04-30 22:22:07 INFO Epoch Progress | Epoch: 10 | Loss: 0.5929 | LR: 6.14068e-05 | Progress: 51% | Step: 96/190
2026-04-30 22:23:41 INFO Epoch Progress | Epoch: 10 | Loss: 0.5995 | LR: 6.06017e-05 | Progress: 76% | Step: 144/190
2026-04-30 22:25:08 INFO Epoch Progress | Epoch: 10 | Loss: 0.6045 | LR: 5.98274e-05 | Progress: 100% | Step: 190/190
2026-04-30 22:28:53 INFO CSV Written | Epoch: 10
2026-04-30 22:28:53 INFO Epoch Done | Epoch: 10 | Time: 597.9259 | Train Loss: 0.6087 | Val Accuracy: 0.8677 | Val AUPRC: 0.9347 | Val Auroc: 0.9379 | Val F1: 0.8668 | Val Loss: 0.4432
2026-04-30 22:28:53 INFO Epoch Start | Epoch: 11
2026-04-30 22:29:03 INFO Epoch Progress | Epoch: 11 | Loss: 0.6363 | LR: 5.98105e-05 | Progress: 1% | Step: 1/190
2026-04-30 22:30:36 INFO Epoch Progress | Epoch: 11 | Loss: 0.5832 | LR: 5.90168e-05 | Progress: 25% | Step: 48/190
2026-04-30 22:32:10 INFO Epoch Progress | Epoch: 11 | Loss: 0.5945 | LR: 5.82038e-05 | Progress: 51% | Step: 96/190
2026-04-30 22:33:45 INFO Epoch Progress | Epoch: 11 | Loss: 0.5917 | LR: 5.73885e-05 | Progress: 76% | Step: 144/190
2026-04-30 22:35:12 INFO Epoch Progress | Epoch: 11 | Loss: 0.5892 | LR: 5.66053e-05 | Progress: 100% | Step: 190/190
2026-04-30 22:38:53 INFO CSV Written | Epoch: 11
2026-04-30 22:38:53 INFO Epoch Done | Epoch: 11 | Time: 599.8268 | Train Loss: 0.5868 | Val Accuracy: 0.8645 | Val AUPRC: 0.9355 | Val Auroc: 0.9379 | Val F1: 0.8621 | Val Loss: 0.4236
2026-04-30 22:38:53 INFO Epoch Start | Epoch: 12
2026-04-30 22:39:03 INFO Epoch Progress | Epoch: 12 | Loss: 0.3995 | LR: 5.65883e-05 | Progress: 1% | Step: 1/190
2026-04-30 22:40:34 INFO Epoch Progress | Epoch: 12 | Loss: 0.5619 | LR: 5.57863e-05 | Progress: 25% | Step: 48/190
2026-04-30 22:42:05 INFO Epoch Progress | Epoch: 12 | Loss: 0.5664 | LR: 5.49657e-05 | Progress: 51% | Step: 96/190
2026-04-30 22:43:38 INFO Epoch Progress | Epoch: 12 | Loss: 0.5593 | LR: 5.41438e-05 | Progress: 76% | Step: 144/190
2026-04-30 22:45:05 INFO Epoch Progress | Epoch: 12 | Loss: 0.5645 | LR: 5.33551e-05 | Progress: 100% | Step: 190/190
2026-04-30 22:48:49 INFO CSV Written | Epoch: 12
2026-04-30 22:48:49 INFO Epoch Done | Epoch: 12 | Time: 596.2684 | Train Loss: 0.5633 | Val Accuracy: 0.8668 | Val AUPRC: 0.9351 | Val Auroc: 0.9381 | Val F1: 0.8647 | Val Loss: 0.4184
2026-04-30 22:48:49 INFO Epoch Start | Epoch: 13
2026-04-30 22:48:59 INFO Epoch Progress | Epoch: 13 | Loss: 0.6541 | LR: 5.33379e-05 | Progress: 1% | Step: 1/190
2026-04-30 22:50:31 INFO Epoch Progress | Epoch: 13 | Loss: 0.5100 | LR: 5.25483e-05 | Progress: 25% | Step: 48/190
2026-04-30 22:52:04 INFO Epoch Progress | Epoch: 13 | Loss: 0.5367 | LR: 5.17237e-05 | Progress: 51% | Step: 96/190
2026-04-30 22:53:37 INFO Epoch Progress | Epoch: 13 | Loss: 0.5387 | LR: 5.08986e-05 | Progress: 76% | Step: 144/190
2026-04-30 22:55:06 INFO Epoch Progress | Epoch: 13 | Loss: 0.5361 | LR: 5.01077e-05 | Progress: 100% | Step: 190/190
2026-04-30 22:58:47 INFO CSV Written | Epoch: 13
2026-04-30 22:58:47 INFO Epoch Done | Epoch: 13 | Time: 598.1473 | Train Loss: 0.5389 | Val Accuracy: 0.8697 | Val AUPRC: 0.9358 | Val Auroc: 0.9385 | Val F1: 0.8692 | Val Loss: 0.3978
2026-04-30 22:58:47 INFO Epoch Start | Epoch: 14
2026-04-30 22:58:58 INFO Epoch Progress | Epoch: 14 | Loss: 0.5522 | LR: 5.00905e-05 | Progress: 1% | Step: 1/190
2026-04-30 23:00:30 INFO Epoch Progress | Epoch: 14 | Loss: 0.5138 | LR: 4.92823e-05 | Progress: 25% | Step: 48/190
2026-04-30 23:02:04 INFO Epoch Progress | Epoch: 14 | Loss: 0.5046 | LR: 4.84572e-05 | Progress: 51% | Step: 96/190
2026-04-30 23:03:39 INFO Epoch Progress | Epoch: 14 | Loss: 0.5086 | LR: 4.76324e-05 | Progress: 76% | Step: 144/190
2026-04-30 23:05:07 INFO Epoch Progress | Epoch: 14 | Loss: 0.5127 | LR: 4.68427e-05 | Progress: 100% | Step: 190/190
2026-04-30 23:08:50 INFO CSV Written | Epoch: 14
2026-04-30 23:08:50 INFO Epoch Done | Epoch: 14 | Time: 602.7921 | Train Loss: 0.5195 | Val Accuracy: 0.8678 | Val AUPRC: 0.9326 | Val Auroc: 0.9368 | Val F1: 0.8672 | Val Loss: 0.3986
2026-04-30 23:08:50 INFO Epoch Start | Epoch: 15
2026-04-30 23:09:00 INFO Epoch Progress | Epoch: 15 | Loss: 0.4900 | LR: 4.68255e-05 | Progress: 1% | Step: 1/190
2026-04-30 23:10:33 INFO Epoch Progress | Epoch: 15 | Loss: 0.5009 | LR: 4.60194e-05 | Progress: 25% | Step: 48/190
2026-04-30 23:12:07 INFO Epoch Progress | Epoch: 15 | Loss: 0.4929 | LR: 4.51972e-05 | Progress: 51% | Step: 96/190
2026-04-30 23:13:41 INFO Epoch Progress | Epoch: 15 | Loss: 0.4906 | LR: 4.43764e-05 | Progress: 76% | Step: 144/190
2026-04-30 23:15:10 INFO Epoch Progress | Epoch: 15 | Loss: 0.4935 | LR: 4.35911e-05 | Progress: 100% | Step: 190/190
2026-04-30 23:18:50 INFO CSV Written | Epoch: 15
2026-04-30 23:18:50 INFO Epoch Done | Epoch: 15 | Time: 599.9974 | Train Loss: 0.4921 | Val Accuracy: 0.8675 | Val AUPRC: 0.9326 | Val Auroc: 0.9355 | Val F1: 0.8684 | Val Loss: 0.3981
2026-04-30 23:18:50 INFO Epoch Start | Epoch: 16
2026-04-30 23:19:00 INFO Epoch Progress | Epoch: 16 | Loss: 0.3670 | LR: 4.35741e-05 | Progress: 1% | Step: 1/190
2026-04-30 23:20:33 INFO Epoch Progress | Epoch: 16 | Loss: 0.4436 | LR: 4.27735e-05 | Progress: 25% | Step: 48/190
2026-04-30 23:22:07 INFO Epoch Progress | Epoch: 16 | Loss: 0.4486 | LR: 4.19578e-05 | Progress: 51% | Step: 96/190
2026-04-30 23:23:41 INFO Epoch Progress | Epoch: 16 | Loss: 0.4625 | LR: 4.11443e-05 | Progress: 76% | Step: 144/190
2026-04-30 23:25:08 INFO Epoch Progress | Epoch: 16 | Loss: 0.4654 | LR: 4.0367e-05 | Progress: 100% | Step: 190/190
2026-04-30 23:28:52 INFO CSV Written | Epoch: 16
2026-04-30 23:28:52 INFO Epoch Done | Epoch: 16 | Time: 601.9557 | Train Loss: 0.4684 | Val Accuracy: 0.8686 | Val AUPRC: 0.9265 | Val Auroc: 0.9325 | Val F1: 0.8696 | Val Loss: 0.3937
2026-04-30 23:28:52 INFO Early Stop | Epoch: 16
2026-04-30 23:28:52 INFO Stage Done | Run Id: cls_mean_attn_s101
