2026-05-08 00:27:39 INFO Pipeline Runtime | Device: cuda:0 | Distributed: True | Test Batches: 1691 | Train Batches: 812 | Valid Batches: 762 | World Size: 4
2026-05-08 00:27:39 INFO Stage Start | Run Id: pair_context_gated_s101
2026-05-08 00:27:42 INFO Train Config | Epochs: 50 | Monitor: auprc | Patience: 10
2026-05-08 00:27:42 INFO Epoch Start | Epoch: 1
2026-05-08 00:27:46 INFO Epoch Progress | Epoch: 1 | Loss: 0.8748 | LR: 4e-06 | Progress: 0% | Step: 1/812
2026-05-08 00:29:14 INFO Epoch Progress | Epoch: 1 | Loss: 0.7267 | LR: 1.30844e-05 | Progress: 25% | Step: 203/812
2026-05-08 00:30:42 INFO Epoch Progress | Epoch: 1 | Loss: 0.6699 | LR: 3.68989e-05 | Progress: 50% | Step: 406/812
2026-05-08 00:32:10 INFO Epoch Progress | Epoch: 1 | Loss: 0.6266 | LR: 6.65711e-05 | Progress: 75% | Step: 609/812
2026-05-08 00:33:38 INFO Epoch Progress | Epoch: 1 | Loss: 0.5962 | LR: 9.0675e-05 | Progress: 100% | Step: 812/812
2026-05-08 00:36:38 INFO CSV Written | Epoch: 1
2026-05-08 00:36:44 INFO Best Saved | Epoch: 1 | Monitor: val_auprc | Value: 0.8737
2026-05-08 00:36:44 INFO Epoch Done | Epoch: 1 | Time: 536.1851 | Train Loss: 0.5952 | Val Accuracy: 0.7726 | Val AUPRC: 0.8737 | Val Auroc: 0.8690 | Val F1: 0.7509 | Val Loss: 0.4974
2026-05-08 00:36:44 INFO Epoch Start | Epoch: 2
2026-05-08 00:36:46 INFO Epoch Progress | Epoch: 2 | Loss: 0.3894 | LR: 9.07628e-05 | Progress: 0% | Step: 1/812
2026-05-08 00:38:14 INFO Epoch Progress | Epoch: 2 | Loss: 0.4872 | LR: 9.99993e-05 | Progress: 25% | Step: 203/812
2026-05-08 00:39:43 INFO Epoch Progress | Epoch: 2 | Loss: 0.4736 | LR: 9.98803e-05 | Progress: 50% | Step: 406/812
2026-05-08 00:41:13 INFO Epoch Progress | Epoch: 2 | Loss: 0.4715 | LR: 9.95176e-05 | Progress: 75% | Step: 609/812
2026-05-08 00:42:42 INFO Epoch Progress | Epoch: 2 | Loss: 0.4654 | LR: 9.89136e-05 | Progress: 100% | Step: 812/812
2026-05-08 00:45:41 INFO CSV Written | Epoch: 2
2026-05-08 00:45:41 INFO Best Saved | Epoch: 2 | Monitor: val_auprc | Value: 0.9074
2026-05-08 00:45:41 INFO Epoch Done | Epoch: 2 | Time: 536.6283 | Train Loss: 0.4619 | Val Accuracy: 0.8204 | Val AUPRC: 0.9074 | Val Auroc: 0.9029 | Val F1: 0.8206 | Val Loss: 0.4321
2026-05-08 00:45:41 INFO Epoch Start | Epoch: 3
2026-05-08 00:45:43 INFO Epoch Progress | Epoch: 3 | Loss: 0.3858 | LR: 9.89101e-05 | Progress: 0% | Step: 1/812
2026-05-08 00:47:11 INFO Epoch Progress | Epoch: 3 | Loss: 0.4181 | LR: 9.80714e-05 | Progress: 25% | Step: 203/812
2026-05-08 00:48:39 INFO Epoch Progress | Epoch: 3 | Loss: 0.4168 | LR: 9.69949e-05 | Progress: 50% | Step: 406/812
2026-05-08 00:50:07 INFO Epoch Progress | Epoch: 3 | Loss: 0.4120 | LR: 9.56895e-05 | Progress: 75% | Step: 609/812
2026-05-08 00:51:36 INFO Epoch Progress | Epoch: 3 | Loss: 0.4107 | LR: 9.41696e-05 | Progress: 100% | Step: 812/812
2026-05-08 00:54:36 INFO CSV Written | Epoch: 3
2026-05-08 00:54:36 INFO Best Saved | Epoch: 3 | Monitor: val_auprc | Value: 0.9195
2026-05-08 00:54:36 INFO Epoch Done | Epoch: 3 | Time: 534.8286 | Train Loss: 0.4099 | Val Accuracy: 0.8371 | Val AUPRC: 0.9195 | Val Auroc: 0.9188 | Val F1: 0.8342 | Val Loss: 0.4109
2026-05-08 00:54:36 INFO Epoch Start | Epoch: 4
2026-05-08 00:54:38 INFO Epoch Progress | Epoch: 4 | Loss: 0.5031 | LR: 9.41615e-05 | Progress: 0% | Step: 1/812
2026-05-08 00:56:06 INFO Epoch Progress | Epoch: 4 | Loss: 0.3770 | LR: 9.24275e-05 | Progress: 25% | Step: 203/812
2026-05-08 00:57:35 INFO Epoch Progress | Epoch: 4 | Loss: 0.3763 | LR: 9.04787e-05 | Progress: 50% | Step: 406/812
2026-05-08 00:59:04 INFO Epoch Progress | Epoch: 4 | Loss: 0.3719 | LR: 8.83326e-05 | Progress: 75% | Step: 609/812
2026-05-08 01:00:33 INFO Epoch Progress | Epoch: 4 | Loss: 0.3697 | LR: 8.59999e-05 | Progress: 100% | Step: 812/812
2026-05-08 01:03:35 INFO CSV Written | Epoch: 4
2026-05-08 01:03:35 INFO Best Saved | Epoch: 4 | Monitor: val_auprc | Value: 0.9343
2026-05-08 01:03:35 INFO Epoch Done | Epoch: 4 | Time: 538.7727 | Train Loss: 0.3690 | Val Accuracy: 0.8527 | Val AUPRC: 0.9343 | Val Auroc: 0.9333 | Val F1: 0.8475 | Val Loss: 0.3862
2026-05-08 01:03:35 INFO Epoch Start | Epoch: 5
2026-05-08 01:03:37 INFO Epoch Progress | Epoch: 5 | Loss: 0.3253 | LR: 8.59879e-05 | Progress: 0% | Step: 1/812
2026-05-08 01:05:05 INFO Epoch Progress | Epoch: 5 | Loss: 0.3351 | LR: 8.34917e-05 | Progress: 25% | Step: 203/812
2026-05-08 01:06:33 INFO Epoch Progress | Epoch: 5 | Loss: 0.3300 | LR: 8.08204e-05 | Progress: 50% | Step: 406/812
2026-05-08 01:08:01 INFO Epoch Progress | Epoch: 5 | Loss: 0.3361 | LR: 7.79989e-05 | Progress: 75% | Step: 609/812
2026-05-08 01:09:29 INFO Epoch Progress | Epoch: 5 | Loss: 0.3378 | LR: 7.5041e-05 | Progress: 100% | Step: 812/812
2026-05-08 01:12:26 INFO CSV Written | Epoch: 5
2026-05-08 01:12:27 INFO Best Saved | Epoch: 5 | Monitor: val_auprc | Value: 0.9416
2026-05-08 01:12:27 INFO Epoch Done | Epoch: 5 | Time: 531.3839 | Train Loss: 0.3378 | Val Accuracy: 0.8645 | Val AUPRC: 0.9416 | Val Auroc: 0.9410 | Val F1: 0.8631 | Val Loss: 0.3646
2026-05-08 01:12:27 INFO Epoch Start | Epoch: 6
2026-05-08 01:12:40 INFO Epoch Progress | Epoch: 6 | Loss: 0.9036 | LR: 7.50262e-05 | Progress: 1% | Step: 1/190
2026-05-08 01:13:52 INFO Epoch Progress | Epoch: 6 | Loss: 0.6740 | LR: 7.43233e-05 | Progress: 25% | Step: 48/190
2026-05-08 01:15:02 INFO Epoch Progress | Epoch: 6 | Loss: 0.6574 | LR: 7.35988e-05 | Progress: 51% | Step: 96/190
2026-05-08 01:16:13 INFO Epoch Progress | Epoch: 6 | Loss: 0.6565 | LR: 7.2868e-05 | Progress: 76% | Step: 144/190
2026-05-08 01:17:19 INFO Epoch Progress | Epoch: 6 | Loss: 0.6549 | LR: 7.21618e-05 | Progress: 100% | Step: 190/190
2026-05-08 01:20:25 INFO CSV Written | Epoch: 6
2026-05-08 01:20:25 INFO Best Saved | Epoch: 6 | Monitor: val_auprc | Value: 0.9447
2026-05-08 01:20:25 INFO Epoch Done | Epoch: 6 | Time: 478.2584 | Train Loss: 0.6543 | Val Accuracy: 0.8725 | Val AUPRC: 0.9447 | Val Auroc: 0.9454 | Val F1: 0.8713 | Val Loss: 0.4355
2026-05-08 01:20:25 INFO Epoch Start | Epoch: 7
2026-05-08 01:20:36 INFO Epoch Progress | Epoch: 7 | Loss: 0.6928 | LR: 7.21463e-05 | Progress: 1% | Step: 1/190
2026-05-08 01:21:45 INFO Epoch Progress | Epoch: 7 | Loss: 0.6069 | LR: 7.14189e-05 | Progress: 25% | Step: 48/190
2026-05-08 01:22:55 INFO Epoch Progress | Epoch: 7 | Loss: 0.6133 | LR: 7.06702e-05 | Progress: 51% | Step: 96/190
2026-05-08 01:24:05 INFO Epoch Progress | Epoch: 7 | Loss: 0.6164 | LR: 6.99159e-05 | Progress: 76% | Step: 144/190
2026-05-08 01:25:11 INFO Epoch Progress | Epoch: 7 | Loss: 0.6197 | LR: 6.92038e-05 | Progress: 100% | Step: 190/190
2026-05-08 01:28:13 INFO CSV Written | Epoch: 7
2026-05-08 01:28:13 INFO Epoch Done | Epoch: 7 | Time: 467.9767 | Train Loss: 0.6156 | Val Accuracy: 0.8696 | Val AUPRC: 0.9403 | Val Auroc: 0.9430 | Val F1: 0.8711 | Val Loss: 0.4314
2026-05-08 01:28:13 INFO Epoch Start | Epoch: 8
2026-05-08 01:28:24 INFO Epoch Progress | Epoch: 8 | Loss: 0.5248 | LR: 6.91879e-05 | Progress: 1% | Step: 1/190
2026-05-08 01:29:34 INFO Epoch Progress | Epoch: 8 | Loss: 0.5895 | LR: 6.84391e-05 | Progress: 25% | Step: 48/190
2026-05-08 01:30:45 INFO Epoch Progress | Epoch: 8 | Loss: 0.5901 | LR: 6.76694e-05 | Progress: 51% | Step: 96/190
2026-05-08 01:31:55 INFO Epoch Progress | Epoch: 8 | Loss: 0.5913 | LR: 6.6895e-05 | Progress: 76% | Step: 144/190
2026-05-08 01:33:02 INFO Epoch Progress | Epoch: 8 | Loss: 0.5899 | LR: 6.61484e-05 | Progress: 100% | Step: 190/190
2026-05-08 01:36:04 INFO CSV Written | Epoch: 8
2026-05-08 01:36:04 INFO Epoch Done | Epoch: 8 | Time: 470.3576 | Train Loss: 0.5884 | Val Accuracy: 0.8736 | Val AUPRC: 0.9428 | Val Auroc: 0.9438 | Val F1: 0.8745 | Val Loss: 0.4066
2026-05-08 01:36:04 INFO Epoch Start | Epoch: 9
2026-05-08 01:36:14 INFO Epoch Progress | Epoch: 9 | Loss: 0.4962 | LR: 6.61321e-05 | Progress: 1% | Step: 1/190
2026-05-08 01:37:24 INFO Epoch Progress | Epoch: 9 | Loss: 0.5315 | LR: 6.53651e-05 | Progress: 25% | Step: 48/190
2026-05-08 01:38:34 INFO Epoch Progress | Epoch: 9 | Loss: 0.5580 | LR: 6.45776e-05 | Progress: 51% | Step: 96/190
2026-05-08 01:39:44 INFO Epoch Progress | Epoch: 9 | Loss: 0.5673 | LR: 6.37861e-05 | Progress: 76% | Step: 144/190
2026-05-08 01:40:50 INFO Epoch Progress | Epoch: 9 | Loss: 0.5631 | LR: 6.30241e-05 | Progress: 100% | Step: 190/190
2026-05-08 01:43:51 INFO CSV Written | Epoch: 9
2026-05-08 01:43:51 INFO Epoch Done | Epoch: 9 | Time: 467.4312 | Train Loss: 0.5583 | Val Accuracy: 0.8748 | Val AUPRC: 0.9438 | Val Auroc: 0.9441 | Val F1: 0.8730 | Val Loss: 0.3840
2026-05-08 01:43:51 INFO Epoch Start | Epoch: 10
2026-05-08 01:44:02 INFO Epoch Progress | Epoch: 10 | Loss: 0.6019 | LR: 6.30075e-05 | Progress: 1% | Step: 1/190
2026-05-08 01:45:12 INFO Epoch Progress | Epoch: 10 | Loss: 0.4884 | LR: 6.22255e-05 | Progress: 25% | Step: 48/190
2026-05-08 01:46:22 INFO Epoch Progress | Epoch: 10 | Loss: 0.5087 | LR: 6.14236e-05 | Progress: 51% | Step: 96/190
2026-05-08 01:47:33 INFO Epoch Progress | Epoch: 10 | Loss: 0.5163 | LR: 6.06185e-05 | Progress: 76% | Step: 144/190
2026-05-08 01:48:40 INFO Epoch Progress | Epoch: 10 | Loss: 0.5209 | LR: 5.98443e-05 | Progress: 100% | Step: 190/190
2026-05-08 01:51:43 INFO CSV Written | Epoch: 10
2026-05-08 01:51:43 INFO Epoch Done | Epoch: 10 | Time: 471.8942 | Train Loss: 0.5201 | Val Accuracy: 0.8749 | Val AUPRC: 0.9435 | Val Auroc: 0.9442 | Val F1: 0.8747 | Val Loss: 0.3775
2026-05-08 01:51:43 INFO Epoch Start | Epoch: 11
2026-05-08 01:51:54 INFO Epoch Progress | Epoch: 11 | Loss: 0.4611 | LR: 5.98274e-05 | Progress: 1% | Step: 1/190
2026-05-08 01:53:04 INFO Epoch Progress | Epoch: 11 | Loss: 0.4916 | LR: 5.90337e-05 | Progress: 25% | Step: 48/190
2026-05-08 01:54:14 INFO Epoch Progress | Epoch: 11 | Loss: 0.4949 | LR: 5.82207e-05 | Progress: 51% | Step: 96/190
2026-05-08 01:55:25 INFO Epoch Progress | Epoch: 11 | Loss: 0.4936 | LR: 5.74225e-05 | Progress: 76% | Step: 144/190
2026-05-08 01:56:31 INFO Epoch Progress | Epoch: 11 | Loss: 0.4932 | LR: 5.66394e-05 | Progress: 100% | Step: 190/190
2026-05-08 01:59:33 INFO CSV Written | Epoch: 11
2026-05-08 01:59:33 INFO Epoch Done | Epoch: 11 | Time: 469.5585 | Train Loss: 0.4842 | Val Accuracy: 0.8758 | Val AUPRC: 0.9435 | Val Auroc: 0.9445 | Val F1: 0.8748 | Val Loss: 0.3693
2026-05-08 01:59:33 INFO Epoch Start | Epoch: 12
2026-05-08 01:59:44 INFO Epoch Progress | Epoch: 12 | Loss: 0.2793 | LR: 5.66224e-05 | Progress: 1% | Step: 1/190
2026-05-08 02:00:53 INFO Epoch Progress | Epoch: 12 | Loss: 0.4235 | LR: 5.58205e-05 | Progress: 25% | Step: 48/190
2026-05-08 02:02:02 INFO Epoch Progress | Epoch: 12 | Loss: 0.4408 | LR: 5.5e-05 | Progress: 51% | Step: 96/190
2026-05-08 02:03:13 INFO Epoch Progress | Epoch: 12 | Loss: 0.4440 | LR: 5.41781e-05 | Progress: 76% | Step: 144/190
2026-05-08 02:04:19 INFO Epoch Progress | Epoch: 12 | Loss: 0.4479 | LR: 5.33894e-05 | Progress: 100% | Step: 190/190
2026-05-08 02:07:21 INFO CSV Written | Epoch: 12
2026-05-08 02:07:21 INFO Epoch Done | Epoch: 12 | Time: 468.8491 | Train Loss: 0.4471 | Val Accuracy: 0.8755 | Val AUPRC: 0.9415 | Val Auroc: 0.9428 | Val F1: 0.8741 | Val Loss: 0.3699
2026-05-08 02:07:21 INFO Epoch Start | Epoch: 13
2026-05-08 02:07:32 INFO Epoch Progress | Epoch: 13 | Loss: 0.3767 | LR: 5.33722e-05 | Progress: 1% | Step: 1/190
2026-05-08 02:08:42 INFO Epoch Progress | Epoch: 13 | Loss: 0.3659 | LR: 5.25655e-05 | Progress: 25% | Step: 48/190
2026-05-08 02:09:52 INFO Epoch Progress | Epoch: 13 | Loss: 0.3967 | LR: 5.17409e-05 | Progress: 51% | Step: 96/190
2026-05-08 02:11:02 INFO Epoch Progress | Epoch: 13 | Loss: 0.3984 | LR: 5.09158e-05 | Progress: 76% | Step: 144/190
2026-05-08 02:12:08 INFO Epoch Progress | Epoch: 13 | Loss: 0.4035 | LR: 5.01249e-05 | Progress: 100% | Step: 190/190
2026-05-08 02:15:10 INFO CSV Written | Epoch: 13
2026-05-08 02:15:10 INFO Epoch Done | Epoch: 13 | Time: 468.7350 | Train Loss: 0.4041 | Val Accuracy: 0.8726 | Val AUPRC: 0.9365 | Val Auroc: 0.9372 | Val F1: 0.8715 | Val Loss: 0.3857
2026-05-08 02:15:10 INFO Epoch Start | Epoch: 14
2026-05-08 02:15:21 INFO Epoch Progress | Epoch: 14 | Loss: 0.4628 | LR: 5.01077e-05 | Progress: 1% | Step: 1/190
2026-05-08 02:16:31 INFO Epoch Progress | Epoch: 14 | Loss: 0.3728 | LR: 4.92995e-05 | Progress: 25% | Step: 48/190
2026-05-08 02:17:42 INFO Epoch Progress | Epoch: 14 | Loss: 0.3719 | LR: 4.84744e-05 | Progress: 51% | Step: 96/190
2026-05-08 02:18:52 INFO Epoch Progress | Epoch: 14 | Loss: 0.3749 | LR: 4.76496e-05 | Progress: 76% | Step: 144/190
2026-05-08 02:19:58 INFO Epoch Progress | Epoch: 14 | Loss: 0.3772 | LR: 4.68598e-05 | Progress: 100% | Step: 190/190
2026-05-08 02:23:04 INFO CSV Written | Epoch: 14
2026-05-08 02:23:04 INFO Epoch Done | Epoch: 14 | Time: 473.4575 | Train Loss: 0.3729 | Val Accuracy: 0.8794 | Val AUPRC: 0.9412 | Val Auroc: 0.9429 | Val F1: 0.8784 | Val Loss: 0.3706
2026-05-08 02:23:04 INFO Epoch Start | Epoch: 15
2026-05-08 02:23:14 INFO Epoch Progress | Epoch: 15 | Loss: 0.4031 | LR: 4.68427e-05 | Progress: 1% | Step: 1/190
2026-05-08 02:24:23 INFO Epoch Progress | Epoch: 15 | Loss: 0.3336 | LR: 4.60365e-05 | Progress: 25% | Step: 48/190
2026-05-08 02:25:31 INFO Epoch Progress | Epoch: 15 | Loss: 0.3382 | LR: 4.52144e-05 | Progress: 51% | Step: 96/190
2026-05-08 02:26:40 INFO Epoch Progress | Epoch: 15 | Loss: 0.3392 | LR: 4.43935e-05 | Progress: 76% | Step: 144/190
2026-05-08 02:27:45 INFO Epoch Progress | Epoch: 15 | Loss: 0.3394 | LR: 4.36082e-05 | Progress: 100% | Step: 190/190
2026-05-08 02:30:52 INFO CSV Written | Epoch: 15
2026-05-08 02:30:52 INFO Epoch Done | Epoch: 15 | Time: 467.9508 | Train Loss: 0.3399 | Val Accuracy: 0.8757 | Val AUPRC: 0.9360 | Val Auroc: 0.9378 | Val F1: 0.8749 | Val Loss: 0.3849
2026-05-08 02:30:52 INFO Epoch Start | Epoch: 16
2026-05-08 02:31:03 INFO Epoch Progress | Epoch: 16 | Loss: 0.4186 | LR: 4.35911e-05 | Progress: 1% | Step: 1/190
2026-05-08 02:32:12 INFO Epoch Progress | Epoch: 16 | Loss: 0.3049 | LR: 4.27905e-05 | Progress: 25% | Step: 48/190
2026-05-08 02:33:22 INFO Epoch Progress | Epoch: 16 | Loss: 0.3046 | LR: 4.19748e-05 | Progress: 51% | Step: 96/190
2026-05-08 02:34:32 INFO Epoch Progress | Epoch: 16 | Loss: 0.3116 | LR: 4.11612e-05 | Progress: 76% | Step: 144/190
2026-05-08 02:35:38 INFO Epoch Progress | Epoch: 16 | Loss: 0.3187 | LR: 4.03838e-05 | Progress: 100% | Step: 190/190
2026-05-08 02:38:41 INFO CSV Written | Epoch: 16
2026-05-08 02:38:41 INFO Epoch Done | Epoch: 16 | Time: 469.0291 | Train Loss: 0.3124 | Val Accuracy: 0.8772 | Val AUPRC: 0.9332 | Val Auroc: 0.9337 | Val F1: 0.8763 | Val Loss: 0.3932
2026-05-08 02:38:41 INFO Early Stop | Epoch: 16
2026-05-08 02:38:41 INFO Stage Done | Run Id: pair_context_gated_s101
