2026-06-01 02:12:37 INFO Pipeline Runtime | Device: cuda:0 | Distributed: True | Test Batches: 1691 | Train Batches: 762 | Valid Batches: 762 | World Size: 4
2026-06-01 02:12:45 INFO Stage Start | Init Mode: scratch | Run Id: p2_fixed
2026-06-01 02:13:14 INFO Tccig Train Config | Epochs: 20 | Internal Validation Compute Spectral Stats: False | Internal Validation Inference Batch Size: 1024 | Internal Validation Node Sizes: [20, 40, 60, 80, 100] | Internal Validation Pairs: 108500 | Internal Validation Subgraphs: 50 | Monitor: val_topology_loss | Pair Batch Size: 32
2026-06-01 02:13:14 INFO Density Bias Initialized | Bias: -6.502 | Positive Edge Probability: 0.001 | Source: graph_density
2026-06-01 02:16:39 INFO Epoch Progress | Epoch: 1 | Loss: 0.517 | Progress: 0% | Step: 1/329
2026-06-01 02:17:10 INFO Epoch Progress | Epoch: 1 | Loss: 0.549 | Progress: 25% | Step: 83/329
2026-06-01 02:17:41 INFO Epoch Progress | Epoch: 1 | Loss: 0.526 | Progress: 50% | Step: 166/329
2026-06-01 02:18:11 INFO Epoch Progress | Epoch: 1 | Loss: 0.502 | Progress: 76% | Step: 249/329
2026-06-01 02:18:41 INFO Epoch Progress | Epoch: 1 | Loss: 0.477 | Progress: 100% | Step: 329/329
2026-06-01 02:22:30 INFO Best Saved | Epoch: 1 | Monitor: val_topology_loss | Value: 1.732
2026-06-01 02:22:30 INFO Best AUPRC Observed | Epoch: 1 | Value: 0.500
2026-06-01 02:22:30 INFO Epoch Done | All Subgraph Pairs: 3221295 | Bce Negative Pairs: 154979 | Bce Negative Ratio: 3.178 | Bce Positive Pairs: 48771 | Bce Supervised Fraction: 0.063 | Bce Target Negative Pairs: 243855 | Covered Positive Edges: 48771 | Edge Cover Sampling S: 203.150 | Epoch: 1 | Internal Val Graph Sim: 0.095 | Internal Val Topology S: 17.686 | Mean Positive Edge Reuse: 1.000 | Peak Gpu Mem Mb: 24870.561 | Planned Subgraphs: 1316 | Positive Edge Coverage Ratio: 1.000 | Supervised Pairs: 203750 | Topo Loss Scale: 1.000 | Total Positive Edges: 48771 | Train Forward Backward S: 123.061 | Train Loss: 0.487 | Val AUPRC: 0.500 | Val Pair Pass S: 203.096 | Val Threshold S: 0.000
2026-06-01 02:25:56 INFO Epoch Progress | Epoch: 2 | Loss: 0.431 | Progress: 0% | Step: 1/329
2026-06-01 02:26:35 INFO Epoch Progress | Epoch: 2 | Loss: 0.388 | Progress: 25% | Step: 83/329
2026-06-01 02:27:13 INFO Epoch Progress | Epoch: 2 | Loss: 0.370 | Progress: 50% | Step: 166/329
2026-06-01 02:27:51 INFO Epoch Progress | Epoch: 2 | Loss: 0.363 | Progress: 76% | Step: 249/329
2026-06-01 02:28:28 INFO Epoch Progress | Epoch: 2 | Loss: 0.359 | Progress: 100% | Step: 329/329
2026-06-01 02:32:49 INFO Best Saved | Epoch: 2 | Monitor: val_topology_loss | Value: 1.288
2026-06-01 02:32:49 INFO Best AUPRC Observed | Epoch: 2 | Value: 0.501
2026-06-01 02:32:49 INFO Epoch Done | All Subgraph Pairs: 3221295 | Bce Negative Pairs: 154979 | Bce Negative Ratio: 3.178 | Bce Positive Pairs: 48771 | Bce Supervised Fraction: 0.063 | Bce Target Negative Pairs: 243855 | Covered Positive Edges: 48771 | Edge Cover Sampling S: 205.678 | Epoch: 2 | Internal Val Graph Sim: 0.066 | Internal Val Topology S: 17.511 | Mean Positive Edge Reuse: 1.000 | Peak Gpu Mem Mb: 24870.561 | Planned Subgraphs: 1316 | Positive Edge Coverage Ratio: 1.000 | Supervised Pairs: 203750 | Topo Loss Scale: 1.000 | Total Positive Edges: 48771 | Train Forward Backward S: 152.844 | Train Loss: 0.360 | Val AUPRC: 0.501 | Val Pair Pass S: 234.956 | Val Threshold S: 0.000
2026-06-01 02:36:16 INFO Epoch Progress | Epoch: 3 | Loss: 0.341 | Progress: 0% | Step: 1/330
2026-06-01 02:36:56 INFO Epoch Progress | Epoch: 3 | Loss: 0.361 | Progress: 25% | Step: 83/330
2026-06-01 02:37:35 INFO Epoch Progress | Epoch: 3 | Loss: 0.353 | Progress: 50% | Step: 166/330
2026-06-01 02:38:14 INFO Epoch Progress | Epoch: 3 | Loss: 0.353 | Progress: 75% | Step: 249/330
2026-06-01 02:38:52 INFO Epoch Progress | Epoch: 3 | Loss: 0.352 | Progress: 100% | Step: 330/330
2026-06-01 02:43:15 INFO Best Saved | Epoch: 3 | Monitor: val_topology_loss | Value: 0.576
2026-06-01 02:43:15 INFO Best AUPRC Observed | Epoch: 3 | Value: 0.604
2026-06-01 02:43:15 INFO Epoch Done | All Subgraph Pairs: 3224455 | Bce Negative Pairs: 154979 | Bce Negative Ratio: 3.178 | Bce Positive Pairs: 48771 | Bce Supervised Fraction: 0.063 | Bce Target Negative Pairs: 243855 | Covered Positive Edges: 48771 | Edge Cover Sampling S: 205.796 | Epoch: 3 | Internal Val Graph Sim: 0.085 | Internal Val Topology S: 16.754 | Mean Positive Edge Reuse: 1.000 | Peak Gpu Mem Mb: 24870.561 | Planned Subgraphs: 1317 | Positive Edge Coverage Ratio: 1.000 | Supervised Pairs: 203750 | Topo Loss Scale: 1.000 | Total Positive Edges: 48771 | Train Forward Backward S: 158.626 | Train Loss: 0.349 | Val AUPRC: 0.604 | Val Pair Pass S: 237.879 | Val Threshold S: 0.000
2026-06-01 02:46:41 INFO Epoch Progress | Epoch: 4 | Loss: 0.315 | Progress: 0% | Step: 1/330
2026-06-01 02:47:21 INFO Epoch Progress | Epoch: 4 | Loss: 0.354 | Progress: 25% | Step: 83/330
2026-06-01 02:48:01 INFO Epoch Progress | Epoch: 4 | Loss: 0.359 | Progress: 50% | Step: 166/330
2026-06-01 02:48:41 INFO Epoch Progress | Epoch: 4 | Loss: 0.356 | Progress: 75% | Step: 249/330
2026-06-01 02:49:20 INFO Epoch Progress | Epoch: 4 | Loss: 0.354 | Progress: 100% | Step: 330/330
2026-06-01 02:53:40 INFO Best Saved | Epoch: 4 | Monitor: val_topology_loss | Value: 0.545
2026-06-01 02:53:40 INFO Epoch Done | All Subgraph Pairs: 3224455 | Bce Negative Pairs: 154979 | Bce Negative Ratio: 3.178 | Bce Positive Pairs: 48771 | Bce Supervised Fraction: 0.063 | Bce Target Negative Pairs: 243855 | Covered Positive Edges: 48771 | Edge Cover Sampling S: 206.580 | Epoch: 4 | Internal Val Graph Sim: 0.072 | Internal Val Topology S: 16.123 | Mean Positive Edge Reuse: 1.000 | Peak Gpu Mem Mb: 24870.561 | Planned Subgraphs: 1317 | Positive Edge Coverage Ratio: 1.000 | Supervised Pairs: 203750 | Topo Loss Scale: 1.000 | Total Positive Edges: 48771 | Train Forward Backward S: 158.165 | Train Loss: 0.350 | Val AUPRC: 0.582 | Val Pair Pass S: 238.847 | Val Threshold S: 0.000
2026-06-01 02:57:10 INFO Epoch Progress | Epoch: 5 | Loss: 0.357 | Progress: 0% | Step: 1/330
2026-06-01 02:57:50 INFO Epoch Progress | Epoch: 5 | Loss: 0.352 | Progress: 25% | Step: 83/330
2026-06-01 02:58:30 INFO Epoch Progress | Epoch: 5 | Loss: 0.347 | Progress: 50% | Step: 166/330
2026-06-01 02:59:10 INFO Epoch Progress | Epoch: 5 | Loss: 0.347 | Progress: 75% | Step: 249/330
2026-06-01 02:59:49 INFO Epoch Progress | Epoch: 5 | Loss: 0.347 | Progress: 100% | Step: 330/330
2026-06-01 03:04:17 INFO Best Saved | Epoch: 5 | Monitor: val_topology_loss | Value: 0.516
2026-06-01 03:04:17 INFO Best AUPRC Observed | Epoch: 5 | Value: 0.623
2026-06-01 03:04:17 INFO Epoch Done | All Subgraph Pairs: 3224455 | Bce Negative Pairs: 154979 | Bce Negative Ratio: 3.178 | Bce Positive Pairs: 48771 | Bce Supervised Fraction: 0.063 | Bce Target Negative Pairs: 243855 | Covered Positive Edges: 48771 | Edge Cover Sampling S: 214.875 | Epoch: 5 | Internal Val Graph Sim: 0.092 | Internal Val Topology S: 17.705 | Mean Positive Edge Reuse: 1.000 | Peak Gpu Mem Mb: 24870.561 | Planned Subgraphs: 1317 | Positive Edge Coverage Ratio: 1.000 | Supervised Pairs: 203750 | Topo Loss Scale: 1.000 | Total Positive Edges: 48771 | Train Forward Backward S: 158.865 | Train Loss: 0.348 | Val AUPRC: 0.623 | Val Pair Pass S: 238.549 | Val Threshold S: 0.000
2026-06-01 03:07:36 INFO Epoch Progress | Epoch: 6 | Loss: 0.320 | Progress: 0% | Step: 1/330
2026-06-01 03:08:16 INFO Epoch Progress | Epoch: 6 | Loss: 0.343 | Progress: 25% | Step: 83/330
2026-06-01 03:08:56 INFO Epoch Progress | Epoch: 6 | Loss: 0.346 | Progress: 50% | Step: 166/330
2026-06-01 03:09:36 INFO Epoch Progress | Epoch: 6 | Loss: 0.346 | Progress: 75% | Step: 249/330
2026-06-01 03:10:14 INFO Epoch Progress | Epoch: 6 | Loss: 0.346 | Progress: 100% | Step: 330/330
2026-06-01 03:14:34 INFO Best Saved | Epoch: 6 | Monitor: val_topology_loss | Value: 0.469
2026-06-01 03:14:34 INFO Best AUPRC Observed | Epoch: 6 | Value: 0.636
2026-06-01 03:14:34 INFO Epoch Done | All Subgraph Pairs: 3224455 | Bce Negative Pairs: 154979 | Bce Negative Ratio: 3.178 | Bce Positive Pairs: 48771 | Bce Supervised Fraction: 0.063 | Bce Target Negative Pairs: 243855 | Covered Positive Edges: 48771 | Edge Cover Sampling S: 200.904 | Epoch: 6 | Internal Val Graph Sim: 0.086 | Internal Val Topology S: 16.408 | Mean Positive Edge Reuse: 1.000 | Peak Gpu Mem Mb: 24870.561 | Planned Subgraphs: 1317 | Positive Edge Coverage Ratio: 1.000 | Supervised Pairs: 203750 | Topo Loss Scale: 1.000 | Total Positive Edges: 48771 | Train Forward Backward S: 157.786 | Train Loss: 0.348 | Val AUPRC: 0.636 | Val Pair Pass S: 238.422 | Val Threshold S: 0.000
2026-06-01 03:17:57 INFO Epoch Progress | Epoch: 7 | Loss: 0.366 | Progress: 0% | Step: 1/329
2026-06-01 03:18:37 INFO Epoch Progress | Epoch: 7 | Loss: 0.345 | Progress: 25% | Step: 83/329
2026-06-01 03:19:17 INFO Epoch Progress | Epoch: 7 | Loss: 0.349 | Progress: 50% | Step: 166/329
2026-06-01 03:19:56 INFO Epoch Progress | Epoch: 7 | Loss: 0.350 | Progress: 76% | Step: 249/329
2026-06-01 03:20:33 INFO Epoch Progress | Epoch: 7 | Loss: 0.349 | Progress: 100% | Step: 329/329
2026-06-01 03:25:00 INFO Epoch Done | All Subgraph Pairs: 3221295 | Bce Negative Pairs: 154979 | Bce Negative Ratio: 3.178 | Bce Positive Pairs: 48771 | Bce Supervised Fraction: 0.063 | Bce Target Negative Pairs: 243855 | Covered Positive Edges: 48771 | Edge Cover Sampling S: 204.854 | Epoch: 7 | Internal Val Graph Sim: 0.092 | Internal Val Topology S: 17.553 | Mean Positive Edge Reuse: 1.000 | Peak Gpu Mem Mb: 24870.561 | Planned Subgraphs: 1316 | Positive Edge Coverage Ratio: 1.000 | Supervised Pairs: 203750 | Topo Loss Scale: 1.000 | Total Positive Edges: 48771 | Train Forward Backward S: 157.635 | Train Loss: 0.349 | Val AUPRC: 0.621 | Val Pair Pass S: 238.590 | Val Threshold S: 0.000
2026-06-01 03:28:29 INFO Epoch Progress | Epoch: 8 | Loss: 0.354 | Progress: 0% | Step: 1/330
2026-06-01 03:29:10 INFO Epoch Progress | Epoch: 8 | Loss: 0.343 | Progress: 25% | Step: 83/330
2026-06-01 03:29:50 INFO Epoch Progress | Epoch: 8 | Loss: 0.347 | Progress: 50% | Step: 166/330
2026-06-01 03:30:29 INFO Epoch Progress | Epoch: 8 | Loss: 0.347 | Progress: 75% | Step: 249/330
2026-06-01 03:31:08 INFO Epoch Progress | Epoch: 8 | Loss: 0.346 | Progress: 100% | Step: 330/330
2026-06-01 03:35:46 INFO Best Saved | Epoch: 8 | Monitor: val_topology_loss | Value: 0.460
2026-06-01 03:35:46 INFO Epoch Done | All Subgraph Pairs: 3224455 | Bce Negative Pairs: 154979 | Bce Negative Ratio: 3.178 | Bce Positive Pairs: 48771 | Bce Supervised Fraction: 0.063 | Bce Target Negative Pairs: 243855 | Covered Positive Edges: 48771 | Edge Cover Sampling S: 214.555 | Epoch: 8 | Internal Val Graph Sim: 0.094 | Internal Val Topology S: 17.103 | Mean Positive Edge Reuse: 1.000 | Peak Gpu Mem Mb: 24870.561 | Planned Subgraphs: 1317 | Positive Edge Coverage Ratio: 1.000 | Supervised Pairs: 203750 | Topo Loss Scale: 1.000 | Total Positive Edges: 48771 | Train Forward Backward S: 160.271 | Train Loss: 0.348 | Val AUPRC: 0.626 | Val Pair Pass S: 238.024 | Val Threshold S: 0.000
2026-06-01 03:38:55 INFO Epoch Progress | Epoch: 9 | Loss: 0.341 | Progress: 0% | Step: 1/329
2026-06-01 03:39:36 INFO Epoch Progress | Epoch: 9 | Loss: 0.350 | Progress: 25% | Step: 83/329
2026-06-01 03:40:15 INFO Epoch Progress | Epoch: 9 | Loss: 0.351 | Progress: 50% | Step: 166/329
2026-06-01 03:40:56 INFO Epoch Progress | Epoch: 9 | Loss: 0.349 | Progress: 76% | Step: 249/329
2026-06-01 03:41:35 INFO Epoch Progress | Epoch: 9 | Loss: 0.349 | Progress: 100% | Step: 329/329
2026-06-01 03:46:02 INFO Epoch Done | All Subgraph Pairs: 3221295 | Bce Negative Pairs: 154979 | Bce Negative Ratio: 3.178 | Bce Positive Pairs: 48771 | Bce Supervised Fraction: 0.063 | Bce Target Negative Pairs: 243855 | Covered Positive Edges: 48771 | Edge Cover Sampling S: 193.189 | Epoch: 9 | Internal Val Graph Sim: 0.088 | Internal Val Topology S: 17.425 | Mean Positive Edge Reuse: 1.000 | Peak Gpu Mem Mb: 24870.561 | Planned Subgraphs: 1316 | Positive Edge Coverage Ratio: 1.000 | Supervised Pairs: 203750 | Topo Loss Scale: 1.000 | Total Positive Edges: 48771 | Train Forward Backward S: 158.556 | Train Loss: 0.349 | Val AUPRC: 0.632 | Val Pair Pass S: 236.147 | Val Threshold S: 0.000
2026-06-01 03:49:40 INFO Epoch Progress | Epoch: 10 | Loss: 0.343 | Progress: 0% | Step: 1/330
2026-06-01 03:50:19 INFO Epoch Progress | Epoch: 10 | Loss: 0.354 | Progress: 25% | Step: 83/330
2026-06-01 03:50:59 INFO Epoch Progress | Epoch: 10 | Loss: 0.352 | Progress: 50% | Step: 166/330
2026-06-01 03:51:38 INFO Epoch Progress | Epoch: 10 | Loss: 0.351 | Progress: 75% | Step: 249/330
2026-06-01 03:52:16 INFO Epoch Progress | Epoch: 10 | Loss: 0.348 | Progress: 100% | Step: 330/330
2026-06-01 03:56:49 INFO Epoch Done | All Subgraph Pairs: 3224455 | Bce Negative Pairs: 154979 | Bce Negative Ratio: 3.178 | Bce Positive Pairs: 48771 | Bce Supervised Fraction: 0.063 | Bce Target Negative Pairs: 243855 | Covered Positive Edges: 48771 | Edge Cover Sampling S: 219.776 | Epoch: 10 | Internal Val Graph Sim: 0.080 | Internal Val Topology S: 16.458 | Mean Positive Edge Reuse: 1.000 | Peak Gpu Mem Mb: 24870.561 | Planned Subgraphs: 1317 | Positive Edge Coverage Ratio: 1.000 | Supervised Pairs: 203750 | Topo Loss Scale: 1.000 | Total Positive Edges: 48771 | Train Forward Backward S: 160.533 | Train Loss: 0.349 | Val AUPRC: 0.618 | Val Pair Pass S: 238.531 | Val Threshold S: 0.000
2026-06-01 04:00:12 INFO Epoch Progress | Epoch: 11 | Loss: 0.282 | Progress: 0% | Step: 1/330
2026-06-01 04:00:51 INFO Epoch Progress | Epoch: 11 | Loss: 0.350 | Progress: 25% | Step: 83/330
2026-06-01 04:01:30 INFO Epoch Progress | Epoch: 11 | Loss: 0.352 | Progress: 50% | Step: 166/330
2026-06-01 04:02:09 INFO Epoch Progress | Epoch: 11 | Loss: 0.352 | Progress: 75% | Step: 249/330
2026-06-01 04:02:47 INFO Epoch Progress | Epoch: 11 | Loss: 0.351 | Progress: 100% | Step: 330/330
2026-06-01 04:08:38 INFO Epoch Done | All Subgraph Pairs: 3224455 | Bce Negative Pairs: 154979 | Bce Negative Ratio: 3.178 | Bce Positive Pairs: 48771 | Bce Supervised Fraction: 0.063 | Bce Target Negative Pairs: 243855 | Covered Positive Edges: 48771 | Edge Cover Sampling S: 227.609 | Epoch: 11 | Internal Val Graph Sim: 0.078 | Internal Val Topology S: 16.425 | Mean Positive Edge Reuse: 1.000 | Peak Gpu Mem Mb: 24870.561 | Planned Subgraphs: 1317 | Positive Edge Coverage Ratio: 1.000 | Supervised Pairs: 203750 | Topo Loss Scale: 1.000 | Total Positive Edges: 48771 | Train Forward Backward S: 158.771 | Train Loss: 0.348 | Val AUPRC: 0.616 | Val Pair Pass S: 240.573 | Val Threshold S: 0.000
2026-06-01 04:11:57 INFO Epoch Progress | Epoch: 12 | Loss: 0.316 | Progress: 0% | Step: 1/330
2026-06-01 04:12:38 INFO Epoch Progress | Epoch: 12 | Loss: 0.349 | Progress: 25% | Step: 83/330
2026-06-01 04:13:19 INFO Epoch Progress | Epoch: 12 | Loss: 0.348 | Progress: 50% | Step: 166/330
2026-06-01 04:13:59 INFO Epoch Progress | Epoch: 12 | Loss: 0.349 | Progress: 75% | Step: 249/330
2026-06-01 04:14:39 INFO Epoch Progress | Epoch: 12 | Loss: 0.348 | Progress: 100% | Step: 330/330
2026-06-01 04:18:59 INFO Epoch Done | All Subgraph Pairs: 3224455 | Bce Negative Pairs: 154979 | Bce Negative Ratio: 3.178 | Bce Positive Pairs: 48771 | Bce Supervised Fraction: 0.063 | Bce Target Negative Pairs: 243855 | Covered Positive Edges: 48771 | Edge Cover Sampling S: 201.508 | Epoch: 12 | Internal Val Graph Sim: 0.075 | Internal Val Topology S: 15.965 | Mean Positive Edge Reuse: 1.000 | Peak Gpu Mem Mb: 24870.561 | Planned Subgraphs: 1317 | Positive Edge Coverage Ratio: 1.000 | Supervised Pairs: 203750 | Topo Loss Scale: 1.000 | Total Positive Edges: 48771 | Train Forward Backward S: 159.750 | Train Loss: 0.348 | Val AUPRC: 0.589 | Val Pair Pass S: 238.770 | Val Threshold S: 0.000
2026-06-01 04:18:59 INFO Early Stop | Epoch: 12
2026-06-01 04:18:59 INFO Stage Done | Run Id: p2_fixed
