2026-05-23 11:06:46 INFO Pipeline Runtime | Device: cuda:0 | Distributed: True | Test Batches: 1691 | Train Batches: 812 | Valid Batches: 762 | World Size: 4
2026-05-23 11:06:46 INFO Stage Start | Run Id: pair_context_gated_abba_no_cross_s101
2026-05-23 11:06:48 INFO Train Config | Epochs: 50 | Monitor: auprc | Patience: 10
2026-05-23 11:06:48 INFO Epoch Start | Epoch: 1
2026-05-23 11:06:52 INFO Epoch Progress | Epoch: 1 | Loss: 0.8324 | LR: 4e-06 | Progress: 0% | Step: 1/812
2026-05-23 11:07:43 INFO Epoch Progress | Epoch: 1 | Loss: 0.7200 | LR: 1.30844e-05 | Progress: 25% | Step: 203/812
2026-05-23 11:08:34 INFO Epoch Progress | Epoch: 1 | Loss: 0.6800 | LR: 3.68989e-05 | Progress: 50% | Step: 406/812
2026-05-23 11:09:26 INFO Epoch Progress | Epoch: 1 | Loss: 0.6395 | LR: 6.64294e-05 | Progress: 75% | Step: 609/812
2026-05-23 11:10:17 INFO Epoch Progress | Epoch: 1 | Loss: 0.6098 | LR: 9.05868e-05 | Progress: 100% | Step: 812/812
2026-05-23 11:13:53 INFO CSV Written | Epoch: 1
2026-05-23 11:13:57 INFO Best Saved | Epoch: 1 | Monitor: val_auprc | Value: 0.8593
2026-05-23 11:13:57 INFO Epoch Done | Epoch: 1 | Time: 425.6184 | Train Loss: 0.6082 | Val Accuracy: 0.7769 | Val AUPRC: 0.8593 | Val Auroc: 0.8601 | Val F1: 0.7894 | Val Loss: 0.5129
2026-05-23 11:13:57 INFO Epoch Start | Epoch: 2
2026-05-23 11:13:59 INFO Epoch Progress | Epoch: 2 | Loss: 0.3704 | LR: 9.0675e-05 | Progress: 0% | Step: 1/812
2026-05-23 11:14:52 INFO Epoch Progress | Epoch: 2 | Loss: 0.4926 | LR: 9.99983e-05 | Progress: 25% | Step: 203/812
2026-05-23 11:15:45 INFO Epoch Progress | Epoch: 2 | Loss: 0.4744 | LR: 9.98815e-05 | Progress: 50% | Step: 406/812
2026-05-23 11:16:38 INFO Epoch Progress | Epoch: 2 | Loss: 0.4724 | LR: 9.952e-05 | Progress: 75% | Step: 609/812
2026-05-23 11:17:31 INFO Epoch Progress | Epoch: 2 | Loss: 0.4682 | LR: 9.89172e-05 | Progress: 100% | Step: 812/812
2026-05-23 11:21:11 INFO CSV Written | Epoch: 2
2026-05-23 11:21:11 INFO Best Saved | Epoch: 2 | Monitor: val_auprc | Value: 0.8953
2026-05-23 11:21:11 INFO Epoch Done | Epoch: 2 | Time: 433.7738 | Train Loss: 0.4662 | Val Accuracy: 0.8084 | Val AUPRC: 0.8953 | Val Auroc: 0.8955 | Val F1: 0.8054 | Val Loss: 0.4461
2026-05-23 11:21:11 INFO Epoch Start | Epoch: 3
2026-05-23 11:21:13 INFO Epoch Progress | Epoch: 3 | Loss: 0.3757 | LR: 9.89136e-05 | Progress: 0% | Step: 1/812
2026-05-23 11:22:05 INFO Epoch Progress | Epoch: 3 | Loss: 0.4150 | LR: 9.80761e-05 | Progress: 25% | Step: 203/812
2026-05-23 11:22:58 INFO Epoch Progress | Epoch: 3 | Loss: 0.4170 | LR: 9.70008e-05 | Progress: 50% | Step: 406/812
2026-05-23 11:23:50 INFO Epoch Progress | Epoch: 3 | Loss: 0.4136 | LR: 9.56965e-05 | Progress: 75% | Step: 609/812
2026-05-23 11:24:43 INFO Epoch Progress | Epoch: 3 | Loss: 0.4136 | LR: 9.41696e-05 | Progress: 100% | Step: 812/812
2026-05-23 11:28:23 INFO CSV Written | Epoch: 3
2026-05-23 11:28:23 INFO Best Saved | Epoch: 3 | Monitor: val_auprc | Value: 0.9139
2026-05-23 11:28:23 INFO Epoch Done | Epoch: 3 | Time: 431.8717 | Train Loss: 0.4130 | Val Accuracy: 0.8321 | Val AUPRC: 0.9139 | Val Auroc: 0.9134 | Val F1: 0.8372 | Val Loss: 0.4153
2026-05-23 11:28:23 INFO Epoch Start | Epoch: 4
2026-05-23 11:28:26 INFO Epoch Progress | Epoch: 4 | Loss: 0.4838 | LR: 9.41615e-05 | Progress: 0% | Step: 1/812
2026-05-23 11:29:18 INFO Epoch Progress | Epoch: 4 | Loss: 0.3784 | LR: 9.24366e-05 | Progress: 25% | Step: 203/812
2026-05-23 11:30:12 INFO Epoch Progress | Epoch: 4 | Loss: 0.3770 | LR: 9.04888e-05 | Progress: 50% | Step: 406/812
2026-05-23 11:31:06 INFO Epoch Progress | Epoch: 4 | Loss: 0.3712 | LR: 8.83437e-05 | Progress: 75% | Step: 609/812
2026-05-23 11:32:00 INFO Epoch Progress | Epoch: 4 | Loss: 0.3709 | LR: 8.60118e-05 | Progress: 100% | Step: 812/812
2026-05-23 11:35:41 INFO CSV Written | Epoch: 4
2026-05-23 11:35:41 INFO Best Saved | Epoch: 4 | Monitor: val_auprc | Value: 0.9222
2026-05-23 11:35:41 INFO Epoch Done | Epoch: 4 | Time: 437.8675 | Train Loss: 0.3704 | Val Accuracy: 0.8371 | Val AUPRC: 0.9222 | Val Auroc: 0.9221 | Val F1: 0.8345 | Val Loss: 0.4165
2026-05-23 11:35:41 INFO Epoch Start | Epoch: 5
2026-05-23 11:35:43 INFO Epoch Progress | Epoch: 5 | Loss: 0.3607 | LR: 8.59999e-05 | Progress: 0% | Step: 1/812
2026-05-23 11:36:36 INFO Epoch Progress | Epoch: 5 | Loss: 0.3363 | LR: 8.35045e-05 | Progress: 25% | Step: 203/812
2026-05-23 11:37:30 INFO Epoch Progress | Epoch: 5 | Loss: 0.3350 | LR: 8.08339e-05 | Progress: 50% | Step: 406/812
2026-05-23 11:38:24 INFO Epoch Progress | Epoch: 5 | Loss: 0.3357 | LR: 7.80132e-05 | Progress: 75% | Step: 609/812
2026-05-23 11:39:18 INFO Epoch Progress | Epoch: 5 | Loss: 0.3375 | LR: 7.50559e-05 | Progress: 100% | Step: 812/812
2026-05-23 11:42:57 INFO CSV Written | Epoch: 5
2026-05-23 11:42:57 INFO Best Saved | Epoch: 5 | Monitor: val_auprc | Value: 0.9251
2026-05-23 11:42:57 INFO Epoch Done | Epoch: 5 | Time: 436.0194 | Train Loss: 0.3341 | Val Accuracy: 0.8434 | Val AUPRC: 0.9251 | Val Auroc: 0.9248 | Val F1: 0.8436 | Val Loss: 0.4116
2026-05-23 11:42:57 INFO Epoch Start | Epoch: 6
2026-05-23 11:43:15 INFO Epoch Progress | Epoch: 6 | Loss: 0.8525 | LR: 7.5041e-05 | Progress: 1% | Step: 1/190
2026-05-23 11:44:15 INFO Epoch Progress | Epoch: 6 | Loss: 0.6666 | LR: 7.43383e-05 | Progress: 25% | Step: 48/190
2026-05-23 11:45:22 INFO Epoch Progress | Epoch: 6 | Loss: 0.6551 | LR: 7.3614e-05 | Progress: 51% | Step: 96/190
2026-05-23 11:46:27 INFO Epoch Progress | Epoch: 6 | Loss: 0.6586 | LR: 7.28833e-05 | Progress: 76% | Step: 144/190
2026-05-23 11:47:28 INFO Epoch Progress | Epoch: 6 | Loss: 0.6593 | LR: 7.21772e-05 | Progress: 100% | Step: 190/190
2026-05-23 11:51:14 INFO CSV Written | Epoch: 6
2026-05-23 11:51:14 INFO Best Saved | Epoch: 6 | Monitor: val_auprc | Value: 0.9256
2026-05-23 11:51:14 INFO Epoch Done | Epoch: 6 | Time: 496.7065 | Train Loss: 0.6535 | Val Accuracy: 0.8392 | Val AUPRC: 0.9256 | Val Auroc: 0.9250 | Val F1: 0.8324 | Val Loss: 0.4862
2026-05-23 11:51:14 INFO Epoch Start | Epoch: 7
2026-05-23 11:51:25 INFO Epoch Progress | Epoch: 7 | Loss: 0.7161 | LR: 7.21618e-05 | Progress: 1% | Step: 1/190
2026-05-23 11:52:27 INFO Epoch Progress | Epoch: 7 | Loss: 0.5836 | LR: 7.14344e-05 | Progress: 25% | Step: 48/190
2026-05-23 11:53:35 INFO Epoch Progress | Epoch: 7 | Loss: 0.6048 | LR: 7.06859e-05 | Progress: 51% | Step: 96/190
2026-05-23 11:54:41 INFO Epoch Progress | Epoch: 7 | Loss: 0.6066 | LR: 6.99317e-05 | Progress: 76% | Step: 144/190
2026-05-23 11:55:42 INFO Epoch Progress | Epoch: 7 | Loss: 0.6052 | LR: 6.92038e-05 | Progress: 100% | Step: 190/190
2026-05-23 11:59:30 INFO CSV Written | Epoch: 7
2026-05-23 11:59:30 INFO Epoch Done | Epoch: 7 | Time: 495.8598 | Train Loss: 0.6015 | Val Accuracy: 0.8421 | Val AUPRC: 0.9239 | Val Auroc: 0.9229 | Val F1: 0.8380 | Val Loss: 0.4366
2026-05-23 11:59:30 INFO Epoch Start | Epoch: 8
2026-05-23 11:59:41 INFO Epoch Progress | Epoch: 8 | Loss: 0.5163 | LR: 6.91879e-05 | Progress: 1% | Step: 1/190
2026-05-23 12:00:43 INFO Epoch Progress | Epoch: 8 | Loss: 0.5547 | LR: 6.84551e-05 | Progress: 25% | Step: 48/190
2026-05-23 12:01:51 INFO Epoch Progress | Epoch: 8 | Loss: 0.5725 | LR: 6.76855e-05 | Progress: 51% | Step: 96/190
2026-05-23 12:02:57 INFO Epoch Progress | Epoch: 8 | Loss: 0.5745 | LR: 6.69111e-05 | Progress: 76% | Step: 144/190
2026-05-23 12:03:58 INFO Epoch Progress | Epoch: 8 | Loss: 0.5749 | LR: 6.61647e-05 | Progress: 100% | Step: 190/190
2026-05-23 12:07:50 INFO CSV Written | Epoch: 8
2026-05-23 12:07:50 INFO Best Saved | Epoch: 8 | Monitor: val_auprc | Value: 0.9259
2026-05-23 12:07:50 INFO Epoch Done | Epoch: 8 | Time: 499.4407 | Train Loss: 0.5738 | Val Accuracy: 0.8492 | Val AUPRC: 0.9259 | Val Auroc: 0.9259 | Val F1: 0.8507 | Val Loss: 0.4256
2026-05-23 12:07:50 INFO Epoch Start | Epoch: 9
2026-05-23 12:08:00 INFO Epoch Progress | Epoch: 9 | Loss: 0.4141 | LR: 6.61484e-05 | Progress: 1% | Step: 1/190
2026-05-23 12:09:03 INFO Epoch Progress | Epoch: 9 | Loss: 0.5012 | LR: 6.53815e-05 | Progress: 25% | Step: 48/190
2026-05-23 12:10:11 INFO Epoch Progress | Epoch: 9 | Loss: 0.5257 | LR: 6.45941e-05 | Progress: 51% | Step: 96/190
2026-05-23 12:11:18 INFO Epoch Progress | Epoch: 9 | Loss: 0.5261 | LR: 6.38027e-05 | Progress: 76% | Step: 144/190
2026-05-23 12:12:19 INFO Epoch Progress | Epoch: 9 | Loss: 0.5238 | LR: 6.30407e-05 | Progress: 100% | Step: 190/190
2026-05-23 12:16:06 INFO CSV Written | Epoch: 9
2026-05-23 12:16:06 INFO Epoch Done | Epoch: 9 | Time: 496.7493 | Train Loss: 0.5229 | Val Accuracy: 0.8473 | Val AUPRC: 0.9234 | Val Auroc: 0.9230 | Val F1: 0.8450 | Val Loss: 0.4251
2026-05-23 12:16:06 INFO Epoch Start | Epoch: 10
2026-05-23 12:16:18 INFO Epoch Progress | Epoch: 10 | Loss: 0.5661 | LR: 6.30241e-05 | Progress: 1% | Step: 1/190
2026-05-23 12:17:19 INFO Epoch Progress | Epoch: 10 | Loss: 0.4548 | LR: 6.22422e-05 | Progress: 25% | Step: 48/190
2026-05-23 12:18:25 INFO Epoch Progress | Epoch: 10 | Loss: 0.4762 | LR: 6.14403e-05 | Progress: 51% | Step: 96/190
2026-05-23 12:19:32 INFO Epoch Progress | Epoch: 10 | Loss: 0.4749 | LR: 6.06353e-05 | Progress: 76% | Step: 144/190
2026-05-23 12:20:34 INFO Epoch Progress | Epoch: 10 | Loss: 0.4821 | LR: 5.98611e-05 | Progress: 100% | Step: 190/190
2026-05-23 12:24:27 INFO CSV Written | Epoch: 10
2026-05-23 12:24:27 INFO Epoch Done | Epoch: 10 | Time: 500.2593 | Train Loss: 0.4796 | Val Accuracy: 0.8459 | Val AUPRC: 0.9218 | Val Auroc: 0.9206 | Val F1: 0.8449 | Val Loss: 0.4241
2026-05-23 12:24:27 INFO Epoch Start | Epoch: 11
2026-05-23 12:24:38 INFO Epoch Progress | Epoch: 11 | Loss: 0.3293 | LR: 5.98443e-05 | Progress: 1% | Step: 1/190
2026-05-23 12:25:42 INFO Epoch Progress | Epoch: 11 | Loss: 0.4176 | LR: 5.90506e-05 | Progress: 25% | Step: 48/190
2026-05-23 12:26:49 INFO Epoch Progress | Epoch: 11 | Loss: 0.4540 | LR: 5.82377e-05 | Progress: 51% | Step: 96/190
2026-05-23 12:27:57 INFO Epoch Progress | Epoch: 11 | Loss: 0.4441 | LR: 5.74225e-05 | Progress: 76% | Step: 144/190
2026-05-23 12:28:59 INFO Epoch Progress | Epoch: 11 | Loss: 0.4505 | LR: 5.66394e-05 | Progress: 100% | Step: 190/190
2026-05-23 12:32:51 INFO CSV Written | Epoch: 11
2026-05-23 12:32:51 INFO Epoch Done | Epoch: 11 | Time: 504.0439 | Train Loss: 0.4506 | Val Accuracy: 0.8480 | Val AUPRC: 0.9247 | Val Auroc: 0.9234 | Val F1: 0.8502 | Val Loss: 0.4192
2026-05-23 12:32:51 INFO Epoch Start | Epoch: 12
2026-05-23 12:33:02 INFO Epoch Progress | Epoch: 12 | Loss: 0.2791 | LR: 5.66224e-05 | Progress: 1% | Step: 1/190
2026-05-23 12:34:05 INFO Epoch Progress | Epoch: 12 | Loss: 0.3893 | LR: 5.58205e-05 | Progress: 25% | Step: 48/190
2026-05-23 12:35:12 INFO Epoch Progress | Epoch: 12 | Loss: 0.3939 | LR: 5.5e-05 | Progress: 51% | Step: 96/190
2026-05-23 12:36:20 INFO Epoch Progress | Epoch: 12 | Loss: 0.4027 | LR: 5.41781e-05 | Progress: 76% | Step: 144/190
2026-05-23 12:37:21 INFO Epoch Progress | Epoch: 12 | Loss: 0.4035 | LR: 5.33894e-05 | Progress: 100% | Step: 190/190
2026-05-23 12:41:12 INFO CSV Written | Epoch: 12
2026-05-23 12:41:12 INFO Epoch Done | Epoch: 12 | Time: 501.5060 | Train Loss: 0.4038 | Val Accuracy: 0.8465 | Val AUPRC: 0.9211 | Val Auroc: 0.9198 | Val F1: 0.8465 | Val Loss: 0.4297
2026-05-23 12:41:12 INFO Epoch Start | Epoch: 13
2026-05-23 12:41:24 INFO Epoch Progress | Epoch: 13 | Loss: 0.3569 | LR: 5.33722e-05 | Progress: 1% | Step: 1/190
2026-05-23 12:42:27 INFO Epoch Progress | Epoch: 13 | Loss: 0.3672 | LR: 5.25655e-05 | Progress: 25% | Step: 48/190
2026-05-23 12:43:34 INFO Epoch Progress | Epoch: 13 | Loss: 0.3804 | LR: 5.17409e-05 | Progress: 51% | Step: 96/190
2026-05-23 12:44:42 INFO Epoch Progress | Epoch: 13 | Loss: 0.3739 | LR: 5.09158e-05 | Progress: 76% | Step: 144/190
2026-05-23 12:45:45 INFO Epoch Progress | Epoch: 13 | Loss: 0.3823 | LR: 5.01249e-05 | Progress: 100% | Step: 190/190
2026-05-23 12:49:37 INFO CSV Written | Epoch: 13
2026-05-23 12:49:37 INFO Epoch Done | Epoch: 13 | Time: 504.4142 | Train Loss: 0.3791 | Val Accuracy: 0.8481 | Val AUPRC: 0.9225 | Val Auroc: 0.9202 | Val F1: 0.8454 | Val Loss: 0.4409
2026-05-23 12:49:37 INFO Epoch Start | Epoch: 14
2026-05-23 12:49:49 INFO Epoch Progress | Epoch: 14 | Loss: 0.2492 | LR: 5.01077e-05 | Progress: 1% | Step: 1/190
2026-05-23 12:50:51 INFO Epoch Progress | Epoch: 14 | Loss: 0.3139 | LR: 4.92995e-05 | Progress: 25% | Step: 48/190
2026-05-23 12:51:59 INFO Epoch Progress | Epoch: 14 | Loss: 0.3291 | LR: 4.84744e-05 | Progress: 51% | Step: 96/190
2026-05-23 12:53:05 INFO Epoch Progress | Epoch: 14 | Loss: 0.3387 | LR: 4.76496e-05 | Progress: 76% | Step: 144/190
2026-05-23 12:54:08 INFO Epoch Progress | Epoch: 14 | Loss: 0.3456 | LR: 4.68598e-05 | Progress: 100% | Step: 190/190
2026-05-23 12:58:02 INFO CSV Written | Epoch: 14
2026-05-23 12:58:02 INFO Epoch Done | Epoch: 14 | Time: 505.1292 | Train Loss: 0.3479 | Val Accuracy: 0.8427 | Val AUPRC: 0.9165 | Val Auroc: 0.9140 | Val F1: 0.8378 | Val Loss: 0.4646
2026-05-23 12:58:02 INFO Epoch Start | Epoch: 15
2026-05-23 12:58:14 INFO Epoch Progress | Epoch: 15 | Loss: 0.3151 | LR: 4.68427e-05 | Progress: 1% | Step: 1/190
2026-05-23 12:59:17 INFO Epoch Progress | Epoch: 15 | Loss: 0.3337 | LR: 4.60365e-05 | Progress: 25% | Step: 48/190
2026-05-23 13:00:24 INFO Epoch Progress | Epoch: 15 | Loss: 0.3366 | LR: 4.52144e-05 | Progress: 51% | Step: 96/190
2026-05-23 13:01:31 INFO Epoch Progress | Epoch: 15 | Loss: 0.3280 | LR: 4.43935e-05 | Progress: 76% | Step: 144/190
2026-05-23 13:02:31 INFO Epoch Progress | Epoch: 15 | Loss: 0.3263 | LR: 4.36082e-05 | Progress: 100% | Step: 190/190
2026-05-23 13:06:20 INFO CSV Written | Epoch: 15
2026-05-23 13:06:20 INFO Epoch Done | Epoch: 15 | Time: 498.3877 | Train Loss: 0.3269 | Val Accuracy: 0.8450 | Val AUPRC: 0.9146 | Val Auroc: 0.9130 | Val F1: 0.8416 | Val Loss: 0.4680
2026-05-23 13:06:20 INFO Epoch Start | Epoch: 16
2026-05-23 13:06:33 INFO Epoch Progress | Epoch: 16 | Loss: 0.2999 | LR: 4.35911e-05 | Progress: 1% | Step: 1/190
2026-05-23 13:07:35 INFO Epoch Progress | Epoch: 16 | Loss: 0.2871 | LR: 4.27905e-05 | Progress: 25% | Step: 48/190
2026-05-23 13:08:42 INFO Epoch Progress | Epoch: 16 | Loss: 0.2931 | LR: 4.19748e-05 | Progress: 51% | Step: 96/190
2026-05-23 13:09:49 INFO Epoch Progress | Epoch: 16 | Loss: 0.3043 | LR: 4.11612e-05 | Progress: 76% | Step: 144/190
2026-05-23 13:10:52 INFO Epoch Progress | Epoch: 16 | Loss: 0.3068 | LR: 4.03838e-05 | Progress: 100% | Step: 190/190
2026-05-23 13:14:41 INFO CSV Written | Epoch: 16
2026-05-23 13:14:41 INFO Epoch Done | Epoch: 16 | Time: 501.0094 | Train Loss: 0.3038 | Val Accuracy: 0.8433 | Val AUPRC: 0.9098 | Val Auroc: 0.9100 | Val F1: 0.8388 | Val Loss: 0.4757
2026-05-23 13:14:41 INFO Epoch Start | Epoch: 17
2026-05-23 13:14:54 INFO Epoch Progress | Epoch: 17 | Loss: 0.2294 | LR: 4.0367e-05 | Progress: 1% | Step: 1/190
2026-05-23 13:15:56 INFO Epoch Progress | Epoch: 17 | Loss: 0.2847 | LR: 3.95752e-05 | Progress: 25% | Step: 48/190
2026-05-23 13:17:04 INFO Epoch Progress | Epoch: 17 | Loss: 0.3006 | LR: 3.87694e-05 | Progress: 51% | Step: 96/190
2026-05-23 13:18:10 INFO Epoch Progress | Epoch: 17 | Loss: 0.2951 | LR: 3.79667e-05 | Progress: 76% | Step: 144/190
2026-05-23 13:19:12 INFO Epoch Progress | Epoch: 17 | Loss: 0.2894 | LR: 3.72005e-05 | Progress: 100% | Step: 190/190
2026-05-23 13:23:03 INFO CSV Written | Epoch: 17
2026-05-23 13:23:03 INFO Epoch Done | Epoch: 17 | Time: 501.5508 | Train Loss: 0.2895 | Val Accuracy: 0.8485 | Val AUPRC: 0.9094 | Val Auroc: 0.9080 | Val F1: 0.8478 | Val Loss: 0.4867
2026-05-23 13:23:03 INFO Epoch Start | Epoch: 18
2026-05-23 13:23:15 INFO Epoch Progress | Epoch: 18 | Loss: 0.2479 | LR: 3.71839e-05 | Progress: 1% | Step: 1/190
2026-05-23 13:24:19 INFO Epoch Progress | Epoch: 18 | Loss: 0.2988 | LR: 3.64044e-05 | Progress: 25% | Step: 48/190
2026-05-23 13:25:26 INFO Epoch Progress | Epoch: 18 | Loss: 0.2903 | LR: 3.56121e-05 | Progress: 51% | Step: 96/190
2026-05-23 13:26:34 INFO Epoch Progress | Epoch: 18 | Loss: 0.2900 | LR: 3.484e-05 | Progress: 76% | Step: 144/190
2026-05-23 13:27:36 INFO Epoch Progress | Epoch: 18 | Loss: 0.2840 | LR: 3.40882e-05 | Progress: 100% | Step: 190/190
2026-05-23 13:31:29 INFO CSV Written | Epoch: 18
2026-05-23 13:31:29 INFO Epoch Done | Epoch: 18 | Time: 506.0052 | Train Loss: 0.2801 | Val Accuracy: 0.8479 | Val AUPRC: 0.9018 | Val Auroc: 0.9016 | Val F1: 0.8444 | Val Loss: 0.4976
2026-05-23 13:31:29 INFO Early Stop | Epoch: 18
2026-05-23 13:31:29 INFO Stage Done | Run Id: pair_context_gated_abba_no_cross_s101
