2026-05-02 12:46:59 INFO Pipeline Runtime | Device: cuda:0 | Distributed: True | Test Batches: 1691 | Train Batches: 812 | Valid Batches: 762 | World Size: 4
2026-05-02 12:46:59 INFO Stage Start | Run Id: no_gated_s101
2026-05-02 12:47:02 INFO Train Config | Epochs: 50 | Monitor: auprc | Patience: 10
2026-05-02 12:47:02 INFO Epoch Start | Epoch: 1
2026-05-02 12:47:07 INFO Epoch Progress | Epoch: 1 | Loss: 0.7488 | LR: 4.00023e-06 | Progress: 0% | Step: 1/812
2026-05-02 12:49:04 INFO Epoch Progress | Epoch: 1 | Loss: 0.7214 | LR: 1.30844e-05 | Progress: 25% | Step: 203/812
2026-05-02 12:51:02 INFO Epoch Progress | Epoch: 1 | Loss: 0.7111 | LR: 3.704e-05 | Progress: 50% | Step: 406/812
2026-05-02 12:53:00 INFO Epoch Progress | Epoch: 1 | Loss: 0.6857 | LR: 6.67126e-05 | Progress: 75% | Step: 609/812
2026-05-02 12:54:57 INFO Epoch Progress | Epoch: 1 | Loss: 0.6492 | LR: 9.07628e-05 | Progress: 100% | Step: 812/812
2026-05-02 12:58:37 INFO CSV Written | Epoch: 1
2026-05-02 12:58:43 INFO Best Saved | Epoch: 1 | Monitor: val_auprc | Value: 0.8424
2026-05-02 12:58:43 INFO Epoch Done | Epoch: 1 | Time: 695.4743 | Train Loss: 0.6490 | Val Accuracy: 0.7614 | Val AUPRC: 0.8424 | Val Auroc: 0.8451 | Val F1: 0.7501 | Val Loss: 0.5152
2026-05-02 12:58:43 INFO Epoch Start | Epoch: 2
2026-05-02 12:58:45 INFO Epoch Progress | Epoch: 2 | Loss: 0.3727 | LR: 9.08503e-05 | Progress: 0% | Step: 1/812
2026-05-02 13:00:42 INFO Epoch Progress | Epoch: 2 | Loss: 0.4998 | LR: 9.99999e-05 | Progress: 25% | Step: 203/812
2026-05-02 13:02:40 INFO Epoch Progress | Epoch: 2 | Loss: 0.4854 | LR: 9.98791e-05 | Progress: 50% | Step: 406/812
2026-05-02 13:04:38 INFO Epoch Progress | Epoch: 2 | Loss: 0.4820 | LR: 9.95152e-05 | Progress: 75% | Step: 609/812
2026-05-02 13:06:35 INFO Epoch Progress | Epoch: 2 | Loss: 0.4757 | LR: 9.89101e-05 | Progress: 100% | Step: 812/812
2026-05-02 13:10:16 INFO CSV Written | Epoch: 2
2026-05-02 13:10:17 INFO Best Saved | Epoch: 2 | Monitor: val_auprc | Value: 0.8972
2026-05-02 13:10:17 INFO Epoch Done | Epoch: 2 | Time: 693.8567 | Train Loss: 0.4756 | Val Accuracy: 0.8134 | Val AUPRC: 0.8972 | Val Auroc: 0.8967 | Val F1: 0.8102 | Val Loss: 0.4428
2026-05-02 13:10:17 INFO Epoch Start | Epoch: 3
2026-05-02 13:10:19 INFO Epoch Progress | Epoch: 3 | Loss: 0.4451 | LR: 9.89065e-05 | Progress: 0% | Step: 1/812
2026-05-02 13:12:16 INFO Epoch Progress | Epoch: 3 | Loss: 0.4308 | LR: 9.80666e-05 | Progress: 25% | Step: 203/812
2026-05-02 13:14:13 INFO Epoch Progress | Epoch: 3 | Loss: 0.4330 | LR: 9.69891e-05 | Progress: 50% | Step: 406/812
2026-05-02 13:16:11 INFO Epoch Progress | Epoch: 3 | Loss: 0.4264 | LR: 9.56895e-05 | Progress: 75% | Step: 609/812
2026-05-02 13:18:08 INFO Epoch Progress | Epoch: 3 | Loss: 0.4221 | LR: 9.41615e-05 | Progress: 100% | Step: 812/812
2026-05-02 13:21:50 INFO CSV Written | Epoch: 3
2026-05-02 13:21:50 INFO Best Saved | Epoch: 3 | Monitor: val_auprc | Value: 0.9093
2026-05-02 13:21:50 INFO Epoch Done | Epoch: 3 | Time: 692.9604 | Train Loss: 0.4219 | Val Accuracy: 0.8293 | Val AUPRC: 0.9093 | Val Auroc: 0.9108 | Val F1: 0.8247 | Val Loss: 0.4386
2026-05-02 13:21:50 INFO Epoch Start | Epoch: 4
2026-05-02 13:21:52 INFO Epoch Progress | Epoch: 4 | Loss: 0.5136 | LR: 9.41535e-05 | Progress: 0% | Step: 1/812
2026-05-02 13:23:51 INFO Epoch Progress | Epoch: 4 | Loss: 0.3908 | LR: 9.24184e-05 | Progress: 25% | Step: 203/812
2026-05-02 13:25:50 INFO Epoch Progress | Epoch: 4 | Loss: 0.3895 | LR: 9.04686e-05 | Progress: 50% | Step: 406/812
2026-05-02 13:27:49 INFO Epoch Progress | Epoch: 4 | Loss: 0.3869 | LR: 8.83216e-05 | Progress: 75% | Step: 609/812
2026-05-02 13:29:48 INFO Epoch Progress | Epoch: 4 | Loss: 0.3851 | LR: 8.59879e-05 | Progress: 100% | Step: 812/812
2026-05-02 13:33:33 INFO CSV Written | Epoch: 4
2026-05-02 13:33:33 INFO Best Saved | Epoch: 4 | Monitor: val_auprc | Value: 0.9213
2026-05-02 13:33:33 INFO Epoch Done | Epoch: 4 | Time: 702.6670 | Train Loss: 0.3850 | Val Accuracy: 0.8428 | Val AUPRC: 0.9213 | Val Auroc: 0.9229 | Val F1: 0.8383 | Val Loss: 0.4083
2026-05-02 13:33:33 INFO Epoch Start | Epoch: 5
2026-05-02 13:33:35 INFO Epoch Progress | Epoch: 5 | Loss: 0.3251 | LR: 8.5976e-05 | Progress: 0% | Step: 1/812
2026-05-02 13:35:34 INFO Epoch Progress | Epoch: 5 | Loss: 0.3549 | LR: 8.3479e-05 | Progress: 25% | Step: 203/812
2026-05-02 13:37:34 INFO Epoch Progress | Epoch: 5 | Loss: 0.3522 | LR: 8.08069e-05 | Progress: 50% | Step: 406/812
2026-05-02 13:39:34 INFO Epoch Progress | Epoch: 5 | Loss: 0.3559 | LR: 7.79847e-05 | Progress: 75% | Step: 609/812
2026-05-02 13:41:33 INFO Epoch Progress | Epoch: 5 | Loss: 0.3569 | LR: 7.50262e-05 | Progress: 100% | Step: 812/812
2026-05-02 13:45:23 INFO CSV Written | Epoch: 5
2026-05-02 13:45:23 INFO Best Saved | Epoch: 5 | Monitor: val_auprc | Value: 0.9302
2026-05-02 13:45:23 INFO Epoch Done | Epoch: 5 | Time: 709.6461 | Train Loss: 0.3550 | Val Accuracy: 0.8565 | Val AUPRC: 0.9302 | Val Auroc: 0.9318 | Val F1: 0.8545 | Val Loss: 0.3904
2026-05-02 13:45:23 INFO Epoch Start | Epoch: 6
2026-05-02 13:45:38 INFO Epoch Progress | Epoch: 6 | Loss: 0.9597 | LR: 7.50113e-05 | Progress: 1% | Step: 1/190
2026-05-02 13:47:09 INFO Epoch Progress | Epoch: 6 | Loss: 0.6969 | LR: 7.43082e-05 | Progress: 25% | Step: 48/190
2026-05-02 13:48:40 INFO Epoch Progress | Epoch: 6 | Loss: 0.6850 | LR: 7.35837e-05 | Progress: 51% | Step: 96/190
2026-05-02 13:50:10 INFO Epoch Progress | Epoch: 6 | Loss: 0.6837 | LR: 7.28527e-05 | Progress: 76% | Step: 144/190
2026-05-02 13:51:34 INFO Epoch Progress | Epoch: 6 | Loss: 0.6803 | LR: 7.21463e-05 | Progress: 100% | Step: 190/190
2026-05-02 13:55:21 INFO CSV Written | Epoch: 6
2026-05-02 13:55:21 INFO Best Saved | Epoch: 6 | Monitor: val_auprc | Value: 0.9342
2026-05-02 13:55:21 INFO Epoch Done | Epoch: 6 | Time: 597.6194 | Train Loss: 0.6813 | Val Accuracy: 0.8648 | Val AUPRC: 0.9342 | Val Auroc: 0.9364 | Val F1: 0.8668 | Val Loss: 0.4829
2026-05-02 13:55:21 INFO Epoch Start | Epoch: 7
2026-05-02 13:55:30 INFO Epoch Progress | Epoch: 7 | Loss: 0.7025 | LR: 7.21309e-05 | Progress: 1% | Step: 1/190
2026-05-02 13:57:03 INFO Epoch Progress | Epoch: 7 | Loss: 0.6502 | LR: 7.14189e-05 | Progress: 25% | Step: 48/190
2026-05-02 13:58:38 INFO Epoch Progress | Epoch: 7 | Loss: 0.6553 | LR: 7.06702e-05 | Progress: 51% | Step: 96/190
2026-05-02 14:00:12 INFO Epoch Progress | Epoch: 7 | Loss: 0.6559 | LR: 6.99159e-05 | Progress: 76% | Step: 144/190
2026-05-02 14:01:41 INFO Epoch Progress | Epoch: 7 | Loss: 0.6566 | LR: 6.91879e-05 | Progress: 100% | Step: 190/190
2026-05-02 14:05:24 INFO CSV Written | Epoch: 7
2026-05-02 14:05:24 INFO Epoch Done | Epoch: 7 | Time: 603.0130 | Train Loss: 0.6550 | Val Accuracy: 0.8629 | Val AUPRC: 0.9335 | Val Auroc: 0.9359 | Val F1: 0.8627 | Val Loss: 0.4636
2026-05-02 14:05:24 INFO Epoch Start | Epoch: 8
2026-05-02 14:05:34 INFO Epoch Progress | Epoch: 8 | Loss: 0.5817 | LR: 6.9172e-05 | Progress: 1% | Step: 1/190
2026-05-02 14:07:07 INFO Epoch Progress | Epoch: 8 | Loss: 0.6390 | LR: 6.84231e-05 | Progress: 25% | Step: 48/190
2026-05-02 14:08:42 INFO Epoch Progress | Epoch: 8 | Loss: 0.6378 | LR: 6.76534e-05 | Progress: 51% | Step: 96/190
2026-05-02 14:10:16 INFO Epoch Progress | Epoch: 8 | Loss: 0.6403 | LR: 6.68788e-05 | Progress: 76% | Step: 144/190
2026-05-02 14:11:45 INFO Epoch Progress | Epoch: 8 | Loss: 0.6426 | LR: 6.61321e-05 | Progress: 100% | Step: 190/190
2026-05-02 14:15:33 INFO CSV Written | Epoch: 8
2026-05-02 14:15:33 INFO Epoch Done | Epoch: 8 | Time: 608.9421 | Train Loss: 0.6398 | Val Accuracy: 0.8647 | Val AUPRC: 0.9315 | Val Auroc: 0.9344 | Val F1: 0.8656 | Val Loss: 0.4670
2026-05-02 14:15:33 INFO Epoch Start | Epoch: 9
2026-05-02 14:15:43 INFO Epoch Progress | Epoch: 9 | Loss: 0.6260 | LR: 6.61159e-05 | Progress: 1% | Step: 1/190
2026-05-02 14:17:16 INFO Epoch Progress | Epoch: 9 | Loss: 0.6190 | LR: 6.53487e-05 | Progress: 25% | Step: 48/190
2026-05-02 14:18:51 INFO Epoch Progress | Epoch: 9 | Loss: 0.6234 | LR: 6.45612e-05 | Progress: 51% | Step: 96/190
2026-05-02 14:20:26 INFO Epoch Progress | Epoch: 9 | Loss: 0.6298 | LR: 6.37696e-05 | Progress: 76% | Step: 144/190
2026-05-02 14:21:55 INFO Epoch Progress | Epoch: 9 | Loss: 0.6266 | LR: 6.30075e-05 | Progress: 100% | Step: 190/190
2026-05-02 14:25:38 INFO CSV Written | Epoch: 9
2026-05-02 14:25:38 INFO Epoch Done | Epoch: 9 | Time: 604.6950 | Train Loss: 0.6248 | Val Accuracy: 0.8649 | Val AUPRC: 0.9336 | Val Auroc: 0.9366 | Val F1: 0.8658 | Val Loss: 0.4391
2026-05-02 14:25:38 INFO Epoch Start | Epoch: 10
2026-05-02 14:25:47 INFO Epoch Progress | Epoch: 10 | Loss: 0.5874 | LR: 6.29909e-05 | Progress: 1% | Step: 1/190
2026-05-02 14:27:21 INFO Epoch Progress | Epoch: 10 | Loss: 0.5886 | LR: 6.22088e-05 | Progress: 25% | Step: 48/190
2026-05-02 14:28:55 INFO Epoch Progress | Epoch: 10 | Loss: 0.6012 | LR: 6.14068e-05 | Progress: 51% | Step: 96/190
2026-05-02 14:30:30 INFO Epoch Progress | Epoch: 10 | Loss: 0.6006 | LR: 6.06017e-05 | Progress: 76% | Step: 144/190
2026-05-02 14:32:00 INFO Epoch Progress | Epoch: 10 | Loss: 0.6047 | LR: 5.98274e-05 | Progress: 100% | Step: 190/190
2026-05-02 14:35:46 INFO CSV Written | Epoch: 10
2026-05-02 14:35:46 INFO Epoch Done | Epoch: 10 | Time: 608.7478 | Train Loss: 0.6051 | Val Accuracy: 0.8678 | Val AUPRC: 0.9332 | Val Auroc: 0.9363 | Val F1: 0.8680 | Val Loss: 0.4428
2026-05-02 14:35:46 INFO Epoch Start | Epoch: 11
2026-05-02 14:35:56 INFO Epoch Progress | Epoch: 11 | Loss: 0.6262 | LR: 5.98105e-05 | Progress: 1% | Step: 1/190
2026-05-02 14:37:29 INFO Epoch Progress | Epoch: 11 | Loss: 0.5745 | LR: 5.90168e-05 | Progress: 25% | Step: 48/190
2026-05-02 14:39:04 INFO Epoch Progress | Epoch: 11 | Loss: 0.5963 | LR: 5.82207e-05 | Progress: 51% | Step: 96/190
2026-05-02 14:40:39 INFO Epoch Progress | Epoch: 11 | Loss: 0.5850 | LR: 5.74055e-05 | Progress: 76% | Step: 144/190
2026-05-02 14:42:07 INFO Epoch Progress | Epoch: 11 | Loss: 0.5824 | LR: 5.66224e-05 | Progress: 100% | Step: 190/190
2026-05-02 14:45:51 INFO CSV Written | Epoch: 11
2026-05-02 14:45:51 INFO Epoch Done | Epoch: 11 | Time: 604.7410 | Train Loss: 0.5832 | Val Accuracy: 0.8666 | Val AUPRC: 0.9325 | Val Auroc: 0.9357 | Val F1: 0.8668 | Val Loss: 0.4191
2026-05-02 14:45:51 INFO Epoch Start | Epoch: 12
2026-05-02 14:46:01 INFO Epoch Progress | Epoch: 12 | Loss: 0.3966 | LR: 5.66053e-05 | Progress: 1% | Step: 1/190
2026-05-02 14:47:34 INFO Epoch Progress | Epoch: 12 | Loss: 0.5577 | LR: 5.58034e-05 | Progress: 25% | Step: 48/190
2026-05-02 14:49:08 INFO Epoch Progress | Epoch: 12 | Loss: 0.5607 | LR: 5.49828e-05 | Progress: 51% | Step: 96/190
2026-05-02 14:50:43 INFO Epoch Progress | Epoch: 12 | Loss: 0.5622 | LR: 5.41609e-05 | Progress: 76% | Step: 144/190
2026-05-02 14:52:11 INFO Epoch Progress | Epoch: 12 | Loss: 0.5628 | LR: 5.33722e-05 | Progress: 100% | Step: 190/190
2026-05-02 14:55:56 INFO CSV Written | Epoch: 12
2026-05-02 14:55:56 INFO Best Saved | Epoch: 12 | Monitor: val_auprc | Value: 0.9347
2026-05-02 14:55:56 INFO Epoch Done | Epoch: 12 | Time: 604.9493 | Train Loss: 0.5577 | Val Accuracy: 0.8680 | Val AUPRC: 0.9347 | Val Auroc: 0.9378 | Val F1: 0.8696 | Val Loss: 0.4081
2026-05-02 14:55:56 INFO Epoch Start | Epoch: 13
2026-05-02 14:56:06 INFO Epoch Progress | Epoch: 13 | Loss: 0.5565 | LR: 5.33551e-05 | Progress: 1% | Step: 1/190
2026-05-02 14:57:39 INFO Epoch Progress | Epoch: 13 | Loss: 0.4976 | LR: 5.25483e-05 | Progress: 25% | Step: 48/190
2026-05-02 14:59:14 INFO Epoch Progress | Epoch: 13 | Loss: 0.5270 | LR: 5.17237e-05 | Progress: 51% | Step: 96/190
2026-05-02 15:00:48 INFO Epoch Progress | Epoch: 13 | Loss: 0.5238 | LR: 5.08986e-05 | Progress: 76% | Step: 144/190
2026-05-02 15:02:16 INFO Epoch Progress | Epoch: 13 | Loss: 0.5275 | LR: 5.01077e-05 | Progress: 100% | Step: 190/190
2026-05-02 15:05:55 INFO CSV Written | Epoch: 13
2026-05-02 15:05:55 INFO Epoch Done | Epoch: 13 | Time: 598.5253 | Train Loss: 0.5318 | Val Accuracy: 0.8692 | Val AUPRC: 0.9340 | Val Auroc: 0.9371 | Val F1: 0.8715 | Val Loss: 0.3981
2026-05-02 15:05:55 INFO Epoch Start | Epoch: 14
2026-05-02 15:06:05 INFO Epoch Progress | Epoch: 14 | Loss: 0.5551 | LR: 5.00905e-05 | Progress: 1% | Step: 1/190
2026-05-02 15:07:38 INFO Epoch Progress | Epoch: 14 | Loss: 0.4864 | LR: 4.92823e-05 | Progress: 25% | Step: 48/190
2026-05-02 15:09:12 INFO Epoch Progress | Epoch: 14 | Loss: 0.4964 | LR: 4.84572e-05 | Progress: 51% | Step: 96/190
2026-05-02 15:10:47 INFO Epoch Progress | Epoch: 14 | Loss: 0.5033 | LR: 4.76324e-05 | Progress: 76% | Step: 144/190
2026-05-02 15:12:16 INFO Epoch Progress | Epoch: 14 | Loss: 0.5062 | LR: 4.68427e-05 | Progress: 100% | Step: 190/190
2026-05-02 15:16:06 INFO CSV Written | Epoch: 14
2026-05-02 15:16:06 INFO Epoch Done | Epoch: 14 | Time: 611.0318 | Train Loss: 0.5056 | Val Accuracy: 0.8689 | Val AUPRC: 0.9310 | Val Auroc: 0.9359 | Val F1: 0.8691 | Val Loss: 0.3934
2026-05-02 15:16:06 INFO Epoch Start | Epoch: 15
2026-05-02 15:16:16 INFO Epoch Progress | Epoch: 15 | Loss: 0.4455 | LR: 4.68255e-05 | Progress: 1% | Step: 1/190
2026-05-02 15:17:49 INFO Epoch Progress | Epoch: 15 | Loss: 0.4912 | LR: 4.60194e-05 | Progress: 25% | Step: 48/190
2026-05-02 15:19:25 INFO Epoch Progress | Epoch: 15 | Loss: 0.4869 | LR: 4.51972e-05 | Progress: 51% | Step: 96/190
2026-05-02 15:21:00 INFO Epoch Progress | Epoch: 15 | Loss: 0.4848 | LR: 4.43764e-05 | Progress: 76% | Step: 144/190
2026-05-02 15:22:28 INFO Epoch Progress | Epoch: 15 | Loss: 0.4842 | LR: 4.35911e-05 | Progress: 100% | Step: 190/190
2026-05-02 15:26:13 INFO CSV Written | Epoch: 15
2026-05-02 15:26:13 INFO Epoch Done | Epoch: 15 | Time: 607.1516 | Train Loss: 0.4821 | Val Accuracy: 0.8686 | Val AUPRC: 0.9323 | Val Auroc: 0.9360 | Val F1: 0.8674 | Val Loss: 0.3919
2026-05-02 15:26:13 INFO Epoch Start | Epoch: 16
2026-05-02 15:26:23 INFO Epoch Progress | Epoch: 16 | Loss: 0.3019 | LR: 4.35741e-05 | Progress: 1% | Step: 1/190
2026-05-02 15:27:57 INFO Epoch Progress | Epoch: 16 | Loss: 0.4466 | LR: 4.27735e-05 | Progress: 25% | Step: 48/190
2026-05-02 15:29:32 INFO Epoch Progress | Epoch: 16 | Loss: 0.4473 | LR: 4.19578e-05 | Progress: 51% | Step: 96/190
2026-05-02 15:31:06 INFO Epoch Progress | Epoch: 16 | Loss: 0.4552 | LR: 4.11443e-05 | Progress: 76% | Step: 144/190
2026-05-02 15:32:35 INFO Epoch Progress | Epoch: 16 | Loss: 0.4604 | LR: 4.0367e-05 | Progress: 100% | Step: 190/190
2026-05-02 15:36:23 INFO CSV Written | Epoch: 16
2026-05-02 15:36:23 INFO Epoch Done | Epoch: 16 | Time: 610.4152 | Train Loss: 0.4593 | Val Accuracy: 0.8691 | Val AUPRC: 0.9279 | Val Auroc: 0.9340 | Val F1: 0.8691 | Val Loss: 0.3904
2026-05-02 15:36:23 INFO Epoch Start | Epoch: 17
2026-05-02 15:36:33 INFO Epoch Progress | Epoch: 17 | Loss: 0.5272 | LR: 4.03501e-05 | Progress: 1% | Step: 1/190
2026-05-02 15:38:07 INFO Epoch Progress | Epoch: 17 | Loss: 0.4132 | LR: 3.95584e-05 | Progress: 25% | Step: 48/190
2026-05-02 15:39:42 INFO Epoch Progress | Epoch: 17 | Loss: 0.4244 | LR: 3.87527e-05 | Progress: 51% | Step: 96/190
2026-05-02 15:41:16 INFO Epoch Progress | Epoch: 17 | Loss: 0.4345 | LR: 3.795e-05 | Progress: 76% | Step: 144/190
2026-05-02 15:42:45 INFO Epoch Progress | Epoch: 17 | Loss: 0.4333 | LR: 3.71839e-05 | Progress: 100% | Step: 190/190
2026-05-02 15:46:33 INFO CSV Written | Epoch: 17
2026-05-02 15:46:33 INFO Epoch Done | Epoch: 17 | Time: 609.9131 | Train Loss: 0.4330 | Val Accuracy: 0.8710 | Val AUPRC: 0.9311 | Val Auroc: 0.9358 | Val F1: 0.8705 | Val Loss: 0.3875
2026-05-02 15:46:33 INFO Epoch Start | Epoch: 18
2026-05-02 15:46:44 INFO Epoch Progress | Epoch: 18 | Loss: 0.4119 | LR: 3.71673e-05 | Progress: 1% | Step: 1/190
2026-05-02 15:48:16 INFO Epoch Progress | Epoch: 18 | Loss: 0.4254 | LR: 3.63879e-05 | Progress: 25% | Step: 48/190
2026-05-02 15:49:50 INFO Epoch Progress | Epoch: 18 | Loss: 0.4212 | LR: 3.55956e-05 | Progress: 51% | Step: 96/190
2026-05-02 15:51:25 INFO Epoch Progress | Epoch: 18 | Loss: 0.4206 | LR: 3.48072e-05 | Progress: 76% | Step: 144/190
2026-05-02 15:52:54 INFO Epoch Progress | Epoch: 18 | Loss: 0.4181 | LR: 3.40556e-05 | Progress: 100% | Step: 190/190
2026-05-02 15:56:43 INFO CSV Written | Epoch: 18
2026-05-02 15:56:43 INFO Epoch Done | Epoch: 18 | Time: 609.5518 | Train Loss: 0.4157 | Val Accuracy: 0.8685 | Val AUPRC: 0.9276 | Val Auroc: 0.9328 | Val F1: 0.8692 | Val Loss: 0.3896
2026-05-02 15:56:43 INFO Epoch Start | Epoch: 19
2026-05-02 15:56:53 INFO Epoch Progress | Epoch: 19 | Loss: 0.3559 | LR: 3.40393e-05 | Progress: 1% | Step: 1/190
2026-05-02 15:58:25 INFO Epoch Progress | Epoch: 19 | Loss: 0.3893 | LR: 3.32755e-05 | Progress: 25% | Step: 48/190
2026-05-02 16:00:00 INFO Epoch Progress | Epoch: 19 | Loss: 0.3881 | LR: 3.25e-05 | Progress: 51% | Step: 96/190
2026-05-02 16:01:35 INFO Epoch Progress | Epoch: 19 | Loss: 0.3899 | LR: 3.17292e-05 | Progress: 76% | Step: 144/190
2026-05-02 16:03:04 INFO Epoch Progress | Epoch: 19 | Loss: 0.3977 | LR: 3.09953e-05 | Progress: 100% | Step: 190/190
2026-05-02 16:06:54 INFO CSV Written | Epoch: 19
2026-05-02 16:06:54 INFO Epoch Done | Epoch: 19 | Time: 610.8033 | Train Loss: 0.3930 | Val Accuracy: 0.8704 | Val AUPRC: 0.9254 | Val Auroc: 0.9322 | Val F1: 0.8698 | Val Loss: 0.3928
2026-05-02 16:06:54 INFO Epoch Start | Epoch: 20
2026-05-02 16:07:04 INFO Epoch Progress | Epoch: 20 | Loss: 0.1929 | LR: 3.09794e-05 | Progress: 1% | Step: 1/190
2026-05-02 16:08:37 INFO Epoch Progress | Epoch: 20 | Loss: 0.3749 | LR: 3.02345e-05 | Progress: 25% | Step: 48/190
2026-05-02 16:10:11 INFO Epoch Progress | Epoch: 20 | Loss: 0.3880 | LR: 2.9479e-05 | Progress: 51% | Step: 96/190
2026-05-02 16:11:45 INFO Epoch Progress | Epoch: 20 | Loss: 0.3842 | LR: 2.87292e-05 | Progress: 76% | Step: 144/190
2026-05-02 16:13:14 INFO Epoch Progress | Epoch: 20 | Loss: 0.3814 | LR: 2.80161e-05 | Progress: 100% | Step: 190/190
2026-05-02 16:17:00 INFO CSV Written | Epoch: 20
2026-05-02 16:17:00 INFO Epoch Done | Epoch: 20 | Time: 605.9623 | Train Loss: 0.3770 | Val Accuracy: 0.8702 | Val AUPRC: 0.9221 | Val Auroc: 0.9306 | Val F1: 0.8705 | Val Loss: 0.3960
2026-05-02 16:17:00 INFO Epoch Start | Epoch: 21
2026-05-02 16:17:10 INFO Epoch Progress | Epoch: 21 | Loss: 0.3396 | LR: 2.80006e-05 | Progress: 1% | Step: 1/190
2026-05-02 16:18:43 INFO Epoch Progress | Epoch: 21 | Loss: 0.3392 | LR: 2.72778e-05 | Progress: 25% | Step: 48/190
2026-05-02 16:20:18 INFO Epoch Progress | Epoch: 21 | Loss: 0.3662 | LR: 2.65457e-05 | Progress: 51% | Step: 96/190
2026-05-02 16:21:53 INFO Epoch Progress | Epoch: 21 | Loss: 0.3713 | LR: 2.582e-05 | Progress: 76% | Step: 144/190
2026-05-02 16:23:21 INFO Epoch Progress | Epoch: 21 | Loss: 0.3717 | LR: 2.51456e-05 | Progress: 100% | Step: 190/190
2026-05-02 16:27:10 INFO CSV Written | Epoch: 21
2026-05-02 16:27:10 INFO Epoch Done | Epoch: 21 | Time: 610.2766 | Train Loss: 0.3639 | Val Accuracy: 0.8708 | Val AUPRC: 0.9181 | Val Auroc: 0.9275 | Val F1: 0.8710 | Val Loss: 0.4007
2026-05-02 16:27:10 INFO Epoch Start | Epoch: 22
2026-05-02 16:27:20 INFO Epoch Progress | Epoch: 22 | Loss: 0.1847 | LR: 2.51307e-05 | Progress: 1% | Step: 1/190
2026-05-02 16:28:53 INFO Epoch Progress | Epoch: 22 | Loss: 0.3212 | LR: 2.44329e-05 | Progress: 25% | Step: 48/190
2026-05-02 16:30:28 INFO Epoch Progress | Epoch: 22 | Loss: 0.3379 | LR: 2.37271e-05 | Progress: 51% | Step: 96/190
2026-05-02 16:32:03 INFO Epoch Progress | Epoch: 22 | Loss: 0.3483 | LR: 2.30285e-05 | Progress: 76% | Step: 144/190
2026-05-02 16:33:32 INFO Epoch Progress | Epoch: 22 | Loss: 0.3489 | LR: 2.23658e-05 | Progress: 100% | Step: 190/190
2026-05-02 16:37:20 INFO CSV Written | Epoch: 22
2026-05-02 16:37:20 INFO Epoch Done | Epoch: 22 | Time: 609.6748 | Train Loss: 0.3479 | Val Accuracy: 0.8704 | Val AUPRC: 0.9171 | Val Auroc: 0.9266 | Val F1: 0.8704 | Val Loss: 0.4079
2026-05-02 16:37:20 INFO Early Stop | Epoch: 22
2026-05-02 16:37:20 INFO Stage Done | Run Id: no_gated_s101
