2026-05-18 06:52:00 INFO Pipeline Runtime | Device: cuda:0 | Distributed: True | Test Batches: 1691 | Train Batches: 812 | Valid Batches: 762 | World Size: 4
2026-05-18 06:52:00 INFO Stage Start | Run Id: pair_context_gated_sn_d256_s47
2026-05-18 06:52:02 INFO Train Config | Epochs: 50 | Monitor: auprc | Patience: 10
2026-05-18 06:52:02 INFO Epoch Start | Epoch: 1
2026-05-18 06:52:08 INFO Epoch Progress | Epoch: 1 | Loss: 0.7251 | LR: 4.00023e-06 | Progress: 0% | Step: 1/812
2026-05-18 06:53:41 INFO Epoch Progress | Epoch: 1 | Loss: 0.7122 | LR: 1.30844e-05 | Progress: 25% | Step: 203/812
2026-05-18 06:55:14 INFO Epoch Progress | Epoch: 1 | Loss: 0.7075 | LR: 3.704e-05 | Progress: 50% | Step: 406/812
2026-05-18 06:56:49 INFO Epoch Progress | Epoch: 1 | Loss: 0.6756 | LR: 6.65711e-05 | Progress: 75% | Step: 609/812
2026-05-18 06:58:23 INFO Epoch Progress | Epoch: 1 | Loss: 0.6354 | LR: 9.0675e-05 | Progress: 100% | Step: 812/812
2026-05-18 07:01:56 INFO CSV Written | Epoch: 1
2026-05-18 07:02:00 INFO Best Saved | Epoch: 1 | Monitor: val_auprc | Value: 0.8613
2026-05-18 07:02:00 INFO Epoch Done | Epoch: 1 | Time: 593.9639 | Train Loss: 0.6367 | Val Accuracy: 0.7784 | Val AUPRC: 0.8613 | Val Auroc: 0.8608 | Val F1: 0.7776 | Val Loss: 0.4946
2026-05-18 07:02:00 INFO Epoch Start | Epoch: 2
2026-05-18 07:02:03 INFO Epoch Progress | Epoch: 2 | Loss: 0.4930 | LR: 9.07628e-05 | Progress: 0% | Step: 1/812
2026-05-18 07:03:35 INFO Epoch Progress | Epoch: 2 | Loss: 0.4950 | LR: 9.99993e-05 | Progress: 25% | Step: 203/812
2026-05-18 07:05:06 INFO Epoch Progress | Epoch: 2 | Loss: 0.4881 | LR: 9.98803e-05 | Progress: 50% | Step: 406/812
2026-05-18 07:06:39 INFO Epoch Progress | Epoch: 2 | Loss: 0.4774 | LR: 9.95176e-05 | Progress: 75% | Step: 609/812
2026-05-18 07:08:10 INFO Epoch Progress | Epoch: 2 | Loss: 0.4709 | LR: 9.89136e-05 | Progress: 100% | Step: 812/812
2026-05-18 07:11:46 INFO CSV Written | Epoch: 2
2026-05-18 07:11:46 INFO Best Saved | Epoch: 2 | Monitor: val_auprc | Value: 0.9018
2026-05-18 07:11:46 INFO Epoch Done | Epoch: 2 | Time: 585.7293 | Train Loss: 0.4699 | Val Accuracy: 0.8147 | Val AUPRC: 0.9018 | Val Auroc: 0.8981 | Val F1: 0.8162 | Val Loss: 0.4391
2026-05-18 07:11:46 INFO Epoch Start | Epoch: 3
2026-05-18 07:11:48 INFO Epoch Progress | Epoch: 3 | Loss: 0.3257 | LR: 9.89101e-05 | Progress: 0% | Step: 1/812
2026-05-18 07:13:20 INFO Epoch Progress | Epoch: 3 | Loss: 0.4410 | LR: 9.80714e-05 | Progress: 25% | Step: 203/812
2026-05-18 07:14:51 INFO Epoch Progress | Epoch: 3 | Loss: 0.4345 | LR: 9.69949e-05 | Progress: 50% | Step: 406/812
2026-05-18 07:16:22 INFO Epoch Progress | Epoch: 3 | Loss: 0.4294 | LR: 9.56895e-05 | Progress: 75% | Step: 609/812
2026-05-18 07:17:54 INFO Epoch Progress | Epoch: 3 | Loss: 0.4255 | LR: 9.41615e-05 | Progress: 100% | Step: 812/812
2026-05-18 07:21:35 INFO CSV Written | Epoch: 3
2026-05-18 07:21:35 INFO Best Saved | Epoch: 3 | Monitor: val_auprc | Value: 0.9182
2026-05-18 07:21:35 INFO Epoch Done | Epoch: 3 | Time: 588.8930 | Train Loss: 0.4237 | Val Accuracy: 0.8331 | Val AUPRC: 0.9182 | Val Auroc: 0.9162 | Val F1: 0.8336 | Val Loss: 0.4091
2026-05-18 07:21:35 INFO Epoch Start | Epoch: 4
2026-05-18 07:21:37 INFO Epoch Progress | Epoch: 4 | Loss: 0.3858 | LR: 9.41535e-05 | Progress: 0% | Step: 1/812
2026-05-18 07:23:09 INFO Epoch Progress | Epoch: 4 | Loss: 0.3910 | LR: 9.24275e-05 | Progress: 25% | Step: 203/812
2026-05-18 07:24:40 INFO Epoch Progress | Epoch: 4 | Loss: 0.3900 | LR: 9.04787e-05 | Progress: 50% | Step: 406/812
2026-05-18 07:26:12 INFO Epoch Progress | Epoch: 4 | Loss: 0.3907 | LR: 8.83326e-05 | Progress: 75% | Step: 609/812
2026-05-18 07:27:43 INFO Epoch Progress | Epoch: 4 | Loss: 0.3891 | LR: 8.59999e-05 | Progress: 100% | Step: 812/812
2026-05-18 07:31:22 INFO CSV Written | Epoch: 4
2026-05-18 07:31:22 INFO Best Saved | Epoch: 4 | Monitor: val_auprc | Value: 0.9228
2026-05-18 07:31:22 INFO Epoch Done | Epoch: 4 | Time: 587.4095 | Train Loss: 0.3891 | Val Accuracy: 0.8438 | Val AUPRC: 0.9228 | Val Auroc: 0.9231 | Val F1: 0.8458 | Val Loss: 0.3997
2026-05-18 07:31:22 INFO Epoch Start | Epoch: 5
2026-05-18 07:31:25 INFO Epoch Progress | Epoch: 5 | Loss: 0.2897 | LR: 8.59879e-05 | Progress: 0% | Step: 1/812
2026-05-18 07:32:57 INFO Epoch Progress | Epoch: 5 | Loss: 0.3632 | LR: 8.34917e-05 | Progress: 25% | Step: 203/812
2026-05-18 07:34:31 INFO Epoch Progress | Epoch: 5 | Loss: 0.3633 | LR: 8.08204e-05 | Progress: 50% | Step: 406/812
2026-05-18 07:36:06 INFO Epoch Progress | Epoch: 5 | Loss: 0.3633 | LR: 7.79989e-05 | Progress: 75% | Step: 609/812
2026-05-18 07:37:39 INFO Epoch Progress | Epoch: 5 | Loss: 0.3628 | LR: 7.5041e-05 | Progress: 100% | Step: 812/812
2026-05-18 07:41:17 INFO CSV Written | Epoch: 5
2026-05-18 07:41:17 INFO Best Saved | Epoch: 5 | Monitor: val_auprc | Value: 0.9313
2026-05-18 07:41:17 INFO Epoch Done | Epoch: 5 | Time: 594.6231 | Train Loss: 0.3632 | Val Accuracy: 0.8507 | Val AUPRC: 0.9313 | Val Auroc: 0.9310 | Val F1: 0.8557 | Val Loss: 0.3874
2026-05-18 07:41:17 INFO Epoch Start | Epoch: 6
2026-05-18 07:41:32 INFO Epoch Progress | Epoch: 6 | Loss: 0.8172 | LR: 7.50262e-05 | Progress: 1% | Step: 1/190
2026-05-18 07:42:50 INFO Epoch Progress | Epoch: 6 | Loss: 0.7218 | LR: 7.43233e-05 | Progress: 25% | Step: 48/190
2026-05-18 07:44:09 INFO Epoch Progress | Epoch: 6 | Loss: 0.7034 | LR: 7.35988e-05 | Progress: 51% | Step: 96/190
2026-05-18 07:45:28 INFO Epoch Progress | Epoch: 6 | Loss: 0.6969 | LR: 7.2868e-05 | Progress: 76% | Step: 144/190
2026-05-18 07:46:41 INFO Epoch Progress | Epoch: 6 | Loss: 0.6938 | LR: 7.21618e-05 | Progress: 100% | Step: 190/190
2026-05-18 07:50:22 INFO CSV Written | Epoch: 6
2026-05-18 07:50:22 INFO Best Saved | Epoch: 6 | Monitor: val_auprc | Value: 0.9365
2026-05-18 07:50:22 INFO Epoch Done | Epoch: 6 | Time: 544.9227 | Train Loss: 0.6943 | Val Accuracy: 0.8602 | Val AUPRC: 0.9365 | Val Auroc: 0.9360 | Val F1: 0.8612 | Val Loss: 0.5129
2026-05-18 07:50:22 INFO Epoch Start | Epoch: 7
2026-05-18 07:50:34 INFO Epoch Progress | Epoch: 7 | Loss: 0.6709 | LR: 7.21463e-05 | Progress: 1% | Step: 1/190
2026-05-18 07:51:52 INFO Epoch Progress | Epoch: 7 | Loss: 0.6820 | LR: 7.14189e-05 | Progress: 25% | Step: 48/190
2026-05-18 07:53:10 INFO Epoch Progress | Epoch: 7 | Loss: 0.6826 | LR: 7.06702e-05 | Progress: 51% | Step: 96/190
2026-05-18 07:54:28 INFO Epoch Progress | Epoch: 7 | Loss: 0.6839 | LR: 6.99159e-05 | Progress: 76% | Step: 144/190
2026-05-18 07:55:42 INFO Epoch Progress | Epoch: 7 | Loss: 0.6842 | LR: 6.91879e-05 | Progress: 100% | Step: 190/190
2026-05-18 07:59:23 INFO CSV Written | Epoch: 7
2026-05-18 07:59:24 INFO Best Saved | Epoch: 7 | Monitor: val_auprc | Value: 0.9373
2026-05-18 07:59:24 INFO Epoch Done | Epoch: 7 | Time: 541.2073 | Train Loss: 0.6825 | Val Accuracy: 0.8617 | Val AUPRC: 0.9373 | Val Auroc: 0.9373 | Val F1: 0.8654 | Val Loss: 0.4791
2026-05-18 07:59:24 INFO Epoch Start | Epoch: 8
2026-05-18 07:59:34 INFO Epoch Progress | Epoch: 8 | Loss: 0.7113 | LR: 6.9172e-05 | Progress: 1% | Step: 1/190
2026-05-18 08:00:51 INFO Epoch Progress | Epoch: 8 | Loss: 0.6690 | LR: 6.84231e-05 | Progress: 25% | Step: 48/190
2026-05-18 08:02:09 INFO Epoch Progress | Epoch: 8 | Loss: 0.6731 | LR: 6.76534e-05 | Progress: 51% | Step: 96/190
2026-05-18 08:03:28 INFO Epoch Progress | Epoch: 8 | Loss: 0.6711 | LR: 6.68788e-05 | Progress: 76% | Step: 144/190
2026-05-18 08:04:40 INFO Epoch Progress | Epoch: 8 | Loss: 0.6734 | LR: 6.61321e-05 | Progress: 100% | Step: 190/190
2026-05-18 08:08:22 INFO CSV Written | Epoch: 8
2026-05-18 08:08:22 INFO Epoch Done | Epoch: 8 | Time: 538.3284 | Train Loss: 0.6711 | Val Accuracy: 0.8623 | Val AUPRC: 0.9355 | Val Auroc: 0.9361 | Val F1: 0.8653 | Val Loss: 0.4853
2026-05-18 08:08:22 INFO Epoch Start | Epoch: 9
2026-05-18 08:08:30 INFO Epoch Progress | Epoch: 9 | Loss: 0.5877 | LR: 6.61159e-05 | Progress: 1% | Step: 1/190
2026-05-18 08:09:48 INFO Epoch Progress | Epoch: 9 | Loss: 0.6531 | LR: 6.53487e-05 | Progress: 25% | Step: 48/190
2026-05-18 08:11:04 INFO Epoch Progress | Epoch: 9 | Loss: 0.6559 | LR: 6.45612e-05 | Progress: 51% | Step: 96/190
2026-05-18 08:12:22 INFO Epoch Progress | Epoch: 9 | Loss: 0.6580 | LR: 6.37696e-05 | Progress: 76% | Step: 144/190
2026-05-18 08:13:33 INFO Epoch Progress | Epoch: 9 | Loss: 0.6577 | LR: 6.30075e-05 | Progress: 100% | Step: 190/190
2026-05-18 08:17:17 INFO CSV Written | Epoch: 9
2026-05-18 08:17:17 INFO Epoch Done | Epoch: 9 | Time: 535.5442 | Train Loss: 0.6548 | Val Accuracy: 0.8620 | Val AUPRC: 0.9354 | Val Auroc: 0.9359 | Val F1: 0.8610 | Val Loss: 0.4796
2026-05-18 08:17:17 INFO Epoch Start | Epoch: 10
2026-05-18 08:17:29 INFO Epoch Progress | Epoch: 10 | Loss: 0.6705 | LR: 6.29909e-05 | Progress: 1% | Step: 1/190
2026-05-18 08:18:45 INFO Epoch Progress | Epoch: 10 | Loss: 0.6452 | LR: 6.22088e-05 | Progress: 25% | Step: 48/190
2026-05-18 08:20:04 INFO Epoch Progress | Epoch: 10 | Loss: 0.6399 | LR: 6.14068e-05 | Progress: 51% | Step: 96/190
2026-05-18 08:21:22 INFO Epoch Progress | Epoch: 10 | Loss: 0.6383 | LR: 6.06017e-05 | Progress: 76% | Step: 144/190
2026-05-18 08:22:34 INFO Epoch Progress | Epoch: 10 | Loss: 0.6409 | LR: 5.98274e-05 | Progress: 100% | Step: 190/190
2026-05-18 08:26:11 INFO CSV Written | Epoch: 10
2026-05-18 08:26:11 INFO Epoch Done | Epoch: 10 | Time: 533.7641 | Train Loss: 0.6362 | Val Accuracy: 0.8653 | Val AUPRC: 0.9357 | Val Auroc: 0.9367 | Val F1: 0.8677 | Val Loss: 0.4468
2026-05-18 08:26:11 INFO Epoch Start | Epoch: 11
2026-05-18 08:26:23 INFO Epoch Progress | Epoch: 11 | Loss: 0.5371 | LR: 5.98105e-05 | Progress: 1% | Step: 1/190
2026-05-18 08:27:40 INFO Epoch Progress | Epoch: 11 | Loss: 0.6138 | LR: 5.90168e-05 | Progress: 25% | Step: 48/190
2026-05-18 08:28:58 INFO Epoch Progress | Epoch: 11 | Loss: 0.6268 | LR: 5.82038e-05 | Progress: 51% | Step: 96/190
2026-05-18 08:30:17 INFO Epoch Progress | Epoch: 11 | Loss: 0.6233 | LR: 5.73885e-05 | Progress: 76% | Step: 144/190
2026-05-18 08:31:30 INFO Epoch Progress | Epoch: 11 | Loss: 0.6274 | LR: 5.66053e-05 | Progress: 100% | Step: 190/190
2026-05-18 08:35:09 INFO CSV Written | Epoch: 11
2026-05-18 08:35:09 INFO Epoch Done | Epoch: 11 | Time: 537.7266 | Train Loss: 0.6210 | Val Accuracy: 0.8629 | Val AUPRC: 0.9356 | Val Auroc: 0.9349 | Val F1: 0.8627 | Val Loss: 0.4377
2026-05-18 08:35:09 INFO Epoch Start | Epoch: 12
2026-05-18 08:35:21 INFO Epoch Progress | Epoch: 12 | Loss: 0.5773 | LR: 5.65883e-05 | Progress: 1% | Step: 1/190
2026-05-18 08:36:38 INFO Epoch Progress | Epoch: 12 | Loss: 0.6054 | LR: 5.57863e-05 | Progress: 25% | Step: 48/190
2026-05-18 08:37:56 INFO Epoch Progress | Epoch: 12 | Loss: 0.6072 | LR: 5.49657e-05 | Progress: 51% | Step: 96/190
2026-05-18 08:39:14 INFO Epoch Progress | Epoch: 12 | Loss: 0.6085 | LR: 5.41438e-05 | Progress: 76% | Step: 144/190
2026-05-18 08:40:26 INFO Epoch Progress | Epoch: 12 | Loss: 0.6057 | LR: 5.33551e-05 | Progress: 100% | Step: 190/190
2026-05-18 08:44:05 INFO CSV Written | Epoch: 12
2026-05-18 08:44:05 INFO Epoch Done | Epoch: 12 | Time: 535.6429 | Train Loss: 0.5997 | Val Accuracy: 0.8656 | Val AUPRC: 0.9330 | Val Auroc: 0.9345 | Val F1: 0.8671 | Val Loss: 0.4189
2026-05-18 08:44:05 INFO Epoch Start | Epoch: 13
2026-05-18 08:44:17 INFO Epoch Progress | Epoch: 13 | Loss: 0.5884 | LR: 5.33379e-05 | Progress: 1% | Step: 1/190
2026-05-18 08:45:33 INFO Epoch Progress | Epoch: 13 | Loss: 0.5663 | LR: 5.25311e-05 | Progress: 25% | Step: 48/190
2026-05-18 08:46:50 INFO Epoch Progress | Epoch: 13 | Loss: 0.5730 | LR: 5.17065e-05 | Progress: 51% | Step: 96/190
2026-05-18 08:48:07 INFO Epoch Progress | Epoch: 13 | Loss: 0.5772 | LR: 5.08986e-05 | Progress: 76% | Step: 144/190
2026-05-18 08:49:19 INFO Epoch Progress | Epoch: 13 | Loss: 0.5815 | LR: 5.01077e-05 | Progress: 100% | Step: 190/190
2026-05-18 08:52:57 INFO CSV Written | Epoch: 13
2026-05-18 08:52:57 INFO Epoch Done | Epoch: 13 | Time: 532.7919 | Train Loss: 0.5730 | Val Accuracy: 0.8669 | Val AUPRC: 0.9312 | Val Auroc: 0.9343 | Val F1: 0.8700 | Val Loss: 0.4058
2026-05-18 08:52:57 INFO Epoch Start | Epoch: 14
2026-05-18 08:53:09 INFO Epoch Progress | Epoch: 14 | Loss: 0.4277 | LR: 5.00905e-05 | Progress: 1% | Step: 1/190
2026-05-18 08:54:26 INFO Epoch Progress | Epoch: 14 | Loss: 0.5493 | LR: 4.92823e-05 | Progress: 25% | Step: 48/190
2026-05-18 08:55:44 INFO Epoch Progress | Epoch: 14 | Loss: 0.5564 | LR: 4.84572e-05 | Progress: 51% | Step: 96/190
2026-05-18 08:57:02 INFO Epoch Progress | Epoch: 14 | Loss: 0.5549 | LR: 4.76324e-05 | Progress: 76% | Step: 144/190
2026-05-18 08:58:16 INFO Epoch Progress | Epoch: 14 | Loss: 0.5569 | LR: 4.68427e-05 | Progress: 100% | Step: 190/190
2026-05-18 09:02:00 INFO CSV Written | Epoch: 14
2026-05-18 09:02:00 INFO Epoch Done | Epoch: 14 | Time: 542.8191 | Train Loss: 0.5523 | Val Accuracy: 0.8676 | Val AUPRC: 0.9347 | Val Auroc: 0.9362 | Val F1: 0.8682 | Val Loss: 0.3951
2026-05-18 09:02:00 INFO Epoch Start | Epoch: 15
2026-05-18 09:02:12 INFO Epoch Progress | Epoch: 15 | Loss: 0.6716 | LR: 4.68255e-05 | Progress: 1% | Step: 1/190
2026-05-18 09:03:30 INFO Epoch Progress | Epoch: 15 | Loss: 0.5186 | LR: 4.60194e-05 | Progress: 25% | Step: 48/190
2026-05-18 09:04:48 INFO Epoch Progress | Epoch: 15 | Loss: 0.5166 | LR: 4.51972e-05 | Progress: 51% | Step: 96/190
2026-05-18 09:06:07 INFO Epoch Progress | Epoch: 15 | Loss: 0.5208 | LR: 4.43764e-05 | Progress: 76% | Step: 144/190
2026-05-18 09:07:20 INFO Epoch Progress | Epoch: 15 | Loss: 0.5301 | LR: 4.35911e-05 | Progress: 100% | Step: 190/190
2026-05-18 09:10:56 INFO CSV Written | Epoch: 15
2026-05-18 09:10:56 INFO Epoch Done | Epoch: 15 | Time: 535.2737 | Train Loss: 0.5259 | Val Accuracy: 0.8663 | Val AUPRC: 0.9309 | Val Auroc: 0.9345 | Val F1: 0.8666 | Val Loss: 0.3932
2026-05-18 09:10:56 INFO Epoch Start | Epoch: 16
2026-05-18 09:11:07 INFO Epoch Progress | Epoch: 16 | Loss: 0.6065 | LR: 4.35741e-05 | Progress: 1% | Step: 1/190
2026-05-18 09:12:42 INFO Epoch Progress | Epoch: 16 | Loss: 0.4873 | LR: 4.27735e-05 | Progress: 25% | Step: 48/190
2026-05-18 09:14:19 INFO Epoch Progress | Epoch: 16 | Loss: 0.4924 | LR: 4.19578e-05 | Progress: 51% | Step: 96/190
2026-05-18 09:15:57 INFO Epoch Progress | Epoch: 16 | Loss: 0.5055 | LR: 4.11443e-05 | Progress: 76% | Step: 144/190
2026-05-18 09:17:14 INFO Epoch Progress | Epoch: 16 | Loss: 0.5049 | LR: 4.0367e-05 | Progress: 100% | Step: 190/190
2026-05-18 09:20:51 INFO CSV Written | Epoch: 16
2026-05-18 09:20:51 INFO Epoch Done | Epoch: 16 | Time: 595.0324 | Train Loss: 0.4996 | Val Accuracy: 0.8683 | Val AUPRC: 0.9259 | Val Auroc: 0.9302 | Val F1: 0.8685 | Val Loss: 0.3888
2026-05-18 09:20:51 INFO Epoch Start | Epoch: 17
2026-05-18 09:21:01 INFO Epoch Progress | Epoch: 17 | Loss: 0.2793 | LR: 4.03501e-05 | Progress: 1% | Step: 1/190
2026-05-18 09:22:19 INFO Epoch Progress | Epoch: 17 | Loss: 0.4427 | LR: 3.95584e-05 | Progress: 25% | Step: 48/190
2026-05-18 09:23:38 INFO Epoch Progress | Epoch: 17 | Loss: 0.4775 | LR: 3.87527e-05 | Progress: 51% | Step: 96/190
2026-05-18 09:24:57 INFO Epoch Progress | Epoch: 17 | Loss: 0.4758 | LR: 3.795e-05 | Progress: 76% | Step: 144/190
2026-05-18 09:26:11 INFO Epoch Progress | Epoch: 17 | Loss: 0.4812 | LR: 3.71839e-05 | Progress: 100% | Step: 190/190
2026-05-18 09:29:48 INFO CSV Written | Epoch: 17
2026-05-18 09:29:48 INFO Epoch Done | Epoch: 17 | Time: 537.7234 | Train Loss: 0.4754 | Val Accuracy: 0.8692 | Val AUPRC: 0.9273 | Val Auroc: 0.9318 | Val F1: 0.8710 | Val Loss: 0.3858
2026-05-18 09:29:48 INFO Early Stop | Epoch: 17
2026-05-18 09:29:48 INFO Stage Done | Run Id: pair_context_gated_sn_d256_s47
