2026-05-23 04:06:11 INFO Pipeline Runtime | Device: cuda:0 | Distributed: True | Test Batches: 1691 | Train Batches: 812 | Valid Batches: 762 | World Size: 4
2026-05-23 04:06:11 INFO Stage Start | Run Id: pair_context_gated_abba_block_sn_d256_s47
2026-05-23 04:06:14 INFO Train Config | Epochs: 50 | Monitor: auprc | Patience: 10
2026-05-23 04:06:14 INFO Epoch Start | Epoch: 1
2026-05-23 04:06:20 INFO Epoch Progress | Epoch: 1 | Loss: 0.7520 | LR: 4e-06 | Progress: 0% | Step: 1/812
2026-05-23 04:08:10 INFO Epoch Progress | Epoch: 1 | Loss: 0.7074 | LR: 1.30844e-05 | Progress: 25% | Step: 203/812
2026-05-23 04:10:00 INFO Epoch Progress | Epoch: 1 | Loss: 0.6671 | LR: 3.67579e-05 | Progress: 50% | Step: 406/812
2026-05-23 04:11:50 INFO Epoch Progress | Epoch: 1 | Loss: 0.6323 | LR: 6.64294e-05 | Progress: 75% | Step: 609/812
2026-05-23 04:13:38 INFO Epoch Progress | Epoch: 1 | Loss: 0.6034 | LR: 9.05868e-05 | Progress: 100% | Step: 812/812
2026-05-23 04:17:30 INFO CSV Written | Epoch: 1
2026-05-23 04:17:35 INFO Best Saved | Epoch: 1 | Monitor: val_auprc | Value: 0.8632
2026-05-23 04:17:35 INFO Epoch Done | Epoch: 1 | Time: 676.0777 | Train Loss: 0.6006 | Val Accuracy: 0.7794 | Val AUPRC: 0.8632 | Val Auroc: 0.8625 | Val F1: 0.7690 | Val Loss: 0.4958
2026-05-23 04:17:35 INFO Epoch Start | Epoch: 2
2026-05-23 04:17:37 INFO Epoch Progress | Epoch: 2 | Loss: 0.4807 | LR: 9.0675e-05 | Progress: 0% | Step: 1/812
2026-05-23 04:19:27 INFO Epoch Progress | Epoch: 2 | Loss: 0.4922 | LR: 9.99983e-05 | Progress: 25% | Step: 203/812
2026-05-23 04:21:17 INFO Epoch Progress | Epoch: 2 | Loss: 0.4890 | LR: 9.98815e-05 | Progress: 50% | Step: 406/812
2026-05-23 04:23:09 INFO Epoch Progress | Epoch: 2 | Loss: 0.4799 | LR: 9.952e-05 | Progress: 75% | Step: 609/812
2026-05-23 04:24:59 INFO Epoch Progress | Epoch: 2 | Loss: 0.4728 | LR: 9.89172e-05 | Progress: 100% | Step: 812/812
2026-05-23 04:28:52 INFO CSV Written | Epoch: 2
2026-05-23 04:28:52 INFO Best Saved | Epoch: 2 | Monitor: val_auprc | Value: 0.8992
2026-05-23 04:28:52 INFO Epoch Done | Epoch: 2 | Time: 677.5829 | Train Loss: 0.4723 | Val Accuracy: 0.8103 | Val AUPRC: 0.8992 | Val Auroc: 0.8969 | Val F1: 0.8027 | Val Loss: 0.4563
2026-05-23 04:28:52 INFO Epoch Start | Epoch: 3
2026-05-23 04:28:55 INFO Epoch Progress | Epoch: 3 | Loss: 0.3623 | LR: 9.89136e-05 | Progress: 0% | Step: 1/812
2026-05-23 04:30:45 INFO Epoch Progress | Epoch: 3 | Loss: 0.4415 | LR: 9.80761e-05 | Progress: 25% | Step: 203/812
2026-05-23 04:32:35 INFO Epoch Progress | Epoch: 3 | Loss: 0.4357 | LR: 9.70008e-05 | Progress: 50% | Step: 406/812
2026-05-23 04:34:25 INFO Epoch Progress | Epoch: 3 | Loss: 0.4288 | LR: 9.56965e-05 | Progress: 75% | Step: 609/812
2026-05-23 04:36:14 INFO Epoch Progress | Epoch: 3 | Loss: 0.4255 | LR: 9.41776e-05 | Progress: 100% | Step: 812/812
2026-05-23 04:40:08 INFO CSV Written | Epoch: 3
2026-05-23 04:40:08 INFO Best Saved | Epoch: 3 | Monitor: val_auprc | Value: 0.9152
2026-05-23 04:40:08 INFO Epoch Done | Epoch: 3 | Time: 675.8709 | Train Loss: 0.4238 | Val Accuracy: 0.8310 | Val AUPRC: 0.9152 | Val Auroc: 0.9133 | Val F1: 0.8275 | Val Loss: 0.4189
2026-05-23 04:40:08 INFO Epoch Start | Epoch: 4
2026-05-23 04:40:11 INFO Epoch Progress | Epoch: 4 | Loss: 0.4079 | LR: 9.41696e-05 | Progress: 0% | Step: 1/812
2026-05-23 04:42:00 INFO Epoch Progress | Epoch: 4 | Loss: 0.3930 | LR: 9.24366e-05 | Progress: 25% | Step: 203/812
2026-05-23 04:43:50 INFO Epoch Progress | Epoch: 4 | Loss: 0.3896 | LR: 9.04888e-05 | Progress: 50% | Step: 406/812
2026-05-23 04:45:39 INFO Epoch Progress | Epoch: 4 | Loss: 0.3935 | LR: 8.83437e-05 | Progress: 75% | Step: 609/812
2026-05-23 04:47:28 INFO Epoch Progress | Epoch: 4 | Loss: 0.3914 | LR: 8.60118e-05 | Progress: 100% | Step: 812/812
2026-05-23 04:51:23 INFO CSV Written | Epoch: 4
2026-05-23 04:51:23 INFO Best Saved | Epoch: 4 | Monitor: val_auprc | Value: 0.9258
2026-05-23 04:51:23 INFO Epoch Done | Epoch: 4 | Time: 675.0658 | Train Loss: 0.3895 | Val Accuracy: 0.8428 | Val AUPRC: 0.9258 | Val Auroc: 0.9253 | Val F1: 0.8395 | Val Loss: 0.3960
2026-05-23 04:51:23 INFO Epoch Start | Epoch: 5
2026-05-23 04:51:26 INFO Epoch Progress | Epoch: 5 | Loss: 0.3010 | LR: 8.59999e-05 | Progress: 0% | Step: 1/812
2026-05-23 04:53:15 INFO Epoch Progress | Epoch: 5 | Loss: 0.3607 | LR: 8.35045e-05 | Progress: 25% | Step: 203/812
2026-05-23 04:55:06 INFO Epoch Progress | Epoch: 5 | Loss: 0.3608 | LR: 8.08339e-05 | Progress: 50% | Step: 406/812
2026-05-23 04:56:56 INFO Epoch Progress | Epoch: 5 | Loss: 0.3615 | LR: 7.80132e-05 | Progress: 75% | Step: 609/812
2026-05-23 04:58:46 INFO Epoch Progress | Epoch: 5 | Loss: 0.3620 | LR: 7.50559e-05 | Progress: 100% | Step: 812/812
2026-05-23 05:02:37 INFO CSV Written | Epoch: 5
2026-05-23 05:02:37 INFO Best Saved | Epoch: 5 | Monitor: val_auprc | Value: 0.9337
2026-05-23 05:02:37 INFO Epoch Done | Epoch: 5 | Time: 673.1285 | Train Loss: 0.3598 | Val Accuracy: 0.8575 | Val AUPRC: 0.9337 | Val Auroc: 0.9331 | Val F1: 0.8578 | Val Loss: 0.3867
2026-05-23 05:02:37 INFO Epoch Start | Epoch: 6
2026-05-23 05:02:56 INFO Epoch Progress | Epoch: 6 | Loss: 0.7153 | LR: 7.5041e-05 | Progress: 1% | Step: 1/190
2026-05-23 05:04:29 INFO Epoch Progress | Epoch: 6 | Loss: 0.7093 | LR: 7.43383e-05 | Progress: 25% | Step: 48/190
2026-05-23 05:06:02 INFO Epoch Progress | Epoch: 6 | Loss: 0.6977 | LR: 7.3614e-05 | Progress: 51% | Step: 96/190
2026-05-23 05:07:35 INFO Epoch Progress | Epoch: 6 | Loss: 0.6913 | LR: 7.28833e-05 | Progress: 76% | Step: 144/190
2026-05-23 05:09:01 INFO Epoch Progress | Epoch: 6 | Loss: 0.6896 | LR: 7.21772e-05 | Progress: 100% | Step: 190/190
2026-05-23 05:12:57 INFO CSV Written | Epoch: 6
2026-05-23 05:12:57 INFO Epoch Done | Epoch: 6 | Time: 620.4952 | Train Loss: 0.6869 | Val Accuracy: 0.8590 | Val AUPRC: 0.9327 | Val Auroc: 0.9325 | Val F1: 0.8597 | Val Loss: 0.4852
2026-05-23 05:12:57 INFO Epoch Start | Epoch: 7
2026-05-23 05:13:09 INFO Epoch Progress | Epoch: 7 | Loss: 0.6449 | LR: 7.21618e-05 | Progress: 1% | Step: 1/190
2026-05-23 05:14:41 INFO Epoch Progress | Epoch: 7 | Loss: 0.6706 | LR: 7.14344e-05 | Progress: 25% | Step: 48/190
2026-05-23 05:16:13 INFO Epoch Progress | Epoch: 7 | Loss: 0.6718 | LR: 7.06859e-05 | Progress: 51% | Step: 96/190
2026-05-23 05:17:46 INFO Epoch Progress | Epoch: 7 | Loss: 0.6703 | LR: 6.99317e-05 | Progress: 76% | Step: 144/190
2026-05-23 05:19:13 INFO Epoch Progress | Epoch: 7 | Loss: 0.6695 | LR: 6.92038e-05 | Progress: 100% | Step: 190/190
2026-05-23 05:23:11 INFO CSV Written | Epoch: 7
2026-05-23 05:23:11 INFO Epoch Done | Epoch: 7 | Time: 614.0343 | Train Loss: 0.6674 | Val Accuracy: 0.8578 | Val AUPRC: 0.9309 | Val Auroc: 0.9326 | Val F1: 0.8581 | Val Loss: 0.4614
2026-05-23 05:23:11 INFO Epoch Start | Epoch: 8
2026-05-23 05:23:22 INFO Epoch Progress | Epoch: 8 | Loss: 0.6520 | LR: 6.91879e-05 | Progress: 1% | Step: 1/190
2026-05-23 05:24:53 INFO Epoch Progress | Epoch: 8 | Loss: 0.6451 | LR: 6.84391e-05 | Progress: 25% | Step: 48/190
2026-05-23 05:26:25 INFO Epoch Progress | Epoch: 8 | Loss: 0.6506 | LR: 6.76694e-05 | Progress: 51% | Step: 96/190
2026-05-23 05:27:58 INFO Epoch Progress | Epoch: 8 | Loss: 0.6521 | LR: 6.6895e-05 | Progress: 76% | Step: 144/190
2026-05-23 05:29:25 INFO Epoch Progress | Epoch: 8 | Loss: 0.6562 | LR: 6.61484e-05 | Progress: 100% | Step: 190/190
2026-05-23 05:33:21 INFO CSV Written | Epoch: 8
2026-05-23 05:33:21 INFO Best Saved | Epoch: 8 | Monitor: val_auprc | Value: 0.9339
2026-05-23 05:33:21 INFO Epoch Done | Epoch: 8 | Time: 609.3321 | Train Loss: 0.6510 | Val Accuracy: 0.8600 | Val AUPRC: 0.9339 | Val Auroc: 0.9339 | Val F1: 0.8641 | Val Loss: 0.4541
2026-05-23 05:33:21 INFO Epoch Start | Epoch: 9
2026-05-23 05:33:34 INFO Epoch Progress | Epoch: 9 | Loss: 0.6058 | LR: 6.61321e-05 | Progress: 1% | Step: 1/190
2026-05-23 05:35:04 INFO Epoch Progress | Epoch: 9 | Loss: 0.6337 | LR: 6.53651e-05 | Progress: 25% | Step: 48/190
2026-05-23 05:36:36 INFO Epoch Progress | Epoch: 9 | Loss: 0.6423 | LR: 6.45776e-05 | Progress: 51% | Step: 96/190
2026-05-23 05:38:08 INFO Epoch Progress | Epoch: 9 | Loss: 0.6412 | LR: 6.38027e-05 | Progress: 76% | Step: 144/190
2026-05-23 05:39:34 INFO Epoch Progress | Epoch: 9 | Loss: 0.6394 | LR: 6.30407e-05 | Progress: 100% | Step: 190/190
2026-05-23 05:43:36 INFO CSV Written | Epoch: 9
2026-05-23 05:43:36 INFO Epoch Done | Epoch: 9 | Time: 615.1303 | Train Loss: 0.6348 | Val Accuracy: 0.8520 | Val AUPRC: 0.9252 | Val Auroc: 0.9260 | Val F1: 0.8517 | Val Loss: 0.4563
2026-05-23 05:43:36 INFO Epoch Start | Epoch: 10
2026-05-23 05:43:48 INFO Epoch Progress | Epoch: 10 | Loss: 0.6133 | LR: 6.30241e-05 | Progress: 1% | Step: 1/190
2026-05-23 05:45:19 INFO Epoch Progress | Epoch: 10 | Loss: 0.6116 | LR: 6.22422e-05 | Progress: 25% | Step: 48/190
2026-05-23 05:46:51 INFO Epoch Progress | Epoch: 10 | Loss: 0.6175 | LR: 6.14403e-05 | Progress: 51% | Step: 96/190
2026-05-23 05:48:22 INFO Epoch Progress | Epoch: 10 | Loss: 0.6131 | LR: 6.06353e-05 | Progress: 76% | Step: 144/190
2026-05-23 05:49:48 INFO Epoch Progress | Epoch: 10 | Loss: 0.6163 | LR: 5.98611e-05 | Progress: 100% | Step: 190/190
2026-05-23 05:53:49 INFO CSV Written | Epoch: 10
2026-05-23 05:53:49 INFO Epoch Done | Epoch: 10 | Time: 613.0282 | Train Loss: 0.6108 | Val Accuracy: 0.8585 | Val AUPRC: 0.9279 | Val Auroc: 0.9302 | Val F1: 0.8613 | Val Loss: 0.4242
2026-05-23 05:53:49 INFO Epoch Start | Epoch: 11
2026-05-23 05:54:00 INFO Epoch Progress | Epoch: 11 | Loss: 0.5360 | LR: 5.98443e-05 | Progress: 1% | Step: 1/190
2026-05-23 05:55:31 INFO Epoch Progress | Epoch: 11 | Loss: 0.5641 | LR: 5.90506e-05 | Progress: 25% | Step: 48/190
2026-05-23 05:57:03 INFO Epoch Progress | Epoch: 11 | Loss: 0.5828 | LR: 5.82377e-05 | Progress: 51% | Step: 96/190
2026-05-23 05:58:36 INFO Epoch Progress | Epoch: 11 | Loss: 0.5889 | LR: 5.74225e-05 | Progress: 76% | Step: 144/190
2026-05-23 06:00:02 INFO Epoch Progress | Epoch: 11 | Loss: 0.5942 | LR: 5.66394e-05 | Progress: 100% | Step: 190/190
2026-05-23 06:03:59 INFO CSV Written | Epoch: 11
2026-05-23 06:03:59 INFO Epoch Done | Epoch: 11 | Time: 609.6976 | Train Loss: 0.5909 | Val Accuracy: 0.8544 | Val AUPRC: 0.9242 | Val Auroc: 0.9273 | Val F1: 0.8528 | Val Loss: 0.4218
2026-05-23 06:03:59 INFO Epoch Start | Epoch: 12
2026-05-23 06:04:11 INFO Epoch Progress | Epoch: 12 | Loss: 0.4824 | LR: 5.66224e-05 | Progress: 1% | Step: 1/190
2026-05-23 06:05:41 INFO Epoch Progress | Epoch: 12 | Loss: 0.5629 | LR: 5.58205e-05 | Progress: 25% | Step: 48/190
2026-05-23 06:07:13 INFO Epoch Progress | Epoch: 12 | Loss: 0.5714 | LR: 5.5e-05 | Progress: 51% | Step: 96/190
2026-05-23 06:08:46 INFO Epoch Progress | Epoch: 12 | Loss: 0.5727 | LR: 5.41781e-05 | Progress: 76% | Step: 144/190
2026-05-23 06:10:12 INFO Epoch Progress | Epoch: 12 | Loss: 0.5722 | LR: 5.33894e-05 | Progress: 100% | Step: 190/190
2026-05-23 06:14:07 INFO CSV Written | Epoch: 12
2026-05-23 06:14:07 INFO Epoch Done | Epoch: 12 | Time: 608.4601 | Train Loss: 0.5647 | Val Accuracy: 0.8420 | Val AUPRC: 0.9054 | Val Auroc: 0.9168 | Val F1: 0.8513 | Val Loss: 0.4286
2026-05-23 06:14:07 INFO Epoch Start | Epoch: 13
2026-05-23 06:14:18 INFO Epoch Progress | Epoch: 13 | Loss: 0.5219 | LR: 5.33722e-05 | Progress: 1% | Step: 1/190
2026-05-23 06:15:49 INFO Epoch Progress | Epoch: 13 | Loss: 0.5353 | LR: 5.25655e-05 | Progress: 25% | Step: 48/190
2026-05-23 06:17:22 INFO Epoch Progress | Epoch: 13 | Loss: 0.5409 | LR: 5.17581e-05 | Progress: 51% | Step: 96/190
2026-05-23 06:18:53 INFO Epoch Progress | Epoch: 13 | Loss: 0.5390 | LR: 5.0933e-05 | Progress: 76% | Step: 144/190
2026-05-23 06:20:19 INFO Epoch Progress | Epoch: 13 | Loss: 0.5486 | LR: 5.01421e-05 | Progress: 100% | Step: 190/190
2026-05-23 06:24:17 INFO CSV Written | Epoch: 13
2026-05-23 06:24:17 INFO Epoch Done | Epoch: 13 | Time: 609.6992 | Train Loss: 0.5388 | Val Accuracy: 0.8591 | Val AUPRC: 0.9298 | Val Auroc: 0.9301 | Val F1: 0.8605 | Val Loss: 0.3998
2026-05-23 06:24:17 INFO Epoch Start | Epoch: 14
2026-05-23 06:24:30 INFO Epoch Progress | Epoch: 14 | Loss: 0.5145 | LR: 5.01249e-05 | Progress: 1% | Step: 1/190
2026-05-23 06:26:01 INFO Epoch Progress | Epoch: 14 | Loss: 0.5033 | LR: 4.93167e-05 | Progress: 25% | Step: 48/190
2026-05-23 06:27:34 INFO Epoch Progress | Epoch: 14 | Loss: 0.5116 | LR: 4.84915e-05 | Progress: 51% | Step: 96/190
2026-05-23 06:29:05 INFO Epoch Progress | Epoch: 14 | Loss: 0.5109 | LR: 4.76668e-05 | Progress: 76% | Step: 144/190
2026-05-23 06:30:32 INFO Epoch Progress | Epoch: 14 | Loss: 0.5137 | LR: 4.6877e-05 | Progress: 100% | Step: 190/190
2026-05-23 06:34:29 INFO CSV Written | Epoch: 14
2026-05-23 06:34:29 INFO Epoch Done | Epoch: 14 | Time: 611.9901 | Train Loss: 0.5124 | Val Accuracy: 0.8561 | Val AUPRC: 0.9277 | Val Auroc: 0.9277 | Val F1: 0.8534 | Val Loss: 0.4013
2026-05-23 06:34:29 INFO Epoch Start | Epoch: 15
2026-05-23 06:34:40 INFO Epoch Progress | Epoch: 15 | Loss: 0.5742 | LR: 4.68598e-05 | Progress: 1% | Step: 1/190
2026-05-23 06:36:11 INFO Epoch Progress | Epoch: 15 | Loss: 0.4674 | LR: 4.60537e-05 | Progress: 25% | Step: 48/190
2026-05-23 06:37:42 INFO Epoch Progress | Epoch: 15 | Loss: 0.4628 | LR: 4.52315e-05 | Progress: 51% | Step: 96/190
2026-05-23 06:39:15 INFO Epoch Progress | Epoch: 15 | Loss: 0.4824 | LR: 4.44105e-05 | Progress: 76% | Step: 144/190
2026-05-23 06:40:40 INFO Epoch Progress | Epoch: 15 | Loss: 0.4897 | LR: 4.36252e-05 | Progress: 100% | Step: 190/190
2026-05-23 06:44:36 INFO CSV Written | Epoch: 15
2026-05-23 06:44:36 INFO Epoch Done | Epoch: 15 | Time: 607.1874 | Train Loss: 0.4889 | Val Accuracy: 0.8560 | Val AUPRC: 0.9232 | Val Auroc: 0.9266 | Val F1: 0.8572 | Val Loss: 0.4013
2026-05-23 06:44:36 INFO Epoch Start | Epoch: 16
2026-05-23 06:44:49 INFO Epoch Progress | Epoch: 16 | Loss: 0.4433 | LR: 4.36082e-05 | Progress: 1% | Step: 1/190
2026-05-23 06:46:19 INFO Epoch Progress | Epoch: 16 | Loss: 0.4687 | LR: 4.28075e-05 | Progress: 25% | Step: 48/190
2026-05-23 06:47:51 INFO Epoch Progress | Epoch: 16 | Loss: 0.4750 | LR: 4.19917e-05 | Progress: 51% | Step: 96/190
2026-05-23 06:49:23 INFO Epoch Progress | Epoch: 16 | Loss: 0.4701 | LR: 4.11782e-05 | Progress: 76% | Step: 144/190
2026-05-23 06:50:49 INFO Epoch Progress | Epoch: 16 | Loss: 0.4792 | LR: 4.04007e-05 | Progress: 100% | Step: 190/190
2026-05-23 06:54:46 INFO CSV Written | Epoch: 16
2026-05-23 06:54:46 INFO Epoch Done | Epoch: 16 | Time: 609.7830 | Train Loss: 0.4734 | Val Accuracy: 0.8583 | Val AUPRC: 0.9228 | Val Auroc: 0.9264 | Val F1: 0.8584 | Val Loss: 0.4001
2026-05-23 06:54:46 INFO Epoch Start | Epoch: 17
2026-05-23 06:54:57 INFO Epoch Progress | Epoch: 17 | Loss: 0.3476 | LR: 4.03838e-05 | Progress: 1% | Step: 1/190
2026-05-23 06:56:28 INFO Epoch Progress | Epoch: 17 | Loss: 0.4066 | LR: 3.9592e-05 | Progress: 25% | Step: 48/190
2026-05-23 06:58:00 INFO Epoch Progress | Epoch: 17 | Loss: 0.4486 | LR: 3.87862e-05 | Progress: 51% | Step: 96/190
2026-05-23 06:59:32 INFO Epoch Progress | Epoch: 17 | Loss: 0.4533 | LR: 3.79834e-05 | Progress: 76% | Step: 144/190
2026-05-23 07:00:58 INFO Epoch Progress | Epoch: 17 | Loss: 0.4576 | LR: 3.72172e-05 | Progress: 100% | Step: 190/190
2026-05-23 07:04:53 INFO CSV Written | Epoch: 17
2026-05-23 07:04:53 INFO Epoch Done | Epoch: 17 | Time: 607.6676 | Train Loss: 0.4522 | Val Accuracy: 0.8548 | Val AUPRC: 0.9163 | Val Auroc: 0.9222 | Val F1: 0.8567 | Val Loss: 0.4077
2026-05-23 07:04:53 INFO Epoch Start | Epoch: 18
2026-05-23 07:05:05 INFO Epoch Progress | Epoch: 18 | Loss: 0.4666 | LR: 3.72005e-05 | Progress: 1% | Step: 1/190
2026-05-23 07:06:36 INFO Epoch Progress | Epoch: 18 | Loss: 0.4233 | LR: 3.6421e-05 | Progress: 25% | Step: 48/190
2026-05-23 07:08:08 INFO Epoch Progress | Epoch: 18 | Loss: 0.4263 | LR: 3.56285e-05 | Progress: 51% | Step: 96/190
2026-05-23 07:09:39 INFO Epoch Progress | Epoch: 18 | Loss: 0.4301 | LR: 3.484e-05 | Progress: 76% | Step: 144/190
2026-05-23 07:11:05 INFO Epoch Progress | Epoch: 18 | Loss: 0.4325 | LR: 3.40882e-05 | Progress: 100% | Step: 190/190
2026-05-23 07:15:01 INFO CSV Written | Epoch: 18
2026-05-23 07:15:01 INFO Epoch Done | Epoch: 18 | Time: 607.6355 | Train Loss: 0.4315 | Val Accuracy: 0.8544 | Val AUPRC: 0.9113 | Val Auroc: 0.9187 | Val F1: 0.8550 | Val Loss: 0.4154
2026-05-23 07:15:01 INFO Early Stop | Epoch: 18
2026-05-23 07:15:01 INFO Stage Done | Run Id: pair_context_gated_abba_block_sn_d256_s47
