Warning: torch was built against CUDA 12.8, but using toolkit 12.5 at /public/software/CUDA/cuda-12.5.
Set GRAND_CUDA_VERSION or CUDA_HOME to an exact-match toolkit to avoid DS_SKIP_CUDA_CHECK=1.

*****************************************
Setting OMP_NUM_THREADS environment variable for each process to be 1 in default, to avoid your system being overloaded, please further tune the variable for optimal performance in your application as needed. 
*****************************************
INFO:src.pipeline.__main__:Loaded config: configs/v3/ablations/0427/topo_gs_rd_deg.yaml
WARNING:accelerate.utils.other:[RANK 0] Detected kernel version 3.10.0, which is below the recommended minimum of 5.5.0; this can cause the process to hang. It is recommended to upgrade the kernel to the minimum version or higher.
WARNING:py.warnings:/public/home/wangar2023/grand/.venv/lib/python3.11/site-packages/torch/distributed/c10d_logger.py:83: UserWarning: barrier(): using the device under current context. You can specify `device_id` in `init_process_group` to mute this warning.
  return func(*args, **kwargs)

2026-05-26 23:27:51 INFO Pipeline Runtime | Device: cuda:0 | Distributed: True | Test Batches: 1691 | Train Batches: 762 | Valid Batches: 762 | World Size: 4
2026-05-26 23:27:51 INFO Stage Start | Checkpoint: models/v3/train/20260308_002906/best_model.pth | Init Mode: warm_start | Run Id: topo_gs_rd_deg
WARNING:py.warnings:/public/home/wangar2023/grand/.venv/lib/python3.11/site-packages/deepspeed/runtime/zero/linear.py:47: FutureWarning: `torch.cuda.amp.custom_fwd(args...)` is deprecated. Please use `torch.amp.custom_fwd(args..., device_type='cuda')` instead.
  @autocast_custom_fwd

WARNING:py.warnings:/public/home/wangar2023/grand/.venv/lib/python3.11/site-packages/deepspeed/runtime/zero/linear.py:66: FutureWarning: `torch.cuda.amp.custom_bwd(args...)` is deprecated. Please use `torch.amp.custom_bwd(args..., device_type='cuda')` instead.
  @autocast_custom_bwd

2026-05-26 23:28:36 INFO Finetune Config | Epochs: 20 | Internal Validation Compute Spectral Stats: False | Internal Validation Inference Batch Size: 128 | Internal Validation Node Sizes: [20, 40, 60, 80, 100] | Internal Validation Pairs: 108500 | Internal Validation Subgraphs: 50 | Monitor: val_topology_loss | Pair Batch Size: 32
2026-05-26 23:37:46 INFO Bce Negative Assignment Clipped | Actual Negative Pairs: 154979 | Bce Negative Ratio: 5 | Target Negative Pairs: 243855
2026-05-26 23:37:58 INFO Epoch Progress | Epoch: 1 | Loss: 0.9125 | Progress: 0% | Step: 1/667
2026-05-27 00:29:08 INFO Epoch Progress | Epoch: 1 | Loss: 0.9358 | Progress: 25% | Step: 167/667
2026-05-27 01:21:05 INFO Epoch Progress | Epoch: 1 | Loss: 0.8784 | Progress: 50% | Step: 334/667
2026-05-27 02:07:37 INFO Epoch Progress | Epoch: 1 | Loss: 0.9752 | Progress: 75% | Step: 501/667
2026-05-27 02:49:19 INFO Epoch Progress | Epoch: 1 | Loss: 1.0656 | Progress: 100% | Step: 667/667
2026-05-27 02:59:17 INFO Best Saved | Epoch: 1 | Monitor: val_topology_loss | Value: 44.7063
2026-05-27 02:59:17 INFO Epoch Done | All Subgraph Pairs: 1620810 | Bce Negative Pairs: 154979 | Bce Negative Ratio: 3.1777 | Bce Positive Pairs: 48771 | Bce Supervised Fraction: 0.1257 | Bce Target Negative Pairs: 243855 | Covered Positive Edges: 48771 | Edge Cover Sampling S: 563.6306 | Epoch: 1 | Internal Val Graph Sim: 0.2065 | Internal Val Topology S: 388.8065 | Mean Positive Edge Reuse: 1.0000 | Peak Gpu Mem Mb: 26117.5698 | Planned Subgraphs: 2668 | Positive Edge Coverage Ratio: 1.0000 | Supervised Pairs: 203750 | Topo Loss Scale: 1.0000 | Total Positive Edges: 48771 | Train Forward Backward S: 11355.5657 | Train Loss: 1.1119 | Val AUPRC: 0.9176 | Val Pair Pass S: 209.2604 | Val Threshold S: 0.0000
2026-05-27 03:08:37 INFO Bce Negative Assignment Clipped | Actual Negative Pairs: 154979 | Bce Negative Ratio: 5 | Target Negative Pairs: 243855
2026-05-27 03:08:49 INFO Epoch Progress | Epoch: 2 | Loss: 1.1482 | Progress: 0% | Step: 1/667
2026-05-27 03:59:51 INFO Epoch Progress | Epoch: 2 | Loss: 0.9224 | Progress: 25% | Step: 167/667
2026-05-27 04:52:35 INFO Epoch Progress | Epoch: 2 | Loss: 0.7841 | Progress: 50% | Step: 334/667
2026-05-27 05:40:08 INFO Epoch Progress | Epoch: 2 | Loss: 0.8933 | Progress: 75% | Step: 501/667
2026-05-27 06:21:50 INFO Epoch Progress | Epoch: 2 | Loss: 0.9979 | Progress: 100% | Step: 667/667
2026-05-27 06:32:11 INFO Best Saved | Epoch: 2 | Monitor: val_topology_loss | Value: 24.5624
2026-05-27 06:32:11 INFO Epoch Done | All Subgraph Pairs: 1620810 | Bce Negative Pairs: 154979 | Bce Negative Ratio: 3.1777 | Bce Positive Pairs: 48771 | Bce Supervised Fraction: 0.1257 | Bce Target Negative Pairs: 243855 | Covered Positive Edges: 48771 | Edge Cover Sampling S: 560.9422 | Epoch: 2 | Internal Val Graph Sim: 0.2210 | Internal Val Topology S: 385.2681 | Mean Positive Edge Reuse: 1.0000 | Peak Gpu Mem Mb: 26510.3638 | Planned Subgraphs: 2668 | Positive Edge Coverage Ratio: 1.0000 | Supervised Pairs: 203750 | Topo Loss Scale: 1.0000 | Total Positive Edges: 48771 | Train Forward Backward S: 11467.7102 | Train Loss: 1.0262 | Val AUPRC: 0.9282 | Val Pair Pass S: 235.2996 | Val Threshold S: 0.0000
2026-05-27 06:41:48 INFO Bce Negative Assignment Clipped | Actual Negative Pairs: 154979 | Bce Negative Ratio: 5 | Target Negative Pairs: 243855
2026-05-27 06:41:58 INFO Epoch Progress | Epoch: 3 | Loss: 0.8764 | Progress: 0% | Step: 1/668
2026-05-27 07:32:54 INFO Epoch Progress | Epoch: 3 | Loss: 0.8301 | Progress: 25% | Step: 167/668
2026-05-27 08:25:22 INFO Epoch Progress | Epoch: 3 | Loss: 0.7174 | Progress: 50% | Step: 334/668
2026-05-27 09:12:34 INFO Epoch Progress | Epoch: 3 | Loss: 0.8469 | Progress: 75% | Step: 501/668
2026-05-27 09:54:43 INFO Epoch Progress | Epoch: 3 | Loss: 0.9620 | Progress: 100% | Step: 668/668
2026-05-27 10:04:57 INFO Best Saved | Epoch: 3 | Monitor: val_topology_loss | Value: 17.4754
2026-05-27 10:04:57 INFO Epoch Done | All Subgraph Pairs: 1622025 | Bce Negative Pairs: 154979 | Bce Negative Ratio: 3.1777 | Bce Positive Pairs: 48771 | Bce Supervised Fraction: 0.1256 | Bce Target Negative Pairs: 243855 | Covered Positive Edges: 48771 | Edge Cover Sampling S: 578.6292 | Epoch: 3 | Internal Val Graph Sim: 0.2293 | Internal Val Topology S: 403.6790 | Mean Positive Edge Reuse: 1.0000 | Peak Gpu Mem Mb: 26307.4414 | Planned Subgraphs: 2670 | Positive Edge Coverage Ratio: 1.0000 | Supervised Pairs: 203750 | Topo Loss Scale: 1.0000 | Total Positive Edges: 48771 | Train Forward Backward S: 11450.0497 | Train Loss: 0.9763 | Val AUPRC: 0.9295 | Val Pair Pass S: 209.4410 | Val Threshold S: 0.0000
2026-05-27 10:14:22 INFO Bce Negative Assignment Clipped | Actual Negative Pairs: 154979 | Bce Negative Ratio: 5 | Target Negative Pairs: 243855
2026-05-27 10:14:32 INFO Epoch Progress | Epoch: 4 | Loss: 1.0160 | Progress: 0% | Step: 1/668
2026-05-27 11:05:25 INFO Epoch Progress | Epoch: 4 | Loss: 0.7945 | Progress: 25% | Step: 167/668
2026-05-27 11:57:46 INFO Epoch Progress | Epoch: 4 | Loss: 0.6990 | Progress: 50% | Step: 334/668
2026-05-27 12:45:22 INFO Epoch Progress | Epoch: 4 | Loss: 0.8118 | Progress: 75% | Step: 501/668
2026-05-27 13:27:25 INFO Epoch Progress | Epoch: 4 | Loss: 0.9262 | Progress: 100% | Step: 668/668
2026-05-27 13:37:32 INFO Best Saved | Epoch: 4 | Monitor: val_topology_loss | Value: 14.9873
2026-05-27 13:37:32 INFO Epoch Done | All Subgraph Pairs: 1621245 | Bce Negative Pairs: 154979 | Bce Negative Ratio: 3.1777 | Bce Positive Pairs: 48771 | Bce Supervised Fraction: 0.1257 | Bce Target Negative Pairs: 243855 | Covered Positive Edges: 48771 | Edge Cover Sampling S: 565.5318 | Epoch: 4 | Internal Val Graph Sim: 0.2348 | Internal Val Topology S: 387.3109 | Mean Positive Edge Reuse: 1.0000 | Peak Gpu Mem Mb: 26022.8584 | Planned Subgraphs: 2669 | Positive Edge Coverage Ratio: 1.0000 | Supervised Pairs: 203750 | Topo Loss Scale: 1.0000 | Total Positive Edges: 48771 | Train Forward Backward S: 11458.6892 | Train Loss: 0.9476 | Val AUPRC: 0.9300 | Val Pair Pass S: 219.2062 | Val Threshold S: 0.0000
2026-05-27 13:46:56 INFO Bce Negative Assignment Clipped | Actual Negative Pairs: 154979 | Bce Negative Ratio: 5 | Target Negative Pairs: 243855
2026-05-27 13:47:08 INFO Epoch Progress | Epoch: 5 | Loss: 0.9300 | Progress: 0% | Step: 1/667
2026-05-27 14:38:33 INFO Epoch Progress | Epoch: 5 | Loss: 0.7885 | Progress: 25% | Step: 167/667
2026-05-27 15:30:54 INFO Epoch Progress | Epoch: 5 | Loss: 0.6792 | Progress: 50% | Step: 334/667
2026-05-27 16:18:09 INFO Epoch Progress | Epoch: 5 | Loss: 0.7878 | Progress: 75% | Step: 501/667
2026-05-27 17:00:09 INFO Epoch Progress | Epoch: 5 | Loss: 0.8965 | Progress: 100% | Step: 667/667
2026-05-27 17:10:18 INFO Best Saved | Epoch: 5 | Monitor: val_topology_loss | Value: 13.3720
2026-05-27 17:10:18 INFO Epoch Done | All Subgraph Pairs: 1620030 | Bce Negative Pairs: 154979 | Bce Negative Ratio: 3.1777 | Bce Positive Pairs: 48771 | Bce Supervised Fraction: 0.1258 | Bce Target Negative Pairs: 243855 | Covered Positive Edges: 48771 | Edge Cover Sampling S: 574.9618 | Epoch: 5 | Internal Val Graph Sim: 0.2359 | Internal Val Topology S: 385.1549 | Mean Positive Edge Reuse: 1.0000 | Peak Gpu Mem Mb: 26460.3530 | Planned Subgraphs: 2667 | Positive Edge Coverage Ratio: 1.0000 | Supervised Pairs: 203750 | Topo Loss Scale: 1.0000 | Total Positive Edges: 48771 | Train Forward Backward S: 11457.3340 | Train Loss: 0.9301 | Val AUPRC: 0.9307 | Val Pair Pass S: 224.2972 | Val Threshold S: 0.0000
2026-05-27 17:19:43 INFO Bce Negative Assignment Clipped | Actual Negative Pairs: 154979 | Bce Negative Ratio: 5 | Target Negative Pairs: 243855
2026-05-27 17:19:52 INFO Epoch Progress | Epoch: 6 | Loss: 0.8553 | Progress: 0% | Step: 1/668
2026-05-27 18:10:43 INFO Epoch Progress | Epoch: 6 | Loss: 0.7514 | Progress: 25% | Step: 167/668
2026-05-27 19:03:09 INFO Epoch Progress | Epoch: 6 | Loss: 0.6580 | Progress: 50% | Step: 334/668
2026-05-27 19:50:48 INFO Epoch Progress | Epoch: 6 | Loss: 0.7709 | Progress: 75% | Step: 501/668
2026-05-27 20:32:30 INFO Epoch Progress | Epoch: 6 | Loss: 0.8918 | Progress: 100% | Step: 668/668
2026-05-27 20:42:35 INFO Best Saved | Epoch: 6 | Monitor: val_topology_loss | Value: 12.1868
2026-05-27 20:42:35 INFO Epoch Done | All Subgraph Pairs: 1621245 | Bce Negative Pairs: 154979 | Bce Negative Ratio: 3.1777 | Bce Positive Pairs: 48771 | Bce Supervised Fraction: 0.1257 | Bce Target Negative Pairs: 243855 | Covered Positive Edges: 48771 | Edge Cover Sampling S: 557.2508 | Epoch: 6 | Internal Val Graph Sim: 0.2393 | Internal Val Topology S: 385.4874 | Mean Positive Edge Reuse: 1.0000 | Peak Gpu Mem Mb: 26370.3374 | Planned Subgraphs: 2669 | Positive Edge Coverage Ratio: 1.0000 | Supervised Pairs: 203750 | Topo Loss Scale: 1.0000 | Total Positive Edges: 48771 | Train Forward Backward S: 11450.5041 | Train Loss: 0.9237 | Val AUPRC: 0.9315 | Val Pair Pass S: 218.9177 | Val Threshold S: 0.0000
2026-05-27 20:51:55 INFO Bce Negative Assignment Clipped | Actual Negative Pairs: 154979 | Bce Negative Ratio: 5 | Target Negative Pairs: 243855
2026-05-27 20:52:06 INFO Epoch Progress | Epoch: 7 | Loss: 0.7926 | Progress: 0% | Step: 1/667
2026-05-27 21:43:40 INFO Epoch Progress | Epoch: 7 | Loss: 0.7427 | Progress: 25% | Step: 167/667
2026-05-27 22:36:00 INFO Epoch Progress | Epoch: 7 | Loss: 0.6632 | Progress: 50% | Step: 334/667
2026-05-27 23:23:13 INFO Epoch Progress | Epoch: 7 | Loss: 0.7844 | Progress: 75% | Step: 501/667
2026-05-28 00:05:27 INFO Epoch Progress | Epoch: 7 | Loss: 0.9008 | Progress: 100% | Step: 667/667
2026-05-28 00:15:32 INFO Best Saved | Epoch: 7 | Monitor: val_topology_loss | Value: 11.7373
2026-05-28 00:15:32 INFO Epoch Done | All Subgraph Pairs: 1620810 | Bce Negative Pairs: 154979 | Bce Negative Ratio: 3.1777 | Bce Positive Pairs: 48771 | Bce Supervised Fraction: 0.1257 | Bce Target Negative Pairs: 243855 | Covered Positive Edges: 48771 | Edge Cover Sampling S: 574.3476 | Epoch: 7 | Internal Val Graph Sim: 0.2413 | Internal Val Topology S: 391.7706 | Mean Positive Edge Reuse: 1.0000 | Peak Gpu Mem Mb: 25860.6318 | Planned Subgraphs: 2668 | Positive Edge Coverage Ratio: 1.0000 | Supervised Pairs: 203750 | Topo Loss Scale: 1.0000 | Total Positive Edges: 48771 | Train Forward Backward S: 11474.1587 | Train Loss: 0.9174 | Val AUPRC: 0.9317 | Val Pair Pass S: 212.7949 | Val Threshold S: 0.0000
2026-05-28 00:25:07 INFO Bce Negative Assignment Clipped | Actual Negative Pairs: 154979 | Bce Negative Ratio: 5 | Target Negative Pairs: 243855
2026-05-28 00:25:18 INFO Epoch Progress | Epoch: 8 | Loss: 0.5098 | Progress: 0% | Step: 1/668
2026-05-28 01:16:37 INFO Epoch Progress | Epoch: 8 | Loss: 0.7235 | Progress: 25% | Step: 167/668
2026-05-28 02:09:24 INFO Epoch Progress | Epoch: 8 | Loss: 0.6455 | Progress: 50% | Step: 334/668
2026-05-28 02:57:08 INFO Epoch Progress | Epoch: 8 | Loss: 0.7634 | Progress: 75% | Step: 501/668
2026-05-28 03:39:07 INFO Epoch Progress | Epoch: 8 | Loss: 0.8782 | Progress: 100% | Step: 668/668
2026-05-28 03:49:15 INFO Best Saved | Epoch: 8 | Monitor: val_topology_loss | Value: 11.4450
2026-05-28 03:49:15 INFO Epoch Done | All Subgraph Pairs: 1621245 | Bce Negative Pairs: 154979 | Bce Negative Ratio: 3.1777 | Bce Positive Pairs: 48771 | Bce Supervised Fraction: 0.1257 | Bce Target Negative Pairs: 243855 | Covered Positive Edges: 48771 | Edge Cover Sampling S: 577.9803 | Epoch: 8 | Internal Val Graph Sim: 0.2411 | Internal Val Topology S: 384.9948 | Mean Positive Edge Reuse: 1.0000 | Peak Gpu Mem Mb: 26053.0649 | Planned Subgraphs: 2669 | Positive Edge Coverage Ratio: 1.0000 | Supervised Pairs: 203750 | Topo Loss Scale: 1.0000 | Total Positive Edges: 48771 | Train Forward Backward S: 11512.9625 | Train Loss: 0.9024 | Val AUPRC: 0.9324 | Val Pair Pass S: 222.8638 | Val Threshold S: 0.0000
2026-05-28 03:58:59 INFO Bce Negative Assignment Clipped | Actual Negative Pairs: 154979 | Bce Negative Ratio: 5 | Target Negative Pairs: 243855
2026-05-28 03:59:11 INFO Epoch Progress | Epoch: 9 | Loss: 0.9558 | Progress: 0% | Step: 1/668
2026-05-28 04:49:55 INFO Epoch Progress | Epoch: 9 | Loss: 0.7444 | Progress: 25% | Step: 167/668
2026-05-28 05:42:09 INFO Epoch Progress | Epoch: 9 | Loss: 0.6579 | Progress: 50% | Step: 334/668
2026-05-28 06:29:21 INFO Epoch Progress | Epoch: 9 | Loss: 0.7707 | Progress: 75% | Step: 501/668
2026-05-28 07:11:49 INFO Epoch Progress | Epoch: 9 | Loss: 0.8849 | Progress: 100% | Step: 668/668
2026-05-28 07:21:54 INFO Best Saved | Epoch: 9 | Monitor: val_topology_loss | Value: 10.7828
2026-05-28 07:21:54 INFO Epoch Done | All Subgraph Pairs: 1622025 | Bce Negative Pairs: 154979 | Bce Negative Ratio: 3.1777 | Bce Positive Pairs: 48771 | Bce Supervised Fraction: 0.1256 | Bce Target Negative Pairs: 243855 | Covered Positive Edges: 48771 | Edge Cover Sampling S: 569.0053 | Epoch: 9 | Internal Val Graph Sim: 0.2439 | Internal Val Topology S: 391.3023 | Mean Positive Edge Reuse: 1.0000 | Peak Gpu Mem Mb: 26069.9536 | Planned Subgraphs: 2670 | Positive Edge Coverage Ratio: 1.0000 | Supervised Pairs: 203750 | Topo Loss Scale: 1.0000 | Total Positive Edges: 48771 | Train Forward Backward S: 11460.3132 | Train Loss: 0.9003 | Val AUPRC: 0.9325 | Val Pair Pass S: 213.2323 | Val Threshold S: 0.0000
2026-05-28 07:31:36 INFO Bce Negative Assignment Clipped | Actual Negative Pairs: 154979 | Bce Negative Ratio: 5 | Target Negative Pairs: 243855
2026-05-28 07:31:48 INFO Epoch Progress | Epoch: 10 | Loss: 0.9305 | Progress: 0% | Step: 1/668
2026-05-28 08:23:30 INFO Epoch Progress | Epoch: 10 | Loss: 0.7269 | Progress: 25% | Step: 167/668
2026-05-28 09:15:51 INFO Epoch Progress | Epoch: 10 | Loss: 0.6442 | Progress: 50% | Step: 334/668
2026-05-28 10:03:01 INFO Epoch Progress | Epoch: 10 | Loss: 0.7568 | Progress: 75% | Step: 501/668
2026-05-28 10:45:15 INFO Epoch Progress | Epoch: 10 | Loss: 0.8706 | Progress: 100% | Step: 668/668
2026-05-28 10:55:15 INFO Epoch Done | All Subgraph Pairs: 1622025 | Bce Negative Pairs: 154979 | Bce Negative Ratio: 3.1777 | Bce Positive Pairs: 48771 | Bce Supervised Fraction: 0.1256 | Bce Target Negative Pairs: 243855 | Covered Positive Edges: 48771 | Edge Cover Sampling S: 578.3630 | Epoch: 10 | Internal Val Graph Sim: 0.2470 | Internal Val Topology S: 391.5988 | Mean Positive Edge Reuse: 1.0000 | Peak Gpu Mem Mb: 26140.0732 | Planned Subgraphs: 2670 | Positive Edge Coverage Ratio: 1.0000 | Supervised Pairs: 203750 | Topo Loss Scale: 1.0000 | Total Positive Edges: 48771 | Train Forward Backward S: 11498.2667 | Train Loss: 0.8915 | Val AUPRC: 0.9343 | Val Pair Pass S: 208.0561 | Val Threshold S: 0.0000
2026-05-28 11:04:32 INFO Bce Negative Assignment Clipped | Actual Negative Pairs: 154979 | Bce Negative Ratio: 5 | Target Negative Pairs: 243855
2026-05-28 11:04:43 INFO Epoch Progress | Epoch: 11 | Loss: 0.5927 | Progress: 0% | Step: 1/668
2026-05-28 11:56:04 INFO Epoch Progress | Epoch: 11 | Loss: 0.7183 | Progress: 25% | Step: 167/668
2026-05-28 12:48:21 INFO Epoch Progress | Epoch: 11 | Loss: 0.6361 | Progress: 50% | Step: 334/668
2026-05-28 13:35:52 INFO Epoch Progress | Epoch: 11 | Loss: 0.7496 | Progress: 75% | Step: 501/668
2026-05-28 14:18:19 INFO Epoch Progress | Epoch: 11 | Loss: 0.8734 | Progress: 100% | Step: 668/668
2026-05-28 14:28:20 INFO Best Saved | Epoch: 11 | Monitor: val_topology_loss | Value: 9.9103
2026-05-28 14:28:20 INFO Epoch Done | All Subgraph Pairs: 1621245 | Bce Negative Pairs: 154979 | Bce Negative Ratio: 3.1777 | Bce Positive Pairs: 48771 | Bce Supervised Fraction: 0.1257 | Bce Target Negative Pairs: 243855 | Covered Positive Edges: 48771 | Edge Cover Sampling S: 564.4450 | Epoch: 11 | Internal Val Graph Sim: 0.2460 | Internal Val Topology S: 385.9180 | Mean Positive Edge Reuse: 1.0000 | Peak Gpu Mem Mb: 25572.5518 | Planned Subgraphs: 2669 | Positive Edge Coverage Ratio: 1.0000 | Supervised Pairs: 203750 | Topo Loss Scale: 1.0000 | Total Positive Edges: 48771 | Train Forward Backward S: 11495.4107 | Train Loss: 0.8877 | Val AUPRC: 0.9345 | Val Pair Pass S: 214.6878 | Val Threshold S: 0.0000
2026-05-28 14:37:52 INFO Bce Negative Assignment Clipped | Actual Negative Pairs: 154979 | Bce Negative Ratio: 5 | Target Negative Pairs: 243855
2026-05-28 14:38:04 INFO Epoch Progress | Epoch: 12 | Loss: 0.7556 | Progress: 0% | Step: 1/668
2026-05-28 15:29:27 INFO Epoch Progress | Epoch: 12 | Loss: 0.7040 | Progress: 25% | Step: 167/668
2026-05-28 16:21:30 INFO Epoch Progress | Epoch: 12 | Loss: 0.6303 | Progress: 50% | Step: 334/668
2026-05-28 17:09:11 INFO Epoch Progress | Epoch: 12 | Loss: 0.7458 | Progress: 75% | Step: 501/668
2026-05-28 17:51:10 INFO Epoch Progress | Epoch: 12 | Loss: 0.8558 | Progress: 100% | Step: 668/668
2026-05-28 18:01:16 INFO Epoch Done | All Subgraph Pairs: 1621245 | Bce Negative Pairs: 154979 | Bce Negative Ratio: 3.1777 | Bce Positive Pairs: 48771 | Bce Supervised Fraction: 0.1257 | Bce Target Negative Pairs: 243855 | Covered Positive Edges: 48771 | Edge Cover Sampling S: 582.2381 | Epoch: 12 | Internal Val Graph Sim: 0.2472 | Internal Val Topology S: 391.3252 | Mean Positive Edge Reuse: 1.0000 | Peak Gpu Mem Mb: 26401.4932 | Planned Subgraphs: 2669 | Positive Edge Coverage Ratio: 1.0000 | Supervised Pairs: 203750 | Topo Loss Scale: 1.0000 | Total Positive Edges: 48771 | Train Forward Backward S: 11464.0584 | Train Loss: 0.8807 | Val AUPRC: 0.9350 | Val Pair Pass S: 214.5684 | Val Threshold S: 0.0000
2026-05-28 18:10:26 INFO Bce Negative Assignment Clipped | Actual Negative Pairs: 154979 | Bce Negative Ratio: 5 | Target Negative Pairs: 243855
2026-05-28 18:10:35 INFO Epoch Progress | Epoch: 13 | Loss: 0.6638 | Progress: 0% | Step: 1/668
2026-05-28 19:01:49 INFO Epoch Progress | Epoch: 13 | Loss: 0.6905 | Progress: 25% | Step: 167/668
2026-05-28 19:54:08 INFO Epoch Progress | Epoch: 13 | Loss: 0.6223 | Progress: 50% | Step: 334/668
2026-05-28 20:41:33 INFO Epoch Progress | Epoch: 13 | Loss: 0.7192 | Progress: 75% | Step: 501/668
2026-05-28 21:24:00 INFO Epoch Progress | Epoch: 13 | Loss: 0.8414 | Progress: 100% | Step: 668/668
2026-05-28 21:34:10 INFO Epoch Done | All Subgraph Pairs: 1621245 | Bce Negative Pairs: 154979 | Bce Negative Ratio: 3.1777 | Bce Positive Pairs: 48771 | Bce Supervised Fraction: 0.1257 | Bce Target Negative Pairs: 243855 | Covered Positive Edges: 48771 | Edge Cover Sampling S: 559.5595 | Epoch: 13 | Internal Val Graph Sim: 0.2478 | Internal Val Topology S: 382.7760 | Mean Positive Edge Reuse: 1.0000 | Peak Gpu Mem Mb: 26282.9907 | Planned Subgraphs: 2669 | Positive Edge Coverage Ratio: 1.0000 | Supervised Pairs: 203750 | Topo Loss Scale: 1.0000 | Total Positive Edges: 48771 | Train Forward Backward S: 11480.3549 | Train Loss: 0.8756 | Val AUPRC: 0.9358 | Val Pair Pass S: 227.5566 | Val Threshold S: 0.0000
2026-05-28 21:43:35 INFO Bce Negative Assignment Clipped | Actual Negative Pairs: 154979 | Bce Negative Ratio: 5 | Target Negative Pairs: 243855
2026-05-28 21:43:46 INFO Epoch Progress | Epoch: 14 | Loss: 0.8880 | Progress: 0% | Step: 1/668
2026-05-28 22:34:58 INFO Epoch Progress | Epoch: 14 | Loss: 0.7008 | Progress: 25% | Step: 167/668
2026-05-28 23:27:21 INFO Epoch Progress | Epoch: 14 | Loss: 0.6236 | Progress: 50% | Step: 334/668
2026-05-29 00:14:44 INFO Epoch Progress | Epoch: 14 | Loss: 0.7385 | Progress: 75% | Step: 501/668
2026-05-29 00:57:01 INFO Epoch Progress | Epoch: 14 | Loss: 0.8623 | Progress: 100% | Step: 668/668
2026-05-29 01:07:07 INFO Best Saved | Epoch: 14 | Monitor: val_topology_loss | Value: 9.7773
2026-05-29 01:07:07 INFO Epoch Done | All Subgraph Pairs: 1622460 | Bce Negative Pairs: 154979 | Bce Negative Ratio: 3.1777 | Bce Positive Pairs: 48771 | Bce Supervised Fraction: 0.1256 | Bce Target Negative Pairs: 243855 | Covered Positive Edges: 48771 | Edge Cover Sampling S: 573.9816 | Epoch: 14 | Internal Val Graph Sim: 0.2487 | Internal Val Topology S: 397.9658 | Mean Positive Edge Reuse: 1.0000 | Peak Gpu Mem Mb: 26632.0029 | Planned Subgraphs: 2671 | Positive Edge Coverage Ratio: 1.0000 | Supervised Pairs: 203750 | Topo Loss Scale: 1.0000 | Total Positive Edges: 48771 | Train Forward Backward S: 11473.1374 | Train Loss: 0.8717 | Val AUPRC: 0.9356 | Val Pair Pass S: 207.2168 | Val Threshold S: 0.0000
2026-05-29 01:16:43 INFO Bce Negative Assignment Clipped | Actual Negative Pairs: 154979 | Bce Negative Ratio: 5 | Target Negative Pairs: 243855
2026-05-29 01:16:53 INFO Epoch Progress | Epoch: 15 | Loss: 0.6341 | Progress: 0% | Step: 1/668
2026-05-29 02:08:21 INFO Epoch Progress | Epoch: 15 | Loss: 0.7000 | Progress: 25% | Step: 167/668
2026-05-29 03:00:28 INFO Epoch Progress | Epoch: 15 | Loss: 0.6200 | Progress: 50% | Step: 334/668
2026-05-29 03:48:24 INFO Epoch Progress | Epoch: 15 | Loss: 0.7170 | Progress: 75% | Step: 501/668
2026-05-29 04:30:23 INFO Epoch Progress | Epoch: 15 | Loss: 0.8321 | Progress: 100% | Step: 668/668
2026-05-29 04:40:26 INFO Epoch Done | All Subgraph Pairs: 1622025 | Bce Negative Pairs: 154979 | Bce Negative Ratio: 3.1777 | Bce Positive Pairs: 48771 | Bce Supervised Fraction: 0.1256 | Bce Target Negative Pairs: 243855 | Covered Positive Edges: 48771 | Edge Cover Sampling S: 587.3459 | Epoch: 15 | Internal Val Graph Sim: 0.2484 | Internal Val Topology S: 387.0217 | Mean Positive Edge Reuse: 1.0000 | Peak Gpu Mem Mb: 26147.2915 | Planned Subgraphs: 2670 | Positive Edge Coverage Ratio: 1.0000 | Supervised Pairs: 203750 | Topo Loss Scale: 1.0000 | Total Positive Edges: 48771 | Train Forward Backward S: 11484.5451 | Train Loss: 0.8680 | Val AUPRC: 0.9365 | Val Pair Pass S: 216.3099 | Val Threshold S: 0.0000
2026-05-29 04:50:39 INFO Bce Negative Assignment Clipped | Actual Negative Pairs: 154979 | Bce Negative Ratio: 5 | Target Negative Pairs: 243855
2026-05-29 04:50:51 INFO Epoch Progress | Epoch: 16 | Loss: 0.6645 | Progress: 0% | Step: 1/668
2026-05-29 05:41:50 INFO Epoch Progress | Epoch: 16 | Loss: 0.6996 | Progress: 25% | Step: 167/668
2026-05-29 06:34:14 INFO Epoch Progress | Epoch: 16 | Loss: 0.6196 | Progress: 50% | Step: 334/668
2026-05-29 07:21:49 INFO Epoch Progress | Epoch: 16 | Loss: 0.7284 | Progress: 75% | Step: 501/668
2026-05-29 08:03:20 INFO Epoch Progress | Epoch: 16 | Loss: 0.8473 | Progress: 100% | Step: 668/668
2026-05-29 08:13:20 INFO Best Saved | Epoch: 16 | Monitor: val_topology_loss | Value: 9.1919
2026-05-29 08:13:20 INFO Epoch Done | All Subgraph Pairs: 1623240 | Bce Negative Pairs: 154979 | Bce Negative Ratio: 3.1777 | Bce Positive Pairs: 48771 | Bce Supervised Fraction: 0.1255 | Bce Target Negative Pairs: 243855 | Covered Positive Edges: 48771 | Edge Cover Sampling S: 594.2851 | Epoch: 16 | Internal Val Graph Sim: 0.2504 | Internal Val Topology S: 389.7197 | Mean Positive Edge Reuse: 1.0000 | Peak Gpu Mem Mb: 26319.7920 | Planned Subgraphs: 2672 | Positive Edge Coverage Ratio: 1.0000 | Supervised Pairs: 203750 | Topo Loss Scale: 1.0000 | Total Positive Edges: 48771 | Train Forward Backward S: 11455.5300 | Train Loss: 0.8600 | Val AUPRC: 0.9367 | Val Pair Pass S: 210.0452 | Val Threshold S: 0.0000
2026-05-29 08:23:11 INFO Bce Negative Assignment Clipped | Actual Negative Pairs: 154979 | Bce Negative Ratio: 5 | Target Negative Pairs: 243855
2026-05-29 08:23:22 INFO Epoch Progress | Epoch: 17 | Loss: 0.4598 | Progress: 0% | Step: 1/668
2026-05-29 09:14:30 INFO Epoch Progress | Epoch: 17 | Loss: 0.6716 | Progress: 25% | Step: 167/668
2026-05-29 10:06:22 INFO Epoch Progress | Epoch: 17 | Loss: 0.6048 | Progress: 50% | Step: 334/668
2026-05-29 10:53:31 INFO Epoch Progress | Epoch: 17 | Loss: 0.7251 | Progress: 75% | Step: 501/668
2026-05-29 11:35:08 INFO Epoch Progress | Epoch: 17 | Loss: 0.8433 | Progress: 100% | Step: 668/668
2026-05-29 11:45:15 INFO Epoch Done | All Subgraph Pairs: 1621245 | Bce Negative Pairs: 154979 | Bce Negative Ratio: 3.1777 | Bce Positive Pairs: 48771 | Bce Supervised Fraction: 0.1257 | Bce Target Negative Pairs: 243855 | Covered Positive Edges: 48771 | Edge Cover Sampling S: 586.1847 | Epoch: 17 | Internal Val Graph Sim: 0.2502 | Internal Val Topology S: 388.4766 | Mean Positive Edge Reuse: 1.0000 | Peak Gpu Mem Mb: 26078.6904 | Planned Subgraphs: 2669 | Positive Edge Coverage Ratio: 1.0000 | Supervised Pairs: 203750 | Topo Loss Scale: 1.0000 | Total Positive Edges: 48771 | Train Forward Backward S: 11396.6280 | Train Loss: 0.8555 | Val AUPRC: 0.9368 | Val Pair Pass S: 218.7413 | Val Threshold S: 0.0000
2026-05-29 11:54:31 INFO Bce Negative Assignment Clipped | Actual Negative Pairs: 154979 | Bce Negative Ratio: 5 | Target Negative Pairs: 243855
2026-05-29 11:54:42 INFO Epoch Progress | Epoch: 18 | Loss: 0.6643 | Progress: 0% | Step: 1/668
2026-05-29 12:46:17 INFO Epoch Progress | Epoch: 18 | Loss: 0.6953 | Progress: 25% | Step: 167/668
2026-05-29 13:38:46 INFO Epoch Progress | Epoch: 18 | Loss: 0.6214 | Progress: 50% | Step: 334/668
2026-05-29 14:26:21 INFO Epoch Progress | Epoch: 18 | Loss: 0.7207 | Progress: 75% | Step: 501/668
2026-05-29 15:08:08 INFO Epoch Progress | Epoch: 18 | Loss: 0.8200 | Progress: 100% | Step: 668/668
2026-05-29 15:18:08 INFO Epoch Done | All Subgraph Pairs: 1621245 | Bce Negative Pairs: 154979 | Bce Negative Ratio: 3.1777 | Bce Positive Pairs: 48771 | Bce Supervised Fraction: 0.1257 | Bce Target Negative Pairs: 243855 | Covered Positive Edges: 48771 | Edge Cover Sampling S: 571.3206 | Epoch: 18 | Internal Val Graph Sim: 0.2503 | Internal Val Topology S: 386.1309 | Mean Positive Edge Reuse: 1.0000 | Peak Gpu Mem Mb: 26499.6865 | Planned Subgraphs: 2669 | Positive Edge Coverage Ratio: 1.0000 | Supervised Pairs: 203750 | Topo Loss Scale: 1.0000 | Total Positive Edges: 48771 | Train Forward Backward S: 11478.3662 | Train Loss: 0.8489 | Val AUPRC: 0.9380 | Val Pair Pass S: 213.5370 | Val Threshold S: 0.0000
2026-05-29 15:27:28 INFO Bce Negative Assignment Clipped | Actual Negative Pairs: 154979 | Bce Negative Ratio: 5 | Target Negative Pairs: 243855
2026-05-29 15:27:41 INFO Epoch Progress | Epoch: 19 | Loss: 0.8688 | Progress: 0% | Step: 1/668
2026-05-29 16:18:57 INFO Epoch Progress | Epoch: 19 | Loss: 0.6759 | Progress: 25% | Step: 167/668
2026-05-29 17:11:26 INFO Epoch Progress | Epoch: 19 | Loss: 0.6037 | Progress: 50% | Step: 334/668
2026-05-29 17:58:12 INFO Epoch Progress | Epoch: 19 | Loss: 0.6988 | Progress: 75% | Step: 501/668
2026-05-29 18:39:32 INFO Epoch Progress | Epoch: 19 | Loss: 0.8147 | Progress: 100% | Step: 668/668
2026-05-29 18:50:07 INFO Epoch Done | All Subgraph Pairs: 1621245 | Bce Negative Pairs: 154979 | Bce Negative Ratio: 3.1777 | Bce Positive Pairs: 48771 | Bce Supervised Fraction: 0.1257 | Bce Target Negative Pairs: 243855 | Covered Positive Edges: 48771 | Edge Cover Sampling S: 560.0428 | Epoch: 19 | Internal Val Graph Sim: 0.2488 | Internal Val Topology S: 379.1776 | Mean Positive Edge Reuse: 1.0000 | Peak Gpu Mem Mb: 26142.7803 | Planned Subgraphs: 2669 | Positive Edge Coverage Ratio: 1.0000 | Supervised Pairs: 203750 | Topo Loss Scale: 1.0000 | Total Positive Edges: 48771 | Train Forward Backward S: 11400.3298 | Train Loss: 0.8478 | Val AUPRC: 0.9381 | Val Pair Pass S: 255.5336 | Val Threshold S: 0.0000
2026-05-29 18:59:28 INFO Bce Negative Assignment Clipped | Actual Negative Pairs: 154979 | Bce Negative Ratio: 5 | Target Negative Pairs: 243855
2026-05-29 18:59:40 INFO Epoch Progress | Epoch: 20 | Loss: 0.9151 | Progress: 0% | Step: 1/668
2026-05-29 19:50:36 INFO Epoch Progress | Epoch: 20 | Loss: 0.6772 | Progress: 25% | Step: 167/668
2026-05-29 20:43:04 INFO Epoch Progress | Epoch: 20 | Loss: 0.5980 | Progress: 50% | Step: 334/668
2026-05-29 21:30:33 INFO Epoch Progress | Epoch: 20 | Loss: 0.6979 | Progress: 75% | Step: 501/668
2026-05-29 22:12:29 INFO Epoch Progress | Epoch: 20 | Loss: 0.7946 | Progress: 100% | Step: 668/668
2026-05-29 22:22:42 INFO Epoch Done | All Subgraph Pairs: 1621245 | Bce Negative Pairs: 154979 | Bce Negative Ratio: 3.1777 | Bce Positive Pairs: 48771 | Bce Supervised Fraction: 0.1257 | Bce Target Negative Pairs: 243855 | Covered Positive Edges: 48771 | Edge Cover Sampling S: 557.4065 | Epoch: 20 | Internal Val Graph Sim: 0.2502 | Internal Val Topology S: 385.5980 | Mean Positive Edge Reuse: 1.0000 | Peak Gpu Mem Mb: 26399.9404 | Planned Subgraphs: 2669 | Positive Edge Coverage Ratio: 1.0000 | Supervised Pairs: 203750 | Topo Loss Scale: 1.0000 | Total Positive Edges: 48771 | Train Forward Backward S: 11460.4957 | Train Loss: 0.8379 | Val AUPRC: 0.9384 | Val Pair Pass S: 227.7263 | Val Threshold S: 0.0000
2026-05-29 22:22:42 INFO Early Stop | Epoch: 20
2026-05-29 22:22:42 INFO Stage Done | Run Id: topo_gs_rd_deg
2026-05-29 22:22:42 INFO Stage Start | Checkpoint: models/v3/topology_finetune/topo_gs_rd_deg/best_model.pth | Run Id: topo_gs_rd_deg
2026-05-29 22:22:42 INFO Checkpoint Loaded | Path: models/v3/topology_finetune/topo_gs_rd_deg/best_model.pth
2026-05-29 22:22:42 INFO Decision Threshold | Mode: fixed | Value: 0.5000
2026-05-29 22:30:42 INFO Evaluation Metrics | Accuracy: 0.6131 | AUPRC: 0.7026 | Auroc: 0.6852 | F1: 0.4713 | Mcc: 0.2682 | Precision: 0.7443 | Recall: 0.3448 | Sensitivity: 0.3448 | Specificity: 0.8815 | Split: test
2026-05-29 22:30:42 INFO CSV Written | Path: logs/v3/evaluate/topo_gs_rd_deg/evaluate.csv
2026-05-29 22:30:42 INFO Stage Done | Run Id: topo_gs_rd_deg
2026-05-29 22:30:42 INFO Stage Start | Checkpoint: models/v3/topology_finetune/topo_gs_rd_deg/best_model.pth | Run Id: topo_gs_rd_deg
2026-05-29 22:30:42 INFO Decision Threshold | Mode: fixed | Value: 0.5000
2026-05-29 22:31:33 INFO Topology Inference Ready | Cached Embedding Count: 2017 | Distributed: True | Pair Count: 2035153 | World Size: 4
2026-05-30 00:48:59 INFO Pair Predictions Written | Path: logs/v3/topology_evaluate/topo_gs_rd_deg/all_test_ppi_pred.txt
2026-05-30 00:50:02 INFO Topology Metrics Written | Path: logs/v3/topology_evaluate/topo_gs_rd_deg/topology_metrics.json
2026-05-30 00:50:02 INFO Comparison Report Skipped | Reason: missing_baselines:src/topology/baselines/pring_human_table2.json
2026-05-30 00:50:02 INFO Stage Done | Run Id: topo_gs_rd_deg
Traceback (most recent call last):
  File "<stdin>", line 5, in <module>
  File "/public/home/wangar2023/.conda/envs/ml-dl/lib/python3.11/pathlib.py", line 1044, in open
    return io.open(self, mode, buffering, encoding, errors, newline)
           ^^^^^^^^^^^^^^^^^^^^^^^^^^^^^^^^^^^^^^^^^^^^^^^^^^^^^^^^^
FileNotFoundError: [Errno 2] No such file or directory: 'configs/v3/ablations/0427/topo_gs_rd.yaml'
