Warning: torch was built against CUDA 12.8, but using toolkit 12.5 at /public/software/CUDA/cuda-12.5.
Set GRAND_CUDA_VERSION or CUDA_HOME to an exact-match toolkit to avoid DS_SKIP_CUDA_CHECK=1.

*****************************************
Setting OMP_NUM_THREADS environment variable for each process to be 1 in default, to avoid your system being overloaded, please further tune the variable for optimal performance in your application as needed. 
*****************************************
INFO:src.pipeline.__main__:Loaded config: configs/v3/ablations/0427_loss_ablation/topo_gs_rd_bce_high.yaml
WARNING:accelerate.utils.other:[RANK 0] Detected kernel version 3.10.0, which is below the recommended minimum of 5.5.0; this can cause the process to hang. It is recommended to upgrade the kernel to the minimum version or higher.
WARNING:py.warnings:/public/home/wangar2023/grand/.venv/lib/python3.11/site-packages/torch/distributed/c10d_logger.py:83: UserWarning: barrier(): using the device under current context. You can specify `device_id` in `init_process_group` to mute this warning.
  return func(*args, **kwargs)

2026-05-26 15:52:55 INFO Pipeline Runtime | Device: cuda:0 | Distributed: True | Test Batches: 1691 | Train Batches: 762 | Valid Batches: 762 | World Size: 4
2026-05-26 15:52:55 INFO Stage Start | Checkpoint: models/v3/topology_finetune/topo_gs_rd_bce_high/best_model.pth | Run Id: topo_gs_rd_bce_high
WARNING:py.warnings:/public/home/wangar2023/grand/.venv/lib/python3.11/site-packages/deepspeed/runtime/zero/linear.py:47: FutureWarning: `torch.cuda.amp.custom_fwd(args...)` is deprecated. Please use `torch.amp.custom_fwd(args..., device_type='cuda')` instead.
  @autocast_custom_fwd

WARNING:py.warnings:/public/home/wangar2023/grand/.venv/lib/python3.11/site-packages/deepspeed/runtime/zero/linear.py:66: FutureWarning: `torch.cuda.amp.custom_bwd(args...)` is deprecated. Please use `torch.amp.custom_bwd(args..., device_type='cuda')` instead.
  @autocast_custom_bwd

2026-05-26 15:53:05 INFO Checkpoint Loaded | Path: models/v3/topology_finetune/topo_gs_rd_bce_high/best_model.pth
2026-05-26 15:53:05 INFO Decision Threshold | Mode: fixed | Value: 0.5000
2026-05-26 16:00:52 INFO Evaluation Metrics | Accuracy: 0.6194 | AUPRC: 0.6992 | Auroc: 0.6836 | F1: 0.5244 | Mcc: 0.2605 | Precision: 0.6990 | Recall: 0.4196 | Sensitivity: 0.4196 | Specificity: 0.8193 | Split: test
2026-05-26 16:00:52 INFO CSV Written | Path: logs/v3/evaluate/topo_gs_rd_bce_high/evaluate.csv
2026-05-26 16:00:52 INFO Stage Done | Run Id: topo_gs_rd_bce_high
2026-05-26 16:00:52 INFO Stage Start | Checkpoint: models/v3/topology_finetune/topo_gs_rd_bce_high/best_model.pth | Run Id: topo_gs_rd_bce_high
2026-05-26 16:00:53 INFO Decision Threshold | Mode: fixed | Value: 0.5000
2026-05-26 16:01:42 INFO Topology Inference Ready | Cached Embedding Count: 2017 | Distributed: True | Pair Count: 2035153 | World Size: 4
2026-05-26 18:10:22 INFO Pair Predictions Written | Path: logs/v3/topology_evaluate/topo_gs_rd_bce_high/all_test_ppi_pred.txt
2026-05-26 18:12:13 INFO Topology Metrics Written | Path: logs/v3/topology_evaluate/topo_gs_rd_bce_high/topology_metrics.json
2026-05-26 18:12:13 INFO Comparison Report Skipped | Reason: missing_baselines:src/topology/baselines/pring_human_table2.json
2026-05-26 18:12:13 INFO Stage Done | Run Id: topo_gs_rd_bce_high

*****************************************
Setting OMP_NUM_THREADS environment variable for each process to be 1 in default, to avoid your system being overloaded, please further tune the variable for optimal performance in your application as needed. 
*****************************************
INFO:src.pipeline.__main__:Loaded config: configs/v3/ablations/0427_loss_ablation/topo_gs_rd_bce_low.yaml
WARNING:accelerate.utils.other:[RANK 0] Detected kernel version 3.10.0, which is below the recommended minimum of 5.5.0; this can cause the process to hang. It is recommended to upgrade the kernel to the minimum version or higher.
WARNING:py.warnings:/public/home/wangar2023/grand/.venv/lib/python3.11/site-packages/torch/distributed/c10d_logger.py:83: UserWarning: barrier(): using the device under current context. You can specify `device_id` in `init_process_group` to mute this warning.
  return func(*args, **kwargs)

2026-05-26 18:14:25 INFO Pipeline Runtime | Device: cuda:0 | Distributed: True | Test Batches: 1691 | Train Batches: 762 | Valid Batches: 762 | World Size: 4
2026-05-26 18:14:25 INFO Stage Start | Checkpoint: models/v3/train/20260308_002906/best_model.pth | Init Mode: warm_start | Run Id: topo_gs_rd_bce_low
WARNING:py.warnings:/public/home/wangar2023/grand/.venv/lib/python3.11/site-packages/deepspeed/runtime/zero/linear.py:47: FutureWarning: `torch.cuda.amp.custom_fwd(args...)` is deprecated. Please use `torch.amp.custom_fwd(args..., device_type='cuda')` instead.
  @autocast_custom_fwd

WARNING:py.warnings:/public/home/wangar2023/grand/.venv/lib/python3.11/site-packages/deepspeed/runtime/zero/linear.py:66: FutureWarning: `torch.cuda.amp.custom_bwd(args...)` is deprecated. Please use `torch.amp.custom_bwd(args..., device_type='cuda')` instead.
  @autocast_custom_bwd

2026-05-26 18:15:05 INFO Finetune Config | Epochs: 20 | Internal Validation Compute Spectral Stats: False | Internal Validation Inference Batch Size: 128 | Internal Validation Node Sizes: [20, 40, 60, 80, 100] | Internal Validation Pairs: 108500 | Internal Validation Subgraphs: 50 | Monitor: val_topology_loss | Pair Batch Size: 32
2026-05-26 18:24:31 INFO Bce Negative Assignment Clipped | Actual Negative Pairs: 154979 | Bce Negative Ratio: 5 | Target Negative Pairs: 243855
2026-05-26 18:24:43 INFO Epoch Progress | Epoch: 1 | Loss: 1.3643 | Progress: 0% | Step: 1/667
2026-05-26 19:15:13 INFO Epoch Progress | Epoch: 1 | Loss: 1.4338 | Progress: 25% | Step: 167/667
2026-05-26 20:06:43 INFO Epoch Progress | Epoch: 1 | Loss: 1.3341 | Progress: 50% | Step: 334/667
2026-05-26 20:52:46 INFO Epoch Progress | Epoch: 1 | Loss: 1.4048 | Progress: 75% | Step: 501/667
2026-05-26 21:33:54 INFO Epoch Progress | Epoch: 1 | Loss: 1.5095 | Progress: 100% | Step: 667/667
2026-05-26 21:43:47 INFO Best Saved | Epoch: 1 | Monitor: val_topology_loss | Value: 26.0823
2026-05-26 21:43:47 INFO Epoch Done | All Subgraph Pairs: 1620810 | Bce Negative Pairs: 154979 | Bce Negative Ratio: 3.1777 | Bce Positive Pairs: 48771 | Bce Supervised Fraction: 0.1257 | Bce Target Negative Pairs: 243855 | Covered Positive Edges: 48771 | Edge Cover Sampling S: 566.7309 | Epoch: 1 | Internal Val Graph Sim: 0.2363 | Internal Val Topology S: 382.9490 | Mean Positive Edge Reuse: 1.0000 | Peak Gpu Mem Mb: 26117.5693 | Planned Subgraphs: 2668 | Positive Edge Coverage Ratio: 1.0000 | Supervised Pairs: 203750 | Topo Loss Scale: 1.0000 | Total Positive Edges: 48771 | Train Forward Backward S: 11238.7385 | Train Loss: 1.5835 | Val AUPRC: 0.9236 | Val Pair Pass S: 209.4590 | Val Threshold S: 0.0000
2026-05-26 21:52:52 INFO Bce Negative Assignment Clipped | Actual Negative Pairs: 154979 | Bce Negative Ratio: 5 | Target Negative Pairs: 243855
2026-05-26 21:53:04 INFO Epoch Progress | Epoch: 2 | Loss: 1.0667 | Progress: 0% | Step: 1/667
2026-05-26 22:43:49 INFO Epoch Progress | Epoch: 2 | Loss: 1.0433 | Progress: 25% | Step: 167/667
2026-05-26 23:36:21 INFO Epoch Progress | Epoch: 2 | Loss: 0.9457 | Progress: 50% | Step: 334/667
2026-05-27 00:23:46 INFO Epoch Progress | Epoch: 2 | Loss: 1.0827 | Progress: 75% | Step: 501/667
2026-05-27 01:05:19 INFO Epoch Progress | Epoch: 2 | Loss: 1.2282 | Progress: 100% | Step: 667/667
2026-05-27 01:15:13 INFO Best Saved | Epoch: 2 | Monitor: val_topology_loss | Value: 23.1015
2026-05-27 01:15:13 INFO Epoch Done | All Subgraph Pairs: 1620810 | Bce Negative Pairs: 154979 | Bce Negative Ratio: 3.1777 | Bce Positive Pairs: 48771 | Bce Supervised Fraction: 0.1257 | Bce Target Negative Pairs: 243855 | Covered Positive Edges: 48771 | Edge Cover Sampling S: 550.6279 | Epoch: 2 | Internal Val Graph Sim: 0.2377 | Internal Val Topology S: 385.3598 | Mean Positive Edge Reuse: 1.0000 | Peak Gpu Mem Mb: 26510.3633 | Planned Subgraphs: 2668 | Positive Edge Coverage Ratio: 1.0000 | Supervised Pairs: 203750 | Topo Loss Scale: 1.0000 | Total Positive Edges: 48771 | Train Forward Backward S: 11417.1845 | Train Loss: 1.2656 | Val AUPRC: 0.9326 | Val Pair Pass S: 208.9094 | Val Threshold S: 0.0000
2026-05-27 01:24:51 INFO Bce Negative Assignment Clipped | Actual Negative Pairs: 154979 | Bce Negative Ratio: 5 | Target Negative Pairs: 243855
2026-05-27 01:25:01 INFO Epoch Progress | Epoch: 3 | Loss: 1.0256 | Progress: 0% | Step: 1/668
2026-05-27 02:15:50 INFO Epoch Progress | Epoch: 3 | Loss: 0.9460 | Progress: 25% | Step: 167/668
2026-05-27 03:08:24 INFO Epoch Progress | Epoch: 3 | Loss: 0.8736 | Progress: 50% | Step: 334/668
2026-05-27 03:55:31 INFO Epoch Progress | Epoch: 3 | Loss: 1.0317 | Progress: 75% | Step: 501/668
2026-05-27 04:37:26 INFO Epoch Progress | Epoch: 3 | Loss: 1.1881 | Progress: 100% | Step: 668/668
2026-05-27 04:47:20 INFO Best Saved | Epoch: 3 | Monitor: val_topology_loss | Value: 17.0597
2026-05-27 04:47:20 INFO Epoch Done | All Subgraph Pairs: 1622025 | Bce Negative Pairs: 154979 | Bce Negative Ratio: 3.1777 | Bce Positive Pairs: 48771 | Bce Supervised Fraction: 0.1256 | Bce Target Negative Pairs: 243855 | Covered Positive Edges: 48771 | Edge Cover Sampling S: 577.0895 | Epoch: 3 | Internal Val Graph Sim: 0.2453 | Internal Val Topology S: 384.5576 | Mean Positive Edge Reuse: 1.0000 | Peak Gpu Mem Mb: 26307.4409 | Planned Subgraphs: 2670 | Positive Edge Coverage Ratio: 1.0000 | Supervised Pairs: 203750 | Topo Loss Scale: 1.0000 | Total Positive Edges: 48771 | Train Forward Backward S: 11431.5418 | Train Loss: 1.2055 | Val AUPRC: 0.9336 | Val Pair Pass S: 209.1792 | Val Threshold S: 0.0000
2026-05-27 04:56:33 INFO Bce Negative Assignment Clipped | Actual Negative Pairs: 154979 | Bce Negative Ratio: 5 | Target Negative Pairs: 243855
2026-05-27 04:56:43 INFO Epoch Progress | Epoch: 4 | Loss: 1.2609 | Progress: 0% | Step: 1/668
2026-05-27 05:47:33 INFO Epoch Progress | Epoch: 4 | Loss: 0.9295 | Progress: 25% | Step: 167/668
2026-05-27 06:39:47 INFO Epoch Progress | Epoch: 4 | Loss: 0.8610 | Progress: 50% | Step: 334/668
2026-05-27 07:27:04 INFO Epoch Progress | Epoch: 4 | Loss: 0.9964 | Progress: 75% | Step: 501/668
2026-05-27 08:09:02 INFO Epoch Progress | Epoch: 4 | Loss: 1.1507 | Progress: 100% | Step: 668/668
2026-05-27 08:18:59 INFO Best Saved | Epoch: 4 | Monitor: val_topology_loss | Value: 15.6055
2026-05-27 08:18:59 INFO Epoch Done | All Subgraph Pairs: 1621245 | Bce Negative Pairs: 154979 | Bce Negative Ratio: 3.1777 | Bce Positive Pairs: 48771 | Bce Supervised Fraction: 0.1257 | Bce Target Negative Pairs: 243855 | Covered Positive Edges: 48771 | Edge Cover Sampling S: 567.9439 | Epoch: 4 | Internal Val Graph Sim: 0.2475 | Internal Val Topology S: 387.4680 | Mean Positive Edge Reuse: 1.0000 | Peak Gpu Mem Mb: 26022.8579 | Planned Subgraphs: 2669 | Positive Edge Coverage Ratio: 1.0000 | Supervised Pairs: 203750 | Topo Loss Scale: 1.0000 | Total Positive Edges: 48771 | Train Forward Backward S: 11409.2114 | Train Loss: 1.1751 | Val AUPRC: 0.9343 | Val Pair Pass S: 209.6805 | Val Threshold S: 0.0000
2026-05-27 08:28:33 INFO Bce Negative Assignment Clipped | Actual Negative Pairs: 154979 | Bce Negative Ratio: 5 | Target Negative Pairs: 243855
2026-05-27 08:28:45 INFO Epoch Progress | Epoch: 5 | Loss: 1.1974 | Progress: 0% | Step: 1/667
2026-05-27 09:19:59 INFO Epoch Progress | Epoch: 5 | Loss: 0.9296 | Progress: 25% | Step: 167/667
2026-05-27 10:12:30 INFO Epoch Progress | Epoch: 5 | Loss: 0.8389 | Progress: 50% | Step: 334/667
2026-05-27 10:59:49 INFO Epoch Progress | Epoch: 5 | Loss: 0.9752 | Progress: 75% | Step: 501/667
2026-05-27 11:41:49 INFO Epoch Progress | Epoch: 5 | Loss: 1.1212 | Progress: 100% | Step: 667/667
2026-05-27 11:51:44 INFO Best Saved | Epoch: 5 | Monitor: val_topology_loss | Value: 13.9202
2026-05-27 11:51:44 INFO Epoch Done | All Subgraph Pairs: 1620030 | Bce Negative Pairs: 154979 | Bce Negative Ratio: 3.1777 | Bce Positive Pairs: 48771 | Bce Supervised Fraction: 0.1258 | Bce Target Negative Pairs: 243855 | Covered Positive Edges: 48771 | Edge Cover Sampling S: 577.4496 | Epoch: 5 | Internal Val Graph Sim: 0.2517 | Internal Val Topology S: 385.6924 | Mean Positive Edge Reuse: 1.0000 | Peak Gpu Mem Mb: 26460.3525 | Planned Subgraphs: 2667 | Positive Edge Coverage Ratio: 1.0000 | Supervised Pairs: 203750 | Topo Loss Scale: 1.0000 | Total Positive Edges: 48771 | Train Forward Backward S: 11468.2788 | Train Loss: 1.1564 | Val AUPRC: 0.9349 | Val Pair Pass S: 209.0306 | Val Threshold S: 0.0000
2026-05-27 12:00:35 INFO Bce Negative Assignment Clipped | Actual Negative Pairs: 154979 | Bce Negative Ratio: 5 | Target Negative Pairs: 243855
2026-05-27 12:00:44 INFO Epoch Progress | Epoch: 6 | Loss: 1.0888 | Progress: 0% | Step: 1/668
2026-05-27 12:51:52 INFO Epoch Progress | Epoch: 6 | Loss: 0.8871 | Progress: 25% | Step: 167/668
2026-05-27 13:44:23 INFO Epoch Progress | Epoch: 6 | Loss: 0.8143 | Progress: 50% | Step: 334/668
2026-05-27 14:32:07 INFO Epoch Progress | Epoch: 6 | Loss: 0.9507 | Progress: 75% | Step: 501/668
2026-05-27 15:13:59 INFO Epoch Progress | Epoch: 6 | Loss: 1.1094 | Progress: 100% | Step: 668/668
2026-05-27 15:23:57 INFO Best Saved | Epoch: 6 | Monitor: val_topology_loss | Value: 13.4497
2026-05-27 15:23:57 INFO Epoch Done | All Subgraph Pairs: 1621245 | Bce Negative Pairs: 154979 | Bce Negative Ratio: 3.1777 | Bce Positive Pairs: 48771 | Bce Supervised Fraction: 0.1257 | Bce Target Negative Pairs: 243855 | Covered Positive Edges: 48771 | Edge Cover Sampling S: 535.3391 | Epoch: 6 | Internal Val Graph Sim: 0.2525 | Internal Val Topology S: 387.0913 | Mean Positive Edge Reuse: 1.0000 | Peak Gpu Mem Mb: 26370.3369 | Planned Subgraphs: 2669 | Positive Edge Coverage Ratio: 1.0000 | Supervised Pairs: 203750 | Topo Loss Scale: 1.0000 | Total Positive Edges: 48771 | Train Forward Backward S: 11475.4093 | Train Loss: 1.1463 | Val AUPRC: 0.9357 | Val Pair Pass S: 210.7883 | Val Threshold S: 0.0000
2026-05-27 15:33:20 INFO Bce Negative Assignment Clipped | Actual Negative Pairs: 154979 | Bce Negative Ratio: 5 | Target Negative Pairs: 243855
2026-05-27 15:33:32 INFO Epoch Progress | Epoch: 7 | Loss: 1.0341 | Progress: 0% | Step: 1/667
2026-05-27 16:24:48 INFO Epoch Progress | Epoch: 7 | Loss: 0.8804 | Progress: 25% | Step: 167/667
2026-05-27 17:17:23 INFO Epoch Progress | Epoch: 7 | Loss: 0.8191 | Progress: 50% | Step: 334/667
2026-05-27 18:04:38 INFO Epoch Progress | Epoch: 7 | Loss: 0.9666 | Progress: 75% | Step: 501/667
2026-05-27 18:46:55 INFO Epoch Progress | Epoch: 7 | Loss: 1.1164 | Progress: 100% | Step: 667/667
2026-05-27 18:56:55 INFO Best Saved | Epoch: 7 | Monitor: val_topology_loss | Value: 12.3979
2026-05-27 18:56:55 INFO Epoch Done | All Subgraph Pairs: 1620810 | Bce Negative Pairs: 154979 | Bce Negative Ratio: 3.1777 | Bce Positive Pairs: 48771 | Bce Supervised Fraction: 0.1257 | Bce Target Negative Pairs: 243855 | Covered Positive Edges: 48771 | Edge Cover Sampling S: 561.0947 | Epoch: 7 | Internal Val Graph Sim: 0.2546 | Internal Val Topology S: 388.4967 | Mean Positive Edge Reuse: 1.0000 | Peak Gpu Mem Mb: 25860.6313 | Planned Subgraphs: 2668 | Positive Edge Coverage Ratio: 1.0000 | Supervised Pairs: 203750 | Topo Loss Scale: 1.0000 | Total Positive Edges: 48771 | Train Forward Backward S: 11493.0858 | Train Loss: 1.1392 | Val AUPRC: 0.9362 | Val Pair Pass S: 211.0857 | Val Threshold S: 0.0000
2026-05-27 19:06:20 INFO Bce Negative Assignment Clipped | Actual Negative Pairs: 154979 | Bce Negative Ratio: 5 | Target Negative Pairs: 243855
2026-05-27 19:06:29 INFO Epoch Progress | Epoch: 8 | Loss: 0.6468 | Progress: 0% | Step: 1/668
2026-05-27 19:57:58 INFO Epoch Progress | Epoch: 8 | Loss: 0.8552 | Progress: 25% | Step: 167/668
2026-05-27 20:50:52 INFO Epoch Progress | Epoch: 8 | Loss: 0.7950 | Progress: 50% | Step: 334/668
2026-05-27 21:38:40 INFO Epoch Progress | Epoch: 8 | Loss: 0.9425 | Progress: 75% | Step: 501/668
2026-05-27 22:20:43 INFO Epoch Progress | Epoch: 8 | Loss: 1.0918 | Progress: 100% | Step: 668/668
2026-05-27 22:30:39 INFO Epoch Done | All Subgraph Pairs: 1621245 | Bce Negative Pairs: 154979 | Bce Negative Ratio: 3.1777 | Bce Positive Pairs: 48771 | Bce Supervised Fraction: 0.1257 | Bce Target Negative Pairs: 243855 | Covered Positive Edges: 48771 | Edge Cover Sampling S: 568.9392 | Epoch: 8 | Internal Val Graph Sim: 0.2527 | Internal Val Topology S: 386.0732 | Mean Positive Edge Reuse: 1.0000 | Peak Gpu Mem Mb: 26053.0645 | Planned Subgraphs: 2669 | Positive Edge Coverage Ratio: 1.0000 | Supervised Pairs: 203750 | Topo Loss Scale: 1.0000 | Total Positive Edges: 48771 | Train Forward Backward S: 11534.5553 | Train Loss: 1.1188 | Val AUPRC: 0.9367 | Val Pair Pass S: 210.5509 | Val Threshold S: 0.0000
2026-05-27 22:39:59 INFO Bce Negative Assignment Clipped | Actual Negative Pairs: 154979 | Bce Negative Ratio: 5 | Target Negative Pairs: 243855
2026-05-27 22:40:11 INFO Epoch Progress | Epoch: 9 | Loss: 1.2904 | Progress: 0% | Step: 1/668
2026-05-27 23:31:29 INFO Epoch Progress | Epoch: 9 | Loss: 0.8835 | Progress: 25% | Step: 167/668
2026-05-28 00:23:55 INFO Epoch Progress | Epoch: 9 | Loss: 0.8141 | Progress: 50% | Step: 334/668
2026-05-28 01:11:15 INFO Epoch Progress | Epoch: 9 | Loss: 0.9515 | Progress: 75% | Step: 501/668
2026-05-28 01:53:36 INFO Epoch Progress | Epoch: 9 | Loss: 1.0990 | Progress: 100% | Step: 668/668
2026-05-28 02:03:34 INFO Best Saved | Epoch: 9 | Monitor: val_topology_loss | Value: 12.1697
2026-05-28 02:03:34 INFO Epoch Done | All Subgraph Pairs: 1622025 | Bce Negative Pairs: 154979 | Bce Negative Ratio: 3.1777 | Bce Positive Pairs: 48771 | Bce Supervised Fraction: 0.1256 | Bce Target Negative Pairs: 243855 | Covered Positive Edges: 48771 | Edge Cover Sampling S: 569.6908 | Epoch: 9 | Internal Val Graph Sim: 0.2548 | Internal Val Topology S: 387.4610 | Mean Positive Edge Reuse: 1.0000 | Peak Gpu Mem Mb: 26069.9531 | Planned Subgraphs: 2670 | Positive Edge Coverage Ratio: 1.0000 | Supervised Pairs: 203750 | Topo Loss Scale: 1.0000 | Total Positive Edges: 48771 | Train Forward Backward S: 11482.7348 | Train Loss: 1.1179 | Val AUPRC: 0.9370 | Val Pair Pass S: 209.6892 | Val Threshold S: 0.0000
2026-05-28 02:13:15 INFO Bce Negative Assignment Clipped | Actual Negative Pairs: 154979 | Bce Negative Ratio: 5 | Target Negative Pairs: 243855
2026-05-28 02:13:28 INFO Epoch Progress | Epoch: 10 | Loss: 1.1974 | Progress: 0% | Step: 1/668
2026-05-28 03:05:27 INFO Epoch Progress | Epoch: 10 | Loss: 0.8559 | Progress: 25% | Step: 167/668
2026-05-28 03:57:59 INFO Epoch Progress | Epoch: 10 | Loss: 0.7929 | Progress: 50% | Step: 334/668
2026-05-28 04:45:14 INFO Epoch Progress | Epoch: 10 | Loss: 0.9304 | Progress: 75% | Step: 501/668
2026-05-28 05:27:18 INFO Epoch Progress | Epoch: 10 | Loss: 1.0801 | Progress: 100% | Step: 668/668
2026-05-28 05:37:15 INFO Epoch Done | All Subgraph Pairs: 1622025 | Bce Negative Pairs: 154979 | Bce Negative Ratio: 3.1777 | Bce Positive Pairs: 48771 | Bce Supervised Fraction: 0.1256 | Bce Target Negative Pairs: 243855 | Covered Positive Edges: 48771 | Edge Cover Sampling S: 584.7669 | Epoch: 10 | Internal Val Graph Sim: 0.2564 | Internal Val Topology S: 387.8449 | Mean Positive Edge Reuse: 1.0000 | Peak Gpu Mem Mb: 26140.0728 | Planned Subgraphs: 2670 | Positive Edge Coverage Ratio: 1.0000 | Supervised Pairs: 203750 | Topo Loss Scale: 1.0000 | Total Positive Edges: 48771 | Train Forward Backward S: 11515.0751 | Train Loss: 1.1057 | Val AUPRC: 0.9381 | Val Pair Pass S: 209.1220 | Val Threshold S: 0.0000
2026-05-28 05:46:35 INFO Bce Negative Assignment Clipped | Actual Negative Pairs: 154979 | Bce Negative Ratio: 5 | Target Negative Pairs: 243855
2026-05-28 05:46:47 INFO Epoch Progress | Epoch: 11 | Loss: 0.6959 | Progress: 0% | Step: 1/668
2026-05-28 06:38:14 INFO Epoch Progress | Epoch: 11 | Loss: 0.8521 | Progress: 25% | Step: 167/668
2026-05-28 07:30:28 INFO Epoch Progress | Epoch: 11 | Loss: 0.7854 | Progress: 50% | Step: 334/668
2026-05-28 08:18:04 INFO Epoch Progress | Epoch: 11 | Loss: 0.9249 | Progress: 75% | Step: 501/668
2026-05-28 09:00:34 INFO Epoch Progress | Epoch: 11 | Loss: 1.0830 | Progress: 100% | Step: 668/668
2026-05-28 09:10:30 INFO Best Saved | Epoch: 11 | Monitor: val_topology_loss | Value: 11.4096
2026-05-28 09:10:30 INFO Epoch Done | All Subgraph Pairs: 1621245 | Bce Negative Pairs: 154979 | Bce Negative Ratio: 3.1777 | Bce Positive Pairs: 48771 | Bce Supervised Fraction: 0.1257 | Bce Target Negative Pairs: 243855 | Covered Positive Edges: 48771 | Edge Cover Sampling S: 564.0753 | Epoch: 11 | Internal Val Graph Sim: 0.2567 | Internal Val Topology S: 386.0030 | Mean Positive Edge Reuse: 1.0000 | Peak Gpu Mem Mb: 25572.5513 | Planned Subgraphs: 2669 | Positive Edge Coverage Ratio: 1.0000 | Supervised Pairs: 203750 | Topo Loss Scale: 1.0000 | Total Positive Edges: 48771 | Train Forward Backward S: 11510.7472 | Train Loss: 1.1001 | Val AUPRC: 0.9385 | Val Pair Pass S: 209.9078 | Val Threshold S: 0.0000
2026-05-28 09:20:03 INFO Bce Negative Assignment Clipped | Actual Negative Pairs: 154979 | Bce Negative Ratio: 5 | Target Negative Pairs: 243855
2026-05-28 09:20:16 INFO Epoch Progress | Epoch: 12 | Loss: 0.9969 | Progress: 0% | Step: 1/668
2026-05-28 10:12:10 INFO Epoch Progress | Epoch: 12 | Loss: 0.8482 | Progress: 25% | Step: 167/668
2026-05-28 11:04:10 INFO Epoch Progress | Epoch: 12 | Loss: 0.7853 | Progress: 50% | Step: 334/668
2026-05-28 11:52:00 INFO Epoch Progress | Epoch: 12 | Loss: 0.9234 | Progress: 75% | Step: 501/668
2026-05-28 12:33:57 INFO Epoch Progress | Epoch: 12 | Loss: 1.0680 | Progress: 100% | Step: 668/668
2026-05-28 12:43:59 INFO Best Saved | Epoch: 12 | Monitor: val_topology_loss | Value: 10.5440
2026-05-28 12:43:59 INFO Epoch Done | All Subgraph Pairs: 1621245 | Bce Negative Pairs: 154979 | Bce Negative Ratio: 3.1777 | Bce Positive Pairs: 48771 | Bce Supervised Fraction: 0.1257 | Bce Target Negative Pairs: 243855 | Covered Positive Edges: 48771 | Edge Cover Sampling S: 578.5600 | Epoch: 12 | Internal Val Graph Sim: 0.2585 | Internal Val Topology S: 387.4549 | Mean Positive Edge Reuse: 1.0000 | Peak Gpu Mem Mb: 26401.4927 | Planned Subgraphs: 2669 | Positive Edge Coverage Ratio: 1.0000 | Supervised Pairs: 203750 | Topo Loss Scale: 1.0000 | Total Positive Edges: 48771 | Train Forward Backward S: 11504.6102 | Train Loss: 1.0939 | Val AUPRC: 0.9391 | Val Pair Pass S: 213.7999 | Val Threshold S: 0.0000
2026-05-28 12:53:19 INFO Bce Negative Assignment Clipped | Actual Negative Pairs: 154979 | Bce Negative Ratio: 5 | Target Negative Pairs: 243855
2026-05-28 12:53:28 INFO Epoch Progress | Epoch: 13 | Loss: 0.7763 | Progress: 0% | Step: 1/668
2026-05-28 13:44:53 INFO Epoch Progress | Epoch: 13 | Loss: 0.8182 | Progress: 25% | Step: 167/668
2026-05-28 14:37:33 INFO Epoch Progress | Epoch: 13 | Loss: 0.7686 | Progress: 50% | Step: 334/668
2026-05-28 15:25:05 INFO Epoch Progress | Epoch: 13 | Loss: 0.8874 | Progress: 75% | Step: 501/668
2026-05-28 16:07:33 INFO Epoch Progress | Epoch: 13 | Loss: 1.0446 | Progress: 100% | Step: 668/668
2026-05-28 16:17:33 INFO Best Saved | Epoch: 13 | Monitor: val_topology_loss | Value: 10.2884
2026-05-28 16:17:33 INFO Epoch Done | All Subgraph Pairs: 1621245 | Bce Negative Pairs: 154979 | Bce Negative Ratio: 3.1777 | Bce Positive Pairs: 48771 | Bce Supervised Fraction: 0.1257 | Bce Target Negative Pairs: 243855 | Covered Positive Edges: 48771 | Edge Cover Sampling S: 563.0682 | Epoch: 13 | Internal Val Graph Sim: 0.2595 | Internal Val Topology S: 390.2915 | Mean Positive Edge Reuse: 1.0000 | Peak Gpu Mem Mb: 26282.9902 | Planned Subgraphs: 2669 | Positive Edge Coverage Ratio: 1.0000 | Supervised Pairs: 203750 | Topo Loss Scale: 1.0000 | Total Positive Edges: 48771 | Train Forward Backward S: 11526.4434 | Train Loss: 1.0870 | Val AUPRC: 0.9397 | Val Pair Pass S: 209.4722 | Val Threshold S: 0.0000
2026-05-28 16:27:33 INFO Bce Negative Assignment Clipped | Actual Negative Pairs: 154979 | Bce Negative Ratio: 5 | Target Negative Pairs: 243855
2026-05-28 16:27:44 INFO Epoch Progress | Epoch: 14 | Loss: 1.1928 | Progress: 0% | Step: 1/668
2026-05-28 17:18:35 INFO Epoch Progress | Epoch: 14 | Loss: 0.8342 | Progress: 25% | Step: 167/668
2026-05-28 18:11:08 INFO Epoch Progress | Epoch: 14 | Loss: 0.7712 | Progress: 50% | Step: 334/668
2026-05-28 18:58:42 INFO Epoch Progress | Epoch: 14 | Loss: 0.9118 | Progress: 75% | Step: 501/668
2026-05-28 19:40:59 INFO Epoch Progress | Epoch: 14 | Loss: 1.0706 | Progress: 100% | Step: 668/668
2026-05-28 19:50:55 INFO Epoch Done | All Subgraph Pairs: 1622460 | Bce Negative Pairs: 154979 | Bce Negative Ratio: 3.1777 | Bce Positive Pairs: 48771 | Bce Supervised Fraction: 0.1256 | Bce Target Negative Pairs: 243855 | Covered Positive Edges: 48771 | Edge Cover Sampling S: 582.9973 | Epoch: 14 | Internal Val Graph Sim: 0.2607 | Internal Val Topology S: 387.7012 | Mean Positive Edge Reuse: 1.0000 | Peak Gpu Mem Mb: 26632.0024 | Planned Subgraphs: 2671 | Positive Edge Coverage Ratio: 1.0000 | Supervised Pairs: 203750 | Topo Loss Scale: 1.0000 | Total Positive Edges: 48771 | Train Forward Backward S: 11499.1482 | Train Loss: 1.0804 | Val AUPRC: 0.9399 | Val Pair Pass S: 208.3680 | Val Threshold S: 0.0000
2026-05-28 20:00:39 INFO Bce Negative Assignment Clipped | Actual Negative Pairs: 154979 | Bce Negative Ratio: 5 | Target Negative Pairs: 243855
2026-05-28 20:00:49 INFO Epoch Progress | Epoch: 15 | Loss: 0.7808 | Progress: 0% | Step: 1/668
2026-05-28 20:51:55 INFO Epoch Progress | Epoch: 15 | Loss: 0.8354 | Progress: 25% | Step: 167/668
2026-05-28 21:44:21 INFO Epoch Progress | Epoch: 15 | Loss: 0.7692 | Progress: 50% | Step: 334/668
2026-05-28 22:32:12 INFO Epoch Progress | Epoch: 15 | Loss: 0.8872 | Progress: 75% | Step: 501/668
2026-05-28 23:14:12 INFO Epoch Progress | Epoch: 15 | Loss: 1.0359 | Progress: 100% | Step: 668/668
2026-05-28 23:24:07 INFO Epoch Done | All Subgraph Pairs: 1622025 | Bce Negative Pairs: 154979 | Bce Negative Ratio: 3.1777 | Bce Positive Pairs: 48771 | Bce Supervised Fraction: 0.1256 | Bce Target Negative Pairs: 243855 | Covered Positive Edges: 48771 | Edge Cover Sampling S: 580.0592 | Epoch: 15 | Internal Val Graph Sim: 0.2620 | Internal Val Topology S: 385.6123 | Mean Positive Edge Reuse: 1.0000 | Peak Gpu Mem Mb: 26147.2910 | Planned Subgraphs: 2670 | Positive Edge Coverage Ratio: 1.0000 | Supervised Pairs: 203750 | Topo Loss Scale: 1.0000 | Total Positive Edges: 48771 | Train Forward Backward S: 11492.8230 | Train Loss: 1.0766 | Val AUPRC: 0.9405 | Val Pair Pass S: 209.9896 | Val Threshold S: 0.0000
2026-05-28 23:33:53 INFO Bce Negative Assignment Clipped | Actual Negative Pairs: 154979 | Bce Negative Ratio: 5 | Target Negative Pairs: 243855
2026-05-28 23:34:04 INFO Epoch Progress | Epoch: 16 | Loss: 0.8256 | Progress: 0% | Step: 1/668
2026-05-29 00:25:03 INFO Epoch Progress | Epoch: 16 | Loss: 0.8291 | Progress: 25% | Step: 167/668
2026-05-29 01:17:41 INFO Epoch Progress | Epoch: 16 | Loss: 0.7641 | Progress: 50% | Step: 334/668
2026-05-29 02:05:20 INFO Epoch Progress | Epoch: 16 | Loss: 0.8975 | Progress: 75% | Step: 501/668
2026-05-29 02:47:06 INFO Epoch Progress | Epoch: 16 | Loss: 1.0508 | Progress: 100% | Step: 668/668
2026-05-29 02:57:08 INFO Best Saved | Epoch: 16 | Monitor: val_topology_loss | Value: 10.2393
2026-05-29 02:57:08 INFO Epoch Done | All Subgraph Pairs: 1623240 | Bce Negative Pairs: 154979 | Bce Negative Ratio: 3.1777 | Bce Positive Pairs: 48771 | Bce Supervised Fraction: 0.1255 | Bce Target Negative Pairs: 243855 | Covered Positive Edges: 48771 | Edge Cover Sampling S: 573.7351 | Epoch: 16 | Internal Val Graph Sim: 0.2612 | Internal Val Topology S: 392.3430 | Mean Positive Edge Reuse: 1.0000 | Peak Gpu Mem Mb: 26319.7915 | Planned Subgraphs: 2672 | Positive Edge Coverage Ratio: 1.0000 | Supervised Pairs: 203750 | Topo Loss Scale: 1.0000 | Total Positive Edges: 48771 | Train Forward Backward S: 11480.4243 | Train Loss: 1.0660 | Val AUPRC: 0.9408 | Val Pair Pass S: 208.9011 | Val Threshold S: 0.0000
2026-05-29 03:06:43 INFO Bce Negative Assignment Clipped | Actual Negative Pairs: 154979 | Bce Negative Ratio: 5 | Target Negative Pairs: 243855
2026-05-29 03:06:54 INFO Epoch Progress | Epoch: 17 | Loss: 0.5177 | Progress: 0% | Step: 1/668
2026-05-29 03:58:40 INFO Epoch Progress | Epoch: 17 | Loss: 0.8010 | Progress: 25% | Step: 167/668
2026-05-29 04:50:52 INFO Epoch Progress | Epoch: 17 | Loss: 0.7470 | Progress: 50% | Step: 334/668
2026-05-29 05:38:14 INFO Epoch Progress | Epoch: 17 | Loss: 0.8929 | Progress: 75% | Step: 501/668
2026-05-29 06:20:02 INFO Epoch Progress | Epoch: 17 | Loss: 1.0471 | Progress: 100% | Step: 668/668
2026-05-29 06:30:02 INFO Epoch Done | All Subgraph Pairs: 1621245 | Bce Negative Pairs: 154979 | Bce Negative Ratio: 3.1777 | Bce Positive Pairs: 48771 | Bce Supervised Fraction: 0.1257 | Bce Target Negative Pairs: 243855 | Covered Positive Edges: 48771 | Edge Cover Sampling S: 582.9736 | Epoch: 17 | Internal Val Graph Sim: 0.2621 | Internal Val Topology S: 389.1961 | Mean Positive Edge Reuse: 1.0000 | Peak Gpu Mem Mb: 26078.6899 | Planned Subgraphs: 2669 | Positive Edge Coverage Ratio: 1.0000 | Supervised Pairs: 203750 | Topo Loss Scale: 1.0000 | Total Positive Edges: 48771 | Train Forward Backward S: 11467.3330 | Train Loss: 1.0617 | Val AUPRC: 0.9410 | Val Pair Pass S: 209.8197 | Val Threshold S: 0.0000
2026-05-29 06:39:39 INFO Bce Negative Assignment Clipped | Actual Negative Pairs: 154979 | Bce Negative Ratio: 5 | Target Negative Pairs: 243855
2026-05-29 06:39:51 INFO Epoch Progress | Epoch: 18 | Loss: 0.8377 | Progress: 0% | Step: 1/668
2026-05-29 07:30:54 INFO Epoch Progress | Epoch: 18 | Loss: 0.8216 | Progress: 25% | Step: 167/668
2026-05-29 08:23:41 INFO Epoch Progress | Epoch: 18 | Loss: 0.7645 | Progress: 50% | Step: 334/668
2026-05-29 09:11:25 INFO Epoch Progress | Epoch: 18 | Loss: 0.8868 | Progress: 75% | Step: 501/668
2026-05-29 09:53:23 INFO Epoch Progress | Epoch: 18 | Loss: 1.0155 | Progress: 100% | Step: 668/668
2026-05-29 10:03:23 INFO Epoch Done | All Subgraph Pairs: 1621245 | Bce Negative Pairs: 154979 | Bce Negative Ratio: 3.1777 | Bce Positive Pairs: 48771 | Bce Supervised Fraction: 0.1257 | Bce Target Negative Pairs: 243855 | Covered Positive Edges: 48771 | Edge Cover Sampling S: 561.3781 | Epoch: 18 | Internal Val Graph Sim: 0.2621 | Internal Val Topology S: 389.5572 | Mean Positive Edge Reuse: 1.0000 | Peak Gpu Mem Mb: 26499.6860 | Planned Subgraphs: 2669 | Positive Edge Coverage Ratio: 1.0000 | Supervised Pairs: 203750 | Topo Loss Scale: 1.0000 | Total Positive Edges: 48771 | Train Forward Backward S: 11516.7024 | Train Loss: 1.0514 | Val AUPRC: 0.9416 | Val Pair Pass S: 209.7746 | Val Threshold S: 0.0000
2026-05-29 10:12:35 INFO Bce Negative Assignment Clipped | Actual Negative Pairs: 154979 | Bce Negative Ratio: 5 | Target Negative Pairs: 243855
2026-05-29 10:12:47 INFO Epoch Progress | Epoch: 19 | Loss: 1.1744 | Progress: 0% | Step: 1/668
2026-05-29 11:04:32 INFO Epoch Progress | Epoch: 19 | Loss: 0.7977 | Progress: 25% | Step: 167/668
2026-05-29 11:57:10 INFO Epoch Progress | Epoch: 19 | Loss: 0.7438 | Progress: 50% | Step: 334/668
2026-05-29 12:44:23 INFO Epoch Progress | Epoch: 19 | Loss: 0.8615 | Progress: 75% | Step: 501/668
2026-05-29 13:26:10 INFO Epoch Progress | Epoch: 19 | Loss: 1.0099 | Progress: 100% | Step: 668/668
2026-05-29 13:36:06 INFO Epoch Done | All Subgraph Pairs: 1621245 | Bce Negative Pairs: 154979 | Bce Negative Ratio: 3.1777 | Bce Positive Pairs: 48771 | Bce Supervised Fraction: 0.1257 | Bce Target Negative Pairs: 243855 | Covered Positive Edges: 48771 | Edge Cover Sampling S: 565.2282 | Epoch: 19 | Internal Val Graph Sim: 0.2628 | Internal Val Topology S: 387.0767 | Mean Positive Edge Reuse: 1.0000 | Peak Gpu Mem Mb: 26142.7798 | Planned Subgraphs: 2669 | Positive Edge Coverage Ratio: 1.0000 | Supervised Pairs: 203750 | Topo Loss Scale: 1.0000 | Total Positive Edges: 48771 | Train Forward Backward S: 11478.0384 | Train Loss: 1.0482 | Val AUPRC: 0.9420 | Val Pair Pass S: 209.2852 | Val Threshold S: 0.0000
2026-05-29 13:45:09 INFO Bce Negative Assignment Clipped | Actual Negative Pairs: 154979 | Bce Negative Ratio: 5 | Target Negative Pairs: 243855
2026-05-29 13:45:21 INFO Epoch Progress | Epoch: 20 | Loss: 1.2981 | Progress: 0% | Step: 1/668
2026-05-29 14:36:43 INFO Epoch Progress | Epoch: 20 | Loss: 0.8024 | Progress: 25% | Step: 167/668
2026-05-29 15:29:24 INFO Epoch Progress | Epoch: 20 | Loss: 0.7377 | Progress: 50% | Step: 334/668
2026-05-29 16:16:59 INFO Epoch Progress | Epoch: 20 | Loss: 0.8606 | Progress: 75% | Step: 501/668
2026-05-29 16:59:07 INFO Epoch Progress | Epoch: 20 | Loss: 0.9874 | Progress: 100% | Step: 668/668
2026-05-29 17:09:04 INFO Epoch Done | All Subgraph Pairs: 1621245 | Bce Negative Pairs: 154979 | Bce Negative Ratio: 3.1777 | Bce Positive Pairs: 48771 | Bce Supervised Fraction: 0.1257 | Bce Target Negative Pairs: 243855 | Covered Positive Edges: 48771 | Edge Cover Sampling S: 555.5059 | Epoch: 20 | Internal Val Graph Sim: 0.2646 | Internal Val Topology S: 387.5739 | Mean Positive Edge Reuse: 1.0000 | Peak Gpu Mem Mb: 26399.9399 | Planned Subgraphs: 2669 | Positive Edge Coverage Ratio: 1.0000 | Supervised Pairs: 203750 | Topo Loss Scale: 1.0000 | Total Positive Edges: 48771 | Train Forward Backward S: 11500.8346 | Train Loss: 1.0392 | Val AUPRC: 0.9421 | Val Pair Pass S: 209.0407 | Val Threshold S: 0.0000
2026-05-29 17:09:04 INFO Early Stop | Epoch: 20
2026-05-29 17:09:04 INFO Stage Done | Run Id: topo_gs_rd_bce_low
2026-05-29 17:09:04 INFO Stage Start | Checkpoint: models/v3/topology_finetune/topo_gs_rd_bce_low/best_model.pth | Run Id: topo_gs_rd_bce_low
2026-05-29 17:09:04 INFO Checkpoint Loaded | Path: models/v3/topology_finetune/topo_gs_rd_bce_low/best_model.pth
2026-05-29 17:09:04 INFO Decision Threshold | Mode: fixed | Value: 0.5000
2026-05-29 17:16:33 INFO Evaluation Metrics | Accuracy: 0.6074 | AUPRC: 0.7050 | Auroc: 0.6851 | F1: 0.4347 | Mcc: 0.2716 | Precision: 0.7766 | Recall: 0.3018 | Sensitivity: 0.3018 | Specificity: 0.9132 | Split: test
2026-05-29 17:16:33 INFO CSV Written | Path: logs/v3/evaluate/topo_gs_rd_bce_low/evaluate.csv
2026-05-29 17:16:33 INFO Stage Done | Run Id: topo_gs_rd_bce_low
2026-05-29 17:16:33 INFO Stage Start | Checkpoint: models/v3/topology_finetune/topo_gs_rd_bce_low/best_model.pth | Run Id: topo_gs_rd_bce_low
2026-05-29 17:16:33 INFO Decision Threshold | Mode: fixed | Value: 0.5000
2026-05-29 17:17:22 INFO Topology Inference Ready | Cached Embedding Count: 2017 | Distributed: True | Pair Count: 2035153 | World Size: 4
2026-05-29 19:24:16 INFO Pair Predictions Written | Path: logs/v3/topology_evaluate/topo_gs_rd_bce_low/all_test_ppi_pred.txt
2026-05-29 19:24:59 INFO Topology Metrics Written | Path: logs/v3/topology_evaluate/topo_gs_rd_bce_low/topology_metrics.json
2026-05-29 19:24:59 INFO Comparison Report Skipped | Reason: missing_baselines:src/topology/baselines/pring_human_table2.json
2026-05-29 19:24:59 INFO Stage Done | Run Id: topo_gs_rd_bce_low

*****************************************
Setting OMP_NUM_THREADS environment variable for each process to be 1 in default, to avoid your system being overloaded, please further tune the variable for optimal performance in your application as needed. 
*****************************************
INFO:src.pipeline.__main__:Loaded config: configs/v3/ablations/0427_loss_ablation/topo_rd_only.yaml
WARNING:accelerate.utils.other:[RANK 0] Detected kernel version 3.10.0, which is below the recommended minimum of 5.5.0; this can cause the process to hang. It is recommended to upgrade the kernel to the minimum version or higher.
WARNING:py.warnings:/public/home/wangar2023/grand/.venv/lib/python3.11/site-packages/torch/distributed/c10d_logger.py:83: UserWarning: barrier(): using the device under current context. You can specify `device_id` in `init_process_group` to mute this warning.
  return func(*args, **kwargs)

2026-05-29 19:26:02 INFO Pipeline Runtime | Device: cuda:0 | Distributed: True | Test Batches: 1691 | Train Batches: 762 | Valid Batches: 762 | World Size: 4
2026-05-29 19:26:02 INFO Stage Start | Checkpoint: models/v3/train/20260308_002906/best_model.pth | Init Mode: warm_start | Run Id: topo_rd_only
WARNING:py.warnings:/public/home/wangar2023/grand/.venv/lib/python3.11/site-packages/deepspeed/runtime/zero/linear.py:47: FutureWarning: `torch.cuda.amp.custom_fwd(args...)` is deprecated. Please use `torch.amp.custom_fwd(args..., device_type='cuda')` instead.
  @autocast_custom_fwd

WARNING:py.warnings:/public/home/wangar2023/grand/.venv/lib/python3.11/site-packages/deepspeed/runtime/zero/linear.py:66: FutureWarning: `torch.cuda.amp.custom_bwd(args...)` is deprecated. Please use `torch.amp.custom_bwd(args..., device_type='cuda')` instead.
  @autocast_custom_bwd

2026-05-29 19:26:51 INFO Finetune Config | Epochs: 20 | Internal Validation Compute Spectral Stats: False | Internal Validation Inference Batch Size: 128 | Internal Validation Node Sizes: [20, 40, 60, 80, 100] | Internal Validation Pairs: 108500 | Internal Validation Subgraphs: 50 | Monitor: val_topology_loss | Pair Batch Size: 32
2026-05-29 19:36:08 INFO Bce Negative Assignment Clipped | Actual Negative Pairs: 154979 | Bce Negative Ratio: 5 | Target Negative Pairs: 243855
2026-05-29 19:36:19 INFO Epoch Progress | Epoch: 1 | Loss: 0.6469 | Progress: 0% | Step: 1/667
2026-05-29 20:27:03 INFO Epoch Progress | Epoch: 1 | Loss: 0.6411 | Progress: 25% | Step: 167/667
2026-05-29 21:18:41 INFO Epoch Progress | Epoch: 1 | Loss: 0.5928 | Progress: 50% | Step: 334/667
2026-05-29 22:05:00 INFO Epoch Progress | Epoch: 1 | Loss: 0.7144 | Progress: 75% | Step: 501/667
2026-05-29 22:46:56 INFO Epoch Progress | Epoch: 1 | Loss: 0.8025 | Progress: 100% | Step: 667/667
2026-05-29 22:57:29 INFO Best Saved | Epoch: 1 | Monitor: val_topology_loss | Value: 63.5779
2026-05-29 22:57:29 INFO Epoch Done | All Subgraph Pairs: 1620810 | Bce Negative Pairs: 154979 | Bce Negative Ratio: 3.1777 | Bce Positive Pairs: 48771 | Bce Supervised Fraction: 0.1257 | Bce Target Negative Pairs: 243855 | Covered Positive Edges: 48771 | Edge Cover Sampling S: 573.9691 | Epoch: 1 | Internal Val Graph Sim: 0.1971 | Internal Val Topology S: 399.7870 | Mean Positive Edge Reuse: 1.0000 | Peak Gpu Mem Mb: 26117.5688 | Planned Subgraphs: 2668 | Positive Edge Coverage Ratio: 1.0000 | Supervised Pairs: 203750 | Topo Loss Scale: 1.0000 | Total Positive Edges: 48771 | Train Forward Backward S: 11307.5374 | Train Loss: 0.8366 | Val AUPRC: 0.9136 | Val Pair Pass S: 232.5212 | Val Threshold S: 0.0000
2026-05-29 23:07:00 INFO Bce Negative Assignment Clipped | Actual Negative Pairs: 154979 | Bce Negative Ratio: 5 | Target Negative Pairs: 243855
2026-05-29 23:07:12 INFO Epoch Progress | Epoch: 2 | Loss: 0.9976 | Progress: 0% | Step: 1/667
2026-05-29 23:58:55 INFO Epoch Progress | Epoch: 2 | Loss: 0.7663 | Progress: 25% | Step: 167/667
2026-05-30 00:52:31 INFO Epoch Progress | Epoch: 2 | Loss: 0.6101 | Progress: 50% | Step: 334/667
2026-05-30 01:40:11 INFO Epoch Progress | Epoch: 2 | Loss: 0.7050 | Progress: 75% | Step: 501/667
2026-05-30 02:21:52 INFO Epoch Progress | Epoch: 2 | Loss: 0.8035 | Progress: 100% | Step: 667/667
2026-05-30 02:31:48 INFO Best Saved | Epoch: 2 | Monitor: val_topology_loss | Value: 21.4399
2026-05-30 02:31:48 INFO Epoch Done | All Subgraph Pairs: 1620810 | Bce Negative Pairs: 154979 | Bce Negative Ratio: 3.1777 | Bce Positive Pairs: 48771 | Bce Supervised Fraction: 0.1257 | Bce Target Negative Pairs: 243855 | Covered Positive Edges: 48771 | Edge Cover Sampling S: 562.1497 | Epoch: 2 | Internal Val Graph Sim: 0.2209 | Internal Val Topology S: 385.5606 | Mean Positive Edge Reuse: 1.0000 | Peak Gpu Mem Mb: 26510.3628 | Planned Subgraphs: 2668 | Positive Edge Coverage Ratio: 1.0000 | Supervised Pairs: 203750 | Topo Loss Scale: 1.0000 | Total Positive Edges: 48771 | Train Forward Backward S: 11576.4147 | Train Loss: 0.8269 | Val AUPRC: 0.9273 | Val Pair Pass S: 210.1031 | Val Threshold S: 0.0000
2026-05-30 02:41:27 INFO Bce Negative Assignment Clipped | Actual Negative Pairs: 154979 | Bce Negative Ratio: 5 | Target Negative Pairs: 243855
2026-05-30 02:41:37 INFO Epoch Progress | Epoch: 3 | Loss: 0.6267 | Progress: 0% | Step: 1/668
2026-05-30 03:32:14 INFO Epoch Progress | Epoch: 3 | Loss: 0.6300 | Progress: 25% | Step: 167/668
2026-05-30 04:24:33 INFO Epoch Progress | Epoch: 3 | Loss: 0.5263 | Progress: 50% | Step: 334/668
2026-05-30 05:11:32 INFO Epoch Progress | Epoch: 3 | Loss: 0.6450 | Progress: 75% | Step: 501/668
2026-05-30 05:53:28 INFO Epoch Progress | Epoch: 3 | Loss: 0.7546 | Progress: 100% | Step: 668/668
2026-05-30 06:03:25 INFO Best Saved | Epoch: 3 | Monitor: val_topology_loss | Value: 16.5013
2026-05-30 06:03:25 INFO Epoch Done | All Subgraph Pairs: 1622025 | Bce Negative Pairs: 154979 | Bce Negative Ratio: 3.1777 | Bce Positive Pairs: 48771 | Bce Supervised Fraction: 0.1256 | Bce Target Negative Pairs: 243855 | Covered Positive Edges: 48771 | Edge Cover Sampling S: 567.0907 | Epoch: 3 | Internal Val Graph Sim: 0.2276 | Internal Val Topology S: 387.5739 | Mean Positive Edge Reuse: 1.0000 | Peak Gpu Mem Mb: 26307.4404 | Planned Subgraphs: 2670 | Positive Edge Coverage Ratio: 1.0000 | Supervised Pairs: 203750 | Topo Loss Scale: 1.0000 | Total Positive Edges: 48771 | Train Forward Backward S: 11408.8422 | Train Loss: 0.7661 | Val AUPRC: 0.9294 | Val Pair Pass S: 209.1572 | Val Threshold S: 0.0000
2026-05-30 06:12:35 INFO Bce Negative Assignment Clipped | Actual Negative Pairs: 154979 | Bce Negative Ratio: 5 | Target Negative Pairs: 243855
2026-05-30 06:12:46 INFO Epoch Progress | Epoch: 4 | Loss: 0.7497 | Progress: 0% | Step: 1/668
2026-05-30 07:03:50 INFO Epoch Progress | Epoch: 4 | Loss: 0.6038 | Progress: 25% | Step: 167/668
2026-05-30 07:56:01 INFO Epoch Progress | Epoch: 4 | Loss: 0.5127 | Progress: 50% | Step: 334/668
2026-05-30 08:43:26 INFO Epoch Progress | Epoch: 4 | Loss: 0.6168 | Progress: 75% | Step: 501/668
2026-05-30 09:25:19 INFO Epoch Progress | Epoch: 4 | Loss: 0.7246 | Progress: 100% | Step: 668/668
2026-05-30 09:35:18 INFO Best Saved | Epoch: 4 | Monitor: val_topology_loss | Value: 14.1076
2026-05-30 09:35:18 INFO Epoch Done | All Subgraph Pairs: 1621245 | Bce Negative Pairs: 154979 | Bce Negative Ratio: 3.1777 | Bce Positive Pairs: 48771 | Bce Supervised Fraction: 0.1257 | Bce Target Negative Pairs: 243855 | Covered Positive Edges: 48771 | Edge Cover Sampling S: 557.9840 | Epoch: 4 | Internal Val Graph Sim: 0.2312 | Internal Val Topology S: 389.4238 | Mean Positive Edge Reuse: 1.0000 | Peak Gpu Mem Mb: 26022.8574 | Planned Subgraphs: 2669 | Positive Edge Coverage Ratio: 1.0000 | Supervised Pairs: 203750 | Topo Loss Scale: 1.0000 | Total Positive Edges: 48771 | Train Forward Backward S: 11431.1093 | Train Loss: 0.7421 | Val AUPRC: 0.9306 | Val Pair Pass S: 210.1059 | Val Threshold S: 0.0000
2026-05-30 09:45:12 INFO Bce Negative Assignment Clipped | Actual Negative Pairs: 154979 | Bce Negative Ratio: 5 | Target Negative Pairs: 243855
2026-05-30 09:45:25 INFO Epoch Progress | Epoch: 5 | Loss: 0.6782 | Progress: 0% | Step: 1/667
2026-05-30 10:36:07 INFO Epoch Progress | Epoch: 5 | Loss: 0.5949 | Progress: 25% | Step: 167/667
2026-05-30 11:28:23 INFO Epoch Progress | Epoch: 5 | Loss: 0.4961 | Progress: 50% | Step: 334/667
2026-05-30 12:15:36 INFO Epoch Progress | Epoch: 5 | Loss: 0.5941 | Progress: 75% | Step: 501/667
2026-05-30 12:57:28 INFO Epoch Progress | Epoch: 5 | Loss: 0.6974 | Progress: 100% | Step: 667/667
2026-05-30 13:07:24 INFO Best Saved | Epoch: 5 | Monitor: val_topology_loss | Value: 12.7591
2026-05-30 13:07:24 INFO Epoch Done | All Subgraph Pairs: 1620030 | Bce Negative Pairs: 154979 | Bce Negative Ratio: 3.1777 | Bce Positive Pairs: 48771 | Bce Supervised Fraction: 0.1258 | Bce Target Negative Pairs: 243855 | Covered Positive Edges: 48771 | Edge Cover Sampling S: 571.6559 | Epoch: 5 | Internal Val Graph Sim: 0.2343 | Internal Val Topology S: 387.8652 | Mean Positive Edge Reuse: 1.0000 | Peak Gpu Mem Mb: 26460.3521 | Planned Subgraphs: 2667 | Positive Edge Coverage Ratio: 1.0000 | Supervised Pairs: 203750 | Topo Loss Scale: 1.0000 | Total Positive Edges: 48771 | Train Forward Backward S: 11433.1100 | Train Loss: 0.7273 | Val AUPRC: 0.9312 | Val Pair Pass S: 208.1841 | Val Threshold S: 0.0000
2026-05-30 13:16:16 INFO Bce Negative Assignment Clipped | Actual Negative Pairs: 154979 | Bce Negative Ratio: 5 | Target Negative Pairs: 243855
2026-05-30 13:16:26 INFO Epoch Progress | Epoch: 6 | Loss: 0.6203 | Progress: 0% | Step: 1/668
2026-05-30 14:07:32 INFO Epoch Progress | Epoch: 6 | Loss: 0.5670 | Progress: 25% | Step: 167/668
2026-05-30 14:59:50 INFO Epoch Progress | Epoch: 6 | Loss: 0.4807 | Progress: 50% | Step: 334/668
2026-05-30 15:47:05 INFO Epoch Progress | Epoch: 6 | Loss: 0.5833 | Progress: 75% | Step: 501/668
slurmstepd: error: *** JOB 917913 ON hexm01 CANCELLED AT 2026-05-30T15:50:50 DUE TO TIME LIMIT ***
