2026-05-01 17:07:50 INFO Pipeline Runtime | Device: cuda:0 | Distributed: True | Test Batches: 1691 | Train Batches: 812 | Valid Batches: 762 | World Size: 4
2026-05-01 17:07:50 INFO Stage Start | Run Id: mean_attn_s101
2026-05-01 17:07:53 INFO Train Config | Epochs: 50 | Monitor: auprc | Patience: 10
2026-05-01 17:07:53 INFO Epoch Start | Epoch: 1
2026-05-01 17:07:59 INFO Epoch Progress | Epoch: 1 | Loss: 0.7857 | LR: 4e-06 | Progress: 0% | Step: 1/812
2026-05-01 17:09:55 INFO Epoch Progress | Epoch: 1 | Loss: 0.7268 | LR: 1.30844e-05 | Progress: 25% | Step: 203/812
2026-05-01 17:11:52 INFO Epoch Progress | Epoch: 1 | Loss: 0.7157 | LR: 3.704e-05 | Progress: 50% | Step: 406/812
2026-05-01 17:13:49 INFO Epoch Progress | Epoch: 1 | Loss: 0.6827 | LR: 6.67126e-05 | Progress: 75% | Step: 609/812
2026-05-01 17:15:46 INFO Epoch Progress | Epoch: 1 | Loss: 0.6448 | LR: 9.07628e-05 | Progress: 100% | Step: 812/812
2026-05-01 17:19:36 INFO CSV Written | Epoch: 1
2026-05-01 17:19:42 INFO Best Saved | Epoch: 1 | Monitor: val_auprc | Value: 0.8451
2026-05-01 17:19:42 INFO Epoch Done | Epoch: 1 | Time: 703.3416 | Train Loss: 0.6442 | Val Accuracy: 0.7674 | Val AUPRC: 0.8451 | Val Auroc: 0.8484 | Val F1: 0.7576 | Val Loss: 0.5134
2026-05-01 17:19:42 INFO Epoch Start | Epoch: 2
2026-05-01 17:19:44 INFO Epoch Progress | Epoch: 2 | Loss: 0.3637 | LR: 9.08503e-05 | Progress: 0% | Step: 1/812
2026-05-01 17:21:41 INFO Epoch Progress | Epoch: 2 | Loss: 0.4985 | LR: 9.99999e-05 | Progress: 25% | Step: 203/812
2026-05-01 17:23:38 INFO Epoch Progress | Epoch: 2 | Loss: 0.4838 | LR: 9.98791e-05 | Progress: 50% | Step: 406/812
2026-05-01 17:25:36 INFO Epoch Progress | Epoch: 2 | Loss: 0.4802 | LR: 9.95152e-05 | Progress: 75% | Step: 609/812
2026-05-01 17:27:35 INFO Epoch Progress | Epoch: 2 | Loss: 0.4752 | LR: 9.89101e-05 | Progress: 100% | Step: 812/812
2026-05-01 17:31:19 INFO CSV Written | Epoch: 2
2026-05-01 17:31:19 INFO Best Saved | Epoch: 2 | Monitor: val_auprc | Value: 0.8977
2026-05-01 17:31:19 INFO Epoch Done | Epoch: 2 | Time: 697.0366 | Train Loss: 0.4735 | Val Accuracy: 0.8136 | Val AUPRC: 0.8977 | Val Auroc: 0.8974 | Val F1: 0.8104 | Val Loss: 0.4425
2026-05-01 17:31:19 INFO Epoch Start | Epoch: 3
2026-05-01 17:31:22 INFO Epoch Progress | Epoch: 3 | Loss: 0.4094 | LR: 9.89065e-05 | Progress: 0% | Step: 1/812
2026-05-01 17:33:21 INFO Epoch Progress | Epoch: 3 | Loss: 0.4306 | LR: 9.80666e-05 | Progress: 25% | Step: 203/812
2026-05-01 17:35:19 INFO Epoch Progress | Epoch: 3 | Loss: 0.4290 | LR: 9.69891e-05 | Progress: 50% | Step: 406/812
2026-05-01 17:37:18 INFO Epoch Progress | Epoch: 3 | Loss: 0.4237 | LR: 9.56895e-05 | Progress: 75% | Step: 609/812
2026-05-01 17:39:16 INFO Epoch Progress | Epoch: 3 | Loss: 0.4204 | LR: 9.41615e-05 | Progress: 100% | Step: 812/812
2026-05-01 17:43:02 INFO CSV Written | Epoch: 3
2026-05-01 17:43:03 INFO Best Saved | Epoch: 3 | Monitor: val_auprc | Value: 0.9165
2026-05-01 17:43:03 INFO Epoch Done | Epoch: 3 | Time: 703.2059 | Train Loss: 0.4192 | Val Accuracy: 0.8346 | Val AUPRC: 0.9165 | Val Auroc: 0.9171 | Val F1: 0.8311 | Val Loss: 0.4162
2026-05-01 17:43:03 INFO Epoch Start | Epoch: 4
2026-05-01 17:43:05 INFO Epoch Progress | Epoch: 4 | Loss: 0.5520 | LR: 9.41535e-05 | Progress: 0% | Step: 1/812
2026-05-01 17:45:04 INFO Epoch Progress | Epoch: 4 | Loss: 0.3839 | LR: 9.24184e-05 | Progress: 25% | Step: 203/812
2026-05-01 17:47:03 INFO Epoch Progress | Epoch: 4 | Loss: 0.3846 | LR: 9.04686e-05 | Progress: 50% | Step: 406/812
2026-05-01 17:49:03 INFO Epoch Progress | Epoch: 4 | Loss: 0.3822 | LR: 8.83216e-05 | Progress: 75% | Step: 609/812
2026-05-01 17:51:02 INFO Epoch Progress | Epoch: 4 | Loss: 0.3807 | LR: 8.59879e-05 | Progress: 100% | Step: 812/812
2026-05-01 17:54:45 INFO CSV Written | Epoch: 4
2026-05-01 17:54:45 INFO Best Saved | Epoch: 4 | Monitor: val_auprc | Value: 0.9237
2026-05-01 17:54:45 INFO Epoch Done | Epoch: 4 | Time: 701.8284 | Train Loss: 0.3817 | Val Accuracy: 0.8453 | Val AUPRC: 0.9237 | Val Auroc: 0.9250 | Val F1: 0.8435 | Val Loss: 0.3949
2026-05-01 17:54:45 INFO Epoch Start | Epoch: 5
2026-05-01 17:54:47 INFO Epoch Progress | Epoch: 5 | Loss: 0.3073 | LR: 8.5976e-05 | Progress: 0% | Step: 1/812
2026-05-01 17:56:45 INFO Epoch Progress | Epoch: 5 | Loss: 0.3502 | LR: 8.3479e-05 | Progress: 25% | Step: 203/812
2026-05-01 17:58:43 INFO Epoch Progress | Epoch: 5 | Loss: 0.3489 | LR: 8.08069e-05 | Progress: 50% | Step: 406/812
2026-05-01 18:00:41 INFO Epoch Progress | Epoch: 5 | Loss: 0.3533 | LR: 7.79847e-05 | Progress: 75% | Step: 609/812
2026-05-01 18:02:40 INFO Epoch Progress | Epoch: 5 | Loss: 0.3552 | LR: 7.50262e-05 | Progress: 100% | Step: 812/812
2026-05-01 18:06:27 INFO CSV Written | Epoch: 5
2026-05-01 18:06:27 INFO Best Saved | Epoch: 5 | Monitor: val_auprc | Value: 0.9316
2026-05-01 18:06:27 INFO Epoch Done | Epoch: 5 | Time: 702.3701 | Train Loss: 0.3531 | Val Accuracy: 0.8551 | Val AUPRC: 0.9316 | Val Auroc: 0.9333 | Val F1: 0.8526 | Val Loss: 0.3844
2026-05-01 18:06:27 INFO Epoch Start | Epoch: 6
2026-05-01 18:06:41 INFO Epoch Progress | Epoch: 6 | Loss: 1.0460 | LR: 7.50113e-05 | Progress: 1% | Step: 1/190
2026-05-01 18:08:15 INFO Epoch Progress | Epoch: 6 | Loss: 0.6907 | LR: 7.43082e-05 | Progress: 25% | Step: 48/190
2026-05-01 18:09:50 INFO Epoch Progress | Epoch: 6 | Loss: 0.6817 | LR: 7.35837e-05 | Progress: 51% | Step: 96/190
2026-05-01 18:11:25 INFO Epoch Progress | Epoch: 6 | Loss: 0.6826 | LR: 7.28527e-05 | Progress: 76% | Step: 144/190
2026-05-01 18:12:54 INFO Epoch Progress | Epoch: 6 | Loss: 0.6787 | LR: 7.21463e-05 | Progress: 100% | Step: 190/190
2026-05-01 18:16:40 INFO CSV Written | Epoch: 6
2026-05-01 18:16:41 INFO Best Saved | Epoch: 6 | Monitor: val_auprc | Value: 0.9341
2026-05-01 18:16:41 INFO Epoch Done | Epoch: 6 | Time: 612.8050 | Train Loss: 0.6796 | Val Accuracy: 0.8651 | Val AUPRC: 0.9341 | Val Auroc: 0.9368 | Val F1: 0.8684 | Val Loss: 0.4731
2026-05-01 18:16:41 INFO Epoch Start | Epoch: 7
2026-05-01 18:16:51 INFO Epoch Progress | Epoch: 7 | Loss: 0.7505 | LR: 7.21309e-05 | Progress: 1% | Step: 1/190
2026-05-01 18:18:24 INFO Epoch Progress | Epoch: 7 | Loss: 0.6465 | LR: 7.14034e-05 | Progress: 25% | Step: 48/190
2026-05-01 18:19:57 INFO Epoch Progress | Epoch: 7 | Loss: 0.6537 | LR: 7.06546e-05 | Progress: 51% | Step: 96/190
2026-05-01 18:21:31 INFO Epoch Progress | Epoch: 7 | Loss: 0.6506 | LR: 6.99159e-05 | Progress: 76% | Step: 144/190
2026-05-01 18:22:59 INFO Epoch Progress | Epoch: 7 | Loss: 0.6533 | LR: 6.91879e-05 | Progress: 100% | Step: 190/190
2026-05-01 18:26:42 INFO CSV Written | Epoch: 7
2026-05-01 18:26:42 INFO Best Saved | Epoch: 7 | Monitor: val_auprc | Value: 0.9344
2026-05-01 18:26:42 INFO Epoch Done | Epoch: 7 | Time: 601.4687 | Train Loss: 0.6525 | Val Accuracy: 0.8644 | Val AUPRC: 0.9344 | Val Auroc: 0.9367 | Val F1: 0.8670 | Val Loss: 0.4679
2026-05-01 18:26:42 INFO Epoch Start | Epoch: 8
2026-05-01 18:26:52 INFO Epoch Progress | Epoch: 8 | Loss: 0.6032 | LR: 6.9172e-05 | Progress: 1% | Step: 1/190
2026-05-01 18:28:24 INFO Epoch Progress | Epoch: 8 | Loss: 0.6321 | LR: 6.84231e-05 | Progress: 25% | Step: 48/190
2026-05-01 18:29:58 INFO Epoch Progress | Epoch: 8 | Loss: 0.6367 | LR: 6.76534e-05 | Progress: 51% | Step: 96/190
2026-05-01 18:31:32 INFO Epoch Progress | Epoch: 8 | Loss: 0.6385 | LR: 6.68788e-05 | Progress: 76% | Step: 144/190
2026-05-01 18:33:00 INFO Epoch Progress | Epoch: 8 | Loss: 0.6368 | LR: 6.61321e-05 | Progress: 100% | Step: 190/190
2026-05-01 18:36:44 INFO CSV Written | Epoch: 8
2026-05-01 18:36:44 INFO Epoch Done | Epoch: 8 | Time: 601.5673 | Train Loss: 0.6390 | Val Accuracy: 0.8641 | Val AUPRC: 0.9343 | Val Auroc: 0.9367 | Val F1: 0.8656 | Val Loss: 0.4648
2026-05-01 18:36:44 INFO Epoch Start | Epoch: 9
2026-05-01 18:36:54 INFO Epoch Progress | Epoch: 9 | Loss: 0.5727 | LR: 6.61159e-05 | Progress: 1% | Step: 1/190
2026-05-01 18:38:27 INFO Epoch Progress | Epoch: 9 | Loss: 0.6002 | LR: 6.53487e-05 | Progress: 25% | Step: 48/190
2026-05-01 18:40:01 INFO Epoch Progress | Epoch: 9 | Loss: 0.6230 | LR: 6.45612e-05 | Progress: 51% | Step: 96/190
2026-05-01 18:41:35 INFO Epoch Progress | Epoch: 9 | Loss: 0.6282 | LR: 6.37696e-05 | Progress: 76% | Step: 144/190
2026-05-01 18:43:03 INFO Epoch Progress | Epoch: 9 | Loss: 0.6235 | LR: 6.30075e-05 | Progress: 100% | Step: 190/190
2026-05-01 18:46:46 INFO CSV Written | Epoch: 9
2026-05-01 18:46:46 INFO Epoch Done | Epoch: 9 | Time: 602.1235 | Train Loss: 0.6227 | Val Accuracy: 0.8652 | Val AUPRC: 0.9333 | Val Auroc: 0.9368 | Val F1: 0.8682 | Val Loss: 0.4266
2026-05-01 18:46:46 INFO Epoch Start | Epoch: 10
2026-05-01 18:46:56 INFO Epoch Progress | Epoch: 10 | Loss: 0.6142 | LR: 6.29909e-05 | Progress: 1% | Step: 1/190
2026-05-01 18:48:27 INFO Epoch Progress | Epoch: 10 | Loss: 0.5966 | LR: 6.22088e-05 | Progress: 25% | Step: 48/190
2026-05-01 18:49:58 INFO Epoch Progress | Epoch: 10 | Loss: 0.5999 | LR: 6.14068e-05 | Progress: 51% | Step: 96/190
2026-05-01 18:51:31 INFO Epoch Progress | Epoch: 10 | Loss: 0.6024 | LR: 6.06017e-05 | Progress: 76% | Step: 144/190
2026-05-01 18:52:58 INFO Epoch Progress | Epoch: 10 | Loss: 0.6067 | LR: 5.98274e-05 | Progress: 100% | Step: 190/190
2026-05-01 18:56:43 INFO CSV Written | Epoch: 10
2026-05-01 18:56:43 INFO Best Saved | Epoch: 10 | Monitor: val_auprc | Value: 0.9361
2026-05-01 18:56:43 INFO Epoch Done | Epoch: 10 | Time: 597.0685 | Train Loss: 0.6056 | Val Accuracy: 0.8682 | Val AUPRC: 0.9361 | Val Auroc: 0.9387 | Val F1: 0.8705 | Val Loss: 0.4401
2026-05-01 18:56:43 INFO Epoch Start | Epoch: 11
2026-05-01 18:56:53 INFO Epoch Progress | Epoch: 11 | Loss: 0.5344 | LR: 5.98105e-05 | Progress: 1% | Step: 1/190
2026-05-01 18:58:25 INFO Epoch Progress | Epoch: 11 | Loss: 0.5761 | LR: 5.90168e-05 | Progress: 25% | Step: 48/190
2026-05-01 18:59:59 INFO Epoch Progress | Epoch: 11 | Loss: 0.5825 | LR: 5.82038e-05 | Progress: 51% | Step: 96/190
2026-05-01 19:01:33 INFO Epoch Progress | Epoch: 11 | Loss: 0.5832 | LR: 5.74055e-05 | Progress: 76% | Step: 144/190
2026-05-01 19:03:02 INFO Epoch Progress | Epoch: 11 | Loss: 0.5813 | LR: 5.66224e-05 | Progress: 100% | Step: 190/190
2026-05-01 19:06:46 INFO CSV Written | Epoch: 11
2026-05-01 19:06:46 INFO Epoch Done | Epoch: 11 | Time: 602.6692 | Train Loss: 0.5812 | Val Accuracy: 0.8648 | Val AUPRC: 0.9343 | Val Auroc: 0.9373 | Val F1: 0.8632 | Val Loss: 0.4216
2026-05-01 19:06:46 INFO Epoch Start | Epoch: 12
2026-05-01 19:06:56 INFO Epoch Progress | Epoch: 12 | Loss: 0.3816 | LR: 5.66053e-05 | Progress: 1% | Step: 1/190
2026-05-01 19:08:28 INFO Epoch Progress | Epoch: 12 | Loss: 0.5512 | LR: 5.58034e-05 | Progress: 25% | Step: 48/190
2026-05-01 19:10:02 INFO Epoch Progress | Epoch: 12 | Loss: 0.5622 | LR: 5.49828e-05 | Progress: 51% | Step: 96/190
2026-05-01 19:11:35 INFO Epoch Progress | Epoch: 12 | Loss: 0.5631 | LR: 5.41609e-05 | Progress: 76% | Step: 144/190
2026-05-01 19:13:04 INFO Epoch Progress | Epoch: 12 | Loss: 0.5617 | LR: 5.33722e-05 | Progress: 100% | Step: 190/190
2026-05-01 19:16:48 INFO CSV Written | Epoch: 12
2026-05-01 19:16:48 INFO Epoch Done | Epoch: 12 | Time: 601.7485 | Train Loss: 0.5625 | Val Accuracy: 0.8629 | Val AUPRC: 0.9326 | Val Auroc: 0.9352 | Val F1: 0.8631 | Val Loss: 0.4171
2026-05-01 19:16:48 INFO Epoch Start | Epoch: 13
2026-05-01 19:16:56 INFO Epoch Progress | Epoch: 13 | Loss: 0.5928 | LR: 5.33551e-05 | Progress: 1% | Step: 1/190
2026-05-01 19:18:27 INFO Epoch Progress | Epoch: 13 | Loss: 0.5118 | LR: 5.25483e-05 | Progress: 25% | Step: 48/190
2026-05-01 19:20:01 INFO Epoch Progress | Epoch: 13 | Loss: 0.5438 | LR: 5.17237e-05 | Progress: 51% | Step: 96/190
2026-05-01 19:21:33 INFO Epoch Progress | Epoch: 13 | Loss: 0.5397 | LR: 5.08986e-05 | Progress: 76% | Step: 144/190
2026-05-01 19:23:00 INFO Epoch Progress | Epoch: 13 | Loss: 0.5413 | LR: 5.01077e-05 | Progress: 100% | Step: 190/190
2026-05-01 19:26:46 INFO CSV Written | Epoch: 13
2026-05-01 19:26:46 INFO Epoch Done | Epoch: 13 | Time: 597.6797 | Train Loss: 0.5366 | Val Accuracy: 0.8681 | Val AUPRC: 0.9339 | Val Auroc: 0.9382 | Val F1: 0.8673 | Val Loss: 0.4025
2026-05-01 19:26:46 INFO Epoch Start | Epoch: 14
2026-05-01 19:26:55 INFO Epoch Progress | Epoch: 14 | Loss: 0.5096 | LR: 5.00905e-05 | Progress: 1% | Step: 1/190
2026-05-01 19:28:28 INFO Epoch Progress | Epoch: 14 | Loss: 0.4932 | LR: 4.92823e-05 | Progress: 25% | Step: 48/190
2026-05-01 19:30:03 INFO Epoch Progress | Epoch: 14 | Loss: 0.5017 | LR: 4.84572e-05 | Progress: 51% | Step: 96/190
2026-05-01 19:31:36 INFO Epoch Progress | Epoch: 14 | Loss: 0.5142 | LR: 4.76324e-05 | Progress: 76% | Step: 144/190
2026-05-01 19:33:04 INFO Epoch Progress | Epoch: 14 | Loss: 0.5151 | LR: 4.68427e-05 | Progress: 100% | Step: 190/190
2026-05-01 19:36:48 INFO CSV Written | Epoch: 14
2026-05-01 19:36:48 INFO Epoch Done | Epoch: 14 | Time: 602.7847 | Train Loss: 0.5182 | Val Accuracy: 0.8673 | Val AUPRC: 0.9346 | Val Auroc: 0.9378 | Val F1: 0.8685 | Val Loss: 0.3968
2026-05-01 19:36:48 INFO Epoch Start | Epoch: 15
2026-05-01 19:36:57 INFO Epoch Progress | Epoch: 15 | Loss: 0.4781 | LR: 4.68255e-05 | Progress: 1% | Step: 1/190
2026-05-01 19:38:29 INFO Epoch Progress | Epoch: 15 | Loss: 0.4939 | LR: 4.60194e-05 | Progress: 25% | Step: 48/190
2026-05-01 19:40:03 INFO Epoch Progress | Epoch: 15 | Loss: 0.4948 | LR: 4.51972e-05 | Progress: 51% | Step: 96/190
2026-05-01 19:41:38 INFO Epoch Progress | Epoch: 15 | Loss: 0.4891 | LR: 4.43764e-05 | Progress: 76% | Step: 144/190
2026-05-01 19:43:06 INFO Epoch Progress | Epoch: 15 | Loss: 0.4890 | LR: 4.35911e-05 | Progress: 100% | Step: 190/190
2026-05-01 19:46:49 INFO CSV Written | Epoch: 15
2026-05-01 19:46:49 INFO Epoch Done | Epoch: 15 | Time: 600.2403 | Train Loss: 0.4873 | Val Accuracy: 0.8651 | Val AUPRC: 0.9301 | Val Auroc: 0.9346 | Val F1: 0.8655 | Val Loss: 0.3960
2026-05-01 19:46:49 INFO Epoch Start | Epoch: 16
2026-05-01 19:46:59 INFO Epoch Progress | Epoch: 16 | Loss: 0.3152 | LR: 4.35741e-05 | Progress: 1% | Step: 1/190
2026-05-01 19:48:29 INFO Epoch Progress | Epoch: 16 | Loss: 0.4461 | LR: 4.27735e-05 | Progress: 25% | Step: 48/190
2026-05-01 19:50:03 INFO Epoch Progress | Epoch: 16 | Loss: 0.4580 | LR: 4.19578e-05 | Progress: 51% | Step: 96/190
2026-05-01 19:51:34 INFO Epoch Progress | Epoch: 16 | Loss: 0.4611 | LR: 4.11443e-05 | Progress: 76% | Step: 144/190
2026-05-01 19:53:01 INFO Epoch Progress | Epoch: 16 | Loss: 0.4647 | LR: 4.0367e-05 | Progress: 100% | Step: 190/190
2026-05-01 19:56:46 INFO CSV Written | Epoch: 16
2026-05-01 19:56:46 INFO Epoch Done | Epoch: 16 | Time: 597.2430 | Train Loss: 0.4658 | Val Accuracy: 0.8679 | Val AUPRC: 0.9279 | Val Auroc: 0.9338 | Val F1: 0.8680 | Val Loss: 0.3931
2026-05-01 19:56:46 INFO Epoch Start | Epoch: 17
2026-05-01 19:56:56 INFO Epoch Progress | Epoch: 17 | Loss: 0.5736 | LR: 4.03501e-05 | Progress: 1% | Step: 1/190
2026-05-01 19:58:28 INFO Epoch Progress | Epoch: 17 | Loss: 0.4393 | LR: 3.95584e-05 | Progress: 25% | Step: 48/190
2026-05-01 20:00:02 INFO Epoch Progress | Epoch: 17 | Loss: 0.4427 | LR: 3.87527e-05 | Progress: 51% | Step: 96/190
2026-05-01 20:01:35 INFO Epoch Progress | Epoch: 17 | Loss: 0.4469 | LR: 3.795e-05 | Progress: 76% | Step: 144/190
2026-05-01 20:03:03 INFO Epoch Progress | Epoch: 17 | Loss: 0.4426 | LR: 3.71839e-05 | Progress: 100% | Step: 190/190
2026-05-01 20:06:48 INFO CSV Written | Epoch: 17
2026-05-01 20:06:48 INFO Epoch Done | Epoch: 17 | Time: 601.8662 | Train Loss: 0.4395 | Val Accuracy: 0.8675 | Val AUPRC: 0.9250 | Val Auroc: 0.9316 | Val F1: 0.8686 | Val Loss: 0.3920
2026-05-01 20:06:48 INFO Epoch Start | Epoch: 18
2026-05-01 20:06:58 INFO Epoch Progress | Epoch: 18 | Loss: 0.3785 | LR: 3.71673e-05 | Progress: 1% | Step: 1/190
2026-05-01 20:08:30 INFO Epoch Progress | Epoch: 18 | Loss: 0.4189 | LR: 3.63879e-05 | Progress: 25% | Step: 48/190
2026-05-01 20:10:02 INFO Epoch Progress | Epoch: 18 | Loss: 0.4366 | LR: 3.55956e-05 | Progress: 51% | Step: 96/190
2026-05-01 20:11:36 INFO Epoch Progress | Epoch: 18 | Loss: 0.4296 | LR: 3.48072e-05 | Progress: 76% | Step: 144/190
2026-05-01 20:13:04 INFO Epoch Progress | Epoch: 18 | Loss: 0.4234 | LR: 3.40556e-05 | Progress: 100% | Step: 190/190
2026-05-01 20:16:51 INFO CSV Written | Epoch: 18
2026-05-01 20:16:51 INFO Epoch Done | Epoch: 18 | Time: 603.0778 | Train Loss: 0.4218 | Val Accuracy: 0.8705 | Val AUPRC: 0.9274 | Val Auroc: 0.9317 | Val F1: 0.8718 | Val Loss: 0.3909
2026-05-01 20:16:51 INFO Epoch Start | Epoch: 19
2026-05-01 20:17:00 INFO Epoch Progress | Epoch: 19 | Loss: 0.3930 | LR: 3.40393e-05 | Progress: 1% | Step: 1/190
2026-05-01 20:18:32 INFO Epoch Progress | Epoch: 19 | Loss: 0.4152 | LR: 3.32755e-05 | Progress: 25% | Step: 48/190
2026-05-01 20:20:04 INFO Epoch Progress | Epoch: 19 | Loss: 0.4048 | LR: 3.25e-05 | Progress: 51% | Step: 96/190
2026-05-01 20:21:36 INFO Epoch Progress | Epoch: 19 | Loss: 0.4086 | LR: 3.17292e-05 | Progress: 76% | Step: 144/190
2026-05-01 20:23:03 INFO Epoch Progress | Epoch: 19 | Loss: 0.4128 | LR: 3.09953e-05 | Progress: 100% | Step: 190/190
2026-05-01 20:26:48 INFO CSV Written | Epoch: 19
2026-05-01 20:26:48 INFO Epoch Done | Epoch: 19 | Time: 597.6016 | Train Loss: 0.4053 | Val Accuracy: 0.8696 | Val AUPRC: 0.9250 | Val Auroc: 0.9323 | Val F1: 0.8718 | Val Loss: 0.3911
2026-05-01 20:26:48 INFO Epoch Start | Epoch: 20
2026-05-01 20:26:59 INFO Epoch Progress | Epoch: 20 | Loss: 0.1839 | LR: 3.09794e-05 | Progress: 1% | Step: 1/190
2026-05-01 20:28:27 INFO Epoch Progress | Epoch: 20 | Loss: 0.3868 | LR: 3.02345e-05 | Progress: 25% | Step: 48/190
2026-05-01 20:29:58 INFO Epoch Progress | Epoch: 20 | Loss: 0.3954 | LR: 2.9479e-05 | Progress: 51% | Step: 96/190
2026-05-01 20:31:30 INFO Epoch Progress | Epoch: 20 | Loss: 0.3906 | LR: 2.87292e-05 | Progress: 76% | Step: 144/190
2026-05-01 20:32:56 INFO Epoch Progress | Epoch: 20 | Loss: 0.3913 | LR: 2.80161e-05 | Progress: 100% | Step: 190/190
2026-05-01 20:36:42 INFO CSV Written | Epoch: 20
2026-05-01 20:36:42 INFO Epoch Done | Epoch: 20 | Time: 593.4389 | Train Loss: 0.3884 | Val Accuracy: 0.8697 | Val AUPRC: 0.9178 | Val Auroc: 0.9278 | Val F1: 0.8699 | Val Loss: 0.3957
2026-05-01 20:36:42 INFO Early Stop | Epoch: 20
2026-05-01 20:36:42 INFO Stage Done | Run Id: mean_attn_s101
