2026-05-31 01:56:28 INFO Pipeline Runtime | Device: cuda:0 | Distributed: True | Test Batches: 1691 | Train Batches: 762 | Valid Batches: 762 | World Size: 4
2026-05-31 22:50:30 INFO Pipeline Runtime | Device: cuda:0 | Distributed: True | Test Batches: 1691 | Train Batches: 762 | Valid Batches: 762 | World Size: 4
2026-05-31 22:51:41 INFO Stage Start | Checkpoint: models/tccig/tccig_train/p0_fixed/best_model.pth | Run Id: p0_fixed
2026-05-31 22:51:41 INFO Decision Threshold | Mode: fixed | Value: 0.500
2026-05-31 22:52:27 INFO Topology Inference Ready | Cached Embedding Count: 2017 | Distributed: True | Pair Count: 2035153 | World Size: 4
2026-05-31 22:52:44 INFO Tccig Graph Assembly | Assembly Rule: top_m_hat | Candidate Batch Size: 8192 | M Hat: inf | Pair Count: 2035153 | Selected Edges: 2033136
2026-05-31 22:52:44 INFO Graph Assembly Diagnostics Written | Path: logs/tccig/topology_evaluate/p0_fixed/graph_assembly_diagnostics.json
2026-05-31 22:52:45 INFO Pair Predictions Written | Path: logs/tccig/topology_evaluate/p0_fixed/all_test_ppi_pred.txt
2026-05-31 23:38:42 INFO Pipeline Runtime | Device: cuda:0 | Distributed: True | Test Batches: 1691 | Train Batches: 762 | Valid Batches: 762 | World Size: 4
2026-05-31 23:39:53 INFO Stage Start | Checkpoint: models/tccig/tccig_train/p0_fixed/best_model.pth | Run Id: p0_fixed
2026-05-31 23:39:53 INFO Decision Threshold | Mode: fixed | Value: 0.500
2026-05-31 23:40:39 INFO Topology Inference Ready | Cached Embedding Count: 2017 | Distributed: True | Pair Count: 2035153 | World Size: 4
2026-05-31 23:40:55 INFO Tccig Graph Assembly | Assembly Rule: top_m_hat | Candidate Batch Size: 8192 | M Hat: 88478.148 | Pair Count: 2035153 | Selected Edges: 88478
2026-05-31 23:40:55 INFO Graph Assembly Diagnostics Written | Path: logs/tccig/topology_evaluate/p0_fixed/graph_assembly_diagnostics.json
2026-05-31 23:40:56 INFO Pair Predictions Written | Path: logs/tccig/topology_evaluate/p0_fixed/all_test_ppi_pred.txt
2026-05-31 23:41:42 INFO Topology Metrics Written | Path: logs/tccig/topology_evaluate/p0_fixed/topology_metrics.json
2026-05-31 23:41:42 INFO Comparison Report Skipped | Reason: missing_baselines:src/topology/baselines/pring_human_table2.json
2026-05-31 23:41:42 INFO Stage Done | Run Id: p0_fixed
2026-06-01 00:23:58 INFO Pipeline Runtime | Device: cuda:0 | Distributed: True | Test Batches: 1691 | Train Batches: 762 | Valid Batches: 762 | World Size: 4
2026-06-01 01:32:41 INFO Stage Start | Checkpoint: models/tccig/tccig_train/p0_fixed/best_model.pth | Run Id: p0_fixed
2026-06-01 01:32:41 INFO Fixed Threshold Diagnostic | Mode: fixed | Value: 0.500
2026-06-01 01:33:23 INFO Topology Inference Ready | Cached Embedding Count: 2017 | Distributed: True | Pair Count: 2035153 | World Size: 4
2026-06-01 01:33:40 INFO Tccig Graph Assembly | Assembly Rule: top_m_hat | Candidate Batch Size: 8192 | M Hat: 88478.148 | Pair Count: 2035153 | Selected Edges: 88478
2026-06-01 01:33:40 INFO Graph Assembly Diagnostics Written | Path: logs/tccig/topology_evaluate/p0_fixed/graph_assembly_diagnostics.json
2026-06-01 01:33:41 INFO Pair Predictions Written | Path: logs/tccig/topology_evaluate/p0_fixed/all_test_ppi_pred.txt
2026-06-01 01:34:27 INFO Topology Metrics Written | Path: logs/tccig/topology_evaluate/p0_fixed/topology_metrics.json
2026-06-01 01:34:27 INFO Comparison Report Skipped | Reason: missing_baselines:src/topology/baselines/pring_human_table2.json
2026-06-01 01:34:27 INFO Stage Done | Run Id: p0_fixed
