2026-05-24 04:24:30 INFO Pipeline Runtime | Device: cuda:0 | Distributed: True | Test Batches: 1691 | Train Batches: 762 | Valid Batches: 762 | World Size: 4
2026-05-24 04:24:30 INFO Stage Start | Checkpoint: models/v3/train/20260308_002906/best_model.pth | Init Mode: warm_start | Run Id: topo_gs_rd_bce_high
2026-05-24 04:25:12 INFO Finetune Config | Epochs: 20 | Internal Validation Compute Spectral Stats: False | Internal Validation Inference Batch Size: 128 | Internal Validation Node Sizes: [20, 40, 60, 80, 100] | Internal Validation Pairs: 108500 | Internal Validation Subgraphs: 50 | Monitor: val_topology_loss | Pair Batch Size: 32
2026-05-24 04:34:48 INFO Bce Negative Assignment Clipped | Actual Negative Pairs: 154979 | Bce Negative Ratio: 5 | Target Negative Pairs: 243855
2026-05-24 04:34:59 INFO Epoch Progress | Epoch: 1 | Loss: 0.6277 | Progress: 0% | Step: 1/667
2026-05-24 05:25:32 INFO Epoch Progress | Epoch: 1 | Loss: 0.6251 | Progress: 25% | Step: 167/667
2026-05-24 06:17:42 INFO Epoch Progress | Epoch: 1 | Loss: 0.5994 | Progress: 50% | Step: 334/667
2026-05-24 07:04:19 INFO Epoch Progress | Epoch: 1 | Loss: 0.6923 | Progress: 75% | Step: 501/667
2026-05-24 07:46:00 INFO Epoch Progress | Epoch: 1 | Loss: 0.7459 | Progress: 100% | Step: 667/667
2026-05-24 07:56:08 INFO Best Saved | Epoch: 1 | Monitor: val_topology_loss | Value: 72.2184
2026-05-24 07:56:08 INFO Epoch Done | All Subgraph Pairs: 1620810 | Bce Negative Pairs: 154979 | Bce Negative Ratio: 3.1777 | Bce Positive Pairs: 48771 | Bce Supervised Fraction: 0.1257 | Bce Target Negative Pairs: 243855 | Covered Positive Edges: 48771 | Edge Cover Sampling S: 562.8814 | Epoch: 1 | Internal Val Graph Sim: 0.1654 | Internal Val Topology S: 384.2592 | Mean Positive Edge Reuse: 1.0000 | Peak Gpu Mem Mb: 26117.5693 | Planned Subgraphs: 2668 | Positive Edge Coverage Ratio: 1.0000 | Supervised Pairs: 203750 | Topo Loss Scale: 1.0000 | Total Positive Edges: 48771 | Train Forward Backward S: 11361.3071 | Train Loss: 0.7663 | Val AUPRC: 0.9077 | Val Pair Pass S: 223.2493 | Val Threshold S: 0.0000
2026-05-24 08:05:16 INFO Bce Negative Assignment Clipped | Actual Negative Pairs: 154979 | Bce Negative Ratio: 5 | Target Negative Pairs: 243855
2026-05-24 08:05:28 INFO Epoch Progress | Epoch: 2 | Loss: 1.2693 | Progress: 0% | Step: 1/667
2026-05-24 08:56:48 INFO Epoch Progress | Epoch: 2 | Loss: 0.9062 | Progress: 25% | Step: 167/667
2026-05-24 09:49:40 INFO Epoch Progress | Epoch: 2 | Loss: 0.7268 | Progress: 50% | Step: 334/667
2026-05-24 10:37:05 INFO Epoch Progress | Epoch: 2 | Loss: 0.7718 | Progress: 75% | Step: 501/667
2026-05-24 11:18:20 INFO Epoch Progress | Epoch: 2 | Loss: 0.8255 | Progress: 100% | Step: 667/667
2026-05-24 11:28:36 INFO Best Saved | Epoch: 2 | Monitor: val_topology_loss | Value: 19.5499
2026-05-24 11:28:36 INFO Epoch Done | All Subgraph Pairs: 1620810 | Bce Negative Pairs: 154979 | Bce Negative Ratio: 3.1777 | Bce Positive Pairs: 48771 | Bce Supervised Fraction: 0.1257 | Bce Target Negative Pairs: 243855 | Covered Positive Edges: 48771 | Edge Cover Sampling S: 558.6967 | Epoch: 2 | Internal Val Graph Sim: 0.2043 | Internal Val Topology S: 394.1054 | Mean Positive Edge Reuse: 1.0000 | Peak Gpu Mem Mb: 26510.3633 | Planned Subgraphs: 2668 | Positive Edge Coverage Ratio: 1.0000 | Supervised Pairs: 203750 | Topo Loss Scale: 1.0000 | Total Positive Edges: 48771 | Train Forward Backward S: 11449.8064 | Train Loss: 0.8405 | Val AUPRC: 0.9222 | Val Pair Pass S: 221.6647 | Val Threshold S: 0.0000
2026-05-24 11:37:50 INFO Bce Negative Assignment Clipped | Actual Negative Pairs: 154979 | Bce Negative Ratio: 5 | Target Negative Pairs: 243855
2026-05-24 11:37:59 INFO Epoch Progress | Epoch: 3 | Loss: 0.7171 | Progress: 0% | Step: 1/668
2026-05-24 12:29:14 INFO Epoch Progress | Epoch: 3 | Loss: 0.7191 | Progress: 25% | Step: 167/668
2026-05-24 13:21:37 INFO Epoch Progress | Epoch: 3 | Loss: 0.6258 | Progress: 50% | Step: 334/668
2026-05-24 14:08:32 INFO Epoch Progress | Epoch: 3 | Loss: 0.7044 | Progress: 75% | Step: 501/668
2026-05-24 14:50:12 INFO Epoch Progress | Epoch: 3 | Loss: 0.7748 | Progress: 100% | Step: 668/668
2026-05-24 15:00:08 INFO Best Saved | Epoch: 3 | Monitor: val_topology_loss | Value: 15.4395
2026-05-24 15:00:08 INFO Epoch Done | All Subgraph Pairs: 1622025 | Bce Negative Pairs: 154979 | Bce Negative Ratio: 3.1777 | Bce Positive Pairs: 48771 | Bce Supervised Fraction: 0.1256 | Bce Target Negative Pairs: 243855 | Covered Positive Edges: 48771 | Edge Cover Sampling S: 565.7781 | Epoch: 3 | Internal Val Graph Sim: 0.2118 | Internal Val Topology S: 389.1284 | Mean Positive Edge Reuse: 1.0000 | Peak Gpu Mem Mb: 26307.4409 | Planned Subgraphs: 2670 | Positive Edge Coverage Ratio: 1.0000 | Supervised Pairs: 203750 | Topo Loss Scale: 1.0000 | Total Positive Edges: 48771 | Train Forward Backward S: 11407.3529 | Train Loss: 0.7795 | Val AUPRC: 0.9244 | Val Pair Pass S: 206.5335 | Val Threshold S: 0.0000
2026-05-24 15:09:33 INFO Bce Negative Assignment Clipped | Actual Negative Pairs: 154979 | Bce Negative Ratio: 5 | Target Negative Pairs: 243855
2026-05-24 15:09:43 INFO Epoch Progress | Epoch: 4 | Loss: 0.7917 | Progress: 0% | Step: 1/668
2026-05-24 16:00:16 INFO Epoch Progress | Epoch: 4 | Loss: 0.6916 | Progress: 25% | Step: 167/668
2026-05-24 16:52:10 INFO Epoch Progress | Epoch: 4 | Loss: 0.6101 | Progress: 50% | Step: 334/668
2026-05-24 17:39:19 INFO Epoch Progress | Epoch: 4 | Loss: 0.6751 | Progress: 75% | Step: 501/668
2026-05-24 18:20:59 INFO Epoch Progress | Epoch: 4 | Loss: 0.7454 | Progress: 100% | Step: 668/668
2026-05-24 18:31:01 INFO Best Saved | Epoch: 4 | Monitor: val_topology_loss | Value: 12.2949
2026-05-24 18:31:01 INFO Epoch Done | All Subgraph Pairs: 1621245 | Bce Negative Pairs: 154979 | Bce Negative Ratio: 3.1777 | Bce Positive Pairs: 48771 | Bce Supervised Fraction: 0.1257 | Bce Target Negative Pairs: 243855 | Covered Positive Edges: 48771 | Edge Cover Sampling S: 571.2893 | Epoch: 4 | Internal Val Graph Sim: 0.2170 | Internal Val Topology S: 394.0059 | Mean Positive Edge Reuse: 1.0000 | Peak Gpu Mem Mb: 26022.8579 | Planned Subgraphs: 2669 | Positive Edge Coverage Ratio: 1.0000 | Supervised Pairs: 203750 | Topo Loss Scale: 1.0000 | Total Positive Edges: 48771 | Train Forward Backward S: 11354.7962 | Train Loss: 0.7586 | Val AUPRC: 0.9248 | Val Pair Pass S: 207.7514 | Val Threshold S: 0.0000
2026-05-24 18:40:34 INFO Bce Negative Assignment Clipped | Actual Negative Pairs: 154979 | Bce Negative Ratio: 5 | Target Negative Pairs: 243855
2026-05-24 18:40:46 INFO Epoch Progress | Epoch: 5 | Loss: 0.7063 | Progress: 0% | Step: 1/667
2026-05-24 19:31:38 INFO Epoch Progress | Epoch: 5 | Loss: 0.6684 | Progress: 25% | Step: 167/667
2026-05-24 20:23:39 INFO Epoch Progress | Epoch: 5 | Loss: 0.5850 | Progress: 50% | Step: 334/667
2026-05-24 21:10:46 INFO Epoch Progress | Epoch: 5 | Loss: 0.6496 | Progress: 75% | Step: 501/667
2026-05-24 21:52:45 INFO Epoch Progress | Epoch: 5 | Loss: 0.7164 | Progress: 100% | Step: 667/667
2026-05-24 22:02:47 INFO Best Saved | Epoch: 5 | Monitor: val_topology_loss | Value: 12.1784
2026-05-24 22:02:47 INFO Epoch Done | All Subgraph Pairs: 1620030 | Bce Negative Pairs: 154979 | Bce Negative Ratio: 3.1777 | Bce Positive Pairs: 48771 | Bce Supervised Fraction: 0.1258 | Bce Target Negative Pairs: 243855 | Covered Positive Edges: 48771 | Edge Cover Sampling S: 572.4535 | Epoch: 5 | Internal Val Graph Sim: 0.2176 | Internal Val Topology S: 384.2942 | Mean Positive Edge Reuse: 1.0000 | Peak Gpu Mem Mb: 26460.3525 | Planned Subgraphs: 2667 | Positive Edge Coverage Ratio: 1.0000 | Supervised Pairs: 203750 | Topo Loss Scale: 1.0000 | Total Positive Edges: 48771 | Train Forward Backward S: 11407.6302 | Train Loss: 0.7406 | Val AUPRC: 0.9249 | Val Pair Pass S: 217.0982 | Val Threshold S: 0.0000
2026-05-24 22:12:04 INFO Bce Negative Assignment Clipped | Actual Negative Pairs: 154979 | Bce Negative Ratio: 5 | Target Negative Pairs: 243855
2026-05-24 22:12:13 INFO Epoch Progress | Epoch: 6 | Loss: 0.6776 | Progress: 0% | Step: 1/668
2026-05-24 23:02:27 INFO Epoch Progress | Epoch: 6 | Loss: 0.6537 | Progress: 25% | Step: 167/668
2026-05-24 23:54:04 INFO Epoch Progress | Epoch: 6 | Loss: 0.5756 | Progress: 50% | Step: 334/668
2026-05-25 00:41:09 INFO Epoch Progress | Epoch: 6 | Loss: 0.6424 | Progress: 75% | Step: 501/668
2026-05-25 01:22:20 INFO Epoch Progress | Epoch: 6 | Loss: 0.7178 | Progress: 100% | Step: 668/668
2026-05-25 01:32:31 INFO Best Saved | Epoch: 6 | Monitor: val_topology_loss | Value: 11.0541
2026-05-25 01:32:31 INFO Epoch Done | All Subgraph Pairs: 1621245 | Bce Negative Pairs: 154979 | Bce Negative Ratio: 3.1777 | Bce Positive Pairs: 48771 | Bce Supervised Fraction: 0.1257 | Bce Target Negative Pairs: 243855 | Covered Positive Edges: 48771 | Edge Cover Sampling S: 550.4891 | Epoch: 6 | Internal Val Graph Sim: 0.2209 | Internal Val Topology S: 394.7400 | Mean Positive Edge Reuse: 1.0000 | Peak Gpu Mem Mb: 26370.3369 | Planned Subgraphs: 2669 | Positive Edge Coverage Ratio: 1.0000 | Supervised Pairs: 203750 | Topo Loss Scale: 1.0000 | Total Positive Edges: 48771 | Train Forward Backward S: 11298.4954 | Train Loss: 0.7390 | Val AUPRC: 0.9256 | Val Pair Pass S: 216.0004 | Val Threshold S: 0.0000
2026-05-25 01:42:18 INFO Bce Negative Assignment Clipped | Actual Negative Pairs: 154979 | Bce Negative Ratio: 5 | Target Negative Pairs: 243855
2026-05-25 01:42:30 INFO Epoch Progress | Epoch: 7 | Loss: 0.6552 | Progress: 0% | Step: 1/667
2026-05-25 02:32:00 INFO Epoch Progress | Epoch: 7 | Loss: 0.6460 | Progress: 25% | Step: 167/667
2026-05-25 03:23:58 INFO Epoch Progress | Epoch: 7 | Loss: 0.5798 | Progress: 50% | Step: 334/667
2026-05-25 04:10:44 INFO Epoch Progress | Epoch: 7 | Loss: 0.6528 | Progress: 75% | Step: 501/667
2026-05-25 04:51:29 INFO Epoch Progress | Epoch: 7 | Loss: 0.7261 | Progress: 100% | Step: 667/667
2026-05-25 05:01:36 INFO Best Saved | Epoch: 7 | Monitor: val_topology_loss | Value: 10.8629
2026-05-25 05:01:36 INFO Epoch Done | All Subgraph Pairs: 1620810 | Bce Negative Pairs: 154979 | Bce Negative Ratio: 3.1777 | Bce Positive Pairs: 48771 | Bce Supervised Fraction: 0.1257 | Bce Target Negative Pairs: 243855 | Covered Positive Edges: 48771 | Edge Cover Sampling S: 561.5414 | Epoch: 7 | Internal Val Graph Sim: 0.2202 | Internal Val Topology S: 397.1608 | Mean Positive Edge Reuse: 1.0000 | Peak Gpu Mem Mb: 25860.6313 | Planned Subgraphs: 2668 | Positive Edge Coverage Ratio: 1.0000 | Supervised Pairs: 203750 | Topo Loss Scale: 1.0000 | Total Positive Edges: 48771 | Train Forward Backward S: 11253.4533 | Train Loss: 0.7338 | Val AUPRC: 0.9241 | Val Pair Pass S: 210.2087 | Val Threshold S: 0.0000
2026-05-25 05:11:09 INFO Bce Negative Assignment Clipped | Actual Negative Pairs: 154979 | Bce Negative Ratio: 5 | Target Negative Pairs: 243855
2026-05-25 05:11:18 INFO Epoch Progress | Epoch: 8 | Loss: 0.4437 | Progress: 0% | Step: 1/668
2026-05-25 06:02:17 INFO Epoch Progress | Epoch: 8 | Loss: 0.6341 | Progress: 25% | Step: 167/668
2026-05-25 06:54:38 INFO Epoch Progress | Epoch: 8 | Loss: 0.5687 | Progress: 50% | Step: 334/668
2026-05-25 07:42:41 INFO Epoch Progress | Epoch: 8 | Loss: 0.6375 | Progress: 75% | Step: 501/668
2026-05-25 08:24:50 INFO Epoch Progress | Epoch: 8 | Loss: 0.7086 | Progress: 100% | Step: 668/668
2026-05-25 08:34:53 INFO Best Saved | Epoch: 8 | Monitor: val_topology_loss | Value: 10.1074
2026-05-25 08:34:53 INFO Epoch Done | All Subgraph Pairs: 1621245 | Bce Negative Pairs: 154979 | Bce Negative Ratio: 3.1777 | Bce Positive Pairs: 48771 | Bce Supervised Fraction: 0.1257 | Bce Target Negative Pairs: 243855 | Covered Positive Edges: 48771 | Edge Cover Sampling S: 579.1079 | Epoch: 8 | Internal Val Graph Sim: 0.2240 | Internal Val Topology S: 397.1797 | Mean Positive Edge Reuse: 1.0000 | Peak Gpu Mem Mb: 26053.0645 | Planned Subgraphs: 2669 | Positive Edge Coverage Ratio: 1.0000 | Supervised Pairs: 203750 | Topo Loss Scale: 1.0000 | Total Positive Edges: 48771 | Train Forward Backward S: 11491.2697 | Train Loss: 0.7233 | Val AUPRC: 0.9266 | Val Pair Pass S: 205.1902 | Val Threshold S: 0.0000
2026-05-25 08:44:23 INFO Bce Negative Assignment Clipped | Actual Negative Pairs: 154979 | Bce Negative Ratio: 5 | Target Negative Pairs: 243855
2026-05-25 08:44:35 INFO Epoch Progress | Epoch: 9 | Loss: 0.7079 | Progress: 0% | Step: 1/668
2026-05-25 09:36:01 INFO Epoch Progress | Epoch: 9 | Loss: 0.6410 | Progress: 25% | Step: 167/668
2026-05-25 10:27:59 INFO Epoch Progress | Epoch: 9 | Loss: 0.5717 | Progress: 50% | Step: 334/668
2026-05-25 11:14:21 INFO Epoch Progress | Epoch: 9 | Loss: 0.6401 | Progress: 75% | Step: 501/668
2026-05-25 11:56:00 INFO Epoch Progress | Epoch: 9 | Loss: 0.7109 | Progress: 100% | Step: 668/668
2026-05-25 12:06:14 INFO Best Saved | Epoch: 9 | Monitor: val_topology_loss | Value: 9.7707
2026-05-25 12:06:14 INFO Epoch Done | All Subgraph Pairs: 1622025 | Bce Negative Pairs: 154979 | Bce Negative Ratio: 3.1777 | Bce Positive Pairs: 48771 | Bce Supervised Fraction: 0.1256 | Bce Target Negative Pairs: 243855 | Covered Positive Edges: 48771 | Edge Cover Sampling S: 571.4646 | Epoch: 9 | Internal Val Graph Sim: 0.2245 | Internal Val Topology S: 396.7730 | Mean Positive Edge Reuse: 1.0000 | Peak Gpu Mem Mb: 26069.9531 | Planned Subgraphs: 2670 | Positive Edge Coverage Ratio: 1.0000 | Supervised Pairs: 203750 | Topo Loss Scale: 1.0000 | Total Positive Edges: 48771 | Train Forward Backward S: 11370.9045 | Train Loss: 0.7189 | Val AUPRC: 0.9266 | Val Pair Pass S: 217.4813 | Val Threshold S: 0.0000
2026-05-25 12:15:36 INFO Bce Negative Assignment Clipped | Actual Negative Pairs: 154979 | Bce Negative Ratio: 5 | Target Negative Pairs: 243855
2026-05-25 12:15:49 INFO Epoch Progress | Epoch: 10 | Loss: 0.7646 | Progress: 0% | Step: 1/668
2026-05-25 13:08:23 INFO Epoch Progress | Epoch: 10 | Loss: 0.6329 | Progress: 25% | Step: 167/668
2026-05-25 14:01:08 INFO Epoch Progress | Epoch: 10 | Loss: 0.5645 | Progress: 50% | Step: 334/668
2026-05-25 14:48:21 INFO Epoch Progress | Epoch: 10 | Loss: 0.6324 | Progress: 75% | Step: 501/668
2026-05-25 15:30:20 INFO Epoch Progress | Epoch: 10 | Loss: 0.7022 | Progress: 100% | Step: 668/668
2026-05-25 15:40:23 INFO Epoch Done | All Subgraph Pairs: 1622025 | Bce Negative Pairs: 154979 | Bce Negative Ratio: 3.1777 | Bce Positive Pairs: 48771 | Bce Supervised Fraction: 0.1256 | Bce Target Negative Pairs: 243855 | Covered Positive Edges: 48771 | Edge Cover Sampling S: 578.6560 | Epoch: 10 | Internal Val Graph Sim: 0.2263 | Internal Val Topology S: 389.7740 | Mean Positive Edge Reuse: 1.0000 | Peak Gpu Mem Mb: 26140.0728 | Planned Subgraphs: 2670 | Positive Edge Coverage Ratio: 1.0000 | Supervised Pairs: 203750 | Topo Loss Scale: 1.0000 | Total Positive Edges: 48771 | Train Forward Backward S: 11543.5267 | Train Loss: 0.7138 | Val AUPRC: 0.9289 | Val Pair Pass S: 212.3466 | Val Threshold S: 0.0000
2026-05-25 15:49:46 INFO Bce Negative Assignment Clipped | Actual Negative Pairs: 154979 | Bce Negative Ratio: 5 | Target Negative Pairs: 243855
2026-05-25 15:49:58 INFO Epoch Progress | Epoch: 11 | Loss: 0.5358 | Progress: 0% | Step: 1/668
2026-05-25 16:41:44 INFO Epoch Progress | Epoch: 11 | Loss: 0.6212 | Progress: 25% | Step: 167/668
2026-05-25 17:34:01 INFO Epoch Progress | Epoch: 11 | Loss: 0.5544 | Progress: 50% | Step: 334/668
2026-05-25 18:21:45 INFO Epoch Progress | Epoch: 11 | Loss: 0.6245 | Progress: 75% | Step: 501/668
2026-05-25 19:04:27 INFO Epoch Progress | Epoch: 11 | Loss: 0.7038 | Progress: 100% | Step: 668/668
2026-05-25 19:14:31 INFO Best Saved | Epoch: 11 | Monitor: val_topology_loss | Value: 8.8054
2026-05-25 19:14:31 INFO Epoch Done | All Subgraph Pairs: 1621245 | Bce Negative Pairs: 154979 | Bce Negative Ratio: 3.1777 | Bce Positive Pairs: 48771 | Bce Supervised Fraction: 0.1257 | Bce Target Negative Pairs: 243855 | Covered Positive Edges: 48771 | Edge Cover Sampling S: 564.4259 | Epoch: 11 | Internal Val Graph Sim: 0.2290 | Internal Val Topology S: 390.3266 | Mean Positive Edge Reuse: 1.0000 | Peak Gpu Mem Mb: 25572.5513 | Planned Subgraphs: 2669 | Positive Edge Coverage Ratio: 1.0000 | Supervised Pairs: 203750 | Topo Loss Scale: 1.0000 | Total Positive Edges: 48771 | Train Forward Backward S: 11555.9011 | Train Loss: 0.7107 | Val AUPRC: 0.9288 | Val Pair Pass S: 214.0208 | Val Threshold S: 0.0000
2026-05-25 19:24:05 INFO Bce Negative Assignment Clipped | Actual Negative Pairs: 154979 | Bce Negative Ratio: 5 | Target Negative Pairs: 243855
2026-05-25 19:24:18 INFO Epoch Progress | Epoch: 12 | Loss: 0.5841 | Progress: 0% | Step: 1/668
2026-05-25 20:15:49 INFO Epoch Progress | Epoch: 12 | Loss: 0.6072 | Progress: 25% | Step: 167/668
2026-05-25 21:07:56 INFO Epoch Progress | Epoch: 12 | Loss: 0.5494 | Progress: 50% | Step: 334/668
