2026-05-18 09:39:37 INFO Pipeline Runtime | Device: cuda:0 | Distributed: True | Test Batches: 1691 | Train Batches: 812 | Valid Batches: 762 | World Size: 4
2026-05-18 09:39:37 INFO Stage Start | Run Id: pair_context_gated_sn_d512_s47
2026-05-18 09:39:38 INFO Train Config | Epochs: 50 | Monitor: auprc | Patience: 10
2026-05-18 09:39:38 INFO Epoch Start | Epoch: 1
2026-05-18 09:39:44 INFO Epoch Progress | Epoch: 1 | Loss: 0.7305 | LR: 4.00023e-06 | Progress: 0% | Step: 1/812
2026-05-18 09:41:43 INFO Epoch Progress | Epoch: 1 | Loss: 0.7099 | LR: 1.31716e-05 | Progress: 25% | Step: 203/812
2026-05-18 09:43:42 INFO Epoch Progress | Epoch: 1 | Loss: 0.6657 | LR: 3.68989e-05 | Progress: 50% | Step: 406/812
2026-05-18 09:45:42 INFO Epoch Progress | Epoch: 1 | Loss: 0.6251 | LR: 6.65711e-05 | Progress: 75% | Step: 609/812
2026-05-18 09:47:41 INFO Epoch Progress | Epoch: 1 | Loss: 0.5947 | LR: 9.0675e-05 | Progress: 100% | Step: 812/812
2026-05-18 09:51:22 INFO CSV Written | Epoch: 1
2026-05-18 09:51:27 INFO Best Saved | Epoch: 1 | Monitor: val_auprc | Value: 0.8683
2026-05-18 09:51:27 INFO Epoch Done | Epoch: 1 | Time: 704.0114 | Train Loss: 0.5921 | Val Accuracy: 0.7871 | Val AUPRC: 0.8683 | Val Auroc: 0.8685 | Val F1: 0.7909 | Val Loss: 0.4907
2026-05-18 09:51:27 INFO Epoch Start | Epoch: 2
2026-05-18 09:51:29 INFO Epoch Progress | Epoch: 2 | Loss: 0.4707 | LR: 9.07628e-05 | Progress: 0% | Step: 1/812
2026-05-18 09:53:29 INFO Epoch Progress | Epoch: 2 | Loss: 0.4830 | LR: 9.99993e-05 | Progress: 25% | Step: 203/812
2026-05-18 09:55:30 INFO Epoch Progress | Epoch: 2 | Loss: 0.4768 | LR: 9.98803e-05 | Progress: 50% | Step: 406/812
2026-05-18 09:57:31 INFO Epoch Progress | Epoch: 2 | Loss: 0.4672 | LR: 9.95176e-05 | Progress: 75% | Step: 609/812
2026-05-18 09:59:31 INFO Epoch Progress | Epoch: 2 | Loss: 0.4588 | LR: 9.89136e-05 | Progress: 100% | Step: 812/812
2026-05-18 10:03:11 INFO CSV Written | Epoch: 2
2026-05-18 10:03:11 INFO Best Saved | Epoch: 2 | Monitor: val_auprc | Value: 0.9078
2026-05-18 10:03:11 INFO Epoch Done | Epoch: 2 | Time: 704.0961 | Train Loss: 0.4555 | Val Accuracy: 0.8225 | Val AUPRC: 0.9078 | Val Auroc: 0.9048 | Val F1: 0.8225 | Val Loss: 0.4342
2026-05-18 10:03:11 INFO Epoch Start | Epoch: 3
2026-05-18 10:03:14 INFO Epoch Progress | Epoch: 3 | Loss: 0.3806 | LR: 9.89101e-05 | Progress: 0% | Step: 1/812
2026-05-18 10:05:14 INFO Epoch Progress | Epoch: 3 | Loss: 0.4142 | LR: 9.80714e-05 | Progress: 25% | Step: 203/812
2026-05-18 10:07:14 INFO Epoch Progress | Epoch: 3 | Loss: 0.4108 | LR: 9.69949e-05 | Progress: 50% | Step: 406/812
2026-05-18 10:09:14 INFO Epoch Progress | Epoch: 3 | Loss: 0.4042 | LR: 9.56895e-05 | Progress: 75% | Step: 609/812
2026-05-18 10:11:13 INFO Epoch Progress | Epoch: 3 | Loss: 0.4004 | LR: 9.41615e-05 | Progress: 100% | Step: 812/812
2026-05-18 10:15:04 INFO CSV Written | Epoch: 3
2026-05-18 10:15:04 INFO Best Saved | Epoch: 3 | Monitor: val_auprc | Value: 0.9252
2026-05-18 10:15:04 INFO Epoch Done | Epoch: 3 | Time: 712.8420 | Train Loss: 0.3990 | Val Accuracy: 0.8437 | Val AUPRC: 0.9252 | Val Auroc: 0.9239 | Val F1: 0.8430 | Val Loss: 0.3957
2026-05-18 10:15:04 INFO Epoch Start | Epoch: 4
2026-05-18 10:15:07 INFO Epoch Progress | Epoch: 4 | Loss: 0.3193 | LR: 9.41535e-05 | Progress: 0% | Step: 1/812
2026-05-18 10:17:06 INFO Epoch Progress | Epoch: 4 | Loss: 0.3568 | LR: 9.24275e-05 | Progress: 25% | Step: 203/812
2026-05-18 10:19:06 INFO Epoch Progress | Epoch: 4 | Loss: 0.3585 | LR: 9.04787e-05 | Progress: 50% | Step: 406/812
2026-05-18 10:21:06 INFO Epoch Progress | Epoch: 4 | Loss: 0.3619 | LR: 8.83326e-05 | Progress: 75% | Step: 609/812
2026-05-18 10:23:07 INFO Epoch Progress | Epoch: 4 | Loss: 0.3618 | LR: 8.59999e-05 | Progress: 100% | Step: 812/812
2026-05-18 10:26:52 INFO CSV Written | Epoch: 4
2026-05-18 10:26:52 INFO Best Saved | Epoch: 4 | Monitor: val_auprc | Value: 0.9331
2026-05-18 10:26:52 INFO Epoch Done | Epoch: 4 | Time: 707.2881 | Train Loss: 0.3607 | Val Accuracy: 0.8549 | Val AUPRC: 0.9331 | Val Auroc: 0.9326 | Val F1: 0.8571 | Val Loss: 0.3792
2026-05-18 10:26:52 INFO Epoch Start | Epoch: 5
2026-05-18 10:26:55 INFO Epoch Progress | Epoch: 5 | Loss: 0.3264 | LR: 8.59879e-05 | Progress: 0% | Step: 1/812
2026-05-18 10:28:54 INFO Epoch Progress | Epoch: 5 | Loss: 0.3289 | LR: 8.34917e-05 | Progress: 25% | Step: 203/812
2026-05-18 10:30:54 INFO Epoch Progress | Epoch: 5 | Loss: 0.3321 | LR: 8.08204e-05 | Progress: 50% | Step: 406/812
2026-05-18 10:32:54 INFO Epoch Progress | Epoch: 5 | Loss: 0.3346 | LR: 7.79989e-05 | Progress: 75% | Step: 609/812
2026-05-18 10:34:54 INFO Epoch Progress | Epoch: 5 | Loss: 0.3337 | LR: 7.5041e-05 | Progress: 100% | Step: 812/812
2026-05-18 10:38:37 INFO CSV Written | Epoch: 5
2026-05-18 10:38:37 INFO Best Saved | Epoch: 5 | Monitor: val_auprc | Value: 0.9408
2026-05-18 10:38:37 INFO Epoch Done | Epoch: 5 | Time: 704.8974 | Train Loss: 0.3313 | Val Accuracy: 0.8652 | Val AUPRC: 0.9408 | Val Auroc: 0.9415 | Val F1: 0.8678 | Val Loss: 0.3657
2026-05-18 10:38:37 INFO Epoch Start | Epoch: 6
2026-05-18 10:38:51 INFO Epoch Progress | Epoch: 6 | Loss: 0.6002 | LR: 7.50262e-05 | Progress: 1% | Step: 1/190
2026-05-18 10:40:26 INFO Epoch Progress | Epoch: 6 | Loss: 0.6797 | LR: 7.43233e-05 | Progress: 25% | Step: 48/190
2026-05-18 10:42:01 INFO Epoch Progress | Epoch: 6 | Loss: 0.6611 | LR: 7.35988e-05 | Progress: 51% | Step: 96/190
2026-05-18 10:43:34 INFO Epoch Progress | Epoch: 6 | Loss: 0.6521 | LR: 7.2868e-05 | Progress: 76% | Step: 144/190
2026-05-18 10:45:03 INFO Epoch Progress | Epoch: 6 | Loss: 0.6500 | LR: 7.21618e-05 | Progress: 100% | Step: 190/190
2026-05-18 10:48:56 INFO CSV Written | Epoch: 6
2026-05-18 10:48:56 INFO Best Saved | Epoch: 6 | Monitor: val_auprc | Value: 0.9463
2026-05-18 10:48:56 INFO Epoch Done | Epoch: 6 | Time: 618.7239 | Train Loss: 0.6515 | Val Accuracy: 0.8748 | Val AUPRC: 0.9463 | Val Auroc: 0.9459 | Val F1: 0.8765 | Val Loss: 0.4246
2026-05-18 10:48:56 INFO Epoch Start | Epoch: 7
2026-05-18 10:49:08 INFO Epoch Progress | Epoch: 7 | Loss: 0.6224 | LR: 7.21463e-05 | Progress: 1% | Step: 1/190
2026-05-18 10:50:43 INFO Epoch Progress | Epoch: 7 | Loss: 0.5973 | LR: 7.14189e-05 | Progress: 25% | Step: 48/190
2026-05-18 10:52:18 INFO Epoch Progress | Epoch: 7 | Loss: 0.6097 | LR: 7.06702e-05 | Progress: 51% | Step: 96/190
2026-05-18 10:53:52 INFO Epoch Progress | Epoch: 7 | Loss: 0.6146 | LR: 6.99159e-05 | Progress: 76% | Step: 144/190
2026-05-18 10:55:21 INFO Epoch Progress | Epoch: 7 | Loss: 0.6195 | LR: 6.91879e-05 | Progress: 100% | Step: 190/190
2026-05-18 10:59:05 INFO CSV Written | Epoch: 7
2026-05-18 10:59:05 INFO Epoch Done | Epoch: 7 | Time: 609.0931 | Train Loss: 0.6156 | Val Accuracy: 0.8731 | Val AUPRC: 0.9434 | Val Auroc: 0.9444 | Val F1: 0.8764 | Val Loss: 0.4225
2026-05-18 10:59:05 INFO Epoch Start | Epoch: 8
2026-05-18 10:59:16 INFO Epoch Progress | Epoch: 8 | Loss: 0.5985 | LR: 6.9172e-05 | Progress: 1% | Step: 1/190
2026-05-18 11:00:52 INFO Epoch Progress | Epoch: 8 | Loss: 0.5582 | LR: 6.84391e-05 | Progress: 25% | Step: 48/190
2026-05-18 11:02:28 INFO Epoch Progress | Epoch: 8 | Loss: 0.5808 | LR: 6.76694e-05 | Progress: 51% | Step: 96/190
2026-05-18 11:04:04 INFO Epoch Progress | Epoch: 8 | Loss: 0.5863 | LR: 6.6895e-05 | Progress: 76% | Step: 144/190
2026-05-18 11:05:36 INFO Epoch Progress | Epoch: 8 | Loss: 0.5872 | LR: 6.61484e-05 | Progress: 100% | Step: 190/190
2026-05-18 11:09:20 INFO CSV Written | Epoch: 8
2026-05-18 11:09:20 INFO Epoch Done | Epoch: 8 | Time: 614.9259 | Train Loss: 0.5859 | Val Accuracy: 0.8734 | Val AUPRC: 0.9446 | Val Auroc: 0.9449 | Val F1: 0.8727 | Val Loss: 0.4062
2026-05-18 11:09:20 INFO Epoch Start | Epoch: 9
2026-05-18 11:09:31 INFO Epoch Progress | Epoch: 9 | Loss: 0.4816 | LR: 6.61321e-05 | Progress: 1% | Step: 1/190
2026-05-18 11:11:06 INFO Epoch Progress | Epoch: 9 | Loss: 0.5449 | LR: 6.53651e-05 | Progress: 25% | Step: 48/190
2026-05-18 11:12:42 INFO Epoch Progress | Epoch: 9 | Loss: 0.5629 | LR: 6.45776e-05 | Progress: 51% | Step: 96/190
2026-05-18 11:14:20 INFO Epoch Progress | Epoch: 9 | Loss: 0.5644 | LR: 6.37861e-05 | Progress: 76% | Step: 144/190
2026-05-18 11:15:50 INFO Epoch Progress | Epoch: 9 | Loss: 0.5685 | LR: 6.30241e-05 | Progress: 100% | Step: 190/190
2026-05-18 11:19:36 INFO CSV Written | Epoch: 9
2026-05-18 11:19:36 INFO Epoch Done | Epoch: 9 | Time: 616.0043 | Train Loss: 0.5561 | Val Accuracy: 0.8768 | Val AUPRC: 0.9451 | Val Auroc: 0.9453 | Val F1: 0.8770 | Val Loss: 0.3896
2026-05-18 11:19:36 INFO Epoch Start | Epoch: 10
2026-05-18 11:19:48 INFO Epoch Progress | Epoch: 10 | Loss: 0.4669 | LR: 6.30075e-05 | Progress: 1% | Step: 1/190
2026-05-18 11:21:23 INFO Epoch Progress | Epoch: 10 | Loss: 0.5183 | LR: 6.22255e-05 | Progress: 25% | Step: 48/190
2026-05-18 11:23:00 INFO Epoch Progress | Epoch: 10 | Loss: 0.5208 | LR: 6.14236e-05 | Progress: 51% | Step: 96/190
2026-05-18 11:24:36 INFO Epoch Progress | Epoch: 10 | Loss: 0.5174 | LR: 6.06185e-05 | Progress: 76% | Step: 144/190
2026-05-18 11:26:08 INFO Epoch Progress | Epoch: 10 | Loss: 0.5205 | LR: 5.98443e-05 | Progress: 100% | Step: 190/190
2026-05-18 11:29:48 INFO CSV Written | Epoch: 10
2026-05-18 11:29:48 INFO Epoch Done | Epoch: 10 | Time: 611.5976 | Train Loss: 0.5229 | Val Accuracy: 0.8784 | Val AUPRC: 0.9415 | Val Auroc: 0.9427 | Val F1: 0.8785 | Val Loss: 0.3768
2026-05-18 11:29:48 INFO Epoch Start | Epoch: 11
2026-05-18 11:30:01 INFO Epoch Progress | Epoch: 11 | Loss: 0.4203 | LR: 5.98274e-05 | Progress: 1% | Step: 1/190
2026-05-18 11:31:35 INFO Epoch Progress | Epoch: 11 | Loss: 0.4741 | LR: 5.90337e-05 | Progress: 25% | Step: 48/190
2026-05-18 11:33:11 INFO Epoch Progress | Epoch: 11 | Loss: 0.4982 | LR: 5.82207e-05 | Progress: 51% | Step: 96/190
2026-05-18 11:34:44 INFO Epoch Progress | Epoch: 11 | Loss: 0.4970 | LR: 5.74055e-05 | Progress: 76% | Step: 144/190
2026-05-18 11:36:11 INFO Epoch Progress | Epoch: 11 | Loss: 0.4987 | LR: 5.66224e-05 | Progress: 100% | Step: 190/190
2026-05-18 11:39:56 INFO CSV Written | Epoch: 11
2026-05-18 11:39:56 INFO Epoch Done | Epoch: 11 | Time: 607.6247 | Train Loss: 0.4886 | Val Accuracy: 0.8772 | Val AUPRC: 0.9435 | Val Auroc: 0.9436 | Val F1: 0.8758 | Val Loss: 0.3728
2026-05-18 11:39:56 INFO Epoch Start | Epoch: 12
2026-05-18 11:40:08 INFO Epoch Progress | Epoch: 12 | Loss: 0.3921 | LR: 5.66053e-05 | Progress: 1% | Step: 1/190
2026-05-18 11:41:43 INFO Epoch Progress | Epoch: 12 | Loss: 0.4595 | LR: 5.58034e-05 | Progress: 25% | Step: 48/190
2026-05-18 11:43:18 INFO Epoch Progress | Epoch: 12 | Loss: 0.4485 | LR: 5.49828e-05 | Progress: 51% | Step: 96/190
2026-05-18 11:44:54 INFO Epoch Progress | Epoch: 12 | Loss: 0.4572 | LR: 5.41609e-05 | Progress: 76% | Step: 144/190
2026-05-18 11:46:24 INFO Epoch Progress | Epoch: 12 | Loss: 0.4587 | LR: 5.33722e-05 | Progress: 100% | Step: 190/190
2026-05-18 11:50:09 INFO CSV Written | Epoch: 12
2026-05-18 11:50:09 INFO Epoch Done | Epoch: 12 | Time: 613.2995 | Train Loss: 0.4510 | Val Accuracy: 0.8768 | Val AUPRC: 0.9380 | Val Auroc: 0.9386 | Val F1: 0.8772 | Val Loss: 0.3763
2026-05-18 11:50:09 INFO Epoch Start | Epoch: 13
2026-05-18 11:50:20 INFO Epoch Progress | Epoch: 13 | Loss: 0.2464 | LR: 5.33551e-05 | Progress: 1% | Step: 1/190
2026-05-18 11:51:55 INFO Epoch Progress | Epoch: 13 | Loss: 0.4202 | LR: 5.25483e-05 | Progress: 25% | Step: 48/190
2026-05-18 11:53:32 INFO Epoch Progress | Epoch: 13 | Loss: 0.4174 | LR: 5.17237e-05 | Progress: 51% | Step: 96/190
2026-05-18 11:55:07 INFO Epoch Progress | Epoch: 13 | Loss: 0.4255 | LR: 5.08986e-05 | Progress: 76% | Step: 144/190
2026-05-18 11:56:36 INFO Epoch Progress | Epoch: 13 | Loss: 0.4285 | LR: 5.01077e-05 | Progress: 100% | Step: 190/190
2026-05-18 12:00:22 INFO CSV Written | Epoch: 13
2026-05-18 12:00:22 INFO Epoch Done | Epoch: 13 | Time: 612.8884 | Train Loss: 0.4192 | Val Accuracy: 0.8777 | Val AUPRC: 0.9416 | Val Auroc: 0.9414 | Val F1: 0.8788 | Val Loss: 0.3690
2026-05-18 12:00:22 INFO Epoch Start | Epoch: 14
2026-05-18 12:00:34 INFO Epoch Progress | Epoch: 14 | Loss: 0.2938 | LR: 5.00905e-05 | Progress: 1% | Step: 1/190
2026-05-18 12:02:10 INFO Epoch Progress | Epoch: 14 | Loss: 0.3814 | LR: 4.92995e-05 | Progress: 25% | Step: 48/190
2026-05-18 12:03:46 INFO Epoch Progress | Epoch: 14 | Loss: 0.4022 | LR: 4.84744e-05 | Progress: 51% | Step: 96/190
2026-05-18 12:05:20 INFO Epoch Progress | Epoch: 14 | Loss: 0.3914 | LR: 4.76496e-05 | Progress: 76% | Step: 144/190
2026-05-18 12:06:47 INFO Epoch Progress | Epoch: 14 | Loss: 0.3916 | LR: 4.68598e-05 | Progress: 100% | Step: 190/190
2026-05-18 12:10:35 INFO CSV Written | Epoch: 14
2026-05-18 12:10:35 INFO Epoch Done | Epoch: 14 | Time: 613.6607 | Train Loss: 0.3842 | Val Accuracy: 0.8781 | Val AUPRC: 0.9411 | Val Auroc: 0.9417 | Val F1: 0.8793 | Val Loss: 0.3738
2026-05-18 12:10:35 INFO Epoch Start | Epoch: 15
2026-05-18 12:10:48 INFO Epoch Progress | Epoch: 15 | Loss: 0.5509 | LR: 4.68427e-05 | Progress: 1% | Step: 1/190
2026-05-18 12:12:24 INFO Epoch Progress | Epoch: 15 | Loss: 0.3493 | LR: 4.60365e-05 | Progress: 25% | Step: 48/190
2026-05-18 12:13:58 INFO Epoch Progress | Epoch: 15 | Loss: 0.3400 | LR: 4.52144e-05 | Progress: 51% | Step: 96/190
2026-05-18 12:15:35 INFO Epoch Progress | Epoch: 15 | Loss: 0.3552 | LR: 4.43935e-05 | Progress: 76% | Step: 144/190
2026-05-18 12:17:01 INFO Epoch Progress | Epoch: 15 | Loss: 0.3606 | LR: 4.36082e-05 | Progress: 100% | Step: 190/190
2026-05-18 12:20:49 INFO CSV Written | Epoch: 15
2026-05-18 12:20:49 INFO Epoch Done | Epoch: 15 | Time: 613.9392 | Train Loss: 0.3549 | Val Accuracy: 0.8787 | Val AUPRC: 0.9387 | Val Auroc: 0.9388 | Val F1: 0.8779 | Val Loss: 0.3773
2026-05-18 12:20:49 INFO Epoch Start | Epoch: 16
2026-05-18 12:21:02 INFO Epoch Progress | Epoch: 16 | Loss: 0.3827 | LR: 4.35911e-05 | Progress: 1% | Step: 1/190
2026-05-18 12:22:36 INFO Epoch Progress | Epoch: 16 | Loss: 0.3195 | LR: 4.27905e-05 | Progress: 25% | Step: 48/190
2026-05-18 12:24:12 INFO Epoch Progress | Epoch: 16 | Loss: 0.3196 | LR: 4.19748e-05 | Progress: 51% | Step: 96/190
2026-05-18 12:25:45 INFO Epoch Progress | Epoch: 16 | Loss: 0.3296 | LR: 4.11612e-05 | Progress: 76% | Step: 144/190
2026-05-18 12:27:14 INFO Epoch Progress | Epoch: 16 | Loss: 0.3324 | LR: 4.03838e-05 | Progress: 100% | Step: 190/190
2026-05-18 12:31:03 INFO CSV Written | Epoch: 16
2026-05-18 12:31:03 INFO Epoch Done | Epoch: 16 | Time: 613.5756 | Train Loss: 0.3279 | Val Accuracy: 0.8773 | Val AUPRC: 0.9328 | Val Auroc: 0.9367 | Val F1: 0.8788 | Val Loss: 0.3911
2026-05-18 12:31:03 INFO Early Stop | Epoch: 16
2026-05-18 12:31:03 INFO Stage Done | Run Id: pair_context_gated_sn_d512_s47
