2026-05-01 23:42:26 INFO Pipeline Runtime | Device: cuda:0 | Distributed: True | Test Batches: 1691 | Train Batches: 812 | Valid Batches: 762 | World Size: 4
2026-05-01 23:42:26 INFO Stage Start | Run Id: mean_attn_s47
2026-05-01 23:42:28 INFO Train Config | Epochs: 50 | Monitor: auprc | Patience: 10
2026-05-01 23:42:28 INFO Epoch Start | Epoch: 1
2026-05-01 23:42:34 INFO Epoch Progress | Epoch: 1 | Loss: 0.7282 | LR: 4e-06 | Progress: 0% | Step: 1/812
2026-05-01 23:44:32 INFO Epoch Progress | Epoch: 1 | Loss: 0.7286 | LR: 1.30844e-05 | Progress: 25% | Step: 203/812
2026-05-01 23:46:30 INFO Epoch Progress | Epoch: 1 | Loss: 0.7183 | LR: 3.704e-05 | Progress: 50% | Step: 406/812
2026-05-01 23:48:28 INFO Epoch Progress | Epoch: 1 | Loss: 0.6867 | LR: 6.67126e-05 | Progress: 75% | Step: 609/812
2026-05-01 23:50:26 INFO Epoch Progress | Epoch: 1 | Loss: 0.6481 | LR: 9.07628e-05 | Progress: 100% | Step: 812/812
2026-05-01 23:54:07 INFO CSV Written | Epoch: 1
2026-05-01 23:54:12 INFO Best Saved | Epoch: 1 | Monitor: val_auprc | Value: 0.8420
2026-05-01 23:54:12 INFO Epoch Done | Epoch: 1 | Time: 698.4926 | Train Loss: 0.6494 | Val Accuracy: 0.7706 | Val AUPRC: 0.8420 | Val Auroc: 0.8511 | Val F1: 0.7826 | Val Loss: 0.5071
2026-05-01 23:54:12 INFO Epoch Start | Epoch: 2
2026-05-01 23:54:15 INFO Epoch Progress | Epoch: 2 | Loss: 0.5126 | LR: 9.08503e-05 | Progress: 0% | Step: 1/812
2026-05-01 23:56:11 INFO Epoch Progress | Epoch: 2 | Loss: 0.5042 | LR: 9.99999e-05 | Progress: 25% | Step: 203/812
2026-05-01 23:58:08 INFO Epoch Progress | Epoch: 2 | Loss: 0.4964 | LR: 9.98791e-05 | Progress: 50% | Step: 406/812
2026-05-02 00:00:06 INFO Epoch Progress | Epoch: 2 | Loss: 0.4838 | LR: 9.95152e-05 | Progress: 75% | Step: 609/812
2026-05-02 00:02:04 INFO Epoch Progress | Epoch: 2 | Loss: 0.4767 | LR: 9.89101e-05 | Progress: 100% | Step: 812/812
2026-05-02 00:05:42 INFO CSV Written | Epoch: 2
2026-05-02 00:05:42 INFO Best Saved | Epoch: 2 | Monitor: val_auprc | Value: 0.8907
2026-05-02 00:05:42 INFO Epoch Done | Epoch: 2 | Time: 689.5497 | Train Loss: 0.4737 | Val Accuracy: 0.8088 | Val AUPRC: 0.8907 | Val Auroc: 0.8918 | Val F1: 0.8089 | Val Loss: 0.4548
2026-05-02 00:05:42 INFO Epoch Start | Epoch: 3
2026-05-02 00:05:44 INFO Epoch Progress | Epoch: 3 | Loss: 0.3123 | LR: 9.89065e-05 | Progress: 0% | Step: 1/812
2026-05-02 00:07:41 INFO Epoch Progress | Epoch: 3 | Loss: 0.4335 | LR: 9.80666e-05 | Progress: 25% | Step: 203/812
2026-05-02 00:09:38 INFO Epoch Progress | Epoch: 3 | Loss: 0.4299 | LR: 9.69891e-05 | Progress: 50% | Step: 406/812
2026-05-02 00:11:35 INFO Epoch Progress | Epoch: 3 | Loss: 0.4237 | LR: 9.56895e-05 | Progress: 75% | Step: 609/812
2026-05-02 00:13:32 INFO Epoch Progress | Epoch: 3 | Loss: 0.4206 | LR: 9.41615e-05 | Progress: 100% | Step: 812/812
2026-05-02 00:17:13 INFO CSV Written | Epoch: 3
2026-05-02 00:17:13 INFO Best Saved | Epoch: 3 | Monitor: val_auprc | Value: 0.9165
2026-05-02 00:17:13 INFO Epoch Done | Epoch: 3 | Time: 690.8062 | Train Loss: 0.4193 | Val Accuracy: 0.8362 | Val AUPRC: 0.9165 | Val Auroc: 0.9166 | Val F1: 0.8356 | Val Loss: 0.4096
2026-05-02 00:17:13 INFO Epoch Start | Epoch: 4
2026-05-02 00:17:15 INFO Epoch Progress | Epoch: 4 | Loss: 0.3450 | LR: 9.41535e-05 | Progress: 0% | Step: 1/812
2026-05-02 00:19:12 INFO Epoch Progress | Epoch: 4 | Loss: 0.3779 | LR: 9.24184e-05 | Progress: 25% | Step: 203/812
2026-05-02 00:21:09 INFO Epoch Progress | Epoch: 4 | Loss: 0.3773 | LR: 9.04787e-05 | Progress: 50% | Step: 406/812
2026-05-02 00:23:06 INFO Epoch Progress | Epoch: 4 | Loss: 0.3809 | LR: 8.83326e-05 | Progress: 75% | Step: 609/812
2026-05-02 00:25:03 INFO Epoch Progress | Epoch: 4 | Loss: 0.3805 | LR: 8.59999e-05 | Progress: 100% | Step: 812/812
2026-05-02 00:28:45 INFO CSV Written | Epoch: 4
2026-05-02 00:28:46 INFO Best Saved | Epoch: 4 | Monitor: val_auprc | Value: 0.9266
2026-05-02 00:28:46 INFO Epoch Done | Epoch: 4 | Time: 692.1249 | Train Loss: 0.3797 | Val Accuracy: 0.8497 | Val AUPRC: 0.9266 | Val Auroc: 0.9279 | Val F1: 0.8506 | Val Loss: 0.3881
2026-05-02 00:28:46 INFO Epoch Start | Epoch: 5
2026-05-02 00:28:48 INFO Epoch Progress | Epoch: 5 | Loss: 0.3423 | LR: 8.59879e-05 | Progress: 0% | Step: 1/812
2026-05-02 00:30:44 INFO Epoch Progress | Epoch: 5 | Loss: 0.3533 | LR: 8.34917e-05 | Progress: 25% | Step: 203/812
2026-05-02 00:32:41 INFO Epoch Progress | Epoch: 5 | Loss: 0.3513 | LR: 8.08204e-05 | Progress: 50% | Step: 406/812
2026-05-02 00:34:39 INFO Epoch Progress | Epoch: 5 | Loss: 0.3533 | LR: 7.79989e-05 | Progress: 75% | Step: 609/812
2026-05-02 00:36:36 INFO Epoch Progress | Epoch: 5 | Loss: 0.3536 | LR: 7.5041e-05 | Progress: 100% | Step: 812/812
2026-05-02 00:40:19 INFO CSV Written | Epoch: 5
2026-05-02 00:40:19 INFO Best Saved | Epoch: 5 | Monitor: val_auprc | Value: 0.9303
2026-05-02 00:40:19 INFO Epoch Done | Epoch: 5 | Time: 693.1786 | Train Loss: 0.3504 | Val Accuracy: 0.8555 | Val AUPRC: 0.9303 | Val Auroc: 0.9328 | Val F1: 0.8561 | Val Loss: 0.3853
2026-05-02 00:40:19 INFO Epoch Start | Epoch: 6
2026-05-02 00:40:32 INFO Epoch Progress | Epoch: 6 | Loss: 0.6522 | LR: 7.50262e-05 | Progress: 1% | Step: 1/190
2026-05-02 00:42:07 INFO Epoch Progress | Epoch: 6 | Loss: 0.7061 | LR: 7.43233e-05 | Progress: 25% | Step: 48/190
2026-05-02 00:43:41 INFO Epoch Progress | Epoch: 6 | Loss: 0.6868 | LR: 7.35988e-05 | Progress: 51% | Step: 96/190
2026-05-02 00:45:15 INFO Epoch Progress | Epoch: 6 | Loss: 0.6808 | LR: 7.2868e-05 | Progress: 76% | Step: 144/190
2026-05-02 00:46:44 INFO Epoch Progress | Epoch: 6 | Loss: 0.6774 | LR: 7.21618e-05 | Progress: 100% | Step: 190/190
2026-05-02 00:50:28 INFO CSV Written | Epoch: 6
2026-05-02 00:50:28 INFO Best Saved | Epoch: 6 | Monitor: val_auprc | Value: 0.9350
2026-05-02 00:50:28 INFO Epoch Done | Epoch: 6 | Time: 609.1852 | Train Loss: 0.6756 | Val Accuracy: 0.8631 | Val AUPRC: 0.9350 | Val Auroc: 0.9366 | Val F1: 0.8674 | Val Loss: 0.4846
2026-05-02 00:50:28 INFO Epoch Start | Epoch: 7
2026-05-02 00:50:38 INFO Epoch Progress | Epoch: 7 | Loss: 0.6934 | LR: 7.21463e-05 | Progress: 1% | Step: 1/190
2026-05-02 00:52:10 INFO Epoch Progress | Epoch: 7 | Loss: 0.6494 | LR: 7.14189e-05 | Progress: 25% | Step: 48/190
2026-05-02 00:53:45 INFO Epoch Progress | Epoch: 7 | Loss: 0.6519 | LR: 7.06702e-05 | Progress: 51% | Step: 96/190
2026-05-02 00:55:18 INFO Epoch Progress | Epoch: 7 | Loss: 0.6534 | LR: 6.99159e-05 | Progress: 76% | Step: 144/190
2026-05-02 00:56:47 INFO Epoch Progress | Epoch: 7 | Loss: 0.6572 | LR: 6.91879e-05 | Progress: 100% | Step: 190/190
2026-05-02 01:00:30 INFO CSV Written | Epoch: 7
2026-05-02 01:00:30 INFO Epoch Done | Epoch: 7 | Time: 601.7691 | Train Loss: 0.6494 | Val Accuracy: 0.8634 | Val AUPRC: 0.9342 | Val Auroc: 0.9358 | Val F1: 0.8645 | Val Loss: 0.4664
2026-05-02 01:00:30 INFO Epoch Start | Epoch: 8
2026-05-02 01:00:39 INFO Epoch Progress | Epoch: 8 | Loss: 0.5931 | LR: 6.9172e-05 | Progress: 1% | Step: 1/190
2026-05-02 01:02:13 INFO Epoch Progress | Epoch: 8 | Loss: 0.6199 | LR: 6.84231e-05 | Progress: 25% | Step: 48/190
2026-05-02 01:03:47 INFO Epoch Progress | Epoch: 8 | Loss: 0.6319 | LR: 6.76534e-05 | Progress: 51% | Step: 96/190
2026-05-02 01:05:22 INFO Epoch Progress | Epoch: 8 | Loss: 0.6365 | LR: 6.68788e-05 | Progress: 76% | Step: 144/190
2026-05-02 01:06:50 INFO Epoch Progress | Epoch: 8 | Loss: 0.6363 | LR: 6.61321e-05 | Progress: 100% | Step: 190/190
2026-05-02 01:10:31 INFO CSV Written | Epoch: 8
2026-05-02 01:10:31 INFO Best Saved | Epoch: 8 | Monitor: val_auprc | Value: 0.9354
2026-05-02 01:10:31 INFO Epoch Done | Epoch: 8 | Time: 600.7096 | Train Loss: 0.6327 | Val Accuracy: 0.8641 | Val AUPRC: 0.9354 | Val Auroc: 0.9374 | Val F1: 0.8636 | Val Loss: 0.4601
2026-05-02 01:10:31 INFO Epoch Start | Epoch: 9
2026-05-02 01:10:40 INFO Epoch Progress | Epoch: 9 | Loss: 0.5666 | LR: 6.61159e-05 | Progress: 1% | Step: 1/190
2026-05-02 01:12:13 INFO Epoch Progress | Epoch: 9 | Loss: 0.6177 | LR: 6.53487e-05 | Progress: 25% | Step: 48/190
2026-05-02 01:13:47 INFO Epoch Progress | Epoch: 9 | Loss: 0.6219 | LR: 6.45612e-05 | Progress: 51% | Step: 96/190
2026-05-02 01:15:21 INFO Epoch Progress | Epoch: 9 | Loss: 0.6267 | LR: 6.37696e-05 | Progress: 76% | Step: 144/190
2026-05-02 01:16:50 INFO Epoch Progress | Epoch: 9 | Loss: 0.6268 | LR: 6.30075e-05 | Progress: 100% | Step: 190/190
2026-05-02 01:20:35 INFO CSV Written | Epoch: 9
2026-05-02 01:20:35 INFO Epoch Done | Epoch: 9 | Time: 603.5130 | Train Loss: 0.6176 | Val Accuracy: 0.8641 | Val AUPRC: 0.9346 | Val Auroc: 0.9368 | Val F1: 0.8658 | Val Loss: 0.4549
2026-05-02 01:20:35 INFO Epoch Start | Epoch: 10
2026-05-02 01:20:44 INFO Epoch Progress | Epoch: 10 | Loss: 0.5808 | LR: 6.29909e-05 | Progress: 1% | Step: 1/190
2026-05-02 01:22:15 INFO Epoch Progress | Epoch: 10 | Loss: 0.6021 | LR: 6.22088e-05 | Progress: 25% | Step: 48/190
2026-05-02 01:23:49 INFO Epoch Progress | Epoch: 10 | Loss: 0.5990 | LR: 6.14068e-05 | Progress: 51% | Step: 96/190
2026-05-02 01:25:23 INFO Epoch Progress | Epoch: 10 | Loss: 0.6010 | LR: 6.06017e-05 | Progress: 76% | Step: 144/190
2026-05-02 01:26:51 INFO Epoch Progress | Epoch: 10 | Loss: 0.6021 | LR: 5.98274e-05 | Progress: 100% | Step: 190/190
2026-05-02 01:30:34 INFO CSV Written | Epoch: 10
2026-05-02 01:30:34 INFO Epoch Done | Epoch: 10 | Time: 599.2614 | Train Loss: 0.5989 | Val Accuracy: 0.8656 | Val AUPRC: 0.9336 | Val Auroc: 0.9368 | Val F1: 0.8682 | Val Loss: 0.4191
2026-05-02 01:30:34 INFO Epoch Start | Epoch: 11
2026-05-02 01:30:44 INFO Epoch Progress | Epoch: 11 | Loss: 0.4567 | LR: 5.98105e-05 | Progress: 1% | Step: 1/190
2026-05-02 01:32:17 INFO Epoch Progress | Epoch: 11 | Loss: 0.5653 | LR: 5.90168e-05 | Progress: 25% | Step: 48/190
2026-05-02 01:33:49 INFO Epoch Progress | Epoch: 11 | Loss: 0.5849 | LR: 5.82038e-05 | Progress: 51% | Step: 96/190
2026-05-02 01:35:22 INFO Epoch Progress | Epoch: 11 | Loss: 0.5818 | LR: 5.73885e-05 | Progress: 76% | Step: 144/190
2026-05-02 01:36:50 INFO Epoch Progress | Epoch: 11 | Loss: 0.5812 | LR: 5.66053e-05 | Progress: 100% | Step: 190/190
2026-05-02 01:40:33 INFO CSV Written | Epoch: 11
2026-05-02 01:40:33 INFO Epoch Done | Epoch: 11 | Time: 598.7996 | Train Loss: 0.5742 | Val Accuracy: 0.8671 | Val AUPRC: 0.9346 | Val Auroc: 0.9373 | Val F1: 0.8675 | Val Loss: 0.4149
2026-05-02 01:40:33 INFO Epoch Start | Epoch: 12
2026-05-02 01:40:43 INFO Epoch Progress | Epoch: 12 | Loss: 0.4584 | LR: 5.65883e-05 | Progress: 1% | Step: 1/190
2026-05-02 01:42:15 INFO Epoch Progress | Epoch: 12 | Loss: 0.5484 | LR: 5.58034e-05 | Progress: 25% | Step: 48/190
2026-05-02 01:43:48 INFO Epoch Progress | Epoch: 12 | Loss: 0.5431 | LR: 5.49828e-05 | Progress: 51% | Step: 96/190
2026-05-02 01:45:23 INFO Epoch Progress | Epoch: 12 | Loss: 0.5506 | LR: 5.41609e-05 | Progress: 76% | Step: 144/190
2026-05-02 01:46:50 INFO Epoch Progress | Epoch: 12 | Loss: 0.5524 | LR: 5.33722e-05 | Progress: 100% | Step: 190/190
2026-05-02 01:50:38 INFO CSV Written | Epoch: 12
2026-05-02 01:50:38 INFO Epoch Done | Epoch: 12 | Time: 605.1576 | Train Loss: 0.5494 | Val Accuracy: 0.8689 | Val AUPRC: 0.9341 | Val Auroc: 0.9370 | Val F1: 0.8678 | Val Loss: 0.4039
2026-05-02 01:50:38 INFO Epoch Start | Epoch: 13
2026-05-02 01:50:48 INFO Epoch Progress | Epoch: 13 | Loss: 0.4681 | LR: 5.33551e-05 | Progress: 1% | Step: 1/190
2026-05-02 01:52:21 INFO Epoch Progress | Epoch: 13 | Loss: 0.5128 | LR: 5.25483e-05 | Progress: 25% | Step: 48/190
2026-05-02 01:53:55 INFO Epoch Progress | Epoch: 13 | Loss: 0.5181 | LR: 5.17237e-05 | Progress: 51% | Step: 96/190
2026-05-02 01:55:30 INFO Epoch Progress | Epoch: 13 | Loss: 0.5291 | LR: 5.08986e-05 | Progress: 76% | Step: 144/190
2026-05-02 01:56:58 INFO Epoch Progress | Epoch: 13 | Loss: 0.5359 | LR: 5.01077e-05 | Progress: 100% | Step: 190/190
2026-05-02 02:00:43 INFO CSV Written | Epoch: 13
2026-05-02 02:00:43 INFO Epoch Done | Epoch: 13 | Time: 605.0172 | Train Loss: 0.5237 | Val Accuracy: 0.8688 | Val AUPRC: 0.9336 | Val Auroc: 0.9365 | Val F1: 0.8689 | Val Loss: 0.3965
2026-05-02 02:00:43 INFO Epoch Start | Epoch: 14
2026-05-02 02:00:53 INFO Epoch Progress | Epoch: 14 | Loss: 0.4174 | LR: 5.00905e-05 | Progress: 1% | Step: 1/190
2026-05-02 02:02:26 INFO Epoch Progress | Epoch: 14 | Loss: 0.5082 | LR: 4.92823e-05 | Progress: 25% | Step: 48/190
2026-05-02 02:04:01 INFO Epoch Progress | Epoch: 14 | Loss: 0.5201 | LR: 4.84572e-05 | Progress: 51% | Step: 96/190
2026-05-02 02:05:36 INFO Epoch Progress | Epoch: 14 | Loss: 0.5122 | LR: 4.76324e-05 | Progress: 76% | Step: 144/190
2026-05-02 02:07:04 INFO Epoch Progress | Epoch: 14 | Loss: 0.5163 | LR: 4.68427e-05 | Progress: 100% | Step: 190/190
2026-05-02 02:10:50 INFO CSV Written | Epoch: 14
2026-05-02 02:10:50 INFO Epoch Done | Epoch: 14 | Time: 606.9016 | Train Loss: 0.4997 | Val Accuracy: 0.8710 | Val AUPRC: 0.9341 | Val Auroc: 0.9372 | Val F1: 0.8726 | Val Loss: 0.3905
2026-05-02 02:10:50 INFO Epoch Start | Epoch: 15
2026-05-02 02:11:00 INFO Epoch Progress | Epoch: 15 | Loss: 0.5309 | LR: 4.68255e-05 | Progress: 1% | Step: 1/190
2026-05-02 02:12:31 INFO Epoch Progress | Epoch: 15 | Loss: 0.4442 | LR: 4.60194e-05 | Progress: 25% | Step: 48/190
2026-05-02 02:14:05 INFO Epoch Progress | Epoch: 15 | Loss: 0.4522 | LR: 4.51972e-05 | Progress: 51% | Step: 96/190
2026-05-02 02:15:39 INFO Epoch Progress | Epoch: 15 | Loss: 0.4737 | LR: 4.43764e-05 | Progress: 76% | Step: 144/190
2026-05-02 02:17:07 INFO Epoch Progress | Epoch: 15 | Loss: 0.4844 | LR: 4.35911e-05 | Progress: 100% | Step: 190/190
2026-05-02 02:20:51 INFO CSV Written | Epoch: 15
2026-05-02 02:20:51 INFO Epoch Done | Epoch: 15 | Time: 601.1702 | Train Loss: 0.4761 | Val Accuracy: 0.8712 | Val AUPRC: 0.9316 | Val Auroc: 0.9368 | Val F1: 0.8721 | Val Loss: 0.3883
2026-05-02 02:20:51 INFO Epoch Start | Epoch: 16
2026-05-02 02:21:00 INFO Epoch Progress | Epoch: 16 | Loss: 0.4345 | LR: 4.35741e-05 | Progress: 1% | Step: 1/190
2026-05-02 02:22:34 INFO Epoch Progress | Epoch: 16 | Loss: 0.4256 | LR: 4.27735e-05 | Progress: 25% | Step: 48/190
2026-05-02 02:24:06 INFO Epoch Progress | Epoch: 16 | Loss: 0.4434 | LR: 4.19578e-05 | Progress: 51% | Step: 96/190
2026-05-02 02:25:40 INFO Epoch Progress | Epoch: 16 | Loss: 0.4562 | LR: 4.11443e-05 | Progress: 76% | Step: 144/190
2026-05-02 02:27:08 INFO Epoch Progress | Epoch: 16 | Loss: 0.4599 | LR: 4.0367e-05 | Progress: 100% | Step: 190/190
2026-05-02 02:30:56 INFO CSV Written | Epoch: 16
2026-05-02 02:30:56 INFO Epoch Done | Epoch: 16 | Time: 604.9340 | Train Loss: 0.4498 | Val Accuracy: 0.8690 | Val AUPRC: 0.9203 | Val Auroc: 0.9308 | Val F1: 0.8696 | Val Loss: 0.3937
2026-05-02 02:30:56 INFO Epoch Start | Epoch: 17
2026-05-02 02:31:06 INFO Epoch Progress | Epoch: 17 | Loss: 0.3457 | LR: 4.03501e-05 | Progress: 1% | Step: 1/190
2026-05-02 02:32:37 INFO Epoch Progress | Epoch: 17 | Loss: 0.4054 | LR: 3.95584e-05 | Progress: 25% | Step: 48/190
2026-05-02 02:34:11 INFO Epoch Progress | Epoch: 17 | Loss: 0.4165 | LR: 3.87527e-05 | Progress: 51% | Step: 96/190
2026-05-02 02:35:43 INFO Epoch Progress | Epoch: 17 | Loss: 0.4224 | LR: 3.795e-05 | Progress: 76% | Step: 144/190
2026-05-02 02:37:10 INFO Epoch Progress | Epoch: 17 | Loss: 0.4350 | LR: 3.71839e-05 | Progress: 100% | Step: 190/190
2026-05-02 02:40:56 INFO CSV Written | Epoch: 17
2026-05-02 02:40:56 INFO Epoch Done | Epoch: 17 | Time: 599.9473 | Train Loss: 0.4269 | Val Accuracy: 0.8691 | Val AUPRC: 0.9225 | Val Auroc: 0.9277 | Val F1: 0.8687 | Val Loss: 0.3927
2026-05-02 02:40:56 INFO Epoch Start | Epoch: 18
2026-05-02 02:41:06 INFO Epoch Progress | Epoch: 18 | Loss: 0.4039 | LR: 3.71673e-05 | Progress: 1% | Step: 1/190
2026-05-02 02:42:38 INFO Epoch Progress | Epoch: 18 | Loss: 0.3997 | LR: 3.63879e-05 | Progress: 25% | Step: 48/190
2026-05-02 02:44:13 INFO Epoch Progress | Epoch: 18 | Loss: 0.3982 | LR: 3.55956e-05 | Progress: 51% | Step: 96/190
2026-05-02 02:45:46 INFO Epoch Progress | Epoch: 18 | Loss: 0.4030 | LR: 3.48072e-05 | Progress: 76% | Step: 144/190
2026-05-02 02:47:15 INFO Epoch Progress | Epoch: 18 | Loss: 0.4126 | LR: 3.40556e-05 | Progress: 100% | Step: 190/190
2026-05-02 02:51:00 INFO CSV Written | Epoch: 18
2026-05-02 02:51:00 INFO Epoch Done | Epoch: 18 | Time: 604.1288 | Train Loss: 0.4046 | Val Accuracy: 0.8689 | Val AUPRC: 0.9206 | Val Auroc: 0.9278 | Val F1: 0.8689 | Val Loss: 0.3923
2026-05-02 02:51:00 INFO Early Stop | Epoch: 18
2026-05-02 02:51:00 INFO Stage Done | Run Id: mean_attn_s47
