2026-05-22 22:07:19 INFO Pipeline Runtime | Device: cuda:0 | Distributed: True | Test Batches: 1691 | Train Batches: 812 | Valid Batches: 762 | World Size: 4
2026-05-22 22:07:19 INFO Stage Start | Run Id: pair_context_gated_abba_block_sn_d256_s101
2026-05-22 22:07:23 INFO Train Config | Epochs: 50 | Monitor: auprc | Patience: 10
2026-05-22 22:07:23 INFO Epoch Start | Epoch: 1
2026-05-22 22:07:28 INFO Epoch Progress | Epoch: 1 | Loss: 0.7045 | LR: 4e-06 | Progress: 0% | Step: 1/812
2026-05-22 22:09:18 INFO Epoch Progress | Epoch: 1 | Loss: 0.7135 | LR: 1.29976e-05 | Progress: 25% | Step: 203/812
2026-05-22 22:11:07 INFO Epoch Progress | Epoch: 1 | Loss: 0.6800 | LR: 3.68989e-05 | Progress: 50% | Step: 406/812
2026-05-22 22:12:57 INFO Epoch Progress | Epoch: 1 | Loss: 0.6399 | LR: 6.65711e-05 | Progress: 75% | Step: 609/812
2026-05-22 22:14:46 INFO Epoch Progress | Epoch: 1 | Loss: 0.6119 | LR: 9.0675e-05 | Progress: 100% | Step: 812/812
2026-05-22 22:18:38 INFO CSV Written | Epoch: 1
2026-05-22 22:18:41 INFO Best Saved | Epoch: 1 | Monitor: val_auprc | Value: 0.8602
2026-05-22 22:18:41 INFO Epoch Done | Epoch: 1 | Time: 674.8333 | Train Loss: 0.6102 | Val Accuracy: 0.7733 | Val AUPRC: 0.8602 | Val Auroc: 0.8561 | Val F1: 0.7721 | Val Loss: 0.5017
2026-05-22 22:18:41 INFO Epoch Start | Epoch: 2
2026-05-22 22:18:44 INFO Epoch Progress | Epoch: 2 | Loss: 0.3835 | LR: 9.07628e-05 | Progress: 0% | Step: 1/812
2026-05-22 22:20:33 INFO Epoch Progress | Epoch: 2 | Loss: 0.4940 | LR: 9.99993e-05 | Progress: 25% | Step: 203/812
2026-05-22 22:22:22 INFO Epoch Progress | Epoch: 2 | Loss: 0.4804 | LR: 9.98803e-05 | Progress: 50% | Step: 406/812
2026-05-22 22:24:13 INFO Epoch Progress | Epoch: 2 | Loss: 0.4782 | LR: 9.95176e-05 | Progress: 75% | Step: 609/812
2026-05-22 22:26:03 INFO Epoch Progress | Epoch: 2 | Loss: 0.4740 | LR: 9.89136e-05 | Progress: 100% | Step: 812/812
2026-05-22 22:29:54 INFO CSV Written | Epoch: 2
2026-05-22 22:29:55 INFO Best Saved | Epoch: 2 | Monitor: val_auprc | Value: 0.9012
2026-05-22 22:29:55 INFO Epoch Done | Epoch: 2 | Time: 673.2143 | Train Loss: 0.4727 | Val Accuracy: 0.8123 | Val AUPRC: 0.9012 | Val Auroc: 0.8981 | Val F1: 0.8111 | Val Loss: 0.4404
2026-05-22 22:29:55 INFO Epoch Start | Epoch: 3
2026-05-22 22:29:57 INFO Epoch Progress | Epoch: 3 | Loss: 0.3994 | LR: 9.89101e-05 | Progress: 0% | Step: 1/812
2026-05-22 22:31:47 INFO Epoch Progress | Epoch: 3 | Loss: 0.4327 | LR: 9.80714e-05 | Progress: 25% | Step: 203/812
2026-05-22 22:33:37 INFO Epoch Progress | Epoch: 3 | Loss: 0.4298 | LR: 9.70008e-05 | Progress: 50% | Step: 406/812
2026-05-22 22:35:27 INFO Epoch Progress | Epoch: 3 | Loss: 0.4246 | LR: 9.56965e-05 | Progress: 75% | Step: 609/812
2026-05-22 22:37:16 INFO Epoch Progress | Epoch: 3 | Loss: 0.4219 | LR: 9.41696e-05 | Progress: 100% | Step: 812/812
2026-05-22 22:41:09 INFO CSV Written | Epoch: 3
2026-05-22 22:41:09 INFO Best Saved | Epoch: 3 | Monitor: val_auprc | Value: 0.9188
2026-05-22 22:41:09 INFO Epoch Done | Epoch: 3 | Time: 674.3356 | Train Loss: 0.4206 | Val Accuracy: 0.8349 | Val AUPRC: 0.9188 | Val Auroc: 0.9167 | Val F1: 0.8355 | Val Loss: 0.4147
2026-05-22 22:41:09 INFO Epoch Start | Epoch: 4
2026-05-22 22:41:12 INFO Epoch Progress | Epoch: 4 | Loss: 0.3929 | LR: 9.41615e-05 | Progress: 0% | Step: 1/812
2026-05-22 22:43:01 INFO Epoch Progress | Epoch: 4 | Loss: 0.3960 | LR: 9.24366e-05 | Progress: 25% | Step: 203/812
2026-05-22 22:44:51 INFO Epoch Progress | Epoch: 4 | Loss: 0.3920 | LR: 9.04888e-05 | Progress: 50% | Step: 406/812
2026-05-22 22:46:41 INFO Epoch Progress | Epoch: 4 | Loss: 0.3877 | LR: 8.83437e-05 | Progress: 75% | Step: 609/812
2026-05-22 22:48:30 INFO Epoch Progress | Epoch: 4 | Loss: 0.3858 | LR: 8.60118e-05 | Progress: 100% | Step: 812/812
2026-05-22 22:52:24 INFO CSV Written | Epoch: 4
2026-05-22 22:52:24 INFO Best Saved | Epoch: 4 | Monitor: val_auprc | Value: 0.9272
2026-05-22 22:52:24 INFO Epoch Done | Epoch: 4 | Time: 675.1988 | Train Loss: 0.3838 | Val Accuracy: 0.8406 | Val AUPRC: 0.9272 | Val Auroc: 0.9256 | Val F1: 0.8357 | Val Loss: 0.4178
2026-05-22 22:52:24 INFO Epoch Start | Epoch: 5
2026-05-22 22:52:27 INFO Epoch Progress | Epoch: 5 | Loss: 0.4415 | LR: 8.59999e-05 | Progress: 0% | Step: 1/812
2026-05-22 22:54:16 INFO Epoch Progress | Epoch: 5 | Loss: 0.3543 | LR: 8.35045e-05 | Progress: 25% | Step: 203/812
2026-05-22 22:56:07 INFO Epoch Progress | Epoch: 5 | Loss: 0.3491 | LR: 8.08339e-05 | Progress: 50% | Step: 406/812
2026-05-22 22:57:56 INFO Epoch Progress | Epoch: 5 | Loss: 0.3516 | LR: 7.80132e-05 | Progress: 75% | Step: 609/812
2026-05-22 22:59:46 INFO Epoch Progress | Epoch: 5 | Loss: 0.3548 | LR: 7.50559e-05 | Progress: 100% | Step: 812/812
2026-05-22 23:03:39 INFO CSV Written | Epoch: 5
2026-05-22 23:03:39 INFO Best Saved | Epoch: 5 | Monitor: val_auprc | Value: 0.9332
2026-05-22 23:03:39 INFO Epoch Done | Epoch: 5 | Time: 674.4417 | Train Loss: 0.3543 | Val Accuracy: 0.8456 | Val AUPRC: 0.9332 | Val Auroc: 0.9318 | Val F1: 0.8384 | Val Loss: 0.4005
2026-05-22 23:03:39 INFO Epoch Start | Epoch: 6
2026-05-22 23:03:56 INFO Epoch Progress | Epoch: 6 | Loss: 0.9431 | LR: 7.5041e-05 | Progress: 1% | Step: 1/190
2026-05-22 23:05:31 INFO Epoch Progress | Epoch: 6 | Loss: 0.7075 | LR: 7.43383e-05 | Progress: 25% | Step: 48/190
2026-05-22 23:07:03 INFO Epoch Progress | Epoch: 6 | Loss: 0.6928 | LR: 7.3614e-05 | Progress: 51% | Step: 96/190
2026-05-22 23:08:36 INFO Epoch Progress | Epoch: 6 | Loss: 0.6900 | LR: 7.28833e-05 | Progress: 76% | Step: 144/190
2026-05-22 23:10:03 INFO Epoch Progress | Epoch: 6 | Loss: 0.6866 | LR: 7.21772e-05 | Progress: 100% | Step: 190/190
2026-05-22 23:14:00 INFO CSV Written | Epoch: 6
2026-05-22 23:14:00 INFO Best Saved | Epoch: 6 | Monitor: val_auprc | Value: 0.9360
2026-05-22 23:14:00 INFO Epoch Done | Epoch: 6 | Time: 620.7152 | Train Loss: 0.6851 | Val Accuracy: 0.8611 | Val AUPRC: 0.9360 | Val Auroc: 0.9361 | Val F1: 0.8606 | Val Loss: 0.4412
2026-05-22 23:14:00 INFO Epoch Start | Epoch: 7
2026-05-22 23:14:13 INFO Epoch Progress | Epoch: 7 | Loss: 0.7416 | LR: 7.21618e-05 | Progress: 1% | Step: 1/190
2026-05-22 23:15:44 INFO Epoch Progress | Epoch: 7 | Loss: 0.6597 | LR: 7.14344e-05 | Progress: 25% | Step: 48/190
2026-05-22 23:17:16 INFO Epoch Progress | Epoch: 7 | Loss: 0.6630 | LR: 7.06859e-05 | Progress: 51% | Step: 96/190
2026-05-22 23:18:48 INFO Epoch Progress | Epoch: 7 | Loss: 0.6660 | LR: 6.99317e-05 | Progress: 76% | Step: 144/190
2026-05-22 23:20:15 INFO Epoch Progress | Epoch: 7 | Loss: 0.6653 | LR: 6.92038e-05 | Progress: 100% | Step: 190/190
2026-05-22 23:24:11 INFO CSV Written | Epoch: 7
2026-05-22 23:24:11 INFO Epoch Done | Epoch: 7 | Time: 611.6466 | Train Loss: 0.6600 | Val Accuracy: 0.8610 | Val AUPRC: 0.9302 | Val Auroc: 0.9331 | Val F1: 0.8608 | Val Loss: 0.4549
2026-05-22 23:24:11 INFO Epoch Start | Epoch: 8
2026-05-22 23:24:24 INFO Epoch Progress | Epoch: 8 | Loss: 0.6455 | LR: 6.91879e-05 | Progress: 1% | Step: 1/190
2026-05-22 23:25:54 INFO Epoch Progress | Epoch: 8 | Loss: 0.6335 | LR: 6.84391e-05 | Progress: 25% | Step: 48/190
2026-05-22 23:27:26 INFO Epoch Progress | Epoch: 8 | Loss: 0.6409 | LR: 6.76694e-05 | Progress: 51% | Step: 96/190
2026-05-22 23:28:58 INFO Epoch Progress | Epoch: 8 | Loss: 0.6413 | LR: 6.6895e-05 | Progress: 76% | Step: 144/190
2026-05-22 23:30:24 INFO Epoch Progress | Epoch: 8 | Loss: 0.6400 | LR: 6.61484e-05 | Progress: 100% | Step: 190/190
2026-05-22 23:34:22 INFO CSV Written | Epoch: 8
2026-05-22 23:34:22 INFO Epoch Done | Epoch: 8 | Time: 611.0897 | Train Loss: 0.6377 | Val Accuracy: 0.8542 | Val AUPRC: 0.9254 | Val Auroc: 0.9290 | Val F1: 0.8558 | Val Loss: 0.4448
2026-05-22 23:34:22 INFO Epoch Start | Epoch: 9
2026-05-22 23:34:34 INFO Epoch Progress | Epoch: 9 | Loss: 0.5809 | LR: 6.61321e-05 | Progress: 1% | Step: 1/190
2026-05-22 23:36:05 INFO Epoch Progress | Epoch: 9 | Loss: 0.6042 | LR: 6.53651e-05 | Progress: 25% | Step: 48/190
2026-05-22 23:37:37 INFO Epoch Progress | Epoch: 9 | Loss: 0.6198 | LR: 6.45941e-05 | Progress: 51% | Step: 96/190
2026-05-22 23:39:09 INFO Epoch Progress | Epoch: 9 | Loss: 0.6188 | LR: 6.38027e-05 | Progress: 76% | Step: 144/190
2026-05-22 23:40:35 INFO Epoch Progress | Epoch: 9 | Loss: 0.6192 | LR: 6.30407e-05 | Progress: 100% | Step: 190/190
2026-05-22 23:44:32 INFO CSV Written | Epoch: 9
2026-05-22 23:44:32 INFO Epoch Done | Epoch: 9 | Time: 609.1649 | Train Loss: 0.6197 | Val Accuracy: 0.8610 | Val AUPRC: 0.9341 | Val Auroc: 0.9336 | Val F1: 0.8598 | Val Loss: 0.4239
2026-05-22 23:44:32 INFO Epoch Start | Epoch: 10
2026-05-22 23:44:45 INFO Epoch Progress | Epoch: 10 | Loss: 0.5864 | LR: 6.30241e-05 | Progress: 1% | Step: 1/190
2026-05-22 23:46:15 INFO Epoch Progress | Epoch: 10 | Loss: 0.5724 | LR: 6.22422e-05 | Progress: 25% | Step: 48/190
2026-05-22 23:47:47 INFO Epoch Progress | Epoch: 10 | Loss: 0.5937 | LR: 6.14403e-05 | Progress: 51% | Step: 96/190
2026-05-22 23:49:19 INFO Epoch Progress | Epoch: 10 | Loss: 0.5912 | LR: 6.06353e-05 | Progress: 76% | Step: 144/190
2026-05-22 23:50:46 INFO Epoch Progress | Epoch: 10 | Loss: 0.5991 | LR: 5.98611e-05 | Progress: 100% | Step: 190/190
2026-05-22 23:54:43 INFO CSV Written | Epoch: 10
2026-05-22 23:54:43 INFO Epoch Done | Epoch: 10 | Time: 611.7379 | Train Loss: 0.5921 | Val Accuracy: 0.8581 | Val AUPRC: 0.9326 | Val Auroc: 0.9323 | Val F1: 0.8598 | Val Loss: 0.4193
2026-05-22 23:54:43 INFO Epoch Start | Epoch: 11
2026-05-22 23:54:56 INFO Epoch Progress | Epoch: 11 | Loss: 0.6040 | LR: 5.98443e-05 | Progress: 1% | Step: 1/190
2026-05-22 23:56:27 INFO Epoch Progress | Epoch: 11 | Loss: 0.5666 | LR: 5.90506e-05 | Progress: 25% | Step: 48/190
2026-05-22 23:58:00 INFO Epoch Progress | Epoch: 11 | Loss: 0.5748 | LR: 5.82377e-05 | Progress: 51% | Step: 96/190
2026-05-22 23:59:32 INFO Epoch Progress | Epoch: 11 | Loss: 0.5735 | LR: 5.74225e-05 | Progress: 76% | Step: 144/190
2026-05-23 00:00:59 INFO Epoch Progress | Epoch: 11 | Loss: 0.5720 | LR: 5.66394e-05 | Progress: 100% | Step: 190/190
2026-05-23 00:04:56 INFO CSV Written | Epoch: 11
2026-05-23 00:04:56 INFO Epoch Done | Epoch: 11 | Time: 612.9747 | Train Loss: 0.5686 | Val Accuracy: 0.8519 | Val AUPRC: 0.9237 | Val Auroc: 0.9240 | Val F1: 0.8487 | Val Loss: 0.4173
2026-05-23 00:04:56 INFO Epoch Start | Epoch: 12
2026-05-23 00:05:09 INFO Epoch Progress | Epoch: 12 | Loss: 0.3681 | LR: 5.66224e-05 | Progress: 1% | Step: 1/190
2026-05-23 00:06:40 INFO Epoch Progress | Epoch: 12 | Loss: 0.5433 | LR: 5.58205e-05 | Progress: 25% | Step: 48/190
2026-05-23 00:08:13 INFO Epoch Progress | Epoch: 12 | Loss: 0.5505 | LR: 5.5e-05 | Progress: 51% | Step: 96/190
2026-05-23 00:09:45 INFO Epoch Progress | Epoch: 12 | Loss: 0.5476 | LR: 5.41781e-05 | Progress: 76% | Step: 144/190
2026-05-23 00:11:11 INFO Epoch Progress | Epoch: 12 | Loss: 0.5485 | LR: 5.33894e-05 | Progress: 100% | Step: 190/190
2026-05-23 00:15:08 INFO CSV Written | Epoch: 12
2026-05-23 00:15:08 INFO Epoch Done | Epoch: 12 | Time: 611.1655 | Train Loss: 0.5395 | Val Accuracy: 0.8585 | Val AUPRC: 0.9304 | Val Auroc: 0.9295 | Val F1: 0.8563 | Val Loss: 0.3998
2026-05-23 00:15:08 INFO Epoch Start | Epoch: 13
2026-05-23 00:15:20 INFO Epoch Progress | Epoch: 13 | Loss: 0.5079 | LR: 5.33722e-05 | Progress: 1% | Step: 1/190
2026-05-23 00:16:51 INFO Epoch Progress | Epoch: 13 | Loss: 0.5199 | LR: 5.25655e-05 | Progress: 25% | Step: 48/190
2026-05-23 00:18:24 INFO Epoch Progress | Epoch: 13 | Loss: 0.5249 | LR: 5.17409e-05 | Progress: 51% | Step: 96/190
2026-05-23 00:19:56 INFO Epoch Progress | Epoch: 13 | Loss: 0.5308 | LR: 5.09158e-05 | Progress: 76% | Step: 144/190
2026-05-23 00:21:22 INFO Epoch Progress | Epoch: 13 | Loss: 0.5294 | LR: 5.01249e-05 | Progress: 100% | Step: 190/190
2026-05-23 00:25:19 INFO CSV Written | Epoch: 13
2026-05-23 00:25:19 INFO Epoch Done | Epoch: 13 | Time: 611.0363 | Train Loss: 0.5165 | Val Accuracy: 0.8563 | Val AUPRC: 0.9253 | Val Auroc: 0.9262 | Val F1: 0.8539 | Val Loss: 0.4012
2026-05-23 00:25:19 INFO Epoch Start | Epoch: 14
2026-05-23 00:25:31 INFO Epoch Progress | Epoch: 14 | Loss: 0.4420 | LR: 5.01077e-05 | Progress: 1% | Step: 1/190
2026-05-23 00:27:02 INFO Epoch Progress | Epoch: 14 | Loss: 0.4750 | LR: 4.92995e-05 | Progress: 25% | Step: 48/190
2026-05-23 00:28:35 INFO Epoch Progress | Epoch: 14 | Loss: 0.4888 | LR: 4.84744e-05 | Progress: 51% | Step: 96/190
2026-05-23 00:30:07 INFO Epoch Progress | Epoch: 14 | Loss: 0.4897 | LR: 4.76496e-05 | Progress: 76% | Step: 144/190
2026-05-23 00:31:33 INFO Epoch Progress | Epoch: 14 | Loss: 0.4944 | LR: 4.6877e-05 | Progress: 100% | Step: 190/190
2026-05-23 00:35:31 INFO CSV Written | Epoch: 14
2026-05-23 00:35:31 INFO Epoch Done | Epoch: 14 | Time: 612.4864 | Train Loss: 0.4863 | Val Accuracy: 0.8575 | Val AUPRC: 0.9271 | Val Auroc: 0.9276 | Val F1: 0.8580 | Val Loss: 0.3992
2026-05-23 00:35:31 INFO Epoch Start | Epoch: 15
2026-05-23 00:35:44 INFO Epoch Progress | Epoch: 15 | Loss: 0.6440 | LR: 4.68598e-05 | Progress: 1% | Step: 1/190
2026-05-23 00:37:15 INFO Epoch Progress | Epoch: 15 | Loss: 0.4615 | LR: 4.60537e-05 | Progress: 25% | Step: 48/190
2026-05-23 00:38:48 INFO Epoch Progress | Epoch: 15 | Loss: 0.4584 | LR: 4.52315e-05 | Progress: 51% | Step: 96/190
2026-05-23 00:40:20 INFO Epoch Progress | Epoch: 15 | Loss: 0.4555 | LR: 4.44105e-05 | Progress: 76% | Step: 144/190
2026-05-23 00:41:47 INFO Epoch Progress | Epoch: 15 | Loss: 0.4639 | LR: 4.36252e-05 | Progress: 100% | Step: 190/190
2026-05-23 00:45:44 INFO CSV Written | Epoch: 15
2026-05-23 00:45:44 INFO Epoch Done | Epoch: 15 | Time: 612.7518 | Train Loss: 0.4621 | Val Accuracy: 0.8543 | Val AUPRC: 0.9147 | Val Auroc: 0.9212 | Val F1: 0.8544 | Val Loss: 0.4068
2026-05-23 00:45:44 INFO Epoch Start | Epoch: 16
2026-05-23 00:45:57 INFO Epoch Progress | Epoch: 16 | Loss: 0.3900 | LR: 4.36082e-05 | Progress: 1% | Step: 1/190
2026-05-23 00:47:27 INFO Epoch Progress | Epoch: 16 | Loss: 0.4240 | LR: 4.28075e-05 | Progress: 25% | Step: 48/190
2026-05-23 00:49:00 INFO Epoch Progress | Epoch: 16 | Loss: 0.4292 | LR: 4.19917e-05 | Progress: 51% | Step: 96/190
2026-05-23 00:50:33 INFO Epoch Progress | Epoch: 16 | Loss: 0.4441 | LR: 4.11782e-05 | Progress: 76% | Step: 144/190
2026-05-23 00:51:59 INFO Epoch Progress | Epoch: 16 | Loss: 0.4441 | LR: 4.04007e-05 | Progress: 100% | Step: 190/190
2026-05-23 00:55:57 INFO CSV Written | Epoch: 16
2026-05-23 00:55:57 INFO Epoch Done | Epoch: 16 | Time: 613.4751 | Train Loss: 0.4419 | Val Accuracy: 0.8587 | Val AUPRC: 0.9236 | Val Auroc: 0.9257 | Val F1: 0.8597 | Val Loss: 0.4036
2026-05-23 00:55:57 INFO Early Stop | Epoch: 16
2026-05-23 00:55:57 INFO Stage Done | Run Id: pair_context_gated_abba_block_sn_d256_s101
