2026-05-26 18:14:25 INFO Pipeline Runtime | Device: cuda:0 | Distributed: True | Test Batches: 1691 | Train Batches: 762 | Valid Batches: 762 | World Size: 4
2026-05-26 18:14:25 INFO Stage Start | Checkpoint: models/v3/train/20260308_002906/best_model.pth | Init Mode: warm_start | Run Id: topo_gs_rd_bce_low
2026-05-26 18:15:05 INFO Finetune Config | Epochs: 20 | Internal Validation Compute Spectral Stats: False | Internal Validation Inference Batch Size: 128 | Internal Validation Node Sizes: [20, 40, 60, 80, 100] | Internal Validation Pairs: 108500 | Internal Validation Subgraphs: 50 | Monitor: val_topology_loss | Pair Batch Size: 32
2026-05-26 18:24:31 INFO Bce Negative Assignment Clipped | Actual Negative Pairs: 154979 | Bce Negative Ratio: 5 | Target Negative Pairs: 243855
2026-05-26 18:24:43 INFO Epoch Progress | Epoch: 1 | Loss: 1.3643 | Progress: 0% | Step: 1/667
2026-05-26 19:15:13 INFO Epoch Progress | Epoch: 1 | Loss: 1.4338 | Progress: 25% | Step: 167/667
2026-05-26 20:06:43 INFO Epoch Progress | Epoch: 1 | Loss: 1.3341 | Progress: 50% | Step: 334/667
2026-05-26 20:52:46 INFO Epoch Progress | Epoch: 1 | Loss: 1.4048 | Progress: 75% | Step: 501/667
2026-05-26 21:33:54 INFO Epoch Progress | Epoch: 1 | Loss: 1.5095 | Progress: 100% | Step: 667/667
2026-05-26 21:43:47 INFO Best Saved | Epoch: 1 | Monitor: val_topology_loss | Value: 26.0823
2026-05-26 21:43:47 INFO Epoch Done | All Subgraph Pairs: 1620810 | Bce Negative Pairs: 154979 | Bce Negative Ratio: 3.1777 | Bce Positive Pairs: 48771 | Bce Supervised Fraction: 0.1257 | Bce Target Negative Pairs: 243855 | Covered Positive Edges: 48771 | Edge Cover Sampling S: 566.7309 | Epoch: 1 | Internal Val Graph Sim: 0.2363 | Internal Val Topology S: 382.9490 | Mean Positive Edge Reuse: 1.0000 | Peak Gpu Mem Mb: 26117.5693 | Planned Subgraphs: 2668 | Positive Edge Coverage Ratio: 1.0000 | Supervised Pairs: 203750 | Topo Loss Scale: 1.0000 | Total Positive Edges: 48771 | Train Forward Backward S: 11238.7385 | Train Loss: 1.5835 | Val AUPRC: 0.9236 | Val Pair Pass S: 209.4590 | Val Threshold S: 0.0000
2026-05-26 21:52:52 INFO Bce Negative Assignment Clipped | Actual Negative Pairs: 154979 | Bce Negative Ratio: 5 | Target Negative Pairs: 243855
2026-05-26 21:53:04 INFO Epoch Progress | Epoch: 2 | Loss: 1.0667 | Progress: 0% | Step: 1/667
2026-05-26 22:43:49 INFO Epoch Progress | Epoch: 2 | Loss: 1.0433 | Progress: 25% | Step: 167/667
2026-05-26 23:36:21 INFO Epoch Progress | Epoch: 2 | Loss: 0.9457 | Progress: 50% | Step: 334/667
2026-05-27 00:23:46 INFO Epoch Progress | Epoch: 2 | Loss: 1.0827 | Progress: 75% | Step: 501/667
2026-05-27 01:05:19 INFO Epoch Progress | Epoch: 2 | Loss: 1.2282 | Progress: 100% | Step: 667/667
2026-05-27 01:15:13 INFO Best Saved | Epoch: 2 | Monitor: val_topology_loss | Value: 23.1015
2026-05-27 01:15:13 INFO Epoch Done | All Subgraph Pairs: 1620810 | Bce Negative Pairs: 154979 | Bce Negative Ratio: 3.1777 | Bce Positive Pairs: 48771 | Bce Supervised Fraction: 0.1257 | Bce Target Negative Pairs: 243855 | Covered Positive Edges: 48771 | Edge Cover Sampling S: 550.6279 | Epoch: 2 | Internal Val Graph Sim: 0.2377 | Internal Val Topology S: 385.3598 | Mean Positive Edge Reuse: 1.0000 | Peak Gpu Mem Mb: 26510.3633 | Planned Subgraphs: 2668 | Positive Edge Coverage Ratio: 1.0000 | Supervised Pairs: 203750 | Topo Loss Scale: 1.0000 | Total Positive Edges: 48771 | Train Forward Backward S: 11417.1845 | Train Loss: 1.2656 | Val AUPRC: 0.9326 | Val Pair Pass S: 208.9094 | Val Threshold S: 0.0000
2026-05-27 01:24:51 INFO Bce Negative Assignment Clipped | Actual Negative Pairs: 154979 | Bce Negative Ratio: 5 | Target Negative Pairs: 243855
2026-05-27 01:25:01 INFO Epoch Progress | Epoch: 3 | Loss: 1.0256 | Progress: 0% | Step: 1/668
2026-05-27 02:15:50 INFO Epoch Progress | Epoch: 3 | Loss: 0.9460 | Progress: 25% | Step: 167/668
2026-05-27 03:08:24 INFO Epoch Progress | Epoch: 3 | Loss: 0.8736 | Progress: 50% | Step: 334/668
2026-05-27 03:55:31 INFO Epoch Progress | Epoch: 3 | Loss: 1.0317 | Progress: 75% | Step: 501/668
2026-05-27 04:37:26 INFO Epoch Progress | Epoch: 3 | Loss: 1.1881 | Progress: 100% | Step: 668/668
2026-05-27 04:47:20 INFO Best Saved | Epoch: 3 | Monitor: val_topology_loss | Value: 17.0597
2026-05-27 04:47:20 INFO Epoch Done | All Subgraph Pairs: 1622025 | Bce Negative Pairs: 154979 | Bce Negative Ratio: 3.1777 | Bce Positive Pairs: 48771 | Bce Supervised Fraction: 0.1256 | Bce Target Negative Pairs: 243855 | Covered Positive Edges: 48771 | Edge Cover Sampling S: 577.0895 | Epoch: 3 | Internal Val Graph Sim: 0.2453 | Internal Val Topology S: 384.5576 | Mean Positive Edge Reuse: 1.0000 | Peak Gpu Mem Mb: 26307.4409 | Planned Subgraphs: 2670 | Positive Edge Coverage Ratio: 1.0000 | Supervised Pairs: 203750 | Topo Loss Scale: 1.0000 | Total Positive Edges: 48771 | Train Forward Backward S: 11431.5418 | Train Loss: 1.2055 | Val AUPRC: 0.9336 | Val Pair Pass S: 209.1792 | Val Threshold S: 0.0000
2026-05-27 04:56:33 INFO Bce Negative Assignment Clipped | Actual Negative Pairs: 154979 | Bce Negative Ratio: 5 | Target Negative Pairs: 243855
2026-05-27 04:56:43 INFO Epoch Progress | Epoch: 4 | Loss: 1.2609 | Progress: 0% | Step: 1/668
2026-05-27 05:47:33 INFO Epoch Progress | Epoch: 4 | Loss: 0.9295 | Progress: 25% | Step: 167/668
2026-05-27 06:39:47 INFO Epoch Progress | Epoch: 4 | Loss: 0.8610 | Progress: 50% | Step: 334/668
2026-05-27 07:27:04 INFO Epoch Progress | Epoch: 4 | Loss: 0.9964 | Progress: 75% | Step: 501/668
2026-05-27 08:09:02 INFO Epoch Progress | Epoch: 4 | Loss: 1.1507 | Progress: 100% | Step: 668/668
2026-05-27 08:18:59 INFO Best Saved | Epoch: 4 | Monitor: val_topology_loss | Value: 15.6055
2026-05-27 08:18:59 INFO Epoch Done | All Subgraph Pairs: 1621245 | Bce Negative Pairs: 154979 | Bce Negative Ratio: 3.1777 | Bce Positive Pairs: 48771 | Bce Supervised Fraction: 0.1257 | Bce Target Negative Pairs: 243855 | Covered Positive Edges: 48771 | Edge Cover Sampling S: 567.9439 | Epoch: 4 | Internal Val Graph Sim: 0.2475 | Internal Val Topology S: 387.4680 | Mean Positive Edge Reuse: 1.0000 | Peak Gpu Mem Mb: 26022.8579 | Planned Subgraphs: 2669 | Positive Edge Coverage Ratio: 1.0000 | Supervised Pairs: 203750 | Topo Loss Scale: 1.0000 | Total Positive Edges: 48771 | Train Forward Backward S: 11409.2114 | Train Loss: 1.1751 | Val AUPRC: 0.9343 | Val Pair Pass S: 209.6805 | Val Threshold S: 0.0000
2026-05-27 08:28:33 INFO Bce Negative Assignment Clipped | Actual Negative Pairs: 154979 | Bce Negative Ratio: 5 | Target Negative Pairs: 243855
2026-05-27 08:28:45 INFO Epoch Progress | Epoch: 5 | Loss: 1.1974 | Progress: 0% | Step: 1/667
2026-05-27 09:19:59 INFO Epoch Progress | Epoch: 5 | Loss: 0.9296 | Progress: 25% | Step: 167/667
2026-05-27 10:12:30 INFO Epoch Progress | Epoch: 5 | Loss: 0.8389 | Progress: 50% | Step: 334/667
2026-05-27 10:59:49 INFO Epoch Progress | Epoch: 5 | Loss: 0.9752 | Progress: 75% | Step: 501/667
2026-05-27 11:41:49 INFO Epoch Progress | Epoch: 5 | Loss: 1.1212 | Progress: 100% | Step: 667/667
2026-05-27 11:51:44 INFO Best Saved | Epoch: 5 | Monitor: val_topology_loss | Value: 13.9202
2026-05-27 11:51:44 INFO Epoch Done | All Subgraph Pairs: 1620030 | Bce Negative Pairs: 154979 | Bce Negative Ratio: 3.1777 | Bce Positive Pairs: 48771 | Bce Supervised Fraction: 0.1258 | Bce Target Negative Pairs: 243855 | Covered Positive Edges: 48771 | Edge Cover Sampling S: 577.4496 | Epoch: 5 | Internal Val Graph Sim: 0.2517 | Internal Val Topology S: 385.6924 | Mean Positive Edge Reuse: 1.0000 | Peak Gpu Mem Mb: 26460.3525 | Planned Subgraphs: 2667 | Positive Edge Coverage Ratio: 1.0000 | Supervised Pairs: 203750 | Topo Loss Scale: 1.0000 | Total Positive Edges: 48771 | Train Forward Backward S: 11468.2788 | Train Loss: 1.1564 | Val AUPRC: 0.9349 | Val Pair Pass S: 209.0306 | Val Threshold S: 0.0000
2026-05-27 12:00:35 INFO Bce Negative Assignment Clipped | Actual Negative Pairs: 154979 | Bce Negative Ratio: 5 | Target Negative Pairs: 243855
2026-05-27 12:00:44 INFO Epoch Progress | Epoch: 6 | Loss: 1.0888 | Progress: 0% | Step: 1/668
2026-05-27 12:51:52 INFO Epoch Progress | Epoch: 6 | Loss: 0.8871 | Progress: 25% | Step: 167/668
2026-05-27 13:44:23 INFO Epoch Progress | Epoch: 6 | Loss: 0.8143 | Progress: 50% | Step: 334/668
2026-05-27 14:32:07 INFO Epoch Progress | Epoch: 6 | Loss: 0.9507 | Progress: 75% | Step: 501/668
2026-05-27 15:13:59 INFO Epoch Progress | Epoch: 6 | Loss: 1.1094 | Progress: 100% | Step: 668/668
2026-05-27 15:23:57 INFO Best Saved | Epoch: 6 | Monitor: val_topology_loss | Value: 13.4497
2026-05-27 15:23:57 INFO Epoch Done | All Subgraph Pairs: 1621245 | Bce Negative Pairs: 154979 | Bce Negative Ratio: 3.1777 | Bce Positive Pairs: 48771 | Bce Supervised Fraction: 0.1257 | Bce Target Negative Pairs: 243855 | Covered Positive Edges: 48771 | Edge Cover Sampling S: 535.3391 | Epoch: 6 | Internal Val Graph Sim: 0.2525 | Internal Val Topology S: 387.0913 | Mean Positive Edge Reuse: 1.0000 | Peak Gpu Mem Mb: 26370.3369 | Planned Subgraphs: 2669 | Positive Edge Coverage Ratio: 1.0000 | Supervised Pairs: 203750 | Topo Loss Scale: 1.0000 | Total Positive Edges: 48771 | Train Forward Backward S: 11475.4093 | Train Loss: 1.1463 | Val AUPRC: 0.9357 | Val Pair Pass S: 210.7883 | Val Threshold S: 0.0000
2026-05-27 15:33:20 INFO Bce Negative Assignment Clipped | Actual Negative Pairs: 154979 | Bce Negative Ratio: 5 | Target Negative Pairs: 243855
2026-05-27 15:33:32 INFO Epoch Progress | Epoch: 7 | Loss: 1.0341 | Progress: 0% | Step: 1/667
2026-05-27 16:24:48 INFO Epoch Progress | Epoch: 7 | Loss: 0.8804 | Progress: 25% | Step: 167/667
2026-05-27 17:17:23 INFO Epoch Progress | Epoch: 7 | Loss: 0.8191 | Progress: 50% | Step: 334/667
2026-05-27 18:04:38 INFO Epoch Progress | Epoch: 7 | Loss: 0.9666 | Progress: 75% | Step: 501/667
2026-05-27 18:46:55 INFO Epoch Progress | Epoch: 7 | Loss: 1.1164 | Progress: 100% | Step: 667/667
2026-05-27 18:56:55 INFO Best Saved | Epoch: 7 | Monitor: val_topology_loss | Value: 12.3979
2026-05-27 18:56:55 INFO Epoch Done | All Subgraph Pairs: 1620810 | Bce Negative Pairs: 154979 | Bce Negative Ratio: 3.1777 | Bce Positive Pairs: 48771 | Bce Supervised Fraction: 0.1257 | Bce Target Negative Pairs: 243855 | Covered Positive Edges: 48771 | Edge Cover Sampling S: 561.0947 | Epoch: 7 | Internal Val Graph Sim: 0.2546 | Internal Val Topology S: 388.4967 | Mean Positive Edge Reuse: 1.0000 | Peak Gpu Mem Mb: 25860.6313 | Planned Subgraphs: 2668 | Positive Edge Coverage Ratio: 1.0000 | Supervised Pairs: 203750 | Topo Loss Scale: 1.0000 | Total Positive Edges: 48771 | Train Forward Backward S: 11493.0858 | Train Loss: 1.1392 | Val AUPRC: 0.9362 | Val Pair Pass S: 211.0857 | Val Threshold S: 0.0000
2026-05-27 19:06:20 INFO Bce Negative Assignment Clipped | Actual Negative Pairs: 154979 | Bce Negative Ratio: 5 | Target Negative Pairs: 243855
2026-05-27 19:06:29 INFO Epoch Progress | Epoch: 8 | Loss: 0.6468 | Progress: 0% | Step: 1/668
2026-05-27 19:57:58 INFO Epoch Progress | Epoch: 8 | Loss: 0.8552 | Progress: 25% | Step: 167/668
2026-05-27 20:50:52 INFO Epoch Progress | Epoch: 8 | Loss: 0.7950 | Progress: 50% | Step: 334/668
2026-05-27 21:38:40 INFO Epoch Progress | Epoch: 8 | Loss: 0.9425 | Progress: 75% | Step: 501/668
2026-05-27 22:20:43 INFO Epoch Progress | Epoch: 8 | Loss: 1.0918 | Progress: 100% | Step: 668/668
2026-05-27 22:30:39 INFO Epoch Done | All Subgraph Pairs: 1621245 | Bce Negative Pairs: 154979 | Bce Negative Ratio: 3.1777 | Bce Positive Pairs: 48771 | Bce Supervised Fraction: 0.1257 | Bce Target Negative Pairs: 243855 | Covered Positive Edges: 48771 | Edge Cover Sampling S: 568.9392 | Epoch: 8 | Internal Val Graph Sim: 0.2527 | Internal Val Topology S: 386.0732 | Mean Positive Edge Reuse: 1.0000 | Peak Gpu Mem Mb: 26053.0645 | Planned Subgraphs: 2669 | Positive Edge Coverage Ratio: 1.0000 | Supervised Pairs: 203750 | Topo Loss Scale: 1.0000 | Total Positive Edges: 48771 | Train Forward Backward S: 11534.5553 | Train Loss: 1.1188 | Val AUPRC: 0.9367 | Val Pair Pass S: 210.5509 | Val Threshold S: 0.0000
2026-05-27 22:39:59 INFO Bce Negative Assignment Clipped | Actual Negative Pairs: 154979 | Bce Negative Ratio: 5 | Target Negative Pairs: 243855
2026-05-27 22:40:11 INFO Epoch Progress | Epoch: 9 | Loss: 1.2904 | Progress: 0% | Step: 1/668
2026-05-27 23:31:29 INFO Epoch Progress | Epoch: 9 | Loss: 0.8835 | Progress: 25% | Step: 167/668
2026-05-28 00:23:55 INFO Epoch Progress | Epoch: 9 | Loss: 0.8141 | Progress: 50% | Step: 334/668
2026-05-28 01:11:15 INFO Epoch Progress | Epoch: 9 | Loss: 0.9515 | Progress: 75% | Step: 501/668
2026-05-28 01:53:36 INFO Epoch Progress | Epoch: 9 | Loss: 1.0990 | Progress: 100% | Step: 668/668
2026-05-28 02:03:34 INFO Best Saved | Epoch: 9 | Monitor: val_topology_loss | Value: 12.1697
2026-05-28 02:03:34 INFO Epoch Done | All Subgraph Pairs: 1622025 | Bce Negative Pairs: 154979 | Bce Negative Ratio: 3.1777 | Bce Positive Pairs: 48771 | Bce Supervised Fraction: 0.1256 | Bce Target Negative Pairs: 243855 | Covered Positive Edges: 48771 | Edge Cover Sampling S: 569.6908 | Epoch: 9 | Internal Val Graph Sim: 0.2548 | Internal Val Topology S: 387.4610 | Mean Positive Edge Reuse: 1.0000 | Peak Gpu Mem Mb: 26069.9531 | Planned Subgraphs: 2670 | Positive Edge Coverage Ratio: 1.0000 | Supervised Pairs: 203750 | Topo Loss Scale: 1.0000 | Total Positive Edges: 48771 | Train Forward Backward S: 11482.7348 | Train Loss: 1.1179 | Val AUPRC: 0.9370 | Val Pair Pass S: 209.6892 | Val Threshold S: 0.0000
2026-05-28 02:13:15 INFO Bce Negative Assignment Clipped | Actual Negative Pairs: 154979 | Bce Negative Ratio: 5 | Target Negative Pairs: 243855
2026-05-28 02:13:28 INFO Epoch Progress | Epoch: 10 | Loss: 1.1974 | Progress: 0% | Step: 1/668
2026-05-28 03:05:27 INFO Epoch Progress | Epoch: 10 | Loss: 0.8559 | Progress: 25% | Step: 167/668
2026-05-28 03:57:59 INFO Epoch Progress | Epoch: 10 | Loss: 0.7929 | Progress: 50% | Step: 334/668
2026-05-28 04:45:14 INFO Epoch Progress | Epoch: 10 | Loss: 0.9304 | Progress: 75% | Step: 501/668
2026-05-28 05:27:18 INFO Epoch Progress | Epoch: 10 | Loss: 1.0801 | Progress: 100% | Step: 668/668
2026-05-28 05:37:15 INFO Epoch Done | All Subgraph Pairs: 1622025 | Bce Negative Pairs: 154979 | Bce Negative Ratio: 3.1777 | Bce Positive Pairs: 48771 | Bce Supervised Fraction: 0.1256 | Bce Target Negative Pairs: 243855 | Covered Positive Edges: 48771 | Edge Cover Sampling S: 584.7669 | Epoch: 10 | Internal Val Graph Sim: 0.2564 | Internal Val Topology S: 387.8449 | Mean Positive Edge Reuse: 1.0000 | Peak Gpu Mem Mb: 26140.0728 | Planned Subgraphs: 2670 | Positive Edge Coverage Ratio: 1.0000 | Supervised Pairs: 203750 | Topo Loss Scale: 1.0000 | Total Positive Edges: 48771 | Train Forward Backward S: 11515.0751 | Train Loss: 1.1057 | Val AUPRC: 0.9381 | Val Pair Pass S: 209.1220 | Val Threshold S: 0.0000
2026-05-28 05:46:35 INFO Bce Negative Assignment Clipped | Actual Negative Pairs: 154979 | Bce Negative Ratio: 5 | Target Negative Pairs: 243855
2026-05-28 05:46:47 INFO Epoch Progress | Epoch: 11 | Loss: 0.6959 | Progress: 0% | Step: 1/668
2026-05-28 06:38:14 INFO Epoch Progress | Epoch: 11 | Loss: 0.8521 | Progress: 25% | Step: 167/668
2026-05-28 07:30:28 INFO Epoch Progress | Epoch: 11 | Loss: 0.7854 | Progress: 50% | Step: 334/668
2026-05-28 08:18:04 INFO Epoch Progress | Epoch: 11 | Loss: 0.9249 | Progress: 75% | Step: 501/668
2026-05-28 09:00:34 INFO Epoch Progress | Epoch: 11 | Loss: 1.0830 | Progress: 100% | Step: 668/668
2026-05-28 09:10:30 INFO Best Saved | Epoch: 11 | Monitor: val_topology_loss | Value: 11.4096
2026-05-28 09:10:30 INFO Epoch Done | All Subgraph Pairs: 1621245 | Bce Negative Pairs: 154979 | Bce Negative Ratio: 3.1777 | Bce Positive Pairs: 48771 | Bce Supervised Fraction: 0.1257 | Bce Target Negative Pairs: 243855 | Covered Positive Edges: 48771 | Edge Cover Sampling S: 564.0753 | Epoch: 11 | Internal Val Graph Sim: 0.2567 | Internal Val Topology S: 386.0030 | Mean Positive Edge Reuse: 1.0000 | Peak Gpu Mem Mb: 25572.5513 | Planned Subgraphs: 2669 | Positive Edge Coverage Ratio: 1.0000 | Supervised Pairs: 203750 | Topo Loss Scale: 1.0000 | Total Positive Edges: 48771 | Train Forward Backward S: 11510.7472 | Train Loss: 1.1001 | Val AUPRC: 0.9385 | Val Pair Pass S: 209.9078 | Val Threshold S: 0.0000
2026-05-28 09:20:03 INFO Bce Negative Assignment Clipped | Actual Negative Pairs: 154979 | Bce Negative Ratio: 5 | Target Negative Pairs: 243855
2026-05-28 09:20:16 INFO Epoch Progress | Epoch: 12 | Loss: 0.9969 | Progress: 0% | Step: 1/668
2026-05-28 10:12:10 INFO Epoch Progress | Epoch: 12 | Loss: 0.8482 | Progress: 25% | Step: 167/668
2026-05-28 11:04:10 INFO Epoch Progress | Epoch: 12 | Loss: 0.7853 | Progress: 50% | Step: 334/668
2026-05-28 11:52:00 INFO Epoch Progress | Epoch: 12 | Loss: 0.9234 | Progress: 75% | Step: 501/668
2026-05-28 12:33:57 INFO Epoch Progress | Epoch: 12 | Loss: 1.0680 | Progress: 100% | Step: 668/668
2026-05-28 12:43:59 INFO Best Saved | Epoch: 12 | Monitor: val_topology_loss | Value: 10.5440
2026-05-28 12:43:59 INFO Epoch Done | All Subgraph Pairs: 1621245 | Bce Negative Pairs: 154979 | Bce Negative Ratio: 3.1777 | Bce Positive Pairs: 48771 | Bce Supervised Fraction: 0.1257 | Bce Target Negative Pairs: 243855 | Covered Positive Edges: 48771 | Edge Cover Sampling S: 578.5600 | Epoch: 12 | Internal Val Graph Sim: 0.2585 | Internal Val Topology S: 387.4549 | Mean Positive Edge Reuse: 1.0000 | Peak Gpu Mem Mb: 26401.4927 | Planned Subgraphs: 2669 | Positive Edge Coverage Ratio: 1.0000 | Supervised Pairs: 203750 | Topo Loss Scale: 1.0000 | Total Positive Edges: 48771 | Train Forward Backward S: 11504.6102 | Train Loss: 1.0939 | Val AUPRC: 0.9391 | Val Pair Pass S: 213.7999 | Val Threshold S: 0.0000
2026-05-28 12:53:19 INFO Bce Negative Assignment Clipped | Actual Negative Pairs: 154979 | Bce Negative Ratio: 5 | Target Negative Pairs: 243855
2026-05-28 12:53:28 INFO Epoch Progress | Epoch: 13 | Loss: 0.7763 | Progress: 0% | Step: 1/668
2026-05-28 13:44:53 INFO Epoch Progress | Epoch: 13 | Loss: 0.8182 | Progress: 25% | Step: 167/668
2026-05-28 14:37:33 INFO Epoch Progress | Epoch: 13 | Loss: 0.7686 | Progress: 50% | Step: 334/668
2026-05-28 15:25:05 INFO Epoch Progress | Epoch: 13 | Loss: 0.8874 | Progress: 75% | Step: 501/668
2026-05-28 16:07:33 INFO Epoch Progress | Epoch: 13 | Loss: 1.0446 | Progress: 100% | Step: 668/668
2026-05-28 16:17:33 INFO Best Saved | Epoch: 13 | Monitor: val_topology_loss | Value: 10.2884
2026-05-28 16:17:33 INFO Epoch Done | All Subgraph Pairs: 1621245 | Bce Negative Pairs: 154979 | Bce Negative Ratio: 3.1777 | Bce Positive Pairs: 48771 | Bce Supervised Fraction: 0.1257 | Bce Target Negative Pairs: 243855 | Covered Positive Edges: 48771 | Edge Cover Sampling S: 563.0682 | Epoch: 13 | Internal Val Graph Sim: 0.2595 | Internal Val Topology S: 390.2915 | Mean Positive Edge Reuse: 1.0000 | Peak Gpu Mem Mb: 26282.9902 | Planned Subgraphs: 2669 | Positive Edge Coverage Ratio: 1.0000 | Supervised Pairs: 203750 | Topo Loss Scale: 1.0000 | Total Positive Edges: 48771 | Train Forward Backward S: 11526.4434 | Train Loss: 1.0870 | Val AUPRC: 0.9397 | Val Pair Pass S: 209.4722 | Val Threshold S: 0.0000
2026-05-28 16:27:33 INFO Bce Negative Assignment Clipped | Actual Negative Pairs: 154979 | Bce Negative Ratio: 5 | Target Negative Pairs: 243855
2026-05-28 16:27:44 INFO Epoch Progress | Epoch: 14 | Loss: 1.1928 | Progress: 0% | Step: 1/668
2026-05-28 17:18:35 INFO Epoch Progress | Epoch: 14 | Loss: 0.8342 | Progress: 25% | Step: 167/668
2026-05-28 18:11:08 INFO Epoch Progress | Epoch: 14 | Loss: 0.7712 | Progress: 50% | Step: 334/668
2026-05-28 18:58:42 INFO Epoch Progress | Epoch: 14 | Loss: 0.9118 | Progress: 75% | Step: 501/668
2026-05-28 19:40:59 INFO Epoch Progress | Epoch: 14 | Loss: 1.0706 | Progress: 100% | Step: 668/668
2026-05-28 19:50:55 INFO Epoch Done | All Subgraph Pairs: 1622460 | Bce Negative Pairs: 154979 | Bce Negative Ratio: 3.1777 | Bce Positive Pairs: 48771 | Bce Supervised Fraction: 0.1256 | Bce Target Negative Pairs: 243855 | Covered Positive Edges: 48771 | Edge Cover Sampling S: 582.9973 | Epoch: 14 | Internal Val Graph Sim: 0.2607 | Internal Val Topology S: 387.7012 | Mean Positive Edge Reuse: 1.0000 | Peak Gpu Mem Mb: 26632.0024 | Planned Subgraphs: 2671 | Positive Edge Coverage Ratio: 1.0000 | Supervised Pairs: 203750 | Topo Loss Scale: 1.0000 | Total Positive Edges: 48771 | Train Forward Backward S: 11499.1482 | Train Loss: 1.0804 | Val AUPRC: 0.9399 | Val Pair Pass S: 208.3680 | Val Threshold S: 0.0000
2026-05-28 20:00:39 INFO Bce Negative Assignment Clipped | Actual Negative Pairs: 154979 | Bce Negative Ratio: 5 | Target Negative Pairs: 243855
2026-05-28 20:00:49 INFO Epoch Progress | Epoch: 15 | Loss: 0.7808 | Progress: 0% | Step: 1/668
2026-05-28 20:51:55 INFO Epoch Progress | Epoch: 15 | Loss: 0.8354 | Progress: 25% | Step: 167/668
2026-05-28 21:44:21 INFO Epoch Progress | Epoch: 15 | Loss: 0.7692 | Progress: 50% | Step: 334/668
