2026-06-01 14:40:25 INFO Pipeline Runtime | Device: cuda:0 | Distributed: True | Test Batches: 1691 | Train Batches: 762 | Valid Batches: 762 | World Size: 4
2026-06-01 14:40:32 INFO Stage Start | Init Mode: scratch | Run Id: p2_fixed_teacher_enabled
2026-06-01 14:41:03 INFO Tccig Train Config | Epochs: 20 | Internal Validation Compute Spectral Stats: False | Internal Validation Inference Batch Size: 1024 | Internal Validation Node Sizes: [20, 40, 60, 80, 100] | Internal Validation Pairs: 108500 | Internal Validation Subgraphs: 50 | Monitor: val_topology_loss | Pair Batch Size: 32
2026-06-01 14:41:03 INFO Density Bias Initialized | Bias: -6.502 | Positive Edge Probability: 0.001 | Source: graph_density
2026-06-01 14:44:23 INFO Epoch Progress | Epoch: 1 | Loss: 0.550 | Progress: 0% | Step: 1/329
2026-06-01 14:44:55 INFO Epoch Progress | Epoch: 1 | Loss: 1.483 | Progress: 25% | Step: 83/329
2026-06-01 14:45:27 INFO Epoch Progress | Epoch: 1 | Loss: 1.240 | Progress: 50% | Step: 166/329
2026-06-01 14:45:59 INFO Epoch Progress | Epoch: 1 | Loss: 1.093 | Progress: 76% | Step: 249/329
2026-06-01 14:46:30 INFO Epoch Progress | Epoch: 1 | Loss: 1.015 | Progress: 100% | Step: 329/329
2026-06-01 14:50:27 INFO Best Saved | Epoch: 1 | Monitor: val_topology_loss | Value: 20.772
2026-06-01 14:50:27 INFO Best AUPRC Observed | Epoch: 1 | Value: 0.664
2026-06-01 14:50:27 INFO Epoch Done | All Subgraph Pairs: 3221295 | Bce Negative Pairs: 154979 | Bce Negative Ratio: 3.178 | Bce Positive Pairs: 48771 | Bce Supervised Fraction: 0.063 | Bce Target Negative Pairs: 243855 | Covered Positive Edges: 48771 | Edge Cover Sampling S: 200.929 | Epoch: 1 | Internal Val Graph Sim: 0.127 | Internal Val Topology S: 17.179 | Mean Positive Edge Reuse: 1.000 | Peak Gpu Mem Mb: 24874.820 | Planned Subgraphs: 1316 | Positive Edge Coverage Ratio: 1.000 | Supervised Pairs: 203750 | Topo Loss Scale: 1.000 | Total Positive Edges: 48771 | Train Forward Backward S: 127.995 | Train Loss: 1.028 | Val AUPRC: 0.664 | Val Pair Pass S: 208.081 | Val Threshold S: 0.000
2026-06-01 14:53:48 INFO Epoch Progress | Epoch: 2 | Loss: 0.837 | Progress: 0% | Step: 1/329
2026-06-01 14:54:12 INFO Epoch Progress | Epoch: 2 | Loss: 0.762 | Progress: 25% | Step: 83/329
2026-06-01 14:54:33 INFO Epoch Progress | Epoch: 2 | Loss: 0.742 | Progress: 50% | Step: 166/329
2026-06-01 14:54:55 INFO Epoch Progress | Epoch: 2 | Loss: 0.731 | Progress: 76% | Step: 249/329
2026-06-01 14:55:17 INFO Epoch Progress | Epoch: 2 | Loss: 0.721 | Progress: 100% | Step: 329/329
2026-06-01 14:59:24 INFO Best Saved | Epoch: 2 | Monitor: val_topology_loss | Value: 2.832
2026-06-01 14:59:24 INFO Best AUPRC Observed | Epoch: 2 | Value: 0.673
2026-06-01 14:59:24 INFO Epoch Done | All Subgraph Pairs: 3221295 | Bce Negative Pairs: 154979 | Bce Negative Ratio: 3.178 | Bce Positive Pairs: 48771 | Bce Supervised Fraction: 0.063 | Bce Target Negative Pairs: 243855 | Covered Positive Edges: 48771 | Edge Cover Sampling S: 203.420 | Epoch: 2 | Internal Val Graph Sim: 0.141 | Internal Val Topology S: 18.069 | Mean Positive Edge Reuse: 1.000 | Peak Gpu Mem Mb: 24874.820 | Planned Subgraphs: 1316 | Positive Edge Coverage Ratio: 1.000 | Supervised Pairs: 203750 | Topo Loss Scale: 1.000 | Total Positive Edges: 48771 | Train Forward Backward S: 91.431 | Train Loss: 0.723 | Val AUPRC: 0.673 | Val Pair Pass S: 206.152 | Val Threshold S: 0.000
2026-06-01 15:02:44 INFO Epoch Progress | Epoch: 3 | Loss: 0.665 | Progress: 0% | Step: 1/330
2026-06-01 15:03:08 INFO Epoch Progress | Epoch: 3 | Loss: 0.667 | Progress: 25% | Step: 83/330
2026-06-01 15:03:30 INFO Epoch Progress | Epoch: 3 | Loss: 0.651 | Progress: 50% | Step: 166/330
2026-06-01 15:03:52 INFO Epoch Progress | Epoch: 3 | Loss: 0.641 | Progress: 75% | Step: 249/330
2026-06-01 15:04:14 INFO Epoch Progress | Epoch: 3 | Loss: 0.629 | Progress: 100% | Step: 330/330
2026-06-01 15:08:21 INFO Best Saved | Epoch: 3 | Monitor: val_topology_loss | Value: 0.445
2026-06-01 15:08:21 INFO Best AUPRC Observed | Epoch: 3 | Value: 0.674
2026-06-01 15:08:21 INFO Epoch Done | All Subgraph Pairs: 3224455 | Bce Negative Pairs: 154979 | Bce Negative Ratio: 3.178 | Bce Positive Pairs: 48771 | Bce Supervised Fraction: 0.063 | Bce Target Negative Pairs: 243855 | Covered Positive Edges: 48771 | Edge Cover Sampling S: 203.932 | Epoch: 3 | Internal Val Graph Sim: 0.117 | Internal Val Topology S: 16.430 | Mean Positive Edge Reuse: 1.000 | Peak Gpu Mem Mb: 24874.820 | Planned Subgraphs: 1317 | Positive Edge Coverage Ratio: 1.000 | Supervised Pairs: 203750 | Topo Loss Scale: 1.000 | Total Positive Edges: 48771 | Train Forward Backward S: 92.051 | Train Loss: 0.629 | Val AUPRC: 0.674 | Val Pair Pass S: 210.441 | Val Threshold S: 0.000
2026-06-01 15:11:54 INFO Epoch Progress | Epoch: 4 | Loss: 0.530 | Progress: 0% | Step: 1/330
2026-06-01 15:12:17 INFO Epoch Progress | Epoch: 4 | Loss: 0.580 | Progress: 25% | Step: 83/330
2026-06-01 15:12:40 INFO Epoch Progress | Epoch: 4 | Loss: 0.582 | Progress: 50% | Step: 166/330
2026-06-01 15:13:02 INFO Epoch Progress | Epoch: 4 | Loss: 0.579 | Progress: 75% | Step: 249/330
2026-06-01 15:13:24 INFO Epoch Progress | Epoch: 4 | Loss: 0.577 | Progress: 100% | Step: 330/330
2026-06-01 15:17:18 INFO Best AUPRC Observed | Epoch: 4 | Value: 0.677
2026-06-01 15:17:18 INFO Epoch Done | All Subgraph Pairs: 3224455 | Bce Negative Pairs: 154979 | Bce Negative Ratio: 3.178 | Bce Positive Pairs: 48771 | Bce Supervised Fraction: 0.063 | Bce Target Negative Pairs: 243855 | Covered Positive Edges: 48771 | Edge Cover Sampling S: 209.751 | Epoch: 4 | Internal Val Graph Sim: 0.090 | Internal Val Topology S: 17.720 | Mean Positive Edge Reuse: 1.000 | Peak Gpu Mem Mb: 24874.820 | Planned Subgraphs: 1317 | Positive Edge Coverage Ratio: 1.000 | Supervised Pairs: 203750 | Topo Loss Scale: 1.000 | Total Positive Edges: 48771 | Train Forward Backward S: 92.324 | Train Loss: 0.576 | Val AUPRC: 0.677 | Val Pair Pass S: 205.532 | Val Threshold S: 0.000
2026-06-01 15:20:55 INFO Epoch Progress | Epoch: 5 | Loss: 0.631 | Progress: 0% | Step: 1/330
2026-06-01 15:21:19 INFO Epoch Progress | Epoch: 5 | Loss: 0.566 | Progress: 25% | Step: 83/330
2026-06-01 15:21:41 INFO Epoch Progress | Epoch: 5 | Loss: 0.564 | Progress: 50% | Step: 166/330
2026-06-01 15:22:03 INFO Epoch Progress | Epoch: 5 | Loss: 0.564 | Progress: 75% | Step: 249/330
2026-06-01 15:22:24 INFO Epoch Progress | Epoch: 5 | Loss: 0.564 | Progress: 100% | Step: 330/330
2026-06-01 15:26:24 INFO Best AUPRC Observed | Epoch: 5 | Value: 0.678
2026-06-01 15:26:24 INFO Epoch Done | All Subgraph Pairs: 3224455 | Bce Negative Pairs: 154979 | Bce Negative Ratio: 3.178 | Bce Positive Pairs: 48771 | Bce Supervised Fraction: 0.063 | Bce Target Negative Pairs: 243855 | Covered Positive Edges: 48771 | Edge Cover Sampling S: 218.090 | Epoch: 5 | Internal Val Graph Sim: 0.092 | Internal Val Topology S: 16.607 | Mean Positive Edge Reuse: 1.000 | Peak Gpu Mem Mb: 24874.820 | Planned Subgraphs: 1317 | Positive Edge Coverage Ratio: 1.000 | Supervised Pairs: 203750 | Topo Loss Scale: 1.000 | Total Positive Edges: 48771 | Train Forward Backward S: 93.265 | Train Loss: 0.565 | Val AUPRC: 0.678 | Val Pair Pass S: 208.137 | Val Threshold S: 0.000
2026-06-01 15:29:44 INFO Epoch Progress | Epoch: 6 | Loss: 0.538 | Progress: 0% | Step: 1/330
2026-06-01 15:30:08 INFO Epoch Progress | Epoch: 6 | Loss: 0.557 | Progress: 25% | Step: 83/330
2026-06-01 15:30:29 INFO Epoch Progress | Epoch: 6 | Loss: 0.559 | Progress: 50% | Step: 166/330
2026-06-01 15:30:51 INFO Epoch Progress | Epoch: 6 | Loss: 0.558 | Progress: 75% | Step: 249/330
2026-06-01 15:31:12 INFO Epoch Progress | Epoch: 6 | Loss: 0.558 | Progress: 100% | Step: 330/330
2026-06-01 15:35:18 INFO Best AUPRC Observed | Epoch: 6 | Value: 0.686
2026-06-01 15:35:18 INFO Epoch Done | All Subgraph Pairs: 3224455 | Bce Negative Pairs: 154979 | Bce Negative Ratio: 3.178 | Bce Positive Pairs: 48771 | Bce Supervised Fraction: 0.063 | Bce Target Negative Pairs: 243855 | Covered Positive Edges: 48771 | Edge Cover Sampling S: 202.331 | Epoch: 6 | Internal Val Graph Sim: 0.094 | Internal Val Topology S: 16.440 | Mean Positive Edge Reuse: 1.000 | Peak Gpu Mem Mb: 24874.820 | Planned Subgraphs: 1317 | Positive Edge Coverage Ratio: 1.000 | Supervised Pairs: 203750 | Topo Loss Scale: 1.000 | Total Positive Edges: 48771 | Train Forward Backward S: 92.017 | Train Loss: 0.561 | Val AUPRC: 0.686 | Val Pair Pass S: 206.340 | Val Threshold S: 0.000
2026-06-01 15:38:43 INFO Epoch Progress | Epoch: 7 | Loss: 0.578 | Progress: 0% | Step: 1/329
2026-06-01 15:39:08 INFO Epoch Progress | Epoch: 7 | Loss: 0.554 | Progress: 25% | Step: 83/329
2026-06-01 15:39:30 INFO Epoch Progress | Epoch: 7 | Loss: 0.558 | Progress: 50% | Step: 166/329
2026-06-01 15:39:52 INFO Epoch Progress | Epoch: 7 | Loss: 0.560 | Progress: 76% | Step: 249/329
2026-06-01 15:40:13 INFO Epoch Progress | Epoch: 7 | Loss: 0.559 | Progress: 100% | Step: 329/329
2026-06-01 15:44:11 INFO Best AUPRC Observed | Epoch: 7 | Value: 0.691
2026-06-01 15:44:11 INFO Epoch Done | All Subgraph Pairs: 3221295 | Bce Negative Pairs: 154979 | Bce Negative Ratio: 3.178 | Bce Positive Pairs: 48771 | Bce Supervised Fraction: 0.063 | Bce Target Negative Pairs: 243855 | Covered Positive Edges: 48771 | Edge Cover Sampling S: 204.714 | Epoch: 7 | Internal Val Graph Sim: 0.094 | Internal Val Topology S: 16.692 | Mean Positive Edge Reuse: 1.000 | Peak Gpu Mem Mb: 24874.820 | Planned Subgraphs: 1316 | Positive Edge Coverage Ratio: 1.000 | Supervised Pairs: 203750 | Topo Loss Scale: 1.000 | Total Positive Edges: 48771 | Train Forward Backward S: 92.005 | Train Loss: 0.558 | Val AUPRC: 0.691 | Val Pair Pass S: 209.581 | Val Threshold S: 0.000
2026-06-01 15:44:11 INFO Early Stop | Epoch: 7
2026-06-01 15:44:11 INFO Stage Done | Run Id: p2_fixed_teacher_enabled
