2026-05-03 06:29:42 INFO Pipeline Runtime | Device: cuda:0 | Distributed: True | Test Batches: 1691 | Train Batches: 812 | Valid Batches: 762 | World Size: 4
2026-05-03 06:29:42 INFO Stage Start | Run Id: no_max_s47
2026-05-03 06:29:45 INFO Train Config | Epochs: 50 | Monitor: auprc | Patience: 10
2026-05-03 06:29:45 INFO Epoch Start | Epoch: 1
2026-05-03 06:29:50 INFO Epoch Progress | Epoch: 1 | Loss: 0.7594 | LR: 4e-06 | Progress: 0% | Step: 1/812
2026-05-03 06:31:48 INFO Epoch Progress | Epoch: 1 | Loss: 0.7308 | LR: 1.30844e-05 | Progress: 25% | Step: 203/812
2026-05-03 06:33:46 INFO Epoch Progress | Epoch: 1 | Loss: 0.7203 | LR: 3.704e-05 | Progress: 50% | Step: 406/812
2026-05-03 06:35:44 INFO Epoch Progress | Epoch: 1 | Loss: 0.6936 | LR: 6.67126e-05 | Progress: 75% | Step: 609/812
2026-05-03 06:37:42 INFO Epoch Progress | Epoch: 1 | Loss: 0.6566 | LR: 9.07628e-05 | Progress: 100% | Step: 812/812
2026-05-03 06:41:33 INFO CSV Written | Epoch: 1
2026-05-03 06:41:38 INFO Best Saved | Epoch: 1 | Monitor: val_auprc | Value: 0.8366
2026-05-03 06:41:38 INFO Epoch Done | Epoch: 1 | Time: 708.1257 | Train Loss: 0.6582 | Val Accuracy: 0.7682 | Val AUPRC: 0.8366 | Val Auroc: 0.8478 | Val F1: 0.7797 | Val Loss: 0.5135
2026-05-03 06:41:38 INFO Epoch Start | Epoch: 2
2026-05-03 06:41:41 INFO Epoch Progress | Epoch: 2 | Loss: 0.5717 | LR: 9.08503e-05 | Progress: 0% | Step: 1/812
2026-05-03 06:43:38 INFO Epoch Progress | Epoch: 2 | Loss: 0.5077 | LR: 9.99999e-05 | Progress: 25% | Step: 203/812
2026-05-03 06:45:36 INFO Epoch Progress | Epoch: 2 | Loss: 0.4989 | LR: 9.98791e-05 | Progress: 50% | Step: 406/812
2026-05-03 06:47:35 INFO Epoch Progress | Epoch: 2 | Loss: 0.4867 | LR: 9.95152e-05 | Progress: 75% | Step: 609/812
2026-05-03 06:49:32 INFO Epoch Progress | Epoch: 2 | Loss: 0.4810 | LR: 9.89101e-05 | Progress: 100% | Step: 812/812
2026-05-03 06:53:15 INFO CSV Written | Epoch: 2
2026-05-03 06:53:15 INFO Best Saved | Epoch: 2 | Monitor: val_auprc | Value: 0.8972
2026-05-03 06:53:15 INFO Epoch Done | Epoch: 2 | Time: 696.7103 | Train Loss: 0.4775 | Val Accuracy: 0.8134 | Val AUPRC: 0.8972 | Val Auroc: 0.8971 | Val F1: 0.8094 | Val Loss: 0.4461
2026-05-03 06:53:15 INFO Epoch Start | Epoch: 3
2026-05-03 06:53:18 INFO Epoch Progress | Epoch: 3 | Loss: 0.3328 | LR: 9.89065e-05 | Progress: 0% | Step: 1/812
2026-05-03 06:55:17 INFO Epoch Progress | Epoch: 3 | Loss: 0.4374 | LR: 9.80666e-05 | Progress: 25% | Step: 203/812
2026-05-03 06:57:15 INFO Epoch Progress | Epoch: 3 | Loss: 0.4307 | LR: 9.69949e-05 | Progress: 50% | Step: 406/812
2026-05-03 06:59:13 INFO Epoch Progress | Epoch: 3 | Loss: 0.4240 | LR: 9.56965e-05 | Progress: 75% | Step: 609/812
2026-05-03 07:01:12 INFO Epoch Progress | Epoch: 3 | Loss: 0.4215 | LR: 9.41696e-05 | Progress: 100% | Step: 812/812
2026-05-03 07:04:57 INFO CSV Written | Epoch: 3
2026-05-03 07:04:57 INFO Best Saved | Epoch: 3 | Monitor: val_auprc | Value: 0.9166
2026-05-03 07:04:57 INFO Epoch Done | Epoch: 3 | Time: 701.1841 | Train Loss: 0.4221 | Val Accuracy: 0.8370 | Val AUPRC: 0.9166 | Val Auroc: 0.9173 | Val F1: 0.8389 | Val Loss: 0.4080
2026-05-03 07:04:57 INFO Epoch Start | Epoch: 4
2026-05-03 07:04:59 INFO Epoch Progress | Epoch: 4 | Loss: 0.3295 | LR: 9.41615e-05 | Progress: 0% | Step: 1/812
2026-05-03 07:06:58 INFO Epoch Progress | Epoch: 4 | Loss: 0.3798 | LR: 9.24275e-05 | Progress: 25% | Step: 203/812
2026-05-03 07:08:57 INFO Epoch Progress | Epoch: 4 | Loss: 0.3814 | LR: 9.04787e-05 | Progress: 50% | Step: 406/812
2026-05-03 07:10:55 INFO Epoch Progress | Epoch: 4 | Loss: 0.3821 | LR: 8.83326e-05 | Progress: 75% | Step: 609/812
2026-05-03 07:12:54 INFO Epoch Progress | Epoch: 4 | Loss: 0.3830 | LR: 8.59999e-05 | Progress: 100% | Step: 812/812
2026-05-03 07:16:36 INFO CSV Written | Epoch: 4
2026-05-03 07:16:36 INFO Best Saved | Epoch: 4 | Monitor: val_auprc | Value: 0.9220
2026-05-03 07:16:36 INFO Epoch Done | Epoch: 4 | Time: 699.1489 | Train Loss: 0.3831 | Val Accuracy: 0.8461 | Val AUPRC: 0.9220 | Val Auroc: 0.9239 | Val F1: 0.8494 | Val Loss: 0.3966
2026-05-03 07:16:36 INFO Epoch Start | Epoch: 5
2026-05-03 07:16:39 INFO Epoch Progress | Epoch: 5 | Loss: 0.3635 | LR: 8.59879e-05 | Progress: 0% | Step: 1/812
2026-05-03 07:18:37 INFO Epoch Progress | Epoch: 5 | Loss: 0.3529 | LR: 8.34917e-05 | Progress: 25% | Step: 203/812
2026-05-03 07:20:36 INFO Epoch Progress | Epoch: 5 | Loss: 0.3550 | LR: 8.08204e-05 | Progress: 50% | Step: 406/812
2026-05-03 07:22:36 INFO Epoch Progress | Epoch: 5 | Loss: 0.3563 | LR: 7.79989e-05 | Progress: 75% | Step: 609/812
2026-05-03 07:24:35 INFO Epoch Progress | Epoch: 5 | Loss: 0.3550 | LR: 7.5041e-05 | Progress: 100% | Step: 812/812
2026-05-03 07:28:22 INFO CSV Written | Epoch: 5
2026-05-03 07:28:23 INFO Best Saved | Epoch: 5 | Monitor: val_auprc | Value: 0.9308
2026-05-03 07:28:23 INFO Epoch Done | Epoch: 5 | Time: 705.9559 | Train Loss: 0.3538 | Val Accuracy: 0.8566 | Val AUPRC: 0.9308 | Val Auroc: 0.9326 | Val F1: 0.8602 | Val Loss: 0.3846
2026-05-03 07:28:23 INFO Epoch Start | Epoch: 6
2026-05-03 07:28:36 INFO Epoch Progress | Epoch: 6 | Loss: 0.7151 | LR: 7.50262e-05 | Progress: 1% | Step: 1/190
2026-05-03 07:30:09 INFO Epoch Progress | Epoch: 6 | Loss: 0.7017 | LR: 7.43233e-05 | Progress: 25% | Step: 48/190
2026-05-03 07:31:42 INFO Epoch Progress | Epoch: 6 | Loss: 0.6888 | LR: 7.35988e-05 | Progress: 51% | Step: 96/190
2026-05-03 07:33:15 INFO Epoch Progress | Epoch: 6 | Loss: 0.6850 | LR: 7.2868e-05 | Progress: 76% | Step: 144/190
2026-05-03 07:34:42 INFO Epoch Progress | Epoch: 6 | Loss: 0.6829 | LR: 7.21618e-05 | Progress: 100% | Step: 190/190
2026-05-03 07:38:29 INFO CSV Written | Epoch: 6
2026-05-03 07:38:29 INFO Best Saved | Epoch: 6 | Monitor: val_auprc | Value: 0.9370
2026-05-03 07:38:29 INFO Epoch Done | Epoch: 6 | Time: 605.8911 | Train Loss: 0.6813 | Val Accuracy: 0.8656 | Val AUPRC: 0.9370 | Val Auroc: 0.9388 | Val F1: 0.8681 | Val Loss: 0.4926
2026-05-03 07:38:29 INFO Epoch Start | Epoch: 7
2026-05-03 07:38:39 INFO Epoch Progress | Epoch: 7 | Loss: 0.6662 | LR: 7.21463e-05 | Progress: 1% | Step: 1/190
2026-05-03 07:40:11 INFO Epoch Progress | Epoch: 7 | Loss: 0.6480 | LR: 7.14189e-05 | Progress: 25% | Step: 48/190
2026-05-03 07:41:46 INFO Epoch Progress | Epoch: 7 | Loss: 0.6512 | LR: 7.06702e-05 | Progress: 51% | Step: 96/190
2026-05-03 07:43:20 INFO Epoch Progress | Epoch: 7 | Loss: 0.6600 | LR: 6.99159e-05 | Progress: 76% | Step: 144/190
2026-05-03 07:44:49 INFO Epoch Progress | Epoch: 7 | Loss: 0.6592 | LR: 6.91879e-05 | Progress: 100% | Step: 190/190
2026-05-03 07:48:33 INFO CSV Written | Epoch: 7
2026-05-03 07:48:33 INFO Epoch Done | Epoch: 7 | Time: 604.0831 | Train Loss: 0.6560 | Val Accuracy: 0.8669 | Val AUPRC: 0.9367 | Val Auroc: 0.9386 | Val F1: 0.8677 | Val Loss: 0.4764
2026-05-03 07:48:33 INFO Epoch Start | Epoch: 8
2026-05-03 07:48:43 INFO Epoch Progress | Epoch: 8 | Loss: 0.6308 | LR: 6.9172e-05 | Progress: 1% | Step: 1/190
2026-05-03 07:50:16 INFO Epoch Progress | Epoch: 8 | Loss: 0.6247 | LR: 6.84231e-05 | Progress: 25% | Step: 48/190
2026-05-03 07:51:50 INFO Epoch Progress | Epoch: 8 | Loss: 0.6397 | LR: 6.76534e-05 | Progress: 51% | Step: 96/190
2026-05-03 07:53:25 INFO Epoch Progress | Epoch: 8 | Loss: 0.6395 | LR: 6.68788e-05 | Progress: 76% | Step: 144/190
2026-05-03 07:54:54 INFO Epoch Progress | Epoch: 8 | Loss: 0.6415 | LR: 6.61321e-05 | Progress: 100% | Step: 190/190
2026-05-03 07:58:35 INFO CSV Written | Epoch: 8
2026-05-03 07:58:35 INFO Epoch Done | Epoch: 8 | Time: 602.4425 | Train Loss: 0.6389 | Val Accuracy: 0.8652 | Val AUPRC: 0.9353 | Val Auroc: 0.9379 | Val F1: 0.8659 | Val Loss: 0.4677
2026-05-03 07:58:35 INFO Epoch Start | Epoch: 9
2026-05-03 07:58:45 INFO Epoch Progress | Epoch: 9 | Loss: 0.6155 | LR: 6.61159e-05 | Progress: 1% | Step: 1/190
2026-05-03 08:00:18 INFO Epoch Progress | Epoch: 9 | Loss: 0.6243 | LR: 6.53487e-05 | Progress: 25% | Step: 48/190
2026-05-03 08:01:52 INFO Epoch Progress | Epoch: 9 | Loss: 0.6207 | LR: 6.45612e-05 | Progress: 51% | Step: 96/190
2026-05-03 08:03:28 INFO Epoch Progress | Epoch: 9 | Loss: 0.6223 | LR: 6.37696e-05 | Progress: 76% | Step: 144/190
2026-05-03 08:04:56 INFO Epoch Progress | Epoch: 9 | Loss: 0.6241 | LR: 6.30075e-05 | Progress: 100% | Step: 190/190
2026-05-03 08:08:40 INFO CSV Written | Epoch: 9
2026-05-03 08:08:40 INFO Epoch Done | Epoch: 9 | Time: 604.8994 | Train Loss: 0.6231 | Val Accuracy: 0.8652 | Val AUPRC: 0.9366 | Val Auroc: 0.9387 | Val F1: 0.8684 | Val Loss: 0.4597
2026-05-03 08:08:40 INFO Epoch Start | Epoch: 10
2026-05-03 08:08:51 INFO Epoch Progress | Epoch: 10 | Loss: 0.6362 | LR: 6.29909e-05 | Progress: 1% | Step: 1/190
2026-05-03 08:10:22 INFO Epoch Progress | Epoch: 10 | Loss: 0.5969 | LR: 6.22088e-05 | Progress: 25% | Step: 48/190
2026-05-03 08:11:57 INFO Epoch Progress | Epoch: 10 | Loss: 0.6034 | LR: 6.14236e-05 | Progress: 51% | Step: 96/190
2026-05-03 08:13:31 INFO Epoch Progress | Epoch: 10 | Loss: 0.5989 | LR: 6.06185e-05 | Progress: 76% | Step: 144/190
2026-05-03 08:14:59 INFO Epoch Progress | Epoch: 10 | Loss: 0.6049 | LR: 5.98443e-05 | Progress: 100% | Step: 190/190
2026-05-03 08:18:43 INFO CSV Written | Epoch: 10
2026-05-03 08:18:43 INFO Epoch Done | Epoch: 10 | Time: 602.9089 | Train Loss: 0.6029 | Val Accuracy: 0.8677 | Val AUPRC: 0.9367 | Val Auroc: 0.9380 | Val F1: 0.8681 | Val Loss: 0.4347
2026-05-03 08:18:43 INFO Epoch Start | Epoch: 11
2026-05-03 08:18:53 INFO Epoch Progress | Epoch: 11 | Loss: 0.4780 | LR: 5.98274e-05 | Progress: 1% | Step: 1/190
2026-05-03 08:20:26 INFO Epoch Progress | Epoch: 11 | Loss: 0.5588 | LR: 5.90337e-05 | Progress: 25% | Step: 48/190
2026-05-03 08:22:00 INFO Epoch Progress | Epoch: 11 | Loss: 0.5825 | LR: 5.82207e-05 | Progress: 51% | Step: 96/190
2026-05-03 08:23:35 INFO Epoch Progress | Epoch: 11 | Loss: 0.5769 | LR: 5.74055e-05 | Progress: 76% | Step: 144/190
2026-05-03 08:25:03 INFO Epoch Progress | Epoch: 11 | Loss: 0.5775 | LR: 5.66224e-05 | Progress: 100% | Step: 190/190
2026-05-03 08:28:50 INFO CSV Written | Epoch: 11
2026-05-03 08:28:50 INFO Best Saved | Epoch: 11 | Monitor: val_auprc | Value: 0.9372
2026-05-03 08:28:50 INFO Epoch Done | Epoch: 11 | Time: 606.2735 | Train Loss: 0.5805 | Val Accuracy: 0.8672 | Val AUPRC: 0.9372 | Val Auroc: 0.9390 | Val F1: 0.8670 | Val Loss: 0.4232
2026-05-03 08:28:50 INFO Epoch Start | Epoch: 12
2026-05-03 08:29:01 INFO Epoch Progress | Epoch: 12 | Loss: 0.4717 | LR: 5.66053e-05 | Progress: 1% | Step: 1/190
2026-05-03 08:30:30 INFO Epoch Progress | Epoch: 12 | Loss: 0.5385 | LR: 5.58034e-05 | Progress: 25% | Step: 48/190
2026-05-03 08:32:04 INFO Epoch Progress | Epoch: 12 | Loss: 0.5467 | LR: 5.49828e-05 | Progress: 51% | Step: 96/190
2026-05-03 08:33:37 INFO Epoch Progress | Epoch: 12 | Loss: 0.5553 | LR: 5.41609e-05 | Progress: 76% | Step: 144/190
2026-05-03 08:35:05 INFO Epoch Progress | Epoch: 12 | Loss: 0.5541 | LR: 5.33722e-05 | Progress: 100% | Step: 190/190
2026-05-03 08:38:48 INFO CSV Written | Epoch: 12
2026-05-03 08:38:48 INFO Epoch Done | Epoch: 12 | Time: 597.8497 | Train Loss: 0.5539 | Val Accuracy: 0.8690 | Val AUPRC: 0.9366 | Val Auroc: 0.9384 | Val F1: 0.8695 | Val Loss: 0.4062
2026-05-03 08:38:48 INFO Epoch Start | Epoch: 13
2026-05-03 08:38:58 INFO Epoch Progress | Epoch: 13 | Loss: 0.4774 | LR: 5.33551e-05 | Progress: 1% | Step: 1/190
2026-05-03 08:40:30 INFO Epoch Progress | Epoch: 13 | Loss: 0.5198 | LR: 5.25483e-05 | Progress: 25% | Step: 48/190
2026-05-03 08:42:02 INFO Epoch Progress | Epoch: 13 | Loss: 0.5262 | LR: 5.17237e-05 | Progress: 51% | Step: 96/190
2026-05-03 08:43:33 INFO Epoch Progress | Epoch: 13 | Loss: 0.5300 | LR: 5.08986e-05 | Progress: 76% | Step: 144/190
2026-05-03 08:45:01 INFO Epoch Progress | Epoch: 13 | Loss: 0.5307 | LR: 5.01077e-05 | Progress: 100% | Step: 190/190
2026-05-03 08:48:44 INFO CSV Written | Epoch: 13
2026-05-03 08:48:44 INFO Epoch Done | Epoch: 13 | Time: 596.5756 | Train Loss: 0.5309 | Val Accuracy: 0.8694 | Val AUPRC: 0.9353 | Val Auroc: 0.9377 | Val F1: 0.8682 | Val Loss: 0.4004
2026-05-03 08:48:44 INFO Epoch Start | Epoch: 14
2026-05-03 08:48:53 INFO Epoch Progress | Epoch: 14 | Loss: 0.5244 | LR: 5.00905e-05 | Progress: 1% | Step: 1/190
2026-05-03 08:50:26 INFO Epoch Progress | Epoch: 14 | Loss: 0.4892 | LR: 4.92823e-05 | Progress: 25% | Step: 48/190
2026-05-03 08:52:01 INFO Epoch Progress | Epoch: 14 | Loss: 0.5107 | LR: 4.84572e-05 | Progress: 51% | Step: 96/190
2026-05-03 08:53:35 INFO Epoch Progress | Epoch: 14 | Loss: 0.5019 | LR: 4.76324e-05 | Progress: 76% | Step: 144/190
2026-05-03 08:55:03 INFO Epoch Progress | Epoch: 14 | Loss: 0.5040 | LR: 4.68427e-05 | Progress: 100% | Step: 190/190
2026-05-03 08:58:48 INFO CSV Written | Epoch: 14
2026-05-03 08:58:48 INFO Epoch Done | Epoch: 14 | Time: 604.1119 | Train Loss: 0.5031 | Val Accuracy: 0.8688 | Val AUPRC: 0.9336 | Val Auroc: 0.9374 | Val F1: 0.8705 | Val Loss: 0.3916
2026-05-03 08:58:48 INFO Epoch Start | Epoch: 15
2026-05-03 08:58:57 INFO Epoch Progress | Epoch: 15 | Loss: 0.6270 | LR: 4.68255e-05 | Progress: 1% | Step: 1/190
2026-05-03 09:00:31 INFO Epoch Progress | Epoch: 15 | Loss: 0.4477 | LR: 4.60194e-05 | Progress: 25% | Step: 48/190
2026-05-03 09:02:04 INFO Epoch Progress | Epoch: 15 | Loss: 0.4560 | LR: 4.51972e-05 | Progress: 51% | Step: 96/190
2026-05-03 09:03:38 INFO Epoch Progress | Epoch: 15 | Loss: 0.4713 | LR: 4.43764e-05 | Progress: 76% | Step: 144/190
2026-05-03 09:05:06 INFO Epoch Progress | Epoch: 15 | Loss: 0.4791 | LR: 4.35911e-05 | Progress: 100% | Step: 190/190
2026-05-03 09:08:51 INFO CSV Written | Epoch: 15
2026-05-03 09:08:51 INFO Epoch Done | Epoch: 15 | Time: 602.3255 | Train Loss: 0.4812 | Val Accuracy: 0.8676 | Val AUPRC: 0.9334 | Val Auroc: 0.9368 | Val F1: 0.8688 | Val Loss: 0.3922
2026-05-03 09:08:51 INFO Epoch Start | Epoch: 16
2026-05-03 09:09:01 INFO Epoch Progress | Epoch: 16 | Loss: 0.5452 | LR: 4.35741e-05 | Progress: 1% | Step: 1/190
2026-05-03 09:10:33 INFO Epoch Progress | Epoch: 16 | Loss: 0.4311 | LR: 4.27735e-05 | Progress: 25% | Step: 48/190
2026-05-03 09:12:07 INFO Epoch Progress | Epoch: 16 | Loss: 0.4476 | LR: 4.19578e-05 | Progress: 51% | Step: 96/190
2026-05-03 09:13:42 INFO Epoch Progress | Epoch: 16 | Loss: 0.4577 | LR: 4.11443e-05 | Progress: 76% | Step: 144/190
2026-05-03 09:15:10 INFO Epoch Progress | Epoch: 16 | Loss: 0.4580 | LR: 4.0367e-05 | Progress: 100% | Step: 190/190
2026-05-03 09:18:54 INFO CSV Written | Epoch: 16
2026-05-03 09:18:54 INFO Epoch Done | Epoch: 16 | Time: 603.3593 | Train Loss: 0.4571 | Val Accuracy: 0.8694 | Val AUPRC: 0.9297 | Val Auroc: 0.9329 | Val F1: 0.8705 | Val Loss: 0.3897
2026-05-03 09:18:54 INFO Epoch Start | Epoch: 17
2026-05-03 09:19:04 INFO Epoch Progress | Epoch: 17 | Loss: 0.3935 | LR: 4.03501e-05 | Progress: 1% | Step: 1/190
2026-05-03 09:20:36 INFO Epoch Progress | Epoch: 17 | Loss: 0.4020 | LR: 3.95584e-05 | Progress: 25% | Step: 48/190
2026-05-03 09:22:09 INFO Epoch Progress | Epoch: 17 | Loss: 0.4267 | LR: 3.87527e-05 | Progress: 51% | Step: 96/190
2026-05-03 09:23:42 INFO Epoch Progress | Epoch: 17 | Loss: 0.4300 | LR: 3.795e-05 | Progress: 76% | Step: 144/190
2026-05-03 09:25:11 INFO Epoch Progress | Epoch: 17 | Loss: 0.4346 | LR: 3.71839e-05 | Progress: 100% | Step: 190/190
2026-05-03 09:28:50 INFO CSV Written | Epoch: 17
2026-05-03 09:28:50 INFO Epoch Done | Epoch: 17 | Time: 596.1542 | Train Loss: 0.4341 | Val Accuracy: 0.8694 | Val AUPRC: 0.9281 | Val Auroc: 0.9325 | Val F1: 0.8694 | Val Loss: 0.3892
2026-05-03 09:28:50 INFO Epoch Start | Epoch: 18
2026-05-03 09:29:00 INFO Epoch Progress | Epoch: 18 | Loss: 0.2692 | LR: 3.71673e-05 | Progress: 1% | Step: 1/190
2026-05-03 09:30:32 INFO Epoch Progress | Epoch: 18 | Loss: 0.4030 | LR: 3.63879e-05 | Progress: 25% | Step: 48/190
2026-05-03 09:32:07 INFO Epoch Progress | Epoch: 18 | Loss: 0.4059 | LR: 3.55956e-05 | Progress: 51% | Step: 96/190
2026-05-03 09:33:41 INFO Epoch Progress | Epoch: 18 | Loss: 0.4189 | LR: 3.48072e-05 | Progress: 76% | Step: 144/190
2026-05-03 09:35:09 INFO Epoch Progress | Epoch: 18 | Loss: 0.4178 | LR: 3.40556e-05 | Progress: 100% | Step: 190/190
2026-05-03 09:38:57 INFO CSV Written | Epoch: 18
2026-05-03 09:38:57 INFO Epoch Done | Epoch: 18 | Time: 606.9707 | Train Loss: 0.4127 | Val Accuracy: 0.8695 | Val AUPRC: 0.9247 | Val Auroc: 0.9278 | Val F1: 0.8703 | Val Loss: 0.3937
2026-05-03 09:38:57 INFO Epoch Start | Epoch: 19
2026-05-03 09:39:07 INFO Epoch Progress | Epoch: 19 | Loss: 0.5514 | LR: 3.40393e-05 | Progress: 1% | Step: 1/190
2026-05-03 09:40:38 INFO Epoch Progress | Epoch: 19 | Loss: 0.4035 | LR: 3.32755e-05 | Progress: 25% | Step: 48/190
2026-05-03 09:42:10 INFO Epoch Progress | Epoch: 19 | Loss: 0.3975 | LR: 3.25e-05 | Progress: 51% | Step: 96/190
2026-05-03 09:43:43 INFO Epoch Progress | Epoch: 19 | Loss: 0.4010 | LR: 3.17292e-05 | Progress: 76% | Step: 144/190
2026-05-03 09:45:09 INFO Epoch Progress | Epoch: 19 | Loss: 0.3933 | LR: 3.09953e-05 | Progress: 100% | Step: 190/190
2026-05-03 09:48:56 INFO CSV Written | Epoch: 19
2026-05-03 09:48:56 INFO Epoch Done | Epoch: 19 | Time: 598.4309 | Train Loss: 0.3960 | Val Accuracy: 0.8709 | Val AUPRC: 0.9237 | Val Auroc: 0.9305 | Val F1: 0.8711 | Val Loss: 0.3918
2026-05-03 09:48:56 INFO Epoch Start | Epoch: 20
2026-05-03 09:49:06 INFO Epoch Progress | Epoch: 20 | Loss: 0.3589 | LR: 3.09794e-05 | Progress: 1% | Step: 1/190
2026-05-03 09:50:37 INFO Epoch Progress | Epoch: 20 | Loss: 0.3626 | LR: 3.02345e-05 | Progress: 25% | Step: 48/190
2026-05-03 09:52:08 INFO Epoch Progress | Epoch: 20 | Loss: 0.3589 | LR: 2.9479e-05 | Progress: 51% | Step: 96/190
2026-05-03 09:53:39 INFO Epoch Progress | Epoch: 20 | Loss: 0.3683 | LR: 2.87448e-05 | Progress: 76% | Step: 144/190
2026-05-03 09:55:04 INFO Epoch Progress | Epoch: 20 | Loss: 0.3761 | LR: 2.80315e-05 | Progress: 100% | Step: 190/190
2026-05-03 09:58:48 INFO CSV Written | Epoch: 20
2026-05-03 09:58:48 INFO Epoch Done | Epoch: 20 | Time: 592.6421 | Train Loss: 0.3741 | Val Accuracy: 0.8720 | Val AUPRC: 0.9178 | Val Auroc: 0.9250 | Val F1: 0.8731 | Val Loss: 0.3933
2026-05-03 09:58:48 INFO Epoch Start | Epoch: 21
2026-05-03 09:58:59 INFO Epoch Progress | Epoch: 21 | Loss: 0.4655 | LR: 2.80161e-05 | Progress: 1% | Step: 1/190
2026-05-03 10:00:31 INFO Epoch Progress | Epoch: 21 | Loss: 0.3386 | LR: 2.72931e-05 | Progress: 25% | Step: 48/190
2026-05-03 10:02:05 INFO Epoch Progress | Epoch: 21 | Loss: 0.3548 | LR: 2.65609e-05 | Progress: 51% | Step: 96/190
2026-05-03 10:03:40 INFO Epoch Progress | Epoch: 21 | Loss: 0.3548 | LR: 2.5835e-05 | Progress: 76% | Step: 144/190
2026-05-03 10:05:09 INFO Epoch Progress | Epoch: 21 | Loss: 0.3572 | LR: 2.51456e-05 | Progress: 100% | Step: 190/190
2026-05-03 10:08:51 INFO CSV Written | Epoch: 21
2026-05-03 10:08:51 INFO Epoch Done | Epoch: 21 | Time: 602.8092 | Train Loss: 0.3612 | Val Accuracy: 0.8714 | Val AUPRC: 0.9179 | Val Auroc: 0.9275 | Val F1: 0.8721 | Val Loss: 0.3992
2026-05-03 10:08:51 INFO Early Stop | Epoch: 21
2026-05-03 10:08:51 INFO Stage Done | Run Id: no_max_s47
