2026-05-07 18:37:00 INFO Pipeline Runtime | Device: cuda:0 | Distributed: True | Test Batches: 1691 | Train Batches: 812 | Valid Batches: 762 | World Size: 4
2026-05-07 18:37:00 INFO Stage Start | Run Id: contact_sketch_s13
2026-05-07 18:37:03 INFO Train Config | Epochs: 50 | Monitor: auprc | Patience: 10
2026-05-07 18:37:03 INFO Epoch Start | Epoch: 1
2026-05-07 18:37:07 INFO Epoch Progress | Epoch: 1 | Loss: 0.7261 | LR: 4e-06 | Progress: 0% | Step: 1/812
2026-05-07 18:38:40 INFO Epoch Progress | Epoch: 1 | Loss: 0.7320 | LR: 1.30844e-05 | Progress: 25% | Step: 203/812
2026-05-07 18:40:12 INFO Epoch Progress | Epoch: 1 | Loss: 0.7223 | LR: 3.704e-05 | Progress: 50% | Step: 406/812
2026-05-07 18:41:46 INFO Epoch Progress | Epoch: 1 | Loss: 0.7004 | LR: 6.67126e-05 | Progress: 75% | Step: 609/812
2026-05-07 18:43:18 INFO Epoch Progress | Epoch: 1 | Loss: 0.6696 | LR: 9.07628e-05 | Progress: 100% | Step: 812/812
2026-05-07 18:46:20 INFO CSV Written | Epoch: 1
2026-05-07 18:46:26 INFO Best Saved | Epoch: 1 | Monitor: val_auprc | Value: 0.8389
2026-05-07 18:46:26 INFO Epoch Done | Epoch: 1 | Time: 557.2186 | Train Loss: 0.6686 | Val Accuracy: 0.7499 | Val AUPRC: 0.8389 | Val Auroc: 0.8412 | Val F1: 0.7232 | Val Loss: 0.5300
2026-05-07 18:46:26 INFO Epoch Start | Epoch: 2
2026-05-07 18:46:28 INFO Epoch Progress | Epoch: 2 | Loss: 0.6491 | LR: 9.08503e-05 | Progress: 0% | Step: 1/812
2026-05-07 18:48:01 INFO Epoch Progress | Epoch: 2 | Loss: 0.5195 | LR: 9.99999e-05 | Progress: 25% | Step: 203/812
2026-05-07 18:49:34 INFO Epoch Progress | Epoch: 2 | Loss: 0.5035 | LR: 9.98791e-05 | Progress: 50% | Step: 406/812
2026-05-07 18:51:08 INFO Epoch Progress | Epoch: 2 | Loss: 0.4964 | LR: 9.95152e-05 | Progress: 75% | Step: 609/812
2026-05-07 18:52:41 INFO Epoch Progress | Epoch: 2 | Loss: 0.4866 | LR: 9.89101e-05 | Progress: 100% | Step: 812/812
2026-05-07 18:55:41 INFO CSV Written | Epoch: 2
2026-05-07 18:55:41 INFO Best Saved | Epoch: 2 | Monitor: val_auprc | Value: 0.8938
2026-05-07 18:55:41 INFO Epoch Done | Epoch: 2 | Time: 554.7415 | Train Loss: 0.4845 | Val Accuracy: 0.8164 | Val AUPRC: 0.8938 | Val Auroc: 0.8958 | Val F1: 0.8184 | Val Loss: 0.4433
2026-05-07 18:55:41 INFO Epoch Start | Epoch: 3
2026-05-07 18:55:43 INFO Epoch Progress | Epoch: 3 | Loss: 0.3505 | LR: 9.89065e-05 | Progress: 0% | Step: 1/812
2026-05-07 18:57:17 INFO Epoch Progress | Epoch: 3 | Loss: 0.4394 | LR: 9.80666e-05 | Progress: 25% | Step: 203/812
2026-05-07 18:58:50 INFO Epoch Progress | Epoch: 3 | Loss: 0.4352 | LR: 9.69891e-05 | Progress: 50% | Step: 406/812
2026-05-07 19:00:24 INFO Epoch Progress | Epoch: 3 | Loss: 0.4279 | LR: 9.56895e-05 | Progress: 75% | Step: 609/812
2026-05-07 19:01:58 INFO Epoch Progress | Epoch: 3 | Loss: 0.4268 | LR: 9.41615e-05 | Progress: 100% | Step: 812/812
2026-05-07 19:05:01 INFO CSV Written | Epoch: 3
2026-05-07 19:05:01 INFO Best Saved | Epoch: 3 | Monitor: val_auprc | Value: 0.9055
2026-05-07 19:05:01 INFO Epoch Done | Epoch: 3 | Time: 559.5136 | Train Loss: 0.4266 | Val Accuracy: 0.8270 | Val AUPRC: 0.9055 | Val Auroc: 0.9092 | Val F1: 0.8232 | Val Loss: 0.4311
2026-05-07 19:05:01 INFO Epoch Start | Epoch: 4
2026-05-07 19:05:03 INFO Epoch Progress | Epoch: 4 | Loss: 0.3363 | LR: 9.41535e-05 | Progress: 0% | Step: 1/812
2026-05-07 19:06:36 INFO Epoch Progress | Epoch: 4 | Loss: 0.4014 | LR: 9.24184e-05 | Progress: 25% | Step: 203/812
2026-05-07 19:08:10 INFO Epoch Progress | Epoch: 4 | Loss: 0.3944 | LR: 9.04686e-05 | Progress: 50% | Step: 406/812
2026-05-07 19:09:43 INFO Epoch Progress | Epoch: 4 | Loss: 0.3875 | LR: 8.83216e-05 | Progress: 75% | Step: 609/812
2026-05-07 19:11:17 INFO Epoch Progress | Epoch: 4 | Loss: 0.3891 | LR: 8.59879e-05 | Progress: 100% | Step: 812/812
2026-05-07 19:14:19 INFO CSV Written | Epoch: 4
2026-05-07 19:14:19 INFO Best Saved | Epoch: 4 | Monitor: val_auprc | Value: 0.9219
2026-05-07 19:14:19 INFO Epoch Done | Epoch: 4 | Time: 557.5810 | Train Loss: 0.3893 | Val Accuracy: 0.8471 | Val AUPRC: 0.9219 | Val Auroc: 0.9236 | Val F1: 0.8455 | Val Loss: 0.4011
2026-05-07 19:14:19 INFO Epoch Start | Epoch: 5
2026-05-07 19:14:21 INFO Epoch Progress | Epoch: 5 | Loss: 0.3063 | LR: 8.5976e-05 | Progress: 0% | Step: 1/812
2026-05-07 19:15:54 INFO Epoch Progress | Epoch: 5 | Loss: 0.3577 | LR: 8.3479e-05 | Progress: 25% | Step: 203/812
2026-05-07 19:17:27 INFO Epoch Progress | Epoch: 5 | Loss: 0.3582 | LR: 8.08069e-05 | Progress: 50% | Step: 406/812
2026-05-07 19:19:02 INFO Epoch Progress | Epoch: 5 | Loss: 0.3571 | LR: 7.79847e-05 | Progress: 75% | Step: 609/812
2026-05-07 19:20:35 INFO Epoch Progress | Epoch: 5 | Loss: 0.3594 | LR: 7.50262e-05 | Progress: 100% | Step: 812/812
2026-05-07 19:23:36 INFO CSV Written | Epoch: 5
2026-05-07 19:23:36 INFO Best Saved | Epoch: 5 | Monitor: val_auprc | Value: 0.9304
2026-05-07 19:23:36 INFO Epoch Done | Epoch: 5 | Time: 557.0550 | Train Loss: 0.3586 | Val Accuracy: 0.8568 | Val AUPRC: 0.9304 | Val Auroc: 0.9326 | Val F1: 0.8590 | Val Loss: 0.3850
2026-05-07 19:23:36 INFO Epoch Start | Epoch: 6
2026-05-07 19:23:50 INFO Epoch Progress | Epoch: 6 | Loss: 0.9209 | LR: 7.50113e-05 | Progress: 1% | Step: 1/190
2026-05-07 19:25:04 INFO Epoch Progress | Epoch: 6 | Loss: 0.7043 | LR: 7.43082e-05 | Progress: 25% | Step: 48/190
2026-05-07 19:26:20 INFO Epoch Progress | Epoch: 6 | Loss: 0.6929 | LR: 7.35837e-05 | Progress: 51% | Step: 96/190
2026-05-07 19:27:36 INFO Epoch Progress | Epoch: 6 | Loss: 0.6873 | LR: 7.28527e-05 | Progress: 76% | Step: 144/190
2026-05-07 19:28:46 INFO Epoch Progress | Epoch: 6 | Loss: 0.6842 | LR: 7.21463e-05 | Progress: 100% | Step: 190/190
2026-05-07 19:32:02 INFO CSV Written | Epoch: 6
2026-05-07 19:32:02 INFO Best Saved | Epoch: 6 | Monitor: val_auprc | Value: 0.9380
2026-05-07 19:32:02 INFO Epoch Done | Epoch: 6 | Time: 505.6737 | Train Loss: 0.6825 | Val Accuracy: 0.8645 | Val AUPRC: 0.9380 | Val Auroc: 0.9387 | Val F1: 0.8645 | Val Loss: 0.4943
2026-05-07 19:32:02 INFO Epoch Start | Epoch: 7
2026-05-07 19:32:14 INFO Epoch Progress | Epoch: 7 | Loss: 0.7051 | LR: 7.21309e-05 | Progress: 1% | Step: 1/190
2026-05-07 19:33:29 INFO Epoch Progress | Epoch: 7 | Loss: 0.6726 | LR: 7.14189e-05 | Progress: 25% | Step: 48/190
2026-05-07 19:34:46 INFO Epoch Progress | Epoch: 7 | Loss: 0.6639 | LR: 7.06702e-05 | Progress: 51% | Step: 96/190
2026-05-07 19:36:05 INFO Epoch Progress | Epoch: 7 | Loss: 0.6646 | LR: 6.99159e-05 | Progress: 76% | Step: 144/190
2026-05-07 19:37:17 INFO Epoch Progress | Epoch: 7 | Loss: 0.6619 | LR: 6.91879e-05 | Progress: 100% | Step: 190/190
2026-05-07 19:40:36 INFO CSV Written | Epoch: 7
2026-05-07 19:40:36 INFO Epoch Done | Epoch: 7 | Time: 513.9855 | Train Loss: 0.6595 | Val Accuracy: 0.8659 | Val AUPRC: 0.9369 | Val Auroc: 0.9384 | Val F1: 0.8663 | Val Loss: 0.4710
2026-05-07 19:40:36 INFO Epoch Start | Epoch: 8
2026-05-07 19:40:47 INFO Epoch Progress | Epoch: 8 | Loss: 0.6374 | LR: 6.9172e-05 | Progress: 1% | Step: 1/190
2026-05-07 19:42:01 INFO Epoch Progress | Epoch: 8 | Loss: 0.6165 | LR: 6.84231e-05 | Progress: 25% | Step: 48/190
2026-05-07 19:43:18 INFO Epoch Progress | Epoch: 8 | Loss: 0.6399 | LR: 6.76534e-05 | Progress: 51% | Step: 96/190
2026-05-07 19:44:35 INFO Epoch Progress | Epoch: 8 | Loss: 0.6463 | LR: 6.68788e-05 | Progress: 76% | Step: 144/190
2026-05-07 19:45:47 INFO Epoch Progress | Epoch: 8 | Loss: 0.6488 | LR: 6.61321e-05 | Progress: 100% | Step: 190/190
2026-05-07 19:49:04 INFO CSV Written | Epoch: 8
2026-05-07 19:49:04 INFO Epoch Done | Epoch: 8 | Time: 507.5294 | Train Loss: 0.6460 | Val Accuracy: 0.8660 | Val AUPRC: 0.9376 | Val Auroc: 0.9399 | Val F1: 0.8657 | Val Loss: 0.4785
2026-05-07 19:49:04 INFO Epoch Start | Epoch: 9
2026-05-07 19:49:15 INFO Epoch Progress | Epoch: 9 | Loss: 0.6687 | LR: 6.61159e-05 | Progress: 1% | Step: 1/190
2026-05-07 19:50:31 INFO Epoch Progress | Epoch: 9 | Loss: 0.6226 | LR: 6.53487e-05 | Progress: 25% | Step: 48/190
2026-05-07 19:51:50 INFO Epoch Progress | Epoch: 9 | Loss: 0.6291 | LR: 6.45612e-05 | Progress: 51% | Step: 96/190
2026-05-07 19:53:09 INFO Epoch Progress | Epoch: 9 | Loss: 0.6323 | LR: 6.37696e-05 | Progress: 76% | Step: 144/190
2026-05-07 19:54:22 INFO Epoch Progress | Epoch: 9 | Loss: 0.6314 | LR: 6.30075e-05 | Progress: 100% | Step: 190/190
2026-05-07 19:57:45 INFO CSV Written | Epoch: 9
2026-05-07 19:57:45 INFO Best Saved | Epoch: 9 | Monitor: val_auprc | Value: 0.9384
2026-05-07 19:57:45 INFO Epoch Done | Epoch: 9 | Time: 521.1208 | Train Loss: 0.6322 | Val Accuracy: 0.8691 | Val AUPRC: 0.9384 | Val Auroc: 0.9399 | Val F1: 0.8692 | Val Loss: 0.4430
2026-05-07 19:57:45 INFO Epoch Start | Epoch: 10
2026-05-07 19:57:55 INFO Epoch Progress | Epoch: 10 | Loss: 0.6579 | LR: 6.29909e-05 | Progress: 1% | Step: 1/190
2026-05-07 19:59:12 INFO Epoch Progress | Epoch: 10 | Loss: 0.6194 | LR: 6.22088e-05 | Progress: 25% | Step: 48/190
2026-05-07 20:00:30 INFO Epoch Progress | Epoch: 10 | Loss: 0.6234 | LR: 6.14068e-05 | Progress: 51% | Step: 96/190
2026-05-07 20:01:47 INFO Epoch Progress | Epoch: 10 | Loss: 0.6179 | LR: 6.06017e-05 | Progress: 76% | Step: 144/190
2026-05-07 20:03:00 INFO Epoch Progress | Epoch: 10 | Loss: 0.6156 | LR: 5.98274e-05 | Progress: 100% | Step: 190/190
2026-05-07 20:06:20 INFO CSV Written | Epoch: 10
2026-05-07 20:06:20 INFO Epoch Done | Epoch: 10 | Time: 514.8310 | Train Loss: 0.6139 | Val Accuracy: 0.8642 | Val AUPRC: 0.9367 | Val Auroc: 0.9381 | Val F1: 0.8632 | Val Loss: 0.4454
2026-05-07 20:06:20 INFO Epoch Start | Epoch: 11
2026-05-07 20:06:32 INFO Epoch Progress | Epoch: 11 | Loss: 0.6436 | LR: 5.98105e-05 | Progress: 1% | Step: 1/190
2026-05-07 20:07:47 INFO Epoch Progress | Epoch: 11 | Loss: 0.5748 | LR: 5.90168e-05 | Progress: 25% | Step: 48/190
2026-05-07 20:09:03 INFO Epoch Progress | Epoch: 11 | Loss: 0.5928 | LR: 5.82038e-05 | Progress: 51% | Step: 96/190
2026-05-07 20:10:19 INFO Epoch Progress | Epoch: 11 | Loss: 0.5993 | LR: 5.73885e-05 | Progress: 76% | Step: 144/190
2026-05-07 20:11:31 INFO Epoch Progress | Epoch: 11 | Loss: 0.6038 | LR: 5.66053e-05 | Progress: 100% | Step: 190/190
2026-05-07 20:14:51 INFO CSV Written | Epoch: 11
2026-05-07 20:14:51 INFO Epoch Done | Epoch: 11 | Time: 511.1276 | Train Loss: 0.5997 | Val Accuracy: 0.8686 | Val AUPRC: 0.9382 | Val Auroc: 0.9405 | Val F1: 0.8657 | Val Loss: 0.4237
2026-05-07 20:14:51 INFO Epoch Start | Epoch: 12
2026-05-07 20:15:02 INFO Epoch Progress | Epoch: 12 | Loss: 0.4419 | LR: 5.65883e-05 | Progress: 1% | Step: 1/190
2026-05-07 20:16:17 INFO Epoch Progress | Epoch: 12 | Loss: 0.5647 | LR: 5.57863e-05 | Progress: 25% | Step: 48/190
2026-05-07 20:17:33 INFO Epoch Progress | Epoch: 12 | Loss: 0.5723 | LR: 5.49828e-05 | Progress: 51% | Step: 96/190
2026-05-07 20:18:48 INFO Epoch Progress | Epoch: 12 | Loss: 0.5776 | LR: 5.41609e-05 | Progress: 76% | Step: 144/190
2026-05-07 20:20:00 INFO Epoch Progress | Epoch: 12 | Loss: 0.5808 | LR: 5.33722e-05 | Progress: 100% | Step: 190/190
2026-05-07 20:23:19 INFO CSV Written | Epoch: 12
2026-05-07 20:23:19 INFO Epoch Done | Epoch: 12 | Time: 507.6068 | Train Loss: 0.5749 | Val Accuracy: 0.8698 | Val AUPRC: 0.9360 | Val Auroc: 0.9392 | Val F1: 0.8710 | Val Loss: 0.4145
2026-05-07 20:23:19 INFO Epoch Start | Epoch: 13
2026-05-07 20:23:29 INFO Epoch Progress | Epoch: 13 | Loss: 0.4497 | LR: 5.33551e-05 | Progress: 1% | Step: 1/190
2026-05-07 20:24:46 INFO Epoch Progress | Epoch: 13 | Loss: 0.5602 | LR: 5.25483e-05 | Progress: 25% | Step: 48/190
2026-05-07 20:26:03 INFO Epoch Progress | Epoch: 13 | Loss: 0.5682 | LR: 5.17237e-05 | Progress: 51% | Step: 96/190
2026-05-07 20:27:20 INFO Epoch Progress | Epoch: 13 | Loss: 0.5681 | LR: 5.08986e-05 | Progress: 76% | Step: 144/190
2026-05-07 20:28:33 INFO Epoch Progress | Epoch: 13 | Loss: 0.5609 | LR: 5.01077e-05 | Progress: 100% | Step: 190/190
2026-05-07 20:31:51 INFO CSV Written | Epoch: 13
2026-05-07 20:31:51 INFO Epoch Done | Epoch: 13 | Time: 512.1623 | Train Loss: 0.5566 | Val Accuracy: 0.8709 | Val AUPRC: 0.9355 | Val Auroc: 0.9387 | Val F1: 0.8715 | Val Loss: 0.3996
2026-05-07 20:31:51 INFO Epoch Start | Epoch: 14
2026-05-07 20:32:02 INFO Epoch Progress | Epoch: 14 | Loss: 0.5729 | LR: 5.00905e-05 | Progress: 1% | Step: 1/190
2026-05-07 20:33:18 INFO Epoch Progress | Epoch: 14 | Loss: 0.5278 | LR: 4.92823e-05 | Progress: 25% | Step: 48/190
2026-05-07 20:34:36 INFO Epoch Progress | Epoch: 14 | Loss: 0.5331 | LR: 4.84572e-05 | Progress: 51% | Step: 96/190
2026-05-07 20:35:53 INFO Epoch Progress | Epoch: 14 | Loss: 0.5386 | LR: 4.76324e-05 | Progress: 76% | Step: 144/190
2026-05-07 20:37:06 INFO Epoch Progress | Epoch: 14 | Loss: 0.5314 | LR: 4.68427e-05 | Progress: 100% | Step: 190/190
2026-05-07 20:40:23 INFO CSV Written | Epoch: 14
2026-05-07 20:40:23 INFO Epoch Done | Epoch: 14 | Time: 512.0452 | Train Loss: 0.5284 | Val Accuracy: 0.8698 | Val AUPRC: 0.9341 | Val Auroc: 0.9384 | Val F1: 0.8693 | Val Loss: 0.3935
2026-05-07 20:40:23 INFO Epoch Start | Epoch: 15
2026-05-07 20:40:34 INFO Epoch Progress | Epoch: 15 | Loss: 0.4947 | LR: 4.68255e-05 | Progress: 1% | Step: 1/190
2026-05-07 20:41:51 INFO Epoch Progress | Epoch: 15 | Loss: 0.5116 | LR: 4.60194e-05 | Progress: 25% | Step: 48/190
2026-05-07 20:43:07 INFO Epoch Progress | Epoch: 15 | Loss: 0.4971 | LR: 4.51972e-05 | Progress: 51% | Step: 96/190
2026-05-07 20:44:25 INFO Epoch Progress | Epoch: 15 | Loss: 0.5011 | LR: 4.43764e-05 | Progress: 76% | Step: 144/190
2026-05-07 20:45:37 INFO Epoch Progress | Epoch: 15 | Loss: 0.4998 | LR: 4.35911e-05 | Progress: 100% | Step: 190/190
2026-05-07 20:48:57 INFO CSV Written | Epoch: 15
2026-05-07 20:48:57 INFO Epoch Done | Epoch: 15 | Time: 514.2562 | Train Loss: 0.5042 | Val Accuracy: 0.8708 | Val AUPRC: 0.9323 | Val Auroc: 0.9374 | Val F1: 0.8716 | Val Loss: 0.3888
2026-05-07 20:48:57 INFO Epoch Start | Epoch: 16
2026-05-07 20:49:09 INFO Epoch Progress | Epoch: 16 | Loss: 0.4033 | LR: 4.35741e-05 | Progress: 1% | Step: 1/190
2026-05-07 20:50:25 INFO Epoch Progress | Epoch: 16 | Loss: 0.4827 | LR: 4.27735e-05 | Progress: 25% | Step: 48/190
2026-05-07 20:51:43 INFO Epoch Progress | Epoch: 16 | Loss: 0.4751 | LR: 4.19578e-05 | Progress: 51% | Step: 96/190
2026-05-07 20:53:00 INFO Epoch Progress | Epoch: 16 | Loss: 0.4818 | LR: 4.11443e-05 | Progress: 76% | Step: 144/190
2026-05-07 20:54:12 INFO Epoch Progress | Epoch: 16 | Loss: 0.4867 | LR: 4.0367e-05 | Progress: 100% | Step: 190/190
2026-05-07 20:57:33 INFO CSV Written | Epoch: 16
2026-05-07 20:57:33 INFO Epoch Done | Epoch: 16 | Time: 515.7752 | Train Loss: 0.4858 | Val Accuracy: 0.8747 | Val AUPRC: 0.9350 | Val Auroc: 0.9386 | Val F1: 0.8762 | Val Loss: 0.3835
2026-05-07 20:57:33 INFO Epoch Start | Epoch: 17
2026-05-07 20:57:44 INFO Epoch Progress | Epoch: 17 | Loss: 0.3452 | LR: 4.03501e-05 | Progress: 1% | Step: 1/190
2026-05-07 20:59:00 INFO Epoch Progress | Epoch: 17 | Loss: 0.4437 | LR: 3.95584e-05 | Progress: 25% | Step: 48/190
2026-05-07 21:00:18 INFO Epoch Progress | Epoch: 17 | Loss: 0.4468 | LR: 3.87527e-05 | Progress: 51% | Step: 96/190
2026-05-07 21:01:36 INFO Epoch Progress | Epoch: 17 | Loss: 0.4456 | LR: 3.795e-05 | Progress: 76% | Step: 144/190
2026-05-07 21:02:48 INFO Epoch Progress | Epoch: 17 | Loss: 0.4557 | LR: 3.71839e-05 | Progress: 100% | Step: 190/190
2026-05-07 21:06:09 INFO CSV Written | Epoch: 17
2026-05-07 21:06:09 INFO Epoch Done | Epoch: 17 | Time: 515.6328 | Train Loss: 0.4588 | Val Accuracy: 0.8732 | Val AUPRC: 0.9331 | Val Auroc: 0.9366 | Val F1: 0.8761 | Val Loss: 0.3854
2026-05-07 21:06:09 INFO Epoch Start | Epoch: 18
2026-05-07 21:06:20 INFO Epoch Progress | Epoch: 18 | Loss: 0.3425 | LR: 3.71673e-05 | Progress: 1% | Step: 1/190
2026-05-07 21:07:36 INFO Epoch Progress | Epoch: 18 | Loss: 0.4432 | LR: 3.63879e-05 | Progress: 25% | Step: 48/190
2026-05-07 21:08:54 INFO Epoch Progress | Epoch: 18 | Loss: 0.4284 | LR: 3.55956e-05 | Progress: 51% | Step: 96/190
2026-05-07 21:10:12 INFO Epoch Progress | Epoch: 18 | Loss: 0.4358 | LR: 3.48072e-05 | Progress: 76% | Step: 144/190
2026-05-07 21:11:24 INFO Epoch Progress | Epoch: 18 | Loss: 0.4392 | LR: 3.40556e-05 | Progress: 100% | Step: 190/190
2026-05-07 21:14:43 INFO CSV Written | Epoch: 18
2026-05-07 21:14:43 INFO Epoch Done | Epoch: 18 | Time: 514.3766 | Train Loss: 0.4413 | Val Accuracy: 0.8729 | Val AUPRC: 0.9331 | Val Auroc: 0.9371 | Val F1: 0.8747 | Val Loss: 0.3836
2026-05-07 21:14:43 INFO Epoch Start | Epoch: 19
2026-05-07 21:14:55 INFO Epoch Progress | Epoch: 19 | Loss: 0.4097 | LR: 3.40393e-05 | Progress: 1% | Step: 1/190
2026-05-07 21:16:09 INFO Epoch Progress | Epoch: 19 | Loss: 0.3948 | LR: 3.32755e-05 | Progress: 25% | Step: 48/190
2026-05-07 21:17:25 INFO Epoch Progress | Epoch: 19 | Loss: 0.4223 | LR: 3.25e-05 | Progress: 51% | Step: 96/190
2026-05-07 21:18:41 INFO Epoch Progress | Epoch: 19 | Loss: 0.4277 | LR: 3.17292e-05 | Progress: 76% | Step: 144/190
2026-05-07 21:19:52 INFO Epoch Progress | Epoch: 19 | Loss: 0.4267 | LR: 3.09953e-05 | Progress: 100% | Step: 190/190
2026-05-07 21:23:12 INFO CSV Written | Epoch: 19
2026-05-07 21:23:12 INFO Epoch Done | Epoch: 19 | Time: 509.1941 | Train Loss: 0.4206 | Val Accuracy: 0.8694 | Val AUPRC: 0.9290 | Val Auroc: 0.9326 | Val F1: 0.8688 | Val Loss: 0.3905
2026-05-07 21:23:12 INFO Early Stop | Epoch: 19
2026-05-07 21:23:12 INFO Stage Done | Run Id: contact_sketch_s13
