2026-05-17 17:09:00 INFO Pipeline Runtime | Device: cuda:0 | Distributed: True | Test Batches: 1691 | Train Batches: 762 | Valid Batches: 762 | World Size: 4
2026-05-17 17:09:00 INFO Stage Start | Checkpoint: models/v3/train/20260308_002906/best_model.pth | Init Mode: warm_start | Run Id: topo_baseline_n30_40
2026-05-17 17:09:51 INFO Finetune Config | Epochs: 20 | Internal Validation Compute Spectral Stats: False | Internal Validation Inference Batch Size: 128 | Internal Validation Node Sizes: [20, 40, 60, 80, 100, 120, 140, 160, 180, 200] | Internal Validation Pairs: 1529000 | Internal Validation Subgraphs: 200 | Monitor: val_topology_loss | Pair Batch Size: 32
2026-05-17 17:20:02 INFO Bce Negative Assignment Clipped | Actual Negative Pairs: 154979 | Bce Negative Ratio: 5 | Target Negative Pairs: 243855
2026-05-17 17:20:17 INFO Epoch Progress | Epoch: 1 | Loss: 0.8898 | Progress: 0% | Step: 1/667
2026-05-17 18:27:13 INFO Epoch Progress | Epoch: 1 | Loss: 0.9342 | Progress: 25% | Step: 167/667
2026-05-17 19:38:09 INFO Epoch Progress | Epoch: 1 | Loss: 0.8850 | Progress: 50% | Step: 334/667
2026-05-17 20:41:16 INFO Epoch Progress | Epoch: 1 | Loss: 1.0348 | Progress: 75% | Step: 501/667
2026-05-17 21:36:57 INFO Epoch Progress | Epoch: 1 | Loss: 1.1446 | Progress: 100% | Step: 667/667
2026-05-17 22:56:28 INFO Best Saved | Epoch: 1 | Monitor: val_topology_loss | Value: 55.5754
2026-05-17 22:56:28 INFO Epoch Done | All Subgraph Pairs: 1620810 | Bce Negative Pairs: 154979 | Bce Negative Ratio: 3.1777 | Bce Positive Pairs: 48771 | Bce Supervised Fraction: 0.1257 | Bce Target Negative Pairs: 243855 | Covered Positive Edges: 48771 | Edge Cover Sampling S: 575.4865 | Epoch: 1 | Internal Val Graph Sim: 0.1743 | Internal Val Topology S: 4456.9609 | Mean Positive Edge Reuse: 1.0000 | Peak Gpu Mem Mb: 21799.5107 | Planned Subgraphs: 2668 | Positive Edge Coverage Ratio: 1.0000 | Supervised Pairs: 203750 | Topo Loss Scale: 1.0000 | Total Positive Edges: 48771 | Train Forward Backward S: 15412.5647 | Train Loss: 1.1909 | Val AUPRC: 0.9098 | Val Pair Pass S: 313.8926 | Val Threshold S: 0.0000
2026-05-17 23:05:44 INFO Bce Negative Assignment Clipped | Actual Negative Pairs: 154979 | Bce Negative Ratio: 5 | Target Negative Pairs: 243855
2026-05-17 23:06:00 INFO Epoch Progress | Epoch: 2 | Loss: 1.0545 | Progress: 0% | Step: 1/667
2026-05-18 00:12:43 INFO Epoch Progress | Epoch: 2 | Loss: 0.9338 | Progress: 25% | Step: 167/667
2026-05-18 01:24:27 INFO Epoch Progress | Epoch: 2 | Loss: 0.8029 | Progress: 50% | Step: 334/667
2026-05-18 02:28:45 INFO Epoch Progress | Epoch: 2 | Loss: 0.9432 | Progress: 75% | Step: 501/667
2026-05-18 03:24:22 INFO Epoch Progress | Epoch: 2 | Loss: 1.0615 | Progress: 100% | Step: 667/667
2026-05-18 04:41:34 INFO Best Saved | Epoch: 2 | Monitor: val_topology_loss | Value: 30.6016
2026-05-18 04:41:34 INFO Epoch Done | All Subgraph Pairs: 1620810 | Bce Negative Pairs: 154979 | Bce Negative Ratio: 3.1777 | Bce Positive Pairs: 48771 | Bce Supervised Fraction: 0.1257 | Bce Target Negative Pairs: 243855 | Covered Positive Edges: 48771 | Edge Cover Sampling S: 555.5742 | Epoch: 2 | Internal Val Graph Sim: 0.1929 | Internal Val Topology S: 4398.3519 | Mean Positive Edge Reuse: 1.0000 | Peak Gpu Mem Mb: 21799.5112 | Planned Subgraphs: 2668 | Positive Edge Coverage Ratio: 1.0000 | Supervised Pairs: 203750 | Topo Loss Scale: 1.0000 | Total Positive Edges: 48771 | Train Forward Backward S: 15480.7339 | Train Loss: 1.0904 | Val AUPRC: 0.9255 | Val Pair Pass S: 232.7303 | Val Threshold S: 0.0000
2026-05-18 04:51:11 INFO Bce Negative Assignment Clipped | Actual Negative Pairs: 154979 | Bce Negative Ratio: 5 | Target Negative Pairs: 243855
2026-05-18 04:51:26 INFO Epoch Progress | Epoch: 3 | Loss: 0.7923 | Progress: 0% | Step: 1/668
2026-05-18 06:00:29 INFO Epoch Progress | Epoch: 3 | Loss: 0.8101 | Progress: 25% | Step: 167/668
2026-05-18 07:10:46 INFO Epoch Progress | Epoch: 3 | Loss: 0.7134 | Progress: 50% | Step: 334/668
2026-05-18 08:13:55 INFO Epoch Progress | Epoch: 3 | Loss: 0.8766 | Progress: 75% | Step: 501/668
2026-05-18 09:11:11 INFO Epoch Progress | Epoch: 3 | Loss: 1.0042 | Progress: 100% | Step: 668/668
2026-05-18 10:27:28 INFO Best Saved | Epoch: 3 | Monitor: val_topology_loss | Value: 25.4447
2026-05-18 10:27:28 INFO Epoch Done | All Subgraph Pairs: 1622025 | Bce Negative Pairs: 154979 | Bce Negative Ratio: 3.1777 | Bce Positive Pairs: 48771 | Bce Supervised Fraction: 0.1256 | Bce Target Negative Pairs: 243855 | Covered Positive Edges: 48771 | Edge Cover Sampling S: 572.9219 | Epoch: 3 | Internal Val Graph Sim: 0.2015 | Internal Val Topology S: 4277.8977 | Mean Positive Edge Reuse: 1.0000 | Peak Gpu Mem Mb: 21766.3740 | Planned Subgraphs: 2670 | Positive Edge Coverage Ratio: 1.0000 | Supervised Pairs: 203750 | Topo Loss Scale: 1.0000 | Total Positive Edges: 48771 | Train Forward Backward S: 15567.8403 | Train Loss: 1.0168 | Val AUPRC: 0.9284 | Val Pair Pass S: 298.8130 | Val Threshold S: 0.0000
2026-05-18 10:36:57 INFO Bce Negative Assignment Clipped | Actual Negative Pairs: 154979 | Bce Negative Ratio: 5 | Target Negative Pairs: 243855
2026-05-18 10:37:11 INFO Epoch Progress | Epoch: 4 | Loss: 0.9272 | Progress: 0% | Step: 1/668
2026-05-18 11:44:46 INFO Epoch Progress | Epoch: 4 | Loss: 0.7745 | Progress: 25% | Step: 167/668
2026-05-18 12:54:05 INFO Epoch Progress | Epoch: 4 | Loss: 0.6932 | Progress: 50% | Step: 334/668
2026-05-18 13:58:13 INFO Epoch Progress | Epoch: 4 | Loss: 0.8383 | Progress: 75% | Step: 501/668
2026-05-18 14:57:03 INFO Epoch Progress | Epoch: 4 | Loss: 0.9643 | Progress: 100% | Step: 668/668
2026-05-18 16:18:40 INFO Best Saved | Epoch: 4 | Monitor: val_topology_loss | Value: 23.0205
2026-05-18 16:18:40 INFO Epoch Done | All Subgraph Pairs: 1621245 | Bce Negative Pairs: 154979 | Bce Negative Ratio: 3.1777 | Bce Positive Pairs: 48771 | Bce Supervised Fraction: 0.1257 | Bce Target Negative Pairs: 243855 | Covered Positive Edges: 48771 | Edge Cover Sampling S: 563.5585 | Epoch: 4 | Internal Val Graph Sim: 0.2048 | Internal Val Topology S: 4580.3740 | Mean Positive Edge Reuse: 1.0000 | Peak Gpu Mem Mb: 21766.3721 | Planned Subgraphs: 2669 | Positive Edge Coverage Ratio: 1.0000 | Supervised Pairs: 203750 | Topo Loss Scale: 1.0000 | Total Positive Edges: 48771 | Train Forward Backward S: 15573.7925 | Train Loss: 0.9788 | Val AUPRC: 0.9292 | Val Pair Pass S: 316.6846 | Val Threshold S: 0.0000
2026-05-18 16:27:54 INFO Bce Negative Assignment Clipped | Actual Negative Pairs: 154979 | Bce Negative Ratio: 5 | Target Negative Pairs: 243855
2026-05-18 16:28:11 INFO Epoch Progress | Epoch: 5 | Loss: 0.8617 | Progress: 0% | Step: 1/667
2026-05-18 17:38:48 INFO Epoch Progress | Epoch: 5 | Loss: 0.7661 | Progress: 25% | Step: 167/667
2026-05-18 18:51:04 INFO Epoch Progress | Epoch: 5 | Loss: 0.6681 | Progress: 50% | Step: 334/667
2026-05-18 19:55:56 INFO Epoch Progress | Epoch: 5 | Loss: 0.8033 | Progress: 75% | Step: 501/667
2026-05-18 20:51:37 INFO Epoch Progress | Epoch: 5 | Loss: 0.9265 | Progress: 100% | Step: 667/667
2026-05-18 22:08:51 INFO Best Saved | Epoch: 5 | Monitor: val_topology_loss | Value: 21.5190
2026-05-18 22:08:51 INFO Epoch Done | All Subgraph Pairs: 1620030 | Bce Negative Pairs: 154979 | Bce Negative Ratio: 3.1777 | Bce Positive Pairs: 48771 | Bce Supervised Fraction: 0.1258 | Bce Target Negative Pairs: 243855 | Covered Positive Edges: 48771 | Edge Cover Sampling S: 566.8629 | Epoch: 5 | Internal Val Graph Sim: 0.2069 | Internal Val Topology S: 4415.2323 | Mean Positive Edge Reuse: 1.0000 | Peak Gpu Mem Mb: 21799.5132 | Planned Subgraphs: 2667 | Positive Edge Coverage Ratio: 1.0000 | Supervised Pairs: 203750 | Topo Loss Scale: 1.0000 | Total Positive Edges: 48771 | Train Forward Backward S: 15773.3741 | Train Loss: 0.9613 | Val AUPRC: 0.9291 | Val Pair Pass S: 217.7895 | Val Threshold S: 0.0000
2026-05-18 22:17:53 INFO Bce Negative Assignment Clipped | Actual Negative Pairs: 154979 | Bce Negative Ratio: 5 | Target Negative Pairs: 243855
2026-05-18 22:18:05 INFO Epoch Progress | Epoch: 6 | Loss: 0.8195 | Progress: 0% | Step: 1/668
2026-05-18 23:27:25 INFO Epoch Progress | Epoch: 6 | Loss: 0.7326 | Progress: 25% | Step: 167/668
2026-05-19 00:38:29 INFO Epoch Progress | Epoch: 6 | Loss: 0.6508 | Progress: 50% | Step: 334/668
2026-05-19 01:40:24 INFO Epoch Progress | Epoch: 6 | Loss: 0.7945 | Progress: 75% | Step: 501/668
2026-05-19 02:35:39 INFO Epoch Progress | Epoch: 6 | Loss: 0.9323 | Progress: 100% | Step: 668/668
2026-05-19 03:49:37 INFO Best Saved | Epoch: 6 | Monitor: val_topology_loss | Value: 19.8975
2026-05-19 03:49:37 INFO Epoch Done | All Subgraph Pairs: 1621245 | Bce Negative Pairs: 154979 | Bce Negative Ratio: 3.1777 | Bce Positive Pairs: 48771 | Bce Supervised Fraction: 0.1257 | Bce Target Negative Pairs: 243855 | Covered Positive Edges: 48771 | Edge Cover Sampling S: 540.3506 | Epoch: 6 | Internal Val Graph Sim: 0.2093 | Internal Val Topology S: 4222.2254 | Mean Positive Edge Reuse: 1.0000 | Peak Gpu Mem Mb: 21799.5112 | Planned Subgraphs: 2669 | Positive Edge Coverage Ratio: 1.0000 | Supervised Pairs: 203750 | Topo Loss Scale: 1.0000 | Total Positive Edges: 48771 | Train Forward Backward S: 15430.2237 | Train Loss: 0.9565 | Val AUPRC: 0.9293 | Val Pair Pass S: 216.1648 | Val Threshold S: 0.0000
2026-05-19 03:59:03 INFO Bce Negative Assignment Clipped | Actual Negative Pairs: 154979 | Bce Negative Ratio: 5 | Target Negative Pairs: 243855
2026-05-19 03:59:18 INFO Epoch Progress | Epoch: 7 | Loss: 0.7232 | Progress: 0% | Step: 1/667
2026-05-19 05:05:22 INFO Epoch Progress | Epoch: 7 | Loss: 0.7193 | Progress: 25% | Step: 167/667
2026-05-19 06:13:25 INFO Epoch Progress | Epoch: 7 | Loss: 0.6525 | Progress: 50% | Step: 334/667
2026-05-19 07:14:38 INFO Epoch Progress | Epoch: 7 | Loss: 0.8001 | Progress: 75% | Step: 501/667
2026-05-19 08:09:27 INFO Epoch Progress | Epoch: 7 | Loss: 0.9321 | Progress: 100% | Step: 667/667
2026-05-19 09:23:22 INFO Best Saved | Epoch: 7 | Monitor: val_topology_loss | Value: 19.5648
2026-05-19 09:23:22 INFO Epoch Done | All Subgraph Pairs: 1620810 | Bce Negative Pairs: 154979 | Bce Negative Ratio: 3.1777 | Bce Positive Pairs: 48771 | Bce Supervised Fraction: 0.1257 | Bce Target Negative Pairs: 243855 | Covered Positive Edges: 48771 | Edge Cover Sampling S: 551.9722 | Epoch: 7 | Internal Val Graph Sim: 0.2096 | Internal Val Topology S: 4209.7060 | Mean Positive Edge Reuse: 1.0000 | Peak Gpu Mem Mb: 21799.5112 | Planned Subgraphs: 2668 | Positive Edge Coverage Ratio: 1.0000 | Supervised Pairs: 203750 | Topo Loss Scale: 1.0000 | Total Positive Edges: 48771 | Train Forward Backward S: 14999.0946 | Train Loss: 0.9459 | Val AUPRC: 0.9297 | Val Pair Pass S: 225.4393 | Val Threshold S: 0.0000
2026-05-19 09:32:46 INFO Bce Negative Assignment Clipped | Actual Negative Pairs: 154979 | Bce Negative Ratio: 5 | Target Negative Pairs: 243855
2026-05-19 09:32:58 INFO Epoch Progress | Epoch: 8 | Loss: 0.5003 | Progress: 0% | Step: 1/668
2026-05-19 10:40:10 INFO Epoch Progress | Epoch: 8 | Loss: 0.6998 | Progress: 25% | Step: 167/668
2026-05-19 11:48:28 INFO Epoch Progress | Epoch: 8 | Loss: 0.6337 | Progress: 50% | Step: 334/668
2026-05-19 12:50:13 INFO Epoch Progress | Epoch: 8 | Loss: 0.7746 | Progress: 75% | Step: 501/668
2026-05-19 13:45:18 INFO Epoch Progress | Epoch: 8 | Loss: 0.9086 | Progress: 100% | Step: 668/668
2026-05-19 14:58:38 INFO Epoch Done | All Subgraph Pairs: 1621245 | Bce Negative Pairs: 154979 | Bce Negative Ratio: 3.1777 | Bce Positive Pairs: 48771 | Bce Supervised Fraction: 0.1257 | Bce Target Negative Pairs: 243855 | Covered Positive Edges: 48771 | Edge Cover Sampling S: 554.7442 | Epoch: 8 | Internal Val Graph Sim: 0.2100 | Internal Val Topology S: 4187.1025 | Mean Positive Edge Reuse: 1.0000 | Peak Gpu Mem Mb: 21766.3721 | Planned Subgraphs: 2669 | Positive Edge Coverage Ratio: 1.0000 | Supervised Pairs: 203750 | Topo Loss Scale: 1.0000 | Total Positive Edges: 48771 | Train Forward Backward S: 15122.9655 | Train Loss: 0.9281 | Val AUPRC: 0.9302 | Val Pair Pass S: 213.0626 | Val Threshold S: 0.0000
2026-05-19 15:08:04 INFO Bce Negative Assignment Clipped | Actual Negative Pairs: 154979 | Bce Negative Ratio: 5 | Target Negative Pairs: 243855
2026-05-19 15:08:19 INFO Epoch Progress | Epoch: 9 | Loss: 0.9373 | Progress: 0% | Step: 1/668
2026-05-19 16:15:07 INFO Epoch Progress | Epoch: 9 | Loss: 0.7265 | Progress: 25% | Step: 167/668
2026-05-19 17:23:16 INFO Epoch Progress | Epoch: 9 | Loss: 0.6503 | Progress: 50% | Step: 334/668
2026-05-19 18:25:08 INFO Epoch Progress | Epoch: 9 | Loss: 0.7862 | Progress: 75% | Step: 501/668
2026-05-19 19:20:49 INFO Epoch Progress | Epoch: 9 | Loss: 0.9173 | Progress: 100% | Step: 668/668
2026-05-19 20:35:00 INFO Best Saved | Epoch: 9 | Monitor: val_topology_loss | Value: 18.4531
2026-05-19 20:35:00 INFO Epoch Done | All Subgraph Pairs: 1622025 | Bce Negative Pairs: 154979 | Bce Negative Ratio: 3.1777 | Bce Positive Pairs: 48771 | Bce Supervised Fraction: 0.1256 | Bce Target Negative Pairs: 243855 | Covered Positive Edges: 48771 | Edge Cover Sampling S: 565.4912 | Epoch: 9 | Internal Val Graph Sim: 0.2120 | Internal Val Topology S: 4241.3112 | Mean Positive Edge Reuse: 1.0000 | Peak Gpu Mem Mb: 21765.8833 | Planned Subgraphs: 2670 | Positive Edge Coverage Ratio: 1.0000 | Supervised Pairs: 203750 | Topo Loss Scale: 1.0000 | Total Positive Edges: 48771 | Train Forward Backward S: 15125.5337 | Train Loss: 0.9275 | Val AUPRC: 0.9305 | Val Pair Pass S: 209.8684 | Val Threshold S: 0.0000
2026-05-19 20:44:23 INFO Bce Negative Assignment Clipped | Actual Negative Pairs: 154979 | Bce Negative Ratio: 5 | Target Negative Pairs: 243855
2026-05-19 20:44:40 INFO Epoch Progress | Epoch: 10 | Loss: 0.8768 | Progress: 0% | Step: 1/668
2026-05-19 21:53:01 INFO Epoch Progress | Epoch: 10 | Loss: 0.6989 | Progress: 25% | Step: 167/668
2026-05-19 23:00:50 INFO Epoch Progress | Epoch: 10 | Loss: 0.6302 | Progress: 50% | Step: 334/668
2026-05-20 00:01:57 INFO Epoch Progress | Epoch: 10 | Loss: 0.7697 | Progress: 75% | Step: 501/668
2026-05-20 00:56:10 INFO Epoch Progress | Epoch: 10 | Loss: 0.9000 | Progress: 100% | Step: 668/668
2026-05-20 02:09:59 INFO Epoch Done | All Subgraph Pairs: 1622025 | Bce Negative Pairs: 154979 | Bce Negative Ratio: 3.1777 | Bce Positive Pairs: 48771 | Bce Supervised Fraction: 0.1256 | Bce Target Negative Pairs: 243855 | Covered Positive Edges: 48771 | Edge Cover Sampling S: 574.1249 | Epoch: 10 | Internal Val Graph Sim: 0.2130 | Internal Val Topology S: 4216.9829 | Mean Positive Edge Reuse: 1.0000 | Peak Gpu Mem Mb: 21799.5132 | Planned Subgraphs: 2670 | Positive Edge Coverage Ratio: 1.0000 | Supervised Pairs: 203750 | Topo Loss Scale: 1.0000 | Total Positive Edges: 48771 | Train Forward Backward S: 15057.6662 | Train Loss: 0.9179 | Val AUPRC: 0.9320 | Val Pair Pass S: 211.1641 | Val Threshold S: 0.0000
2026-05-20 02:19:19 INFO Bce Negative Assignment Clipped | Actual Negative Pairs: 154979 | Bce Negative Ratio: 5 | Target Negative Pairs: 243855
2026-05-20 02:19:34 INFO Epoch Progress | Epoch: 11 | Loss: 0.5467 | Progress: 0% | Step: 1/668
2026-05-20 03:25:47 INFO Epoch Progress | Epoch: 11 | Loss: 0.6928 | Progress: 25% | Step: 167/668
2026-05-20 04:33:06 INFO Epoch Progress | Epoch: 11 | Loss: 0.6245 | Progress: 50% | Step: 334/668
2026-05-20 05:34:58 INFO Epoch Progress | Epoch: 11 | Loss: 0.7661 | Progress: 75% | Step: 501/668
2026-05-20 06:30:02 INFO Epoch Progress | Epoch: 11 | Loss: 0.9067 | Progress: 100% | Step: 668/668
2026-05-20 07:43:44 INFO Best Saved | Epoch: 11 | Monitor: val_topology_loss | Value: 17.5206
2026-05-20 07:43:44 INFO Epoch Done | All Subgraph Pairs: 1621245 | Bce Negative Pairs: 154979 | Bce Negative Ratio: 3.1777 | Bce Positive Pairs: 48771 | Bce Supervised Fraction: 0.1257 | Bce Target Negative Pairs: 243855 | Covered Positive Edges: 48771 | Edge Cover Sampling S: 553.6378 | Epoch: 11 | Internal Val Graph Sim: 0.2143 | Internal Val Topology S: 4214.4811 | Mean Positive Edge Reuse: 1.0000 | Peak Gpu Mem Mb: 21799.5112 | Planned Subgraphs: 2669 | Positive Edge Coverage Ratio: 1.0000 | Supervised Pairs: 203750 | Topo Loss Scale: 1.0000 | Total Positive Edges: 48771 | Train Forward Backward S: 15011.4318 | Train Loss: 0.9147 | Val AUPRC: 0.9319 | Val Pair Pass S: 206.7716 | Val Threshold S: 0.0000
2026-05-20 07:53:12 INFO Bce Negative Assignment Clipped | Actual Negative Pairs: 154979 | Bce Negative Ratio: 5 | Target Negative Pairs: 243855
2026-05-20 07:53:28 INFO Epoch Progress | Epoch: 12 | Loss: 0.7126 | Progress: 0% | Step: 1/668
2026-05-20 08:59:11 INFO Epoch Progress | Epoch: 12 | Loss: 0.6842 | Progress: 25% | Step: 167/668
2026-05-20 10:03:14 INFO Epoch Progress | Epoch: 12 | Loss: 0.6211 | Progress: 50% | Step: 334/668
2026-05-20 11:02:05 INFO Epoch Progress | Epoch: 12 | Loss: 0.7611 | Progress: 75% | Step: 501/668
2026-05-20 11:53:58 INFO Epoch Progress | Epoch: 12 | Loss: 0.8881 | Progress: 100% | Step: 668/668
2026-05-20 13:07:44 INFO Epoch Done | All Subgraph Pairs: 1621245 | Bce Negative Pairs: 154979 | Bce Negative Ratio: 3.1777 | Bce Positive Pairs: 48771 | Bce Supervised Fraction: 0.1257 | Bce Target Negative Pairs: 243855 | Covered Positive Edges: 48771 | Edge Cover Sampling S: 557.5415 | Epoch: 12 | Internal Val Graph Sim: 0.2139 | Internal Val Topology S: 4211.3205 | Mean Positive Edge Reuse: 1.0000 | Peak Gpu Mem Mb: 21766.3740 | Planned Subgraphs: 2669 | Positive Edge Coverage Ratio: 1.0000 | Supervised Pairs: 203750 | Topo Loss Scale: 1.0000 | Total Positive Edges: 48771 | Train Forward Backward S: 14419.2585 | Train Loss: 0.9072 | Val AUPRC: 0.9321 | Val Pair Pass S: 215.0683 | Val Threshold S: 0.0000
2026-05-20 13:16:43 INFO Bce Negative Assignment Clipped | Actual Negative Pairs: 154979 | Bce Negative Ratio: 5 | Target Negative Pairs: 243855
2026-05-20 13:16:55 INFO Epoch Progress | Epoch: 13 | Loss: 0.6696 | Progress: 0% | Step: 1/668
2026-05-20 14:22:27 INFO Epoch Progress | Epoch: 13 | Loss: 0.6738 | Progress: 25% | Step: 167/668
2026-05-20 15:30:35 INFO Epoch Progress | Epoch: 13 | Loss: 0.6144 | Progress: 50% | Step: 334/668
2026-05-20 16:32:16 INFO Epoch Progress | Epoch: 13 | Loss: 0.7369 | Progress: 75% | Step: 501/668
2026-05-20 17:27:07 INFO Epoch Progress | Epoch: 13 | Loss: 0.8701 | Progress: 100% | Step: 668/668
2026-05-20 18:41:04 INFO Epoch Done | All Subgraph Pairs: 1621245 | Bce Negative Pairs: 154979 | Bce Negative Ratio: 3.1777 | Bce Positive Pairs: 48771 | Bce Supervised Fraction: 0.1257 | Bce Target Negative Pairs: 243855 | Covered Positive Edges: 48771 | Edge Cover Sampling S: 539.8515 | Epoch: 13 | Internal Val Graph Sim: 0.2139 | Internal Val Topology S: 4214.5510 | Mean Positive Edge Reuse: 1.0000 | Peak Gpu Mem Mb: 21799.5132 | Planned Subgraphs: 2669 | Positive Edge Coverage Ratio: 1.0000 | Supervised Pairs: 203750 | Topo Loss Scale: 1.0000 | Total Positive Edges: 48771 | Train Forward Backward S: 14984.3201 | Train Loss: 0.9022 | Val AUPRC: 0.9324 | Val Pair Pass S: 222.2193 | Val Threshold S: 0.0000
2026-05-20 18:50:17 INFO Bce Negative Assignment Clipped | Actual Negative Pairs: 154979 | Bce Negative Ratio: 5 | Target Negative Pairs: 243855
2026-05-20 18:50:31 INFO Epoch Progress | Epoch: 14 | Loss: 0.8672 | Progress: 0% | Step: 1/668
2026-05-20 19:57:08 INFO Epoch Progress | Epoch: 14 | Loss: 0.6802 | Progress: 25% | Step: 167/668
2026-05-20 21:05:29 INFO Epoch Progress | Epoch: 14 | Loss: 0.6140 | Progress: 50% | Step: 334/668
2026-05-20 22:06:52 INFO Epoch Progress | Epoch: 14 | Loss: 0.7528 | Progress: 75% | Step: 501/668
2026-05-20 23:01:49 INFO Epoch Progress | Epoch: 14 | Loss: 0.8917 | Progress: 100% | Step: 668/668
2026-05-21 00:14:55 INFO Epoch Done | All Subgraph Pairs: 1622460 | Bce Negative Pairs: 154979 | Bce Negative Ratio: 3.1777 | Bce Positive Pairs: 48771 | Bce Supervised Fraction: 0.1256 | Bce Target Negative Pairs: 243855 | Covered Positive Edges: 48771 | Edge Cover Sampling S: 560.1732 | Epoch: 14 | Internal Val Graph Sim: 0.2145 | Internal Val Topology S: 4170.7931 | Mean Positive Edge Reuse: 1.0000 | Peak Gpu Mem Mb: 21799.5132 | Planned Subgraphs: 2671 | Positive Edge Coverage Ratio: 1.0000 | Supervised Pairs: 203750 | Topo Loss Scale: 1.0000 | Total Positive Edges: 48771 | Train Forward Backward S: 15046.5920 | Train Loss: 0.8989 | Val AUPRC: 0.9325 | Val Pair Pass S: 215.2295 | Val Threshold S: 0.0000
2026-05-21 00:24:42 INFO Bce Negative Assignment Clipped | Actual Negative Pairs: 154979 | Bce Negative Ratio: 5 | Target Negative Pairs: 243855
2026-05-21 00:24:54 INFO Epoch Progress | Epoch: 15 | Loss: 0.5916 | Progress: 0% | Step: 1/668
2026-05-21 01:31:08 INFO Epoch Progress | Epoch: 15 | Loss: 0.6825 | Progress: 25% | Step: 167/668
2026-05-21 02:39:01 INFO Epoch Progress | Epoch: 15 | Loss: 0.6114 | Progress: 50% | Step: 334/668
2026-05-21 03:40:31 INFO Epoch Progress | Epoch: 15 | Loss: 0.7381 | Progress: 75% | Step: 501/668
2026-05-21 04:35:26 INFO Epoch Progress | Epoch: 15 | Loss: 0.8663 | Progress: 100% | Step: 668/668
2026-05-21 05:48:41 INFO Epoch Done | All Subgraph Pairs: 1622025 | Bce Negative Pairs: 154979 | Bce Negative Ratio: 3.1777 | Bce Positive Pairs: 48771 | Bce Supervised Fraction: 0.1256 | Bce Target Negative Pairs: 243855 | Covered Positive Edges: 48771 | Edge Cover Sampling S: 569.4096 | Epoch: 15 | Internal Val Graph Sim: 0.2141 | Internal Val Topology S: 4173.6303 | Mean Positive Edge Reuse: 1.0000 | Peak Gpu Mem Mb: 21766.3740 | Planned Subgraphs: 2670 | Positive Edge Coverage Ratio: 1.0000 | Supervised Pairs: 203750 | Topo Loss Scale: 1.0000 | Total Positive Edges: 48771 | Train Forward Backward S: 15021.6097 | Train Loss: 0.8985 | Val AUPRC: 0.9331 | Val Pair Pass S: 221.8936 | Val Threshold S: 0.0000
2026-05-21 05:48:41 INFO Early Stop | Epoch: 15
2026-05-21 05:48:41 INFO Stage Done | Run Id: topo_baseline_n30_40
