2026-05-21 21:11:36 INFO Pipeline Runtime | Device: cuda:0 | Distributed: True | Test Batches: 1691 | Train Batches: 762 | Valid Batches: 762 | World Size: 4
2026-05-21 21:11:36 INFO Stage Start | Checkpoint: models/v3/train/20260308_002906/best_model.pth | Init Mode: warm_start | Run Id: topo_gs_only
2026-05-21 21:12:24 INFO Finetune Config | Epochs: 20 | Internal Validation Compute Spectral Stats: False | Internal Validation Inference Batch Size: 128 | Internal Validation Node Sizes: [20, 40, 60, 80, 100] | Internal Validation Pairs: 108500 | Internal Validation Subgraphs: 50 | Monitor: val_topology_loss | Pair Batch Size: 32
2026-05-21 21:21:36 INFO Bce Negative Assignment Clipped | Actual Negative Pairs: 154979 | Bce Negative Ratio: 5 | Target Negative Pairs: 243855
2026-05-21 21:21:47 INFO Epoch Progress | Epoch: 1 | Loss: 0.6086 | Progress: 0% | Step: 1/667
2026-05-21 22:12:51 INFO Epoch Progress | Epoch: 1 | Loss: 0.5948 | Progress: 25% | Step: 167/667
2026-05-21 23:04:59 INFO Epoch Progress | Epoch: 1 | Loss: 0.5814 | Progress: 50% | Step: 334/667
2026-05-21 23:50:48 INFO Epoch Progress | Epoch: 1 | Loss: 0.6465 | Progress: 75% | Step: 501/667
2026-05-22 00:32:26 INFO Epoch Progress | Epoch: 1 | Loss: 0.6500 | Progress: 100% | Step: 667/667
2026-05-22 00:42:28 INFO Best Saved | Epoch: 1 | Monitor: val_topology_loss | Value: 0.3021
2026-05-22 00:42:28 INFO Epoch Done | All Subgraph Pairs: 1620810 | Bce Negative Pairs: 154979 | Bce Negative Ratio: 3.1777 | Bce Positive Pairs: 48771 | Bce Supervised Fraction: 0.1257 | Bce Target Negative Pairs: 243855 | Covered Positive Edges: 48771 | Edge Cover Sampling S: 553.9907 | Epoch: 1 | Internal Val Graph Sim: 0.1368 | Internal Val Topology S: 389.4201 | Mean Positive Edge Reuse: 1.0000 | Peak Gpu Mem Mb: 26117.5688 | Planned Subgraphs: 2668 | Positive Edge Coverage Ratio: 1.0000 | Supervised Pairs: 203750 | Topo Loss Scale: 1.0000 | Total Positive Edges: 48771 | Train Forward Backward S: 11325.3164 | Train Loss: 0.6564 | Val AUPRC: 0.8827 | Val Pair Pass S: 211.6361 | Val Threshold S: 0.0000
2026-05-22 00:51:54 INFO Bce Negative Assignment Clipped | Actual Negative Pairs: 154979 | Bce Negative Ratio: 5 | Target Negative Pairs: 243855
2026-05-22 00:52:06 INFO Epoch Progress | Epoch: 2 | Loss: 1.6044 | Progress: 0% | Step: 1/667
2026-05-22 01:42:40 INFO Epoch Progress | Epoch: 2 | Loss: 1.0542 | Progress: 25% | Step: 167/667
2026-05-22 02:35:27 INFO Epoch Progress | Epoch: 2 | Loss: 0.8197 | Progress: 50% | Step: 334/667
2026-05-22 03:23:07 INFO Epoch Progress | Epoch: 2 | Loss: 0.8035 | Progress: 75% | Step: 501/667
2026-05-22 04:03:58 INFO Epoch Progress | Epoch: 2 | Loss: 0.8020 | Progress: 100% | Step: 667/667
2026-05-22 04:14:01 INFO Best Saved | Epoch: 2 | Monitor: val_topology_loss | Value: 0.2859
2026-05-22 04:14:01 INFO Epoch Done | All Subgraph Pairs: 1620810 | Bce Negative Pairs: 154979 | Bce Negative Ratio: 3.1777 | Bce Positive Pairs: 48771 | Bce Supervised Fraction: 0.1257 | Bce Target Negative Pairs: 243855 | Covered Positive Edges: 48771 | Edge Cover Sampling S: 569.5135 | Epoch: 2 | Internal Val Graph Sim: 0.1833 | Internal Val Topology S: 382.0968 | Mean Positive Edge Reuse: 1.0000 | Peak Gpu Mem Mb: 26510.3628 | Planned Subgraphs: 2668 | Positive Edge Coverage Ratio: 1.0000 | Supervised Pairs: 203750 | Topo Loss Scale: 1.0000 | Total Positive Edges: 48771 | Train Forward Backward S: 11397.2337 | Train Loss: 0.8060 | Val AUPRC: 0.9095 | Val Pair Pass S: 220.3670 | Val Threshold S: 0.0000
2026-05-22 04:23:11 INFO Bce Negative Assignment Clipped | Actual Negative Pairs: 154979 | Bce Negative Ratio: 5 | Target Negative Pairs: 243855
2026-05-22 04:23:21 INFO Epoch Progress | Epoch: 3 | Loss: 0.7415 | Progress: 0% | Step: 1/668
2026-05-22 05:14:33 INFO Epoch Progress | Epoch: 3 | Loss: 0.7492 | Progress: 25% | Step: 167/668
2026-05-22 06:07:00 INFO Epoch Progress | Epoch: 3 | Loss: 0.6721 | Progress: 50% | Step: 334/668
2026-05-22 06:54:29 INFO Epoch Progress | Epoch: 3 | Loss: 0.7063 | Progress: 75% | Step: 501/668
2026-05-22 07:36:39 INFO Epoch Progress | Epoch: 3 | Loss: 0.7268 | Progress: 100% | Step: 668/668
2026-05-22 07:46:43 INFO Best Saved | Epoch: 3 | Monitor: val_topology_loss | Value: 0.2845
2026-05-22 07:46:43 INFO Epoch Done | All Subgraph Pairs: 1622025 | Bce Negative Pairs: 154979 | Bce Negative Ratio: 3.1777 | Bce Positive Pairs: 48771 | Bce Supervised Fraction: 0.1256 | Bce Target Negative Pairs: 243855 | Covered Positive Edges: 48771 | Edge Cover Sampling S: 562.1631 | Epoch: 3 | Internal Val Graph Sim: 0.1872 | Internal Val Topology S: 391.3600 | Mean Positive Edge Reuse: 1.0000 | Peak Gpu Mem Mb: 26307.4404 | Planned Subgraphs: 2670 | Positive Edge Coverage Ratio: 1.0000 | Supervised Pairs: 203750 | Topo Loss Scale: 1.0000 | Total Positive Edges: 48771 | Train Forward Backward S: 11471.9494 | Train Loss: 0.7208 | Val AUPRC: 0.9073 | Val Pair Pass S: 212.0337 | Val Threshold S: 0.0000
2026-05-22 07:56:14 INFO Bce Negative Assignment Clipped | Actual Negative Pairs: 154979 | Bce Negative Ratio: 5 | Target Negative Pairs: 243855
2026-05-22 07:56:24 INFO Epoch Progress | Epoch: 4 | Loss: 0.7975 | Progress: 0% | Step: 1/668
2026-05-22 08:46:46 INFO Epoch Progress | Epoch: 4 | Loss: 0.7413 | Progress: 25% | Step: 167/668
2026-05-22 09:38:59 INFO Epoch Progress | Epoch: 4 | Loss: 0.6666 | Progress: 50% | Step: 334/668
2026-05-22 10:26:26 INFO Epoch Progress | Epoch: 4 | Loss: 0.6857 | Progress: 75% | Step: 501/668
2026-05-22 11:08:27 INFO Epoch Progress | Epoch: 4 | Loss: 0.7055 | Progress: 100% | Step: 668/668
2026-05-22 11:18:27 INFO Best Saved | Epoch: 4 | Monitor: val_topology_loss | Value: 0.2839
2026-05-22 11:18:27 INFO Epoch Done | All Subgraph Pairs: 1621245 | Bce Negative Pairs: 154979 | Bce Negative Ratio: 3.1777 | Bce Positive Pairs: 48771 | Bce Supervised Fraction: 0.1257 | Bce Target Negative Pairs: 243855 | Covered Positive Edges: 48771 | Edge Cover Sampling S: 555.9834 | Epoch: 4 | Internal Val Graph Sim: 0.1890 | Internal Val Topology S: 391.1809 | Mean Positive Edge Reuse: 1.0000 | Peak Gpu Mem Mb: 26022.8574 | Planned Subgraphs: 2669 | Positive Edge Coverage Ratio: 1.0000 | Supervised Pairs: 203750 | Topo Loss Scale: 1.0000 | Total Positive Edges: 48771 | Train Forward Backward S: 11424.7995 | Train Loss: 0.7100 | Val AUPRC: 0.9048 | Val Pair Pass S: 208.4433 | Val Threshold S: 0.0000
2026-05-22 11:27:44 INFO Bce Negative Assignment Clipped | Actual Negative Pairs: 154979 | Bce Negative Ratio: 5 | Target Negative Pairs: 243855
2026-05-22 11:27:56 INFO Epoch Progress | Epoch: 5 | Loss: 0.7460 | Progress: 0% | Step: 1/667
2026-05-22 12:19:10 INFO Epoch Progress | Epoch: 5 | Loss: 0.7240 | Progress: 25% | Step: 167/667
2026-05-22 13:11:10 INFO Epoch Progress | Epoch: 5 | Loss: 0.6506 | Progress: 50% | Step: 334/667
2026-05-22 13:57:44 INFO Epoch Progress | Epoch: 5 | Loss: 0.6734 | Progress: 75% | Step: 501/667
2026-05-22 14:39:16 INFO Epoch Progress | Epoch: 5 | Loss: 0.6898 | Progress: 100% | Step: 667/667
2026-05-22 14:49:46 INFO Best Saved | Epoch: 5 | Monitor: val_topology_loss | Value: 0.2832
2026-05-22 14:49:46 INFO Epoch Done | All Subgraph Pairs: 1620030 | Bce Negative Pairs: 154979 | Bce Negative Ratio: 3.1777 | Bce Positive Pairs: 48771 | Bce Supervised Fraction: 0.1258 | Bce Target Negative Pairs: 243855 | Covered Positive Edges: 48771 | Edge Cover Sampling S: 553.4359 | Epoch: 5 | Internal Val Graph Sim: 0.1909 | Internal Val Topology S: 417.1893 | Mean Positive Edge Reuse: 1.0000 | Peak Gpu Mem Mb: 26460.3521 | Planned Subgraphs: 2667 | Positive Edge Coverage Ratio: 1.0000 | Supervised Pairs: 203750 | Topo Loss Scale: 1.0000 | Total Positive Edges: 48771 | Train Forward Backward S: 11371.2199 | Train Loss: 0.7010 | Val AUPRC: 0.9051 | Val Pair Pass S: 212.3919 | Val Threshold S: 0.0000
2026-05-22 14:59:03 INFO Bce Negative Assignment Clipped | Actual Negative Pairs: 154979 | Bce Negative Ratio: 5 | Target Negative Pairs: 243855
2026-05-22 14:59:12 INFO Epoch Progress | Epoch: 6 | Loss: 0.7393 | Progress: 0% | Step: 1/668
2026-05-22 15:50:24 INFO Epoch Progress | Epoch: 6 | Loss: 0.7109 | Progress: 25% | Step: 167/668
2026-05-22 16:42:47 INFO Epoch Progress | Epoch: 6 | Loss: 0.6416 | Progress: 50% | Step: 334/668
2026-05-22 17:30:28 INFO Epoch Progress | Epoch: 6 | Loss: 0.6663 | Progress: 75% | Step: 501/668
2026-05-22 18:12:05 INFO Epoch Progress | Epoch: 6 | Loss: 0.6901 | Progress: 100% | Step: 668/668
2026-05-22 18:22:27 INFO Best Saved | Epoch: 6 | Monitor: val_topology_loss | Value: 0.2828
2026-05-22 18:22:27 INFO Epoch Done | All Subgraph Pairs: 1621245 | Bce Negative Pairs: 154979 | Bce Negative Ratio: 3.1777 | Bce Positive Pairs: 48771 | Bce Supervised Fraction: 0.1257 | Bce Target Negative Pairs: 243855 | Covered Positive Edges: 48771 | Edge Cover Sampling S: 543.3396 | Epoch: 6 | Internal Val Graph Sim: 0.1921 | Internal Val Topology S: 412.2489 | Mean Positive Edge Reuse: 1.0000 | Peak Gpu Mem Mb: 26370.3364 | Planned Subgraphs: 2669 | Positive Edge Coverage Ratio: 1.0000 | Supervised Pairs: 203750 | Topo Loss Scale: 1.0000 | Total Positive Edges: 48771 | Train Forward Backward S: 11471.4175 | Train Loss: 0.6978 | Val AUPRC: 0.9073 | Val Pair Pass S: 209.5134 | Val Threshold S: 0.0000
2026-05-22 18:31:38 INFO Bce Negative Assignment Clipped | Actual Negative Pairs: 154979 | Bce Negative Ratio: 5 | Target Negative Pairs: 243855
2026-05-22 18:31:49 INFO Epoch Progress | Epoch: 7 | Loss: 0.7156 | Progress: 0% | Step: 1/667
2026-05-22 19:22:29 INFO Epoch Progress | Epoch: 7 | Loss: 0.7063 | Progress: 25% | Step: 167/667
2026-05-22 20:14:18 INFO Epoch Progress | Epoch: 7 | Loss: 0.6408 | Progress: 50% | Step: 334/667
2026-05-22 21:00:56 INFO Epoch Progress | Epoch: 7 | Loss: 0.6708 | Progress: 75% | Step: 501/667
2026-05-22 21:42:54 INFO Epoch Progress | Epoch: 7 | Loss: 0.6948 | Progress: 100% | Step: 667/667
2026-05-22 21:52:56 INFO Best Saved | Epoch: 7 | Monitor: val_topology_loss | Value: 0.2826
2026-05-22 21:52:56 INFO Epoch Done | All Subgraph Pairs: 1620810 | Bce Negative Pairs: 154979 | Bce Negative Ratio: 3.1777 | Bce Positive Pairs: 48771 | Bce Supervised Fraction: 0.1257 | Bce Target Negative Pairs: 243855 | Covered Positive Edges: 48771 | Edge Cover Sampling S: 552.9147 | Epoch: 7 | Internal Val Graph Sim: 0.1926 | Internal Val Topology S: 396.7228 | Mean Positive Edge Reuse: 1.0000 | Peak Gpu Mem Mb: 25860.6309 | Planned Subgraphs: 2668 | Positive Edge Coverage Ratio: 1.0000 | Supervised Pairs: 203750 | Topo Loss Scale: 1.0000 | Total Positive Edges: 48771 | Train Forward Backward S: 11351.5095 | Train Loss: 0.6932 | Val AUPRC: 0.9029 | Val Pair Pass S: 204.5103 | Val Threshold S: 0.0000
2026-05-22 22:02:20 INFO Bce Negative Assignment Clipped | Actual Negative Pairs: 154979 | Bce Negative Ratio: 5 | Target Negative Pairs: 243855
2026-05-22 22:02:30 INFO Epoch Progress | Epoch: 8 | Loss: 0.5446 | Progress: 0% | Step: 1/668
2026-05-22 22:53:26 INFO Epoch Progress | Epoch: 8 | Loss: 0.6954 | Progress: 25% | Step: 167/668
2026-05-22 23:45:33 INFO Epoch Progress | Epoch: 8 | Loss: 0.6324 | Progress: 50% | Step: 334/668
2026-05-23 00:32:41 INFO Epoch Progress | Epoch: 8 | Loss: 0.6598 | Progress: 75% | Step: 501/668
2026-05-23 01:14:27 INFO Epoch Progress | Epoch: 8 | Loss: 0.6822 | Progress: 100% | Step: 668/668
2026-05-23 01:24:46 INFO Best Saved | Epoch: 8 | Monitor: val_topology_loss | Value: 0.2820
2026-05-23 01:24:46 INFO Epoch Done | All Subgraph Pairs: 1621245 | Bce Negative Pairs: 154979 | Bce Negative Ratio: 3.1777 | Bce Positive Pairs: 48771 | Bce Supervised Fraction: 0.1257 | Bce Target Negative Pairs: 243855 | Covered Positive Edges: 48771 | Edge Cover Sampling S: 560.9068 | Epoch: 8 | Internal Val Graph Sim: 0.1943 | Internal Val Topology S: 404.7126 | Mean Positive Edge Reuse: 1.0000 | Peak Gpu Mem Mb: 26053.0640 | Planned Subgraphs: 2669 | Positive Edge Coverage Ratio: 1.0000 | Supervised Pairs: 203750 | Topo Loss Scale: 1.0000 | Total Positive Edges: 48771 | Train Forward Backward S: 11406.5374 | Train Loss: 0.6856 | Val AUPRC: 0.9065 | Val Pair Pass S: 214.3489 | Val Threshold S: 0.0000
2026-05-23 01:34:15 INFO Bce Negative Assignment Clipped | Actual Negative Pairs: 154979 | Bce Negative Ratio: 5 | Target Negative Pairs: 243855
2026-05-23 01:34:27 INFO Epoch Progress | Epoch: 9 | Loss: 0.6903 | Progress: 0% | Step: 1/668
2026-05-23 02:25:31 INFO Epoch Progress | Epoch: 9 | Loss: 0.6944 | Progress: 25% | Step: 167/668
2026-05-23 03:17:06 INFO Epoch Progress | Epoch: 9 | Loss: 0.6307 | Progress: 50% | Step: 334/668
2026-05-23 04:03:45 INFO Epoch Progress | Epoch: 9 | Loss: 0.6591 | Progress: 75% | Step: 501/668
2026-05-23 04:45:33 INFO Epoch Progress | Epoch: 9 | Loss: 0.6812 | Progress: 100% | Step: 668/668
2026-05-23 04:55:42 INFO Best Saved | Epoch: 9 | Monitor: val_topology_loss | Value: 0.2816
2026-05-23 04:55:42 INFO Epoch Done | All Subgraph Pairs: 1622025 | Bce Negative Pairs: 154979 | Bce Negative Ratio: 3.1777 | Bce Positive Pairs: 48771 | Bce Supervised Fraction: 0.1256 | Bce Target Negative Pairs: 243855 | Covered Positive Edges: 48771 | Edge Cover Sampling S: 566.6354 | Epoch: 9 | Internal Val Graph Sim: 0.1955 | Internal Val Topology S: 392.5527 | Mean Positive Edge Reuse: 1.0000 | Peak Gpu Mem Mb: 26069.9526 | Planned Subgraphs: 2670 | Positive Edge Coverage Ratio: 1.0000 | Supervised Pairs: 203750 | Topo Loss Scale: 1.0000 | Total Positive Edges: 48771 | Train Forward Backward S: 11356.2122 | Train Loss: 0.6815 | Val AUPRC: 0.9073 | Val Pair Pass S: 216.3594 | Val Threshold S: 0.0000
2026-05-23 05:05:00 INFO Bce Negative Assignment Clipped | Actual Negative Pairs: 154979 | Bce Negative Ratio: 5 | Target Negative Pairs: 243855
2026-05-23 05:05:12 INFO Epoch Progress | Epoch: 10 | Loss: 0.7792 | Progress: 0% | Step: 1/668
2026-05-23 05:57:20 INFO Epoch Progress | Epoch: 10 | Loss: 0.6882 | Progress: 25% | Step: 167/668
2026-05-23 06:49:56 INFO Epoch Progress | Epoch: 10 | Loss: 0.6258 | Progress: 50% | Step: 334/668
2026-05-23 07:37:13 INFO Epoch Progress | Epoch: 10 | Loss: 0.6528 | Progress: 75% | Step: 501/668
2026-05-23 08:19:24 INFO Epoch Progress | Epoch: 10 | Loss: 0.6746 | Progress: 100% | Step: 668/668
2026-05-23 08:29:50 INFO Best Saved | Epoch: 10 | Monitor: val_topology_loss | Value: 0.2813
2026-05-23 08:29:50 INFO Epoch Done | All Subgraph Pairs: 1622025 | Bce Negative Pairs: 154979 | Bce Negative Ratio: 3.1777 | Bce Positive Pairs: 48771 | Bce Supervised Fraction: 0.1256 | Bce Target Negative Pairs: 243855 | Covered Positive Edges: 48771 | Edge Cover Sampling S: 576.5172 | Epoch: 10 | Internal Val Graph Sim: 0.1964 | Internal Val Topology S: 401.0861 | Mean Positive Edge Reuse: 1.0000 | Peak Gpu Mem Mb: 26140.0723 | Planned Subgraphs: 2670 | Positive Edge Coverage Ratio: 1.0000 | Supervised Pairs: 203750 | Topo Loss Scale: 1.0000 | Total Positive Edges: 48771 | Train Forward Backward S: 11521.2243 | Train Loss: 0.6768 | Val AUPRC: 0.9094 | Val Pair Pass S: 224.9337 | Val Threshold S: 0.0000
2026-05-23 08:39:04 INFO Bce Negative Assignment Clipped | Actual Negative Pairs: 154979 | Bce Negative Ratio: 5 | Target Negative Pairs: 243855
2026-05-23 08:39:14 INFO Epoch Progress | Epoch: 11 | Loss: 0.6601 | Progress: 0% | Step: 1/668
2026-05-23 09:30:23 INFO Epoch Progress | Epoch: 11 | Loss: 0.6805 | Progress: 25% | Step: 167/668
2026-05-23 10:22:09 INFO Epoch Progress | Epoch: 11 | Loss: 0.6169 | Progress: 50% | Step: 334/668
2026-05-23 11:08:57 INFO Epoch Progress | Epoch: 11 | Loss: 0.6469 | Progress: 75% | Step: 501/668
2026-05-23 11:50:48 INFO Epoch Progress | Epoch: 11 | Loss: 0.6764 | Progress: 100% | Step: 668/668
2026-05-23 12:01:04 INFO Best Saved | Epoch: 11 | Monitor: val_topology_loss | Value: 0.2795
2026-05-23 12:01:04 INFO Epoch Done | All Subgraph Pairs: 1621245 | Bce Negative Pairs: 154979 | Bce Negative Ratio: 3.1777 | Bce Positive Pairs: 48771 | Bce Supervised Fraction: 0.1257 | Bce Target Negative Pairs: 243855 | Covered Positive Edges: 48771 | Edge Cover Sampling S: 566.4825 | Epoch: 11 | Internal Val Graph Sim: 0.2014 | Internal Val Topology S: 406.6354 | Mean Positive Edge Reuse: 1.0000 | Peak Gpu Mem Mb: 25572.5508 | Planned Subgraphs: 2669 | Positive Edge Coverage Ratio: 1.0000 | Supervised Pairs: 203750 | Topo Loss Scale: 1.0000 | Total Positive Edges: 48771 | Train Forward Backward S: 11368.0884 | Train Loss: 0.6756 | Val AUPRC: 0.9107 | Val Pair Pass S: 209.1320 | Val Threshold S: 0.0000
2026-05-23 12:10:29 INFO Bce Negative Assignment Clipped | Actual Negative Pairs: 154979 | Bce Negative Ratio: 5 | Target Negative Pairs: 243855
2026-05-23 12:10:41 INFO Epoch Progress | Epoch: 12 | Loss: 0.5923 | Progress: 0% | Step: 1/668
2026-05-23 13:01:40 INFO Epoch Progress | Epoch: 12 | Loss: 0.6567 | Progress: 25% | Step: 167/668
2026-05-23 13:52:33 INFO Epoch Progress | Epoch: 12 | Loss: 0.6074 | Progress: 50% | Step: 334/668
2026-05-23 14:40:08 INFO Epoch Progress | Epoch: 12 | Loss: 0.6426 | Progress: 75% | Step: 501/668
2026-05-23 15:22:18 INFO Epoch Progress | Epoch: 12 | Loss: 0.6621 | Progress: 100% | Step: 668/668
2026-05-23 15:32:18 INFO Epoch Done | All Subgraph Pairs: 1621245 | Bce Negative Pairs: 154979 | Bce Negative Ratio: 3.1777 | Bce Positive Pairs: 48771 | Bce Supervised Fraction: 0.1257 | Bce Target Negative Pairs: 243855 | Covered Positive Edges: 48771 | Edge Cover Sampling S: 578.2810 | Epoch: 12 | Internal Val Graph Sim: 0.1989 | Internal Val Topology S: 389.5394 | Mean Positive Edge Reuse: 1.0000 | Peak Gpu Mem Mb: 26401.4922 | Planned Subgraphs: 2669 | Positive Edge Coverage Ratio: 1.0000 | Supervised Pairs: 203750 | Topo Loss Scale: 1.0000 | Total Positive Edges: 48771 | Train Forward Backward S: 11371.7179 | Train Loss: 0.6700 | Val AUPRC: 0.9103 | Val Pair Pass S: 210.0309 | Val Threshold S: 0.0000
2026-05-23 15:41:52 INFO Bce Negative Assignment Clipped | Actual Negative Pairs: 154979 | Bce Negative Ratio: 5 | Target Negative Pairs: 243855
2026-05-23 15:42:01 INFO Epoch Progress | Epoch: 13 | Loss: 0.7289 | Progress: 0% | Step: 1/668
2026-05-23 16:32:53 INFO Epoch Progress | Epoch: 13 | Loss: 0.6675 | Progress: 25% | Step: 167/668
2026-05-23 17:25:20 INFO Epoch Progress | Epoch: 13 | Loss: 0.6082 | Progress: 50% | Step: 334/668
2026-05-23 18:13:16 INFO Epoch Progress | Epoch: 13 | Loss: 0.6256 | Progress: 75% | Step: 501/668
2026-05-23 18:55:38 INFO Epoch Progress | Epoch: 13 | Loss: 0.6555 | Progress: 100% | Step: 668/668
2026-05-23 19:05:55 INFO Epoch Done | All Subgraph Pairs: 1621245 | Bce Negative Pairs: 154979 | Bce Negative Ratio: 3.1777 | Bce Positive Pairs: 48771 | Bce Supervised Fraction: 0.1257 | Bce Target Negative Pairs: 243855 | Covered Positive Edges: 48771 | Edge Cover Sampling S: 553.2038 | Epoch: 13 | Internal Val Graph Sim: 0.1975 | Internal Val Topology S: 402.3382 | Mean Positive Edge Reuse: 1.0000 | Peak Gpu Mem Mb: 26282.9897 | Planned Subgraphs: 2669 | Positive Edge Coverage Ratio: 1.0000 | Supervised Pairs: 203750 | Topo Loss Scale: 1.0000 | Total Positive Edges: 48771 | Train Forward Backward S: 11522.9304 | Train Loss: 0.6666 | Val AUPRC: 0.9109 | Val Pair Pass S: 214.4673 | Val Threshold S: 0.0000
2026-05-23 19:15:28 INFO Bce Negative Assignment Clipped | Actual Negative Pairs: 154979 | Bce Negative Ratio: 5 | Target Negative Pairs: 243855
2026-05-23 19:15:39 INFO Epoch Progress | Epoch: 14 | Loss: 0.6498 | Progress: 0% | Step: 1/668
2026-05-23 20:06:21 INFO Epoch Progress | Epoch: 14 | Loss: 0.6610 | Progress: 25% | Step: 167/668
2026-05-23 20:58:11 INFO Epoch Progress | Epoch: 14 | Loss: 0.6047 | Progress: 50% | Step: 334/668
2026-05-23 21:44:51 INFO Epoch Progress | Epoch: 14 | Loss: 0.6362 | Progress: 75% | Step: 501/668
2026-05-23 22:27:08 INFO Epoch Progress | Epoch: 14 | Loss: 0.6660 | Progress: 100% | Step: 668/668
2026-05-23 22:37:29 INFO Epoch Done | All Subgraph Pairs: 1622460 | Bce Negative Pairs: 154979 | Bce Negative Ratio: 3.1777 | Bce Positive Pairs: 48771 | Bce Supervised Fraction: 0.1256 | Bce Target Negative Pairs: 243855 | Covered Positive Edges: 48771 | Edge Cover Sampling S: 568.4472 | Epoch: 14 | Internal Val Graph Sim: 0.1978 | Internal Val Topology S: 411.1544 | Mean Positive Edge Reuse: 1.0000 | Peak Gpu Mem Mb: 26632.0020 | Planned Subgraphs: 2671 | Positive Edge Coverage Ratio: 1.0000 | Supervised Pairs: 203750 | Topo Loss Scale: 1.0000 | Total Positive Edges: 48771 | Train Forward Backward S: 11381.3233 | Train Loss: 0.6656 | Val AUPRC: 0.9102 | Val Pair Pass S: 210.0189 | Val Threshold S: 0.0000
2026-05-23 22:47:24 INFO Bce Negative Assignment Clipped | Actual Negative Pairs: 154979 | Bce Negative Ratio: 5 | Target Negative Pairs: 243855
2026-05-23 22:47:34 INFO Epoch Progress | Epoch: 15 | Loss: 0.6272 | Progress: 0% | Step: 1/668
2026-05-23 23:38:34 INFO Epoch Progress | Epoch: 15 | Loss: 0.6610 | Progress: 25% | Step: 167/668
2026-05-24 00:31:03 INFO Epoch Progress | Epoch: 15 | Loss: 0.6014 | Progress: 50% | Step: 334/668
2026-05-24 01:18:27 INFO Epoch Progress | Epoch: 15 | Loss: 0.6238 | Progress: 75% | Step: 501/668
2026-05-24 02:00:27 INFO Epoch Progress | Epoch: 15 | Loss: 0.6508 | Progress: 100% | Step: 668/668
2026-05-24 02:10:43 INFO Epoch Done | All Subgraph Pairs: 1622025 | Bce Negative Pairs: 154979 | Bce Negative Ratio: 3.1777 | Bce Positive Pairs: 48771 | Bce Supervised Fraction: 0.1256 | Bce Target Negative Pairs: 243855 | Covered Positive Edges: 48771 | Edge Cover Sampling S: 590.8313 | Epoch: 15 | Internal Val Graph Sim: 0.1975 | Internal Val Topology S: 403.7422 | Mean Positive Edge Reuse: 1.0000 | Peak Gpu Mem Mb: 26147.2905 | Planned Subgraphs: 2670 | Positive Edge Coverage Ratio: 1.0000 | Supervised Pairs: 203750 | Topo Loss Scale: 1.0000 | Total Positive Edges: 48771 | Train Forward Backward S: 11463.6389 | Train Loss: 0.6631 | Val AUPRC: 0.9112 | Val Pair Pass S: 212.1476 | Val Threshold S: 0.0000
2026-05-24 02:10:43 INFO Early Stop | Epoch: 15
2026-05-24 02:10:43 INFO Stage Done | Run Id: topo_gs_only
