warning: `VIRTUAL_ENV=/public/home/wangar2023/relic/.venv` does not match the project environment path `.venv` and will be ignored; use `--active` to target the active environment instead
The following values were not passed to `accelerate launch` and had defaults used instead:
		More than one GPU was found, enabling multi-GPU training.
		If this was unintended please pass in `--num_processes=1`.
To avoid this warning pass in values for each of the problematic parameters or run `accelerate config`.
[RANK 0] Detected kernel version 3.10.0, which is below the recommended minimum of 5.5.0; this can cause the process to hang. It is recommended to upgrade the kernel to the minimum version or higher.
2026-06-29 21:05:55,828 INFO __main__: tccig scoring split=train pair_count=252600 cache=miss
2026-06-29 21:24:44,969 INFO __main__: tccig scoring split=validation pair_count=63362 cache=miss
2026-06-29 21:33:09,158 INFO __main__: tccig scoring split=validation_topology pair_count=1529000 cache=miss
2026-06-29 22:39:24,617 INFO __main__: tccig scoring progress split=validation_topology processed_local=250368 total_local=1529000
2026-06-29 23:12:57,542 INFO __main__: tccig train topology coverage (post-budget): base_buckets=200 coverage_buckets=0 positive_edge_coverage=0.7763
2026-06-29 23:13:09,952 INFO __main__: tccig train topology subset scoring estimate: unique_pairs=1012279 positives=97308 candidate_negatives=1171060 pool_negatives=765158 skipped_sizes={}
2026-06-29 23:13:13,412 INFO __main__: tccig scoring split=train_topology_subset_candidates pair_count=1012279 cache=miss
2026-06-30 00:11:55,715 INFO __main__: tccig scoring progress split=train_topology_subset_candidates processed_local=250368 total_local=1012279
2026-06-30 00:14:05,093 INFO __main__: tccig scoring split=train_topology_subset_diagnostic pair_count=1940 cache=miss
2026-06-30 00:16:06,178 INFO tccig.s2gae: TCCIG epoch 1 complete: time_s=25.10 train_loss=0.996075 train_bce=0.996075 val_auprc=0.683285 monitor[val_topology_loss]=7631.533093 val_topology_loss=7631.533093 rule=threshold lr=0.0001 peak_gpu_mem_mb=14277.5
2026-06-30 00:16:28,398 INFO tccig.s2gae: TCCIG epoch 2 complete: time_s=21.99 train_loss=0.993830 train_bce=0.993830 val_auprc=0.684150 monitor[val_topology_loss]=7820.177914 val_topology_loss=7820.177914 rule=threshold lr=0.0001 peak_gpu_mem_mb=14277.5
2026-06-30 00:17:04,752 INFO tccig.s2gae: TCCIG epoch 3 complete: time_s=32.89 train_loss=0.991924 train_bce=0.991923 val_auprc=0.685478 monitor[val_topology_loss]=8165.429019 val_topology_loss=8165.429019 rule=threshold lr=0.0001 peak_gpu_mem_mb=14277.5
2026-06-30 00:17:35,036 INFO tccig.s2gae: TCCIG epoch 4 complete: time_s=30.14 train_loss=0.986791 train_bce=0.986791 val_auprc=0.686878 monitor[val_topology_loss]=8452.581181 val_topology_loss=8452.581181 rule=threshold lr=0.0001 peak_gpu_mem_mb=14277.5
2026-06-30 00:17:42,750 INFO tccig.s2gae: tccig topology bias diagnostic (§3.7) epoch=5: mean_density_rel_err=0.0063 mean_degree_rel_err=0.0063 max_density_rel_err=0.0251 subgraphs=4
2026-06-30 00:18:05,476 INFO tccig.s2gae: TCCIG epoch 5 complete: time_s=30.43 train_loss=0.981659 train_bce=0.981658 val_auprc=0.688523 monitor[val_topology_loss]=8715.590347 val_topology_loss=8715.590347 rule=threshold lr=0.0001 peak_gpu_mem_mb=14277.5
2026-06-30 00:18:34,915 INFO tccig.s2gae: TCCIG epoch 6 complete: time_s=29.43 train_loss=0.978823 train_bce=0.978822 val_auprc=0.690384 monitor[val_topology_loss]=8978.002107 val_topology_loss=8978.002107 rule=threshold lr=0.0001 peak_gpu_mem_mb=14277.5
2026-06-30 00:19:07,478 INFO tccig.s2gae: TCCIG epoch 7 complete: time_s=29.16 train_loss=0.973011 train_bce=0.973009 val_auprc=0.692444 monitor[val_topology_loss]=9245.485709 val_topology_loss=9245.485709 rule=threshold lr=0.0001 peak_gpu_mem_mb=14277.5
2026-06-30 00:19:41,021 INFO tccig.s2gae: TCCIG epoch 8 complete: time_s=30.48 train_loss=0.967426 train_bce=0.967423 val_auprc=0.694765 monitor[val_topology_loss]=9593.331684 val_topology_loss=9593.331684 rule=threshold lr=0.0001 peak_gpu_mem_mb=14277.5
2026-06-30 00:20:12,488 INFO tccig.s2gae: TCCIG epoch 9 complete: time_s=31.46 train_loss=0.961706 train_bce=0.961701 val_auprc=0.697253 monitor[val_topology_loss]=9948.066900 val_topology_loss=9948.066900 rule=threshold lr=0.0001 peak_gpu_mem_mb=14277.5
2026-06-30 00:20:19,365 INFO tccig.s2gae: tccig topology bias diagnostic (§3.7) epoch=10: mean_density_rel_err=0.0061 mean_degree_rel_err=0.0061 max_density_rel_err=0.0246 subgraphs=4
2026-06-30 00:20:42,973 INFO tccig.s2gae: TCCIG epoch 10 complete: time_s=30.48 train_loss=0.953077 train_bce=0.953070 val_auprc=0.699903 monitor[val_topology_loss]=10348.162661 val_topology_loss=10348.162661 rule=threshold lr=0.0001 peak_gpu_mem_mb=14277.5
2026-06-30 00:21:14,713 INFO tccig.s2gae: TCCIG epoch 11 complete: time_s=31.56 train_loss=0.945153 train_bce=0.945144 val_auprc=0.702730 monitor[val_topology_loss]=10801.509852 val_topology_loss=10801.509852 rule=threshold lr=0.0001 peak_gpu_mem_mb=14277.5
2026-06-30 00:21:46,590 INFO tccig.s2gae: TCCIG epoch 12 complete: time_s=31.87 train_loss=0.938693 train_bce=0.938681 val_auprc=0.705661 monitor[val_topology_loss]=11265.864099 val_topology_loss=11265.864099 rule=threshold lr=0.0001 peak_gpu_mem_mb=14277.5
2026-06-30 00:22:21,695 INFO tccig.s2gae: TCCIG epoch 13 complete: time_s=31.86 train_loss=0.928829 train_bce=0.928814 val_auprc=0.708649 monitor[val_topology_loss]=11755.587102 val_topology_loss=11755.587102 rule=threshold lr=0.0001 peak_gpu_mem_mb=14277.5
2026-06-30 00:23:00,538 INFO tccig.s2gae: TCCIG epoch 14 complete: time_s=35.20 train_loss=0.920073 train_bce=0.920053 val_auprc=0.711654 monitor[val_topology_loss]=12222.029596 val_topology_loss=12222.029596 rule=threshold lr=0.0001 peak_gpu_mem_mb=14277.5
2026-06-30 00:23:08,206 INFO tccig.s2gae: tccig topology bias diagnostic (§3.7) epoch=15: mean_density_rel_err=0.0055 mean_degree_rel_err=0.0055 max_density_rel_err=0.0221 subgraphs=4
2026-06-30 00:23:33,493 INFO tccig.s2gae: TCCIG epoch 15 complete: time_s=32.95 train_loss=0.910571 train_bce=0.910547 val_auprc=0.714658 monitor[val_topology_loss]=12738.221259 val_topology_loss=12738.221259 rule=threshold lr=0.0001 peak_gpu_mem_mb=14277.5
2026-06-30 00:24:09,842 INFO tccig.s2gae: TCCIG epoch 16 complete: time_s=33.37 train_loss=0.902247 train_bce=0.902218 val_auprc=0.717488 monitor[val_topology_loss]=13228.517123 val_topology_loss=13228.517123 rule=threshold lr=0.0001 peak_gpu_mem_mb=14277.5
2026-06-30 00:24:46,218 INFO tccig.s2gae: TCCIG epoch 17 complete: time_s=32.89 train_loss=0.892284 train_bce=0.892249 val_auprc=0.720185 monitor[val_topology_loss]=13779.711854 val_topology_loss=13779.711854 rule=threshold lr=0.0001 peak_gpu_mem_mb=14277.5
2026-06-30 00:25:23,698 INFO tccig.s2gae: TCCIG epoch 18 complete: time_s=33.66 train_loss=0.883373 train_bce=0.883331 val_auprc=0.722759 monitor[val_topology_loss]=14222.576985 val_topology_loss=14222.576985 rule=threshold lr=0.0001 peak_gpu_mem_mb=14277.5
2026-06-30 00:25:59,257 INFO tccig.s2gae: TCCIG epoch 19 complete: time_s=34.70 train_loss=0.875497 train_bce=0.875450 val_auprc=0.725168 monitor[val_topology_loss]=14641.507982 val_topology_loss=14641.507982 rule=threshold lr=0.0001 peak_gpu_mem_mb=14277.5
2026-06-30 00:26:09,091 INFO tccig.s2gae: tccig topology bias diagnostic (§3.7) epoch=20: mean_density_rel_err=0.0020 mean_degree_rel_err=0.0020 max_density_rel_err=0.0080 subgraphs=4
2026-06-30 00:26:35,948 INFO tccig.s2gae: TCCIG epoch 20 complete: time_s=34.28 train_loss=0.865880 train_bce=0.865826 val_auprc=0.727398 monitor[val_topology_loss]=15004.003540 val_topology_loss=15004.003540 rule=threshold lr=0.0001 peak_gpu_mem_mb=14277.5
2026-06-30 00:27:13,013 INFO tccig.s2gae: TCCIG epoch 21 complete: time_s=34.15 train_loss=0.856381 train_bce=0.856322 val_auprc=0.729440 monitor[val_topology_loss]=15253.104725 val_topology_loss=15253.104725 rule=threshold lr=0.0001 peak_gpu_mem_mb=14277.5
2026-06-30 00:27:51,618 INFO tccig.s2gae: TCCIG epoch 22 complete: time_s=34.68 train_loss=0.848733 train_bce=0.848669 val_auprc=0.731246 monitor[val_topology_loss]=15545.999064 val_topology_loss=15545.999064 rule=threshold lr=0.0001 peak_gpu_mem_mb=14277.5
2026-06-30 00:28:27,513 INFO tccig.s2gae: TCCIG epoch 23 complete: time_s=34.90 train_loss=0.839805 train_bce=0.839735 val_auprc=0.732871 monitor[val_topology_loss]=15767.507486 val_topology_loss=15767.507486 rule=threshold lr=0.0001 peak_gpu_mem_mb=14277.5
2026-06-30 00:29:03,263 INFO tccig.s2gae: TCCIG epoch 24 complete: time_s=35.23 train_loss=0.829772 train_bce=0.829696 val_auprc=0.734356 monitor[val_topology_loss]=15837.548070 val_topology_loss=15837.548070 rule=threshold lr=0.0001 peak_gpu_mem_mb=14277.5
2026-06-30 00:29:14,679 INFO tccig.s2gae: tccig topology bias diagnostic (§3.7) epoch=25: mean_density_rel_err=0.0028 mean_degree_rel_err=0.0028 max_density_rel_err=0.0112 subgraphs=4
2026-06-30 00:29:42,290 INFO tccig.s2gae: TCCIG epoch 25 complete: time_s=34.96 train_loss=0.825483 train_bce=0.825404 val_auprc=0.735667 monitor[val_topology_loss]=15856.970815 val_topology_loss=15856.970815 rule=threshold lr=0.0001 peak_gpu_mem_mb=14277.5
2026-06-30 00:30:17,245 INFO tccig.s2gae: TCCIG epoch 26 complete: time_s=34.80 train_loss=0.816372 train_bce=0.816289 val_auprc=0.736832 monitor[val_topology_loss]=15846.510505 val_topology_loss=15846.510505 rule=threshold lr=0.0001 peak_gpu_mem_mb=14277.5
2026-06-30 00:30:54,952 INFO tccig.s2gae: TCCIG epoch 27 complete: time_s=34.81 train_loss=0.811468 train_bce=0.811381 val_auprc=0.737865 monitor[val_topology_loss]=15792.467071 val_topology_loss=15792.467071 rule=threshold lr=0.0001 peak_gpu_mem_mb=14277.5
2026-06-30 00:31:32,700 INFO tccig.s2gae: TCCIG epoch 28 complete: time_s=35.28 train_loss=0.802803 train_bce=0.802712 val_auprc=0.738730 monitor[val_topology_loss]=15734.802287 val_topology_loss=15734.802287 rule=threshold lr=0.0001 peak_gpu_mem_mb=14277.5
2026-06-30 00:32:11,038 INFO tccig.s2gae: TCCIG epoch 29 complete: time_s=35.83 train_loss=0.797594 train_bce=0.797500 val_auprc=0.739390 monitor[val_topology_loss]=15712.931261 val_topology_loss=15712.931261 rule=threshold lr=0.0001 peak_gpu_mem_mb=14277.5
2026-06-30 00:32:18,723 INFO tccig.s2gae: tccig topology bias diagnostic (§3.7) epoch=30: mean_density_rel_err=0.0005 mean_degree_rel_err=0.0005 max_density_rel_err=0.0021 subgraphs=4
2026-06-30 00:32:46,769 INFO tccig.s2gae: TCCIG epoch 30 complete: time_s=35.72 train_loss=0.792772 train_bce=0.792676 val_auprc=0.739885 monitor[val_topology_loss]=15666.519903 val_topology_loss=15666.519903 rule=threshold lr=0.0001 peak_gpu_mem_mb=14277.5
2026-06-30 00:33:22,484 INFO tccig.s2gae: TCCIG epoch 31 complete: time_s=35.64 train_loss=0.786354 train_bce=0.786254 val_auprc=0.740213 monitor[val_topology_loss]=15672.417848 val_topology_loss=15672.417848 rule=threshold lr=0.0001 peak_gpu_mem_mb=14277.5
2026-06-30 00:33:57,985 INFO tccig.s2gae: TCCIG epoch 32 complete: time_s=35.41 train_loss=0.780624 train_bce=0.780521 val_auprc=0.740458 monitor[val_topology_loss]=15662.640859 val_topology_loss=15662.640859 rule=threshold lr=0.0001 peak_gpu_mem_mb=14277.5
2026-06-30 00:34:36,121 INFO tccig.s2gae: TCCIG epoch 33 complete: time_s=34.89 train_loss=0.776218 train_bce=0.776113 val_auprc=0.740574 monitor[val_topology_loss]=15594.402519 val_topology_loss=15594.402519 rule=threshold lr=0.0001 peak_gpu_mem_mb=14277.5
2026-06-30 00:35:13,811 INFO tccig.s2gae: TCCIG epoch 34 complete: time_s=35.06 train_loss=0.771440 train_bce=0.771331 val_auprc=0.740589 monitor[val_topology_loss]=15583.524365 val_topology_loss=15583.524365 rule=threshold lr=0.0001 peak_gpu_mem_mb=14277.5
2026-06-30 00:35:20,801 INFO tccig.s2gae: tccig topology bias diagnostic (§3.7) epoch=35: mean_density_rel_err=0.0039 mean_degree_rel_err=0.0039 max_density_rel_err=0.0155 subgraphs=4
2026-06-30 00:35:48,970 INFO tccig.s2gae: TCCIG epoch 35 complete: time_s=35.07 train_loss=0.767510 train_bce=0.767398 val_auprc=0.740452 monitor[val_topology_loss]=15630.127226 val_topology_loss=15630.127226 rule=threshold lr=0.0001 peak_gpu_mem_mb=14277.5
2026-06-30 00:36:23,989 INFO tccig.s2gae: TCCIG epoch 36 complete: time_s=35.00 train_loss=0.761893 train_bce=0.761778 val_auprc=0.740264 monitor[val_topology_loss]=15665.081473 val_topology_loss=15665.081473 rule=threshold lr=0.0001 peak_gpu_mem_mb=14277.5
2026-06-30 00:37:00,426 INFO tccig.s2gae: TCCIG epoch 37 complete: time_s=36.19 train_loss=0.761019 train_bce=0.760902 val_auprc=0.740003 monitor[val_topology_loss]=15776.283851 val_topology_loss=15776.283851 rule=threshold lr=0.0001 peak_gpu_mem_mb=14277.5
2026-06-30 00:37:35,887 INFO tccig.s2gae: TCCIG epoch 38 complete: time_s=35.45 train_loss=0.753931 train_bce=0.753808 val_auprc=0.739732 monitor[val_topology_loss]=15873.205028 val_topology_loss=15873.205028 rule=threshold lr=0.0001 peak_gpu_mem_mb=14277.5
2026-06-30 00:38:14,429 INFO tccig.s2gae: TCCIG epoch 39 complete: time_s=35.35 train_loss=0.748600 train_bce=0.748475 val_auprc=0.739458 monitor[val_topology_loss]=15993.204812 val_topology_loss=15993.204812 rule=threshold lr=0.0001 peak_gpu_mem_mb=14277.5
2026-06-30 00:38:23,723 INFO tccig.s2gae: tccig topology bias diagnostic (§3.7) epoch=40: mean_density_rel_err=0.0006 mean_degree_rel_err=0.0006 max_density_rel_err=0.0025 subgraphs=4
2026-06-30 00:38:52,398 INFO tccig.s2gae: TCCIG epoch 40 complete: time_s=35.71 train_loss=0.745710 train_bce=0.745580 val_auprc=0.739161 monitor[val_topology_loss]=16062.624606 val_topology_loss=16062.624606 rule=threshold lr=0.0001 peak_gpu_mem_mb=14277.5
2026-06-30 00:38:55,092 INFO __main__: tccig scoring split=pairwise_test pair_count=62147 cache=miss
2026-06-30 00:43:36,524 INFO __main__: tccig scoring split=topology_test pair_count=2035153 cache=miss
