
*****************************************
Setting OMP_NUM_THREADS environment variable for each process to be 1 in default, to avoid your system being overloaded, please further tune the variable for optimal performance in your application as needed. 
*****************************************
[W606 01:30:33.825908206 Utils.hpp:137] Warning: Environment variable NCCL_ASYNC_ERROR_HANDLING is deprecated; use TORCH_NCCL_ASYNC_ERROR_HANDLING instead (function operator())
[W606 01:30:33.831699297 Utils.hpp:137] Warning: Environment variable NCCL_ASYNC_ERROR_HANDLING is deprecated; use TORCH_NCCL_ASYNC_ERROR_HANDLING instead (function operator())
[W606 01:30:33.854446770 Utils.hpp:137] Warning: Environment variable NCCL_ASYNC_ERROR_HANDLING is deprecated; use TORCH_NCCL_ASYNC_ERROR_HANDLING instead (function operator())
[W606 01:30:33.854529164 Utils.hpp:137] Warning: Environment variable NCCL_ASYNC_ERROR_HANDLING is deprecated; use TORCH_NCCL_ASYNC_ERROR_HANDLING instead (function operator())
[RANK 0] Detected kernel version 3.10.0, which is below the recommended minimum of 5.5.0; this can cause the process to hang. It is recommended to upgrade the kernel to the minimum version or higher.
2026-06-06 01:30:33,579 INFO __main__: TCCIG runtime initialized: backend=ddp distributed=True rank=0 world_size=4 device=cuda:0
[rank0]:[W606 01:31:03.192151951 Utils.hpp:112] Warning: Environment variable NCCL_ASYNC_ERROR_HANDLING is deprecated; use TORCH_NCCL_ASYNC_ERROR_HANDLING instead (function operator())
[rank1]:[W606 01:31:03.192292655 Utils.hpp:112] Warning: Environment variable NCCL_ASYNC_ERROR_HANDLING is deprecated; use TORCH_NCCL_ASYNC_ERROR_HANDLING instead (function operator())
[rank3]:[W606 01:31:03.193887820 Utils.hpp:112] Warning: Environment variable NCCL_ASYNC_ERROR_HANDLING is deprecated; use TORCH_NCCL_ASYNC_ERROR_HANDLING instead (function operator())
[rank2]:[W606 01:31:03.194186071 Utils.hpp:112] Warning: Environment variable NCCL_ASYNC_ERROR_HANDLING is deprecated; use TORCH_NCCL_ASYNC_ERROR_HANDLING instead (function operator())
2026-06-06 01:57:10,434 INFO tccig.s2gae: TCCIG epoch 1 complete: time_s=1505.93 train_loss=0.443807 train_bce=0.443807 val_auprc=0.172309 monitor[val_topology_loss]=15995.946658 val_topology_loss=15995.946658 rule=threshold local_train_pairs=63150 global_train_pairs=252600 lr=0.0001 peak_gpu_mem_mb=5522.8
2026-06-06 02:22:28,962 INFO tccig.s2gae: TCCIG epoch 2 complete: time_s=1513.52 train_loss=24444329.860440 train_bce=801807.744677 val_auprc=0.176241 monitor[val_topology_loss]=15995.946658 val_topology_loss=15995.946658 rule=threshold local_train_pairs=63150 global_train_pairs=252600 lr=0.0001 peak_gpu_mem_mb=5522.8
2026-06-06 02:47:46,347 INFO tccig.s2gae: TCCIG epoch 3 complete: time_s=1514.76 train_loss=16475771.106389 train_bce=664339.914334 val_auprc=0.194965 monitor[val_topology_loss]=15995.946658 val_topology_loss=15995.946658 rule=threshold local_train_pairs=63150 global_train_pairs=252600 lr=0.0001 peak_gpu_mem_mb=5522.8
2026-06-06 02:49:00,529 INFO tccig.s2gae: TCCIG epoch 4 complete: time_s=73.53 train_loss=4010333.611737 train_bce=326043.866379 val_auprc=0.150296 monitor[val_topology_loss]=26.997546 val_topology_loss=26.997546 rule=threshold local_train_pairs=63150 global_train_pairs=252600 lr=0.0001 peak_gpu_mem_mb=5522.8
2026-06-06 02:50:13,872 INFO tccig.s2gae: TCCIG epoch 5 complete: time_s=73.24 train_loss=180776.881678 train_bce=170408.104259 val_auprc=0.150674 monitor[val_topology_loss]=26.997546 val_topology_loss=26.997546 rule=threshold local_train_pairs=63150 global_train_pairs=252600 lr=0.0001 peak_gpu_mem_mb=5522.8
2026-06-06 02:51:27,579 INFO tccig.s2gae: TCCIG epoch 6 complete: time_s=73.27 train_loss=1160482.090422 train_bce=884816.722637 val_auprc=0.150616 monitor[val_topology_loss]=26.997546 val_topology_loss=26.997546 rule=threshold local_train_pairs=63150 global_train_pairs=252600 lr=0.0001 peak_gpu_mem_mb=5522.8
2026-06-06 03:16:42,626 INFO tccig.s2gae: TCCIG epoch 7 complete: time_s=1514.70 train_loss=508736.292255 train_bce=444193.263683 val_auprc=0.381542 monitor[val_topology_loss]=15995.946658 val_topology_loss=15995.946658 rule=threshold local_train_pairs=63150 global_train_pairs=252600 lr=0.0001 peak_gpu_mem_mb=5522.8
2026-06-06 03:42:02,856 INFO tccig.s2gae: TCCIG epoch 8 complete: time_s=1519.65 train_loss=182453.427545 train_bce=36230.924423 val_auprc=0.379439 monitor[val_topology_loss]=15995.946658 val_topology_loss=15995.946658 rule=threshold local_train_pairs=63150 global_train_pairs=252600 lr=0.0001 peak_gpu_mem_mb=5522.8
2026-06-06 03:49:56,647 INFO tccig.s2gae: TCCIG epoch 9 complete: time_s=469.87 train_loss=215285.427370 train_bce=43932.891707 val_auprc=0.307138 monitor[val_topology_loss]=667.075659 val_topology_loss=667.075659 rule=threshold local_train_pairs=63150 global_train_pairs=252600 lr=0.0001 peak_gpu_mem_mb=5522.8
2026-06-06 03:51:10,544 INFO tccig.s2gae: TCCIG epoch 10 complete: time_s=73.88 train_loss=31622.025581 train_bce=13805.418229 val_auprc=0.150823 monitor[val_topology_loss]=26.997546 val_topology_loss=26.997546 rule=threshold local_train_pairs=63150 global_train_pairs=252600 lr=0.0001 peak_gpu_mem_mb=5522.8
2026-06-06 03:52:24,809 INFO tccig.s2gae: TCCIG epoch 11 complete: time_s=73.94 train_loss=725775.449241 train_bce=595231.513987 val_auprc=0.150823 monitor[val_topology_loss]=26.997546 val_topology_loss=26.997546 rule=threshold local_train_pairs=63150 global_train_pairs=252600 lr=0.0001 peak_gpu_mem_mb=5522.8
2026-06-06 03:53:38,792 INFO tccig.s2gae: TCCIG epoch 12 complete: time_s=73.79 train_loss=939302.534075 train_bce=735991.149687 val_auprc=0.150706 monitor[val_topology_loss]=26.997546 val_topology_loss=26.997546 rule=threshold local_train_pairs=63150 global_train_pairs=252600 lr=0.0001 peak_gpu_mem_mb=5522.8
2026-06-06 03:56:43,359 INFO tccig.s2gae: TCCIG epoch 13 complete: time_s=184.47 train_loss=599585.896726 train_bce=501965.839410 val_auprc=0.198719 monitor[val_topology_loss]=73.254303 val_topology_loss=73.254303 rule=threshold local_train_pairs=63150 global_train_pairs=252600 lr=0.0001 peak_gpu_mem_mb=5522.8
2026-06-06 04:22:02,048 INFO tccig.s2gae: TCCIG epoch 14 complete: time_s=1518.59 train_loss=91485.395798 train_bce=87391.882901 val_auprc=0.346541 monitor[val_topology_loss]=15995.946658 val_topology_loss=15995.946658 rule=threshold local_train_pairs=63150 global_train_pairs=252600 lr=0.0001 peak_gpu_mem_mb=5522.8
2026-06-06 04:47:28,207 INFO tccig.s2gae: TCCIG epoch 15 complete: time_s=1523.87 train_loss=113244.878655 train_bce=50111.397252 val_auprc=0.328379 monitor[val_topology_loss]=15995.946658 val_topology_loss=15995.946658 rule=threshold local_train_pairs=63150 global_train_pairs=252600 lr=0.0001 peak_gpu_mem_mb=5522.8
2026-06-06 05:12:54,870 INFO tccig.s2gae: TCCIG epoch 16 complete: time_s=1525.24 train_loss=180441.268933 train_bce=66142.279110 val_auprc=0.352232 monitor[val_topology_loss]=15995.946658 val_topology_loss=15995.946658 rule=threshold local_train_pairs=63150 global_train_pairs=252600 lr=0.0001 peak_gpu_mem_mb=5522.8
2026-06-06 05:38:27,561 INFO tccig.s2gae: TCCIG epoch 17 complete: time_s=1530.60 train_loss=127851.762870 train_bce=54002.157328 val_auprc=0.380964 monitor[val_topology_loss]=15995.946658 val_topology_loss=15995.946658 rule=threshold local_train_pairs=63150 global_train_pairs=252600 lr=0.0001 peak_gpu_mem_mb=5522.8
2026-06-06 05:41:48,830 INFO tccig.s2gae: TCCIG epoch 18 complete: time_s=198.59 train_loss=44362.414981 train_bce=25878.770058 val_auprc=0.154264 monitor[val_topology_loss]=86.259523 val_topology_loss=86.259523 rule=threshold local_train_pairs=63150 global_train_pairs=252600 lr=0.0001 peak_gpu_mem_mb=5522.8
2026-06-06 05:43:03,093 INFO tccig.s2gae: TCCIG epoch 19 complete: time_s=74.13 train_loss=170226.453066 train_bce=159934.753539 val_auprc=0.150853 monitor[val_topology_loss]=26.997546 val_topology_loss=26.997546 rule=threshold local_train_pairs=63150 global_train_pairs=252600 lr=0.0001 peak_gpu_mem_mb=5522.8
2026-06-06 05:44:16,939 INFO tccig.s2gae: TCCIG epoch 20 complete: time_s=73.37 train_loss=216358.511232 train_bce=202770.164310 val_auprc=0.150839 monitor[val_topology_loss]=26.997546 val_topology_loss=26.997546 rule=threshold local_train_pairs=63150 global_train_pairs=252600 lr=0.0001 peak_gpu_mem_mb=5522.8
2026-06-06 06:04:59,075 INFO tccig.s2gae: TCCIG epoch 21 complete: time_s=1241.17 train_loss=103489.604500 train_bce=100470.721826 val_auprc=0.248466 monitor[val_topology_loss]=6975.685904 val_topology_loss=6975.685904 rule=threshold local_train_pairs=63150 global_train_pairs=252600 lr=0.0001 peak_gpu_mem_mb=5522.8
2026-06-06 06:30:16,067 INFO tccig.s2gae: TCCIG epoch 22 complete: time_s=1515.00 train_loss=7129.364112 train_bce=5490.458059 val_auprc=0.382214 monitor[val_topology_loss]=15741.343577 val_topology_loss=15741.343577 rule=threshold local_train_pairs=63150 global_train_pairs=252600 lr=0.0001 peak_gpu_mem_mb=5522.8
2026-06-06 06:54:58,842 INFO tccig.s2gae: TCCIG epoch 23 complete: time_s=1480.38 train_loss=8934.976410 train_bce=6530.203414 val_auprc=0.195067 monitor[val_topology_loss]=13302.478086 val_topology_loss=13302.478086 rule=threshold local_train_pairs=63150 global_train_pairs=252600 lr=0.0001 peak_gpu_mem_mb=5522.8
2026-06-06 07:20:08,996 INFO tccig.s2gae: TCCIG epoch 24 complete: time_s=1509.26 train_loss=3158.292505 train_bce=2956.994239 val_auprc=0.290502 monitor[val_topology_loss]=14096.206013 val_topology_loss=14096.206013 rule=threshold local_train_pairs=63150 global_train_pairs=252600 lr=0.0001 peak_gpu_mem_mb=5522.8
2026-06-06 07:21:29,575 INFO tccig.s2gae: TCCIG epoch 25 complete: time_s=77.28 train_loss=3338.857651 train_bce=2565.874771 val_auprc=0.149764 monitor[val_topology_loss]=24.370734 val_topology_loss=24.370734 rule=threshold local_train_pairs=63150 global_train_pairs=252600 lr=0.0001 peak_gpu_mem_mb=5522.8
2026-06-06 07:23:55,835 INFO tccig.s2gae: TCCIG epoch 26 complete: time_s=146.04 train_loss=7348.059612 train_bce=7280.957591 val_auprc=0.160374 monitor[val_topology_loss]=18.303628 val_topology_loss=18.303628 rule=threshold local_train_pairs=63150 global_train_pairs=252600 lr=0.0001 peak_gpu_mem_mb=5522.8
2026-06-06 07:49:15,123 INFO tccig.s2gae: TCCIG epoch 27 complete: time_s=1518.33 train_loss=4855.898075 train_bce=4566.580897 val_auprc=0.425896 monitor[val_topology_loss]=15993.223124 val_topology_loss=15993.223124 rule=threshold local_train_pairs=63150 global_train_pairs=252600 lr=0.0001 peak_gpu_mem_mb=5522.8
2026-06-06 08:14:39,255 INFO tccig.s2gae: TCCIG epoch 28 complete: time_s=1516.76 train_loss=5367.121177 train_bce=3704.232458 val_auprc=0.431408 monitor[val_topology_loss]=15995.917779 val_topology_loss=15995.917779 rule=threshold local_train_pairs=63150 global_train_pairs=252600 lr=0.0001 peak_gpu_mem_mb=5522.8
2026-06-06 08:19:38,570 INFO tccig.s2gae: TCCIG epoch 29 complete: time_s=296.31 train_loss=4396.076969 train_bce=3327.722175 val_auprc=0.156215 monitor[val_topology_loss]=301.202368 val_topology_loss=301.202368 rule=threshold local_train_pairs=63150 global_train_pairs=252600 lr=0.0001 peak_gpu_mem_mb=5522.8
2026-06-06 08:24:38,691 INFO tccig.s2gae: TCCIG epoch 30 complete: time_s=299.90 train_loss=8584.774596 train_bce=8522.892301 val_auprc=0.156249 monitor[val_topology_loss]=327.722376 val_topology_loss=327.722376 rule=threshold local_train_pairs=63150 global_train_pairs=252600 lr=0.0001 peak_gpu_mem_mb=5522.8
2026-06-06 08:49:54,147 INFO tccig.s2gae: TCCIG epoch 31 complete: time_s=1515.44 train_loss=5188.791953 train_bce=5122.489419 val_auprc=0.427467 monitor[val_topology_loss]=15985.750349 val_topology_loss=15985.750349 rule=threshold local_train_pairs=63150 global_train_pairs=252600 lr=0.0001 peak_gpu_mem_mb=5522.8
2026-06-06 09:15:14,267 INFO tccig.s2gae: TCCIG epoch 32 complete: time_s=1516.51 train_loss=4111.429423 train_bce=2763.402551 val_auprc=0.411375 monitor[val_topology_loss]=15834.914768 val_topology_loss=15834.914768 rule=threshold local_train_pairs=63150 global_train_pairs=252600 lr=0.0001 peak_gpu_mem_mb=5522.8
2026-06-06 09:17:25,899 INFO tccig.s2gae: TCCIG epoch 33 complete: time_s=126.57 train_loss=3759.354243 train_bce=2345.056540 val_auprc=0.241502 monitor[val_topology_loss]=16.769597 val_topology_loss=16.769597 rule=threshold local_train_pairs=63150 global_train_pairs=252600 lr=0.0001 peak_gpu_mem_mb=5522.8
2026-06-06 09:21:03,348 INFO tccig.s2gae: TCCIG epoch 34 complete: time_s=217.17 train_loss=3462.716477 train_bce=3272.454107 val_auprc=0.199413 monitor[val_topology_loss]=93.751264 val_topology_loss=93.751264 rule=threshold local_train_pairs=63150 global_train_pairs=252600 lr=0.0001 peak_gpu_mem_mb=5522.8
2026-06-06 09:46:16,300 INFO tccig.s2gae: TCCIG epoch 35 complete: time_s=1512.69 train_loss=2719.705179 train_bce=2652.624782 val_auprc=0.405178 monitor[val_topology_loss]=15837.964580 val_topology_loss=15837.964580 rule=threshold local_train_pairs=63150 global_train_pairs=252600 lr=0.0001 peak_gpu_mem_mb=5522.8
2026-06-06 10:11:29,493 INFO tccig.s2gae: TCCIG epoch 36 complete: time_s=1510.96 train_loss=2638.966833 train_bce=2008.627147 val_auprc=0.393743 monitor[val_topology_loss]=15564.213074 val_topology_loss=15564.213074 rule=threshold local_train_pairs=63150 global_train_pairs=252600 lr=0.0001 peak_gpu_mem_mb=5522.8
2026-06-06 10:16:13,907 INFO tccig.s2gae: TCCIG epoch 37 complete: time_s=281.16 train_loss=2124.508529 train_bce=1745.885694 val_auprc=0.162642 monitor[val_topology_loss]=294.465863 val_topology_loss=294.465863 rule=threshold local_train_pairs=63150 global_train_pairs=252600 lr=0.0001 peak_gpu_mem_mb=5522.8
2026-06-06 10:19:59,993 INFO tccig.s2gae: TCCIG epoch 38 complete: time_s=225.90 train_loss=8841.757984 train_bce=8787.030029 val_auprc=0.164454 monitor[val_topology_loss]=124.292752 val_topology_loss=124.292752 rule=threshold local_train_pairs=63150 global_train_pairs=252600 lr=0.0001 peak_gpu_mem_mb=5522.8
2026-06-06 10:31:49,670 INFO tccig.s2gae: TCCIG epoch 39 complete: time_s=709.25 train_loss=3505.204061 train_bce=3467.785853 val_auprc=0.366089 monitor[val_topology_loss]=2425.034867 val_topology_loss=2425.034867 rule=threshold local_train_pairs=63150 global_train_pairs=252600 lr=0.0001 peak_gpu_mem_mb=5522.8
2026-06-06 10:48:23,145 INFO tccig.s2gae: TCCIG epoch 40 complete: time_s=993.37 train_loss=1758.295745 train_bce=1344.789122 val_auprc=0.396449 monitor[val_topology_loss]=5797.725518 val_topology_loss=5797.725518 rule=threshold local_train_pairs=63150 global_train_pairs=252600 lr=0.0001 peak_gpu_mem_mb=5522.8
[rank2]:[E606 13:17:22.816213904 ProcessGroupNCCL.cpp:688] [Rank 2] Watchdog caught collective operation timeout: WorkNCCL(SeqNum=495, OpType=ALLGATHER, NumelIn=1, NumelOut=4, Timeout(ms)=600000) ran for 600043 milliseconds before timing out.
[rank2]:[E606 13:17:22.817754078 ProcessGroupNCCL.cpp:2277] [PG ID 0 PG GUID 0(default_pg) Rank 2]  failure detected by watchdog at work sequence id: 495 PG status: last enqueued work: 495, last completed work: 494
[rank2]:[E606 13:17:22.817784882 ProcessGroupNCCL.cpp:735] Stack trace of the failed collective not found, potentially because FlightRecorder is disabled. You can enable it by setting TORCH_NCCL_TRACE_BUFFER_SIZE to a non-zero value.
[rank2]:[E606 13:17:22.817892459 ProcessGroupNCCL.cpp:2610] [PG ID 0 PG GUID 0(default_pg) Rank 2] First PG on this rank to signal dumping.
[rank2]:[E606 13:17:22.048925520 ProcessGroupNCCL.cpp:1890] [PG ID 0 PG GUID 0(default_pg) Rank 2] Received a dump signal due to a collective timeout from this local rank and we will try our best to dump the debug info. Last enqueued NCCL work: 495, last completed NCCL work: 494.This is most likely caused by incorrect usages of collectives, e.g., wrong sizes used across ranks, the order of collectives is not same for all ranks or the scheduled collective, for some reason, didn't run. Additionally, this can be caused by GIL deadlock or other reasons such as network errors or bugs in the communications library (e.g. NCCL), etc. 
[rank2]:[E606 13:17:22.049251743 ProcessGroupNCCL.cpp:1606] [PG ID 0 PG GUID 0(default_pg) Rank 2] ProcessGroupNCCL preparing to dump debug info. Include stack trace: 1, only active collectives: 0
[rank0]:[E606 13:17:22.081370480 ProcessGroupNCCL.cpp:1825] [PG ID 0 PG GUID 0(default_pg) Rank 0] Observed flight recorder dump signal from another rank via TCPStore.
[rank0]:[E606 13:17:22.081625224 ProcessGroupNCCL.cpp:1890] [PG ID 0 PG GUID 0(default_pg) Rank 0] Received a dump signal due to a collective timeout from  rank 2 and we will try our best to dump the debug info. Last enqueued NCCL work: 495, last completed NCCL work: 494.This is most likely caused by incorrect usages of collectives, e.g., wrong sizes used across ranks, the order of collectives is not same for all ranks or the scheduled collective, for some reason, didn't run. Additionally, this can be caused by GIL deadlock or other reasons such as network errors or bugs in the communications library (e.g. NCCL), etc. 
[rank0]:[E606 13:17:22.082009483 ProcessGroupNCCL.cpp:1606] [PG ID 0 PG GUID 0(default_pg) Rank 0] ProcessGroupNCCL preparing to dump debug info. Include stack trace: 1, only active collectives: 0
[rank3]:[E606 13:17:22.475183653 ProcessGroupNCCL.cpp:1825] [PG ID 0 PG GUID 0(default_pg) Rank 3] Observed flight recorder dump signal from another rank via TCPStore.
[rank3]:[E606 13:17:22.475362177 ProcessGroupNCCL.cpp:1890] [PG ID 0 PG GUID 0(default_pg) Rank 3] Received a dump signal due to a collective timeout from  rank 2 and we will try our best to dump the debug info. Last enqueued NCCL work: 494, last completed NCCL work: 494.This is most likely caused by incorrect usages of collectives, e.g., wrong sizes used across ranks, the order of collectives is not same for all ranks or the scheduled collective, for some reason, didn't run. Additionally, this can be caused by GIL deadlock or other reasons such as network errors or bugs in the communications library (e.g. NCCL), etc. 
[rank3]:[E606 13:17:22.475678051 ProcessGroupNCCL.cpp:1606] [PG ID 0 PG GUID 0(default_pg) Rank 3] ProcessGroupNCCL preparing to dump debug info. Include stack trace: 1, only active collectives: 0
[rank1]:[E606 13:17:22.484046898 ProcessGroupNCCL.cpp:1825] [PG ID 0 PG GUID 0(default_pg) Rank 1] Observed flight recorder dump signal from another rank via TCPStore.
[rank1]:[E606 13:17:22.484283274 ProcessGroupNCCL.cpp:1890] [PG ID 0 PG GUID 0(default_pg) Rank 1] Received a dump signal due to a collective timeout from  rank 2 and we will try our best to dump the debug info. Last enqueued NCCL work: 495, last completed NCCL work: 494.This is most likely caused by incorrect usages of collectives, e.g., wrong sizes used across ranks, the order of collectives is not same for all ranks or the scheduled collective, for some reason, didn't run. Additionally, this can be caused by GIL deadlock or other reasons such as network errors or bugs in the communications library (e.g. NCCL), etc. 
[rank1]:[E606 13:17:22.484698380 ProcessGroupNCCL.cpp:1606] [PG ID 0 PG GUID 0(default_pg) Rank 1] ProcessGroupNCCL preparing to dump debug info. Include stack trace: 1, only active collectives: 0
[rank1]:[E606 13:18:03.611955554 ProcessGroupNCCL.cpp:688] [Rank 1] Watchdog caught collective operation timeout: WorkNCCL(SeqNum=495, OpType=ALLGATHER, NumelIn=1, NumelOut=4, Timeout(ms)=600000) ran for 600086 milliseconds before timing out.
[rank1]:[E606 13:18:03.613421348 ProcessGroupNCCL.cpp:2277] [PG ID 0 PG GUID 0(default_pg) Rank 1]  failure detected by watchdog at work sequence id: 495 PG status: last enqueued work: 495, last completed work: 494
[rank1]:[E606 13:18:03.613451115 ProcessGroupNCCL.cpp:735] Stack trace of the failed collective not found, potentially because FlightRecorder is disabled. You can enable it by setting TORCH_NCCL_TRACE_BUFFER_SIZE to a non-zero value.
[rank2]:[F606 13:25:22.063179834 ProcessGroupNCCL.cpp:1631] [PG ID 0 PG GUID 0(default_pg) Rank 2] [PG ID 0 PG GUID 0(default_pg) Rank 2] Terminating the process after attempting to dump debug info, due to collective timeout or exception.
[rank0]:[F606 13:25:22.089356596 ProcessGroupNCCL.cpp:1631] [PG ID 0 PG GUID 0(default_pg) Rank 0] [PG ID 0 PG GUID 0(default_pg) Rank 0] Terminating the process after attempting to dump debug info, due to collective timeout or exception.
[rank3]:[F606 13:25:22.484390843 ProcessGroupNCCL.cpp:1631] [PG ID 0 PG GUID 0(default_pg) Rank 3] [PG ID 0 PG GUID 0(default_pg) Rank 3] Terminating the process after attempting to dump debug info, due to collective timeout or exception.
[rank1]:[F606 13:25:22.492606395 ProcessGroupNCCL.cpp:1631] [PG ID 0 PG GUID 0(default_pg) Rank 1] [PG ID 0 PG GUID 0(default_pg) Rank 1] Terminating the process after attempting to dump debug info, due to collective timeout or exception.
W0606 13:25:23.213000 125845 .venv/lib/python3.11/site-packages/torch/distributed/elastic/multiprocessing/api.py:1010] Sending process 126010 closing signal SIGTERM
W0606 13:25:23.218000 125845 .venv/lib/python3.11/site-packages/torch/distributed/elastic/multiprocessing/api.py:1010] Sending process 126011 closing signal SIGTERM
W0606 13:25:23.218000 125845 .venv/lib/python3.11/site-packages/torch/distributed/elastic/multiprocessing/api.py:1010] Sending process 126012 closing signal SIGTERM
E0606 13:25:23.648000 125845 .venv/lib/python3.11/site-packages/torch/distributed/elastic/multiprocessing/api.py:984] failed (exitcode: -6) local_rank: 0 (pid: 126009) of binary: /public/home/wangar2023/grand/.venv/bin/python3
Traceback (most recent call last):
  File "<frozen runpy>", line 198, in _run_module_as_main
  File "<frozen runpy>", line 88, in _run_code
  File "/public/home/wangar2023/grand/.venv/lib/python3.11/site-packages/torch/distributed/run.py", line 995, in <module>
    main()
  File "/public/home/wangar2023/grand/.venv/lib/python3.11/site-packages/torch/distributed/elastic/multiprocessing/errors/__init__.py", line 362, in wrapper
    return f(*args, **kwargs)
           ^^^^^^^^^^^^^^^^^^
  File "/public/home/wangar2023/grand/.venv/lib/python3.11/site-packages/torch/distributed/run.py", line 991, in main
    run(args)
  File "/public/home/wangar2023/grand/.venv/lib/python3.11/site-packages/torch/distributed/run.py", line 982, in run
    elastic_launch(
  File "/public/home/wangar2023/grand/.venv/lib/python3.11/site-packages/torch/distributed/launcher/api.py", line 170, in __call__
    return launch_agent(self._config, self._entrypoint, list(args))
           ^^^^^^^^^^^^^^^^^^^^^^^^^^^^^^^^^^^^^^^^^^^^^^^^^^^^^^^^
  File "/public/home/wangar2023/grand/.venv/lib/python3.11/site-packages/torch/distributed/launcher/api.py", line 317, in launch_agent
    raise ChildFailedError(
torch.distributed.elastic.multiprocessing.errors.ChildFailedError: 
=======================================================
tccig.train FAILED
-------------------------------------------------------
Failures:
[1]:
  time      : 2026-06-06_13:25:23
  host      : hexm03
  rank      : 1 (local_rank: 1)
  exitcode  : -6 (pid: 126010)
  error_file: <N/A>
  traceback : Signal 6 (SIGABRT) received by PID 126010
[2]:
  time      : 2026-06-06_13:25:23
  host      : hexm03
  rank      : 2 (local_rank: 2)
  exitcode  : -6 (pid: 126011)
  error_file: <N/A>
  traceback : Signal 6 (SIGABRT) received by PID 126011
[3]:
  time      : 2026-06-06_13:25:23
  host      : hexm03
  rank      : 3 (local_rank: 3)
  exitcode  : -6 (pid: 126012)
  error_file: <N/A>
  traceback : Signal 6 (SIGABRT) received by PID 126012
-------------------------------------------------------
Root Cause (first observed failure):
[0]:
  time      : 2026-06-06_13:25:23
  host      : hexm03
  rank      : 0 (local_rank: 0)
  exitcode  : -6 (pid: 126009)
  error_file: <N/A>
  traceback : Signal 6 (SIGABRT) received by PID 126009
=======================================================
