Warning: torch was built against CUDA 12.8, but using toolkit 12.5 at /public/software/CUDA/cuda-12.5.
Set GRAND_CUDA_VERSION or CUDA_HOME to an exact-match toolkit to avoid DS_SKIP_CUDA_CHECK=1.

*****************************************
Setting OMP_NUM_THREADS environment variable for each process to be 1 in default, to avoid your system being overloaded, please further tune the variable for optimal performance in your application as needed. 
*****************************************
INFO:src.pipeline.__main__:Loaded config: configs/tccig/01.yaml
WARNING:accelerate.utils.other:[RANK 0] Detected kernel version 3.10.0, which is below the recommended minimum of 5.5.0; this can cause the process to hang. It is recommended to upgrade the kernel to the minimum version or higher.
WARNING:py.warnings:/public/home/wangar2023/grand/.venv/lib/python3.11/site-packages/torch/distributed/c10d_logger.py:83: UserWarning: barrier(): using the device under current context. You can specify `device_id` in `init_process_group` to mute this warning.
  return func(*args, **kwargs)

2026-06-01 14:40:25 INFO Pipeline Runtime | Device: cuda:0 | Distributed: True | Test Batches: 1691 | Train Batches: 762 | Valid Batches: 762 | World Size: 4
2026-06-01 14:40:32 INFO Stage Start | Init Mode: scratch | Run Id: p2_fixed_teacher_enabled
2026-06-01 14:41:03 INFO Tccig Train Config | Epochs: 20 | Internal Validation Compute Spectral Stats: False | Internal Validation Inference Batch Size: 1024 | Internal Validation Node Sizes: [20, 40, 60, 80, 100] | Internal Validation Pairs: 108500 | Internal Validation Subgraphs: 50 | Monitor: val_topology_loss | Pair Batch Size: 32
2026-06-01 14:41:03 INFO Density Bias Initialized | Bias: -6.502 | Positive Edge Probability: 0.001 | Source: graph_density
2026-06-01 14:44:23 INFO Epoch Progress | Epoch: 1 | Loss: 0.550 | Progress: 0% | Step: 1/329
2026-06-01 14:44:55 INFO Epoch Progress | Epoch: 1 | Loss: 1.483 | Progress: 25% | Step: 83/329
2026-06-01 14:45:27 INFO Epoch Progress | Epoch: 1 | Loss: 1.240 | Progress: 50% | Step: 166/329
2026-06-01 14:45:59 INFO Epoch Progress | Epoch: 1 | Loss: 1.093 | Progress: 76% | Step: 249/329
2026-06-01 14:46:30 INFO Epoch Progress | Epoch: 1 | Loss: 1.015 | Progress: 100% | Step: 329/329
2026-06-01 14:50:27 INFO Best Saved | Epoch: 1 | Monitor: val_topology_loss | Value: 20.772
2026-06-01 14:50:27 INFO Best AUPRC Observed | Epoch: 1 | Value: 0.664
2026-06-01 14:50:27 INFO Epoch Done | All Subgraph Pairs: 3221295 | Bce Negative Pairs: 154979 | Bce Negative Ratio: 3.178 | Bce Positive Pairs: 48771 | Bce Supervised Fraction: 0.063 | Bce Target Negative Pairs: 243855 | Covered Positive Edges: 48771 | Edge Cover Sampling S: 200.929 | Epoch: 1 | Internal Val Graph Sim: 0.127 | Internal Val Topology S: 17.179 | Mean Positive Edge Reuse: 1.000 | Peak Gpu Mem Mb: 24874.820 | Planned Subgraphs: 1316 | Positive Edge Coverage Ratio: 1.000 | Supervised Pairs: 203750 | Topo Loss Scale: 1.000 | Total Positive Edges: 48771 | Train Forward Backward S: 127.995 | Train Loss: 1.028 | Val AUPRC: 0.664 | Val Pair Pass S: 208.081 | Val Threshold S: 0.000
2026-06-01 14:53:48 INFO Epoch Progress | Epoch: 2 | Loss: 0.837 | Progress: 0% | Step: 1/329
2026-06-01 14:54:12 INFO Epoch Progress | Epoch: 2 | Loss: 0.762 | Progress: 25% | Step: 83/329
2026-06-01 14:54:33 INFO Epoch Progress | Epoch: 2 | Loss: 0.742 | Progress: 50% | Step: 166/329
2026-06-01 14:54:55 INFO Epoch Progress | Epoch: 2 | Loss: 0.731 | Progress: 76% | Step: 249/329
2026-06-01 14:55:17 INFO Epoch Progress | Epoch: 2 | Loss: 0.721 | Progress: 100% | Step: 329/329
2026-06-01 14:59:24 INFO Best Saved | Epoch: 2 | Monitor: val_topology_loss | Value: 2.832
2026-06-01 14:59:24 INFO Best AUPRC Observed | Epoch: 2 | Value: 0.673
2026-06-01 14:59:24 INFO Epoch Done | All Subgraph Pairs: 3221295 | Bce Negative Pairs: 154979 | Bce Negative Ratio: 3.178 | Bce Positive Pairs: 48771 | Bce Supervised Fraction: 0.063 | Bce Target Negative Pairs: 243855 | Covered Positive Edges: 48771 | Edge Cover Sampling S: 203.420 | Epoch: 2 | Internal Val Graph Sim: 0.141 | Internal Val Topology S: 18.069 | Mean Positive Edge Reuse: 1.000 | Peak Gpu Mem Mb: 24874.820 | Planned Subgraphs: 1316 | Positive Edge Coverage Ratio: 1.000 | Supervised Pairs: 203750 | Topo Loss Scale: 1.000 | Total Positive Edges: 48771 | Train Forward Backward S: 91.431 | Train Loss: 0.723 | Val AUPRC: 0.673 | Val Pair Pass S: 206.152 | Val Threshold S: 0.000
2026-06-01 15:02:44 INFO Epoch Progress | Epoch: 3 | Loss: 0.665 | Progress: 0% | Step: 1/330
2026-06-01 15:03:08 INFO Epoch Progress | Epoch: 3 | Loss: 0.667 | Progress: 25% | Step: 83/330
2026-06-01 15:03:30 INFO Epoch Progress | Epoch: 3 | Loss: 0.651 | Progress: 50% | Step: 166/330
2026-06-01 15:03:52 INFO Epoch Progress | Epoch: 3 | Loss: 0.641 | Progress: 75% | Step: 249/330
2026-06-01 15:04:14 INFO Epoch Progress | Epoch: 3 | Loss: 0.629 | Progress: 100% | Step: 330/330
2026-06-01 15:08:21 INFO Best Saved | Epoch: 3 | Monitor: val_topology_loss | Value: 0.445
2026-06-01 15:08:21 INFO Best AUPRC Observed | Epoch: 3 | Value: 0.674
2026-06-01 15:08:21 INFO Epoch Done | All Subgraph Pairs: 3224455 | Bce Negative Pairs: 154979 | Bce Negative Ratio: 3.178 | Bce Positive Pairs: 48771 | Bce Supervised Fraction: 0.063 | Bce Target Negative Pairs: 243855 | Covered Positive Edges: 48771 | Edge Cover Sampling S: 203.932 | Epoch: 3 | Internal Val Graph Sim: 0.117 | Internal Val Topology S: 16.430 | Mean Positive Edge Reuse: 1.000 | Peak Gpu Mem Mb: 24874.820 | Planned Subgraphs: 1317 | Positive Edge Coverage Ratio: 1.000 | Supervised Pairs: 203750 | Topo Loss Scale: 1.000 | Total Positive Edges: 48771 | Train Forward Backward S: 92.051 | Train Loss: 0.629 | Val AUPRC: 0.674 | Val Pair Pass S: 210.441 | Val Threshold S: 0.000
2026-06-01 15:11:54 INFO Epoch Progress | Epoch: 4 | Loss: 0.530 | Progress: 0% | Step: 1/330
2026-06-01 15:12:17 INFO Epoch Progress | Epoch: 4 | Loss: 0.580 | Progress: 25% | Step: 83/330
2026-06-01 15:12:40 INFO Epoch Progress | Epoch: 4 | Loss: 0.582 | Progress: 50% | Step: 166/330
2026-06-01 15:13:02 INFO Epoch Progress | Epoch: 4 | Loss: 0.579 | Progress: 75% | Step: 249/330
2026-06-01 15:13:24 INFO Epoch Progress | Epoch: 4 | Loss: 0.577 | Progress: 100% | Step: 330/330
2026-06-01 15:17:18 INFO Best AUPRC Observed | Epoch: 4 | Value: 0.677
2026-06-01 15:17:18 INFO Epoch Done | All Subgraph Pairs: 3224455 | Bce Negative Pairs: 154979 | Bce Negative Ratio: 3.178 | Bce Positive Pairs: 48771 | Bce Supervised Fraction: 0.063 | Bce Target Negative Pairs: 243855 | Covered Positive Edges: 48771 | Edge Cover Sampling S: 209.751 | Epoch: 4 | Internal Val Graph Sim: 0.090 | Internal Val Topology S: 17.720 | Mean Positive Edge Reuse: 1.000 | Peak Gpu Mem Mb: 24874.820 | Planned Subgraphs: 1317 | Positive Edge Coverage Ratio: 1.000 | Supervised Pairs: 203750 | Topo Loss Scale: 1.000 | Total Positive Edges: 48771 | Train Forward Backward S: 92.324 | Train Loss: 0.576 | Val AUPRC: 0.677 | Val Pair Pass S: 205.532 | Val Threshold S: 0.000
2026-06-01 15:20:55 INFO Epoch Progress | Epoch: 5 | Loss: 0.631 | Progress: 0% | Step: 1/330
2026-06-01 15:21:19 INFO Epoch Progress | Epoch: 5 | Loss: 0.566 | Progress: 25% | Step: 83/330
2026-06-01 15:21:41 INFO Epoch Progress | Epoch: 5 | Loss: 0.564 | Progress: 50% | Step: 166/330
2026-06-01 15:22:03 INFO Epoch Progress | Epoch: 5 | Loss: 0.564 | Progress: 75% | Step: 249/330
2026-06-01 15:22:24 INFO Epoch Progress | Epoch: 5 | Loss: 0.564 | Progress: 100% | Step: 330/330
2026-06-01 15:26:24 INFO Best AUPRC Observed | Epoch: 5 | Value: 0.678
2026-06-01 15:26:24 INFO Epoch Done | All Subgraph Pairs: 3224455 | Bce Negative Pairs: 154979 | Bce Negative Ratio: 3.178 | Bce Positive Pairs: 48771 | Bce Supervised Fraction: 0.063 | Bce Target Negative Pairs: 243855 | Covered Positive Edges: 48771 | Edge Cover Sampling S: 218.090 | Epoch: 5 | Internal Val Graph Sim: 0.092 | Internal Val Topology S: 16.607 | Mean Positive Edge Reuse: 1.000 | Peak Gpu Mem Mb: 24874.820 | Planned Subgraphs: 1317 | Positive Edge Coverage Ratio: 1.000 | Supervised Pairs: 203750 | Topo Loss Scale: 1.000 | Total Positive Edges: 48771 | Train Forward Backward S: 93.265 | Train Loss: 0.565 | Val AUPRC: 0.678 | Val Pair Pass S: 208.137 | Val Threshold S: 0.000
2026-06-01 15:29:44 INFO Epoch Progress | Epoch: 6 | Loss: 0.538 | Progress: 0% | Step: 1/330
2026-06-01 15:30:08 INFO Epoch Progress | Epoch: 6 | Loss: 0.557 | Progress: 25% | Step: 83/330
2026-06-01 15:30:29 INFO Epoch Progress | Epoch: 6 | Loss: 0.559 | Progress: 50% | Step: 166/330
2026-06-01 15:30:51 INFO Epoch Progress | Epoch: 6 | Loss: 0.558 | Progress: 75% | Step: 249/330
2026-06-01 15:31:12 INFO Epoch Progress | Epoch: 6 | Loss: 0.558 | Progress: 100% | Step: 330/330
2026-06-01 15:35:18 INFO Best AUPRC Observed | Epoch: 6 | Value: 0.686
2026-06-01 15:35:18 INFO Epoch Done | All Subgraph Pairs: 3224455 | Bce Negative Pairs: 154979 | Bce Negative Ratio: 3.178 | Bce Positive Pairs: 48771 | Bce Supervised Fraction: 0.063 | Bce Target Negative Pairs: 243855 | Covered Positive Edges: 48771 | Edge Cover Sampling S: 202.331 | Epoch: 6 | Internal Val Graph Sim: 0.094 | Internal Val Topology S: 16.440 | Mean Positive Edge Reuse: 1.000 | Peak Gpu Mem Mb: 24874.820 | Planned Subgraphs: 1317 | Positive Edge Coverage Ratio: 1.000 | Supervised Pairs: 203750 | Topo Loss Scale: 1.000 | Total Positive Edges: 48771 | Train Forward Backward S: 92.017 | Train Loss: 0.561 | Val AUPRC: 0.686 | Val Pair Pass S: 206.340 | Val Threshold S: 0.000
2026-06-01 15:38:43 INFO Epoch Progress | Epoch: 7 | Loss: 0.578 | Progress: 0% | Step: 1/329
2026-06-01 15:39:08 INFO Epoch Progress | Epoch: 7 | Loss: 0.554 | Progress: 25% | Step: 83/329
2026-06-01 15:39:30 INFO Epoch Progress | Epoch: 7 | Loss: 0.558 | Progress: 50% | Step: 166/329
2026-06-01 15:39:52 INFO Epoch Progress | Epoch: 7 | Loss: 0.560 | Progress: 76% | Step: 249/329
2026-06-01 15:40:13 INFO Epoch Progress | Epoch: 7 | Loss: 0.559 | Progress: 100% | Step: 329/329
2026-06-01 15:44:11 INFO Best AUPRC Observed | Epoch: 7 | Value: 0.691
2026-06-01 15:44:11 INFO Epoch Done | All Subgraph Pairs: 3221295 | Bce Negative Pairs: 154979 | Bce Negative Ratio: 3.178 | Bce Positive Pairs: 48771 | Bce Supervised Fraction: 0.063 | Bce Target Negative Pairs: 243855 | Covered Positive Edges: 48771 | Edge Cover Sampling S: 204.714 | Epoch: 7 | Internal Val Graph Sim: 0.094 | Internal Val Topology S: 16.692 | Mean Positive Edge Reuse: 1.000 | Peak Gpu Mem Mb: 24874.820 | Planned Subgraphs: 1316 | Positive Edge Coverage Ratio: 1.000 | Supervised Pairs: 203750 | Topo Loss Scale: 1.000 | Total Positive Edges: 48771 | Train Forward Backward S: 92.005 | Train Loss: 0.558 | Val AUPRC: 0.691 | Val Pair Pass S: 209.581 | Val Threshold S: 0.000
2026-06-01 15:44:11 INFO Early Stop | Epoch: 7
2026-06-01 15:44:11 INFO Stage Done | Run Id: p2_fixed_teacher_enabled
2026-06-01 15:44:11 INFO Stage Start | Checkpoint: models/tccig/tccig_train/p2_fixed_teacher_enabled/best_model.pth | Run Id: p2_fixed_teacher_enabled
2026-06-01 15:44:11 INFO Checkpoint Loaded | Path: models/tccig/tccig_train/p2_fixed_teacher_enabled/best_model.pth
2026-06-01 15:44:11 INFO Fixed Threshold Diagnostic | Mode: fixed | Value: 0.500
2026-06-01 15:49:39 INFO Tccig Graph Assembly Evaluate | Assembly Rule: top_m_hat | Candidate Count: 2033136 | M Hat: 90649.773 | Pair Count: 2035153 | Selected Edges: 90650
2026-06-01 15:49:39 INFO Tccig Pairwise Threshold | Threshold Mode: validation_mcc | Threshold Predicted Positive Rate: 0.313 | Threshold Target Metric: 0.254 | Threshold Validation F1: 0.530 | Threshold Validation Mcc: 0.254 | Threshold Validation Positive Rate: 0.500 | Threshold Validation Youden: 0.236 | Threshold Value: 0.997
2026-06-01 15:49:39 INFO Graph Assembly Diagnostics Written | Path: logs/tccig/evaluate/p2_fixed_teacher_enabled/graph_assembly_diagnostics.json
2026-06-01 15:49:39 INFO Evaluation Metrics | Accuracy: 0.947 | AUPRC: 0.083 | Auroc: 0.579 | F1: 0.083 | Mcc: 0.077 | Precision: 0.054 | Recall: 0.181 | Sensitivity: 0.181 | Specificity: 0.957 | Split: test
2026-06-01 15:49:39 INFO CSV Written | Path: logs/tccig/evaluate/p2_fixed_teacher_enabled/evaluate.csv
2026-06-01 15:49:39 INFO Stage Done | Run Id: p2_fixed_teacher_enabled
2026-06-01 15:49:40 INFO Stage Start | Checkpoint: models/tccig/tccig_train/p2_fixed_teacher_enabled/best_model.pth | Run Id: p2_fixed_teacher_enabled
2026-06-01 15:49:40 INFO Fixed Threshold Diagnostic | Mode: fixed | Value: 0.500
2026-06-01 15:50:24 INFO Topology Inference Ready | Cached Embedding Count: 2017 | Distributed: True | Pair Count: 2035153 | World Size: 4
2026-06-01 15:50:41 INFO Tccig Graph Assembly | Assembly Rule: top_m_hat | Candidate Batch Size: 8192 | M Hat: 90649.773 | Pair Count: 2035153 | Selected Edges: 90650
2026-06-01 15:50:41 INFO Graph Assembly Diagnostics Written | Path: logs/tccig/topology_evaluate/p2_fixed_teacher_enabled/graph_assembly_diagnostics.json
2026-06-01 15:50:41 INFO Pair Predictions Written | Path: logs/tccig/topology_evaluate/p2_fixed_teacher_enabled/all_test_ppi_pred.txt
2026-06-01 15:52:34 INFO Topology Metrics Written | Path: logs/tccig/topology_evaluate/p2_fixed_teacher_enabled/topology_metrics.json
2026-06-01 15:52:34 INFO Comparison Report Skipped | Reason: missing_baselines:src/topology/baselines/pring_human_table2.json
2026-06-01 15:52:34 INFO Stage Done | Run Id: p2_fixed_teacher_enabled
