Warning: torch was built against CUDA 12.8, but using toolkit 12.5 at /public/software/CUDA/cuda-12.5.
Set GRAND_CUDA_VERSION or CUDA_HOME to an exact-match toolkit to avoid DS_SKIP_CUDA_CHECK=1.

*****************************************
Setting OMP_NUM_THREADS environment variable for each process to be 1 in default, to avoid your system being overloaded, please further tune the variable for optimal performance in your application as needed. 
*****************************************
INFO:src.pipeline.__main__:Loaded config: configs/tccig/01.yaml
WARNING:accelerate.utils.other:[RANK 0] Detected kernel version 3.10.0, which is below the recommended minimum of 5.5.0; this can cause the process to hang. It is recommended to upgrade the kernel to the minimum version or higher.
WARNING:py.warnings:/public/home/wangar2023/grand/.venv/lib/python3.11/site-packages/torch/distributed/c10d_logger.py:83: UserWarning: barrier(): using the device under current context. You can specify `device_id` in `init_process_group` to mute this warning.
  return func(*args, **kwargs)

2026-06-01 15:53:40 INFO Pipeline Runtime | Device: cuda:0 | Distributed: True | Test Batches: 1691 | Train Batches: 762 | Valid Batches: 762 | World Size: 4
2026-06-01 15:53:51 INFO Stage Start | Init Mode: scratch | Run Id: p4_fixed
2026-06-01 15:54:22 INFO Tccig Train Config | Epochs: 20 | Internal Validation Compute Spectral Stats: False | Internal Validation Inference Batch Size: 1024 | Internal Validation Node Sizes: [20, 40, 60, 80, 100] | Internal Validation Pairs: 108500 | Internal Validation Subgraphs: 50 | Monitor: val_topology_loss | Pair Batch Size: 32
2026-06-01 15:54:22 INFO Density Bias Initialized | Bias: -6.502 | Positive Edge Probability: 0.001 | Source: graph_density
2026-06-01 15:57:52 INFO Epoch Progress | Epoch: 1 | Loss: 6.649 | Progress: 0% | Step: 1/329
2026-06-01 15:58:24 INFO Epoch Progress | Epoch: 1 | Loss: 6.266 | Progress: 25% | Step: 83/329
2026-06-01 15:58:55 INFO Epoch Progress | Epoch: 1 | Loss: 5.870 | Progress: 50% | Step: 166/329
2026-06-01 15:59:26 INFO Epoch Progress | Epoch: 1 | Loss: 5.484 | Progress: 76% | Step: 249/329
2026-06-01 15:59:56 INFO Epoch Progress | Epoch: 1 | Loss: 5.132 | Progress: 100% | Step: 329/329
2026-06-01 16:03:38 INFO Best Saved | Epoch: 1 | Monitor: val_topology_loss | Value: 34.753
2026-06-01 16:03:38 INFO Best AUPRC Observed | Epoch: 1 | Value: 0.449
2026-06-01 16:03:38 INFO Epoch Done | All Subgraph Pairs: 3221295 | Bce Negative Pairs: 154979 | Bce Negative Ratio: 3.178 | Bce Positive Pairs: 48771 | Bce Supervised Fraction: 0.063 | Bce Target Negative Pairs: 243855 | Covered Positive Edges: 48771 | Edge Cover Sampling S: 201.997 | Epoch: 1 | Internal Val Graph Sim: 0.080 | Internal Val Topology S: 17.491 | Mean Positive Edge Reuse: 1.000 | Peak Gpu Mem Mb: 24870.565 | Planned Subgraphs: 1316 | Positive Edge Coverage Ratio: 1.000 | Supervised Pairs: 203750 | Topo Loss Scale: 1.000 | Total Positive Edges: 48771 | Train Forward Backward S: 124.318 | Train Loss: 5.132 | Val AUPRC: 0.449 | Val Pair Pass S: 202.797 | Val Threshold S: 0.000
2026-06-01 16:07:00 INFO Epoch Progress | Epoch: 2 | Loss: 3.685 | Progress: 0% | Step: 1/329
2026-06-01 16:07:41 INFO Epoch Progress | Epoch: 2 | Loss: 3.367 | Progress: 25% | Step: 83/329
2026-06-01 16:08:21 INFO Epoch Progress | Epoch: 2 | Loss: 3.090 | Progress: 50% | Step: 166/329
2026-06-01 16:09:01 INFO Epoch Progress | Epoch: 2 | Loss: 2.834 | Progress: 76% | Step: 249/329
2026-06-01 16:09:40 INFO Epoch Progress | Epoch: 2 | Loss: 2.598 | Progress: 100% | Step: 329/329
2026-06-01 16:13:57 INFO Best Saved | Epoch: 2 | Monitor: val_topology_loss | Value: 14.310
2026-06-01 16:13:57 INFO Epoch Done | All Subgraph Pairs: 3221295 | Bce Negative Pairs: 154979 | Bce Negative Ratio: 3.178 | Bce Positive Pairs: 48771 | Bce Supervised Fraction: 0.063 | Bce Target Negative Pairs: 243855 | Covered Positive Edges: 48771 | Edge Cover Sampling S: 201.467 | Epoch: 2 | Internal Val Graph Sim: 0.058 | Internal Val Topology S: 17.588 | Mean Positive Edge Reuse: 1.000 | Peak Gpu Mem Mb: 24870.565 | Planned Subgraphs: 1316 | Positive Edge Coverage Ratio: 1.000 | Supervised Pairs: 203750 | Topo Loss Scale: 1.000 | Total Positive Edges: 48771 | Train Forward Backward S: 159.914 | Train Loss: 2.596 | Val AUPRC: 0.413 | Val Pair Pass S: 235.072 | Val Threshold S: 0.000
2026-06-01 16:17:35 INFO Epoch Progress | Epoch: 3 | Loss: 1.599 | Progress: 0% | Step: 1/330
2026-06-01 16:18:16 INFO Epoch Progress | Epoch: 3 | Loss: 1.447 | Progress: 25% | Step: 83/330
2026-06-01 16:18:56 INFO Epoch Progress | Epoch: 3 | Loss: 1.290 | Progress: 50% | Step: 166/330
2026-06-01 16:19:37 INFO Epoch Progress | Epoch: 3 | Loss: 1.166 | Progress: 75% | Step: 249/330
2026-06-01 16:20:15 INFO Epoch Progress | Epoch: 3 | Loss: 1.066 | Progress: 100% | Step: 330/330
2026-06-01 16:24:32 INFO Best Saved | Epoch: 3 | Monitor: val_topology_loss | Value: 2.701
2026-06-01 16:24:32 INFO Epoch Done | All Subgraph Pairs: 3224455 | Bce Negative Pairs: 154979 | Bce Negative Ratio: 3.178 | Bce Positive Pairs: 48771 | Bce Supervised Fraction: 0.063 | Bce Target Negative Pairs: 243855 | Covered Positive Edges: 48771 | Edge Cover Sampling S: 211.501 | Epoch: 3 | Internal Val Graph Sim: 0.032 | Internal Val Topology S: 17.037 | Mean Positive Edge Reuse: 1.000 | Peak Gpu Mem Mb: 24870.565 | Planned Subgraphs: 1317 | Positive Edge Coverage Ratio: 1.000 | Supervised Pairs: 203750 | Topo Loss Scale: 1.000 | Total Positive Edges: 48771 | Train Forward Backward S: 160.885 | Train Loss: 1.065 | Val AUPRC: 0.401 | Val Pair Pass S: 237.280 | Val Threshold S: 0.000
2026-06-01 16:27:58 INFO Epoch Progress | Epoch: 4 | Loss: 0.636 | Progress: 0% | Step: 1/330
2026-06-01 16:28:39 INFO Epoch Progress | Epoch: 4 | Loss: 0.647 | Progress: 25% | Step: 83/330
2026-06-01 16:29:19 INFO Epoch Progress | Epoch: 4 | Loss: 0.616 | Progress: 50% | Step: 166/330
2026-06-01 16:30:00 INFO Epoch Progress | Epoch: 4 | Loss: 0.582 | Progress: 75% | Step: 249/330
2026-06-01 16:30:40 INFO Epoch Progress | Epoch: 4 | Loss: 0.557 | Progress: 100% | Step: 330/330
2026-06-01 16:35:05 INFO Best Saved | Epoch: 4 | Monitor: val_topology_loss | Value: 0.369
2026-06-01 16:35:05 INFO Epoch Done | All Subgraph Pairs: 3224455 | Bce Negative Pairs: 154979 | Bce Negative Ratio: 3.178 | Bce Positive Pairs: 48771 | Bce Supervised Fraction: 0.063 | Bce Target Negative Pairs: 243855 | Covered Positive Edges: 48771 | Edge Cover Sampling S: 208.563 | Epoch: 4 | Internal Val Graph Sim: 0.017 | Internal Val Topology S: 18.089 | Mean Positive Edge Reuse: 1.000 | Peak Gpu Mem Mb: 24870.565 | Planned Subgraphs: 1317 | Positive Edge Coverage Ratio: 1.000 | Supervised Pairs: 203750 | Topo Loss Scale: 1.000 | Total Positive Edges: 48771 | Train Forward Backward S: 161.554 | Train Loss: 0.555 | Val AUPRC: 0.397 | Val Pair Pass S: 234.535 | Val Threshold S: 0.000
2026-06-01 16:38:43 INFO Epoch Progress | Epoch: 5 | Loss: 0.459 | Progress: 0% | Step: 1/330
2026-06-01 16:39:23 INFO Epoch Progress | Epoch: 5 | Loss: 0.444 | Progress: 25% | Step: 83/330
2026-06-01 16:40:04 INFO Epoch Progress | Epoch: 5 | Loss: 0.433 | Progress: 50% | Step: 166/330
2026-06-01 16:40:44 INFO Epoch Progress | Epoch: 5 | Loss: 0.427 | Progress: 75% | Step: 249/330
2026-06-01 16:41:24 INFO Epoch Progress | Epoch: 5 | Loss: 0.420 | Progress: 100% | Step: 330/330
2026-06-01 16:45:46 INFO Best Saved | Epoch: 5 | Monitor: val_topology_loss | Value: 0.351
2026-06-01 16:45:46 INFO Epoch Done | All Subgraph Pairs: 3224455 | Bce Negative Pairs: 154979 | Bce Negative Ratio: 3.178 | Bce Positive Pairs: 48771 | Bce Supervised Fraction: 0.063 | Bce Target Negative Pairs: 243855 | Covered Positive Edges: 48771 | Edge Cover Sampling S: 216.229 | Epoch: 5 | Internal Val Graph Sim: 0.011 | Internal Val Topology S: 16.463 | Mean Positive Edge Reuse: 1.000 | Peak Gpu Mem Mb: 24870.565 | Planned Subgraphs: 1317 | Positive Edge Coverage Ratio: 1.000 | Supervised Pairs: 203750 | Topo Loss Scale: 1.000 | Total Positive Edges: 48771 | Train Forward Backward S: 162.231 | Train Loss: 0.423 | Val AUPRC: 0.395 | Val Pair Pass S: 239.614 | Val Threshold S: 0.000
2026-06-01 16:49:12 INFO Epoch Progress | Epoch: 6 | Loss: 0.368 | Progress: 0% | Step: 1/330
2026-06-01 16:49:54 INFO Epoch Progress | Epoch: 6 | Loss: 0.392 | Progress: 25% | Step: 83/330
2026-06-01 16:50:34 INFO Epoch Progress | Epoch: 6 | Loss: 0.391 | Progress: 50% | Step: 166/330
2026-06-01 16:51:16 INFO Epoch Progress | Epoch: 6 | Loss: 0.388 | Progress: 75% | Step: 249/330
2026-06-01 16:51:55 INFO Epoch Progress | Epoch: 6 | Loss: 0.386 | Progress: 100% | Step: 330/330
2026-06-01 16:56:14 INFO Epoch Done | All Subgraph Pairs: 3224455 | Bce Negative Pairs: 154979 | Bce Negative Ratio: 3.178 | Bce Positive Pairs: 48771 | Bce Supervised Fraction: 0.063 | Bce Target Negative Pairs: 243855 | Covered Positive Edges: 48771 | Edge Cover Sampling S: 203.177 | Epoch: 6 | Internal Val Graph Sim: 0.014 | Internal Val Topology S: 16.731 | Mean Positive Edge Reuse: 1.000 | Peak Gpu Mem Mb: 24870.565 | Planned Subgraphs: 1317 | Positive Edge Coverage Ratio: 1.000 | Supervised Pairs: 203750 | Topo Loss Scale: 1.000 | Total Positive Edges: 48771 | Train Forward Backward S: 163.199 | Train Loss: 0.388 | Val AUPRC: 0.394 | Val Pair Pass S: 241.785 | Val Threshold S: 0.000
2026-06-01 16:59:37 INFO Epoch Progress | Epoch: 7 | Loss: 0.393 | Progress: 0% | Step: 1/329
2026-06-01 17:00:18 INFO Epoch Progress | Epoch: 7 | Loss: 0.372 | Progress: 25% | Step: 83/329
2026-06-01 17:00:58 INFO Epoch Progress | Epoch: 7 | Loss: 0.375 | Progress: 50% | Step: 166/329
2026-06-01 17:01:38 INFO Epoch Progress | Epoch: 7 | Loss: 0.375 | Progress: 76% | Step: 249/329
2026-06-01 17:02:17 INFO Epoch Progress | Epoch: 7 | Loss: 0.373 | Progress: 100% | Step: 329/329
2026-06-01 17:06:41 INFO Epoch Done | All Subgraph Pairs: 3221295 | Bce Negative Pairs: 154979 | Bce Negative Ratio: 3.178 | Bce Positive Pairs: 48771 | Bce Supervised Fraction: 0.063 | Bce Target Negative Pairs: 243855 | Covered Positive Edges: 48771 | Edge Cover Sampling S: 203.568 | Epoch: 7 | Internal Val Graph Sim: 0.017 | Internal Val Topology S: 17.677 | Mean Positive Edge Reuse: 1.000 | Peak Gpu Mem Mb: 24870.565 | Planned Subgraphs: 1316 | Positive Edge Coverage Ratio: 1.000 | Supervised Pairs: 203750 | Topo Loss Scale: 1.000 | Total Positive Edges: 48771 | Train Forward Backward S: 160.918 | Train Loss: 0.373 | Val AUPRC: 0.394 | Val Pair Pass S: 238.745 | Val Threshold S: 0.000
2026-06-01 17:10:13 INFO Epoch Progress | Epoch: 8 | Loss: 0.372 | Progress: 0% | Step: 1/330
2026-06-01 17:10:55 INFO Epoch Progress | Epoch: 8 | Loss: 0.362 | Progress: 25% | Step: 83/330
2026-06-01 17:11:37 INFO Epoch Progress | Epoch: 8 | Loss: 0.364 | Progress: 50% | Step: 166/330
2026-06-01 17:12:18 INFO Epoch Progress | Epoch: 8 | Loss: 0.364 | Progress: 75% | Step: 249/330
2026-06-01 17:12:59 INFO Epoch Progress | Epoch: 8 | Loss: 0.362 | Progress: 100% | Step: 330/330
2026-06-01 17:17:23 INFO Epoch Done | All Subgraph Pairs: 3224455 | Bce Negative Pairs: 154979 | Bce Negative Ratio: 3.178 | Bce Positive Pairs: 48771 | Bce Supervised Fraction: 0.063 | Bce Target Negative Pairs: 243855 | Covered Positive Edges: 48771 | Edge Cover Sampling S: 214.491 | Epoch: 8 | Internal Val Graph Sim: 0.013 | Internal Val Topology S: 17.385 | Mean Positive Edge Reuse: 1.000 | Peak Gpu Mem Mb: 24870.565 | Planned Subgraphs: 1317 | Positive Edge Coverage Ratio: 1.000 | Supervised Pairs: 203750 | Topo Loss Scale: 1.000 | Total Positive Edges: 48771 | Train Forward Backward S: 164.361 | Train Loss: 0.364 | Val AUPRC: 0.393 | Val Pair Pass S: 237.605 | Val Threshold S: 0.000
2026-06-01 17:20:35 INFO Epoch Progress | Epoch: 9 | Loss: 0.355 | Progress: 0% | Step: 1/329
2026-06-01 17:21:17 INFO Epoch Progress | Epoch: 9 | Loss: 0.362 | Progress: 25% | Step: 83/329
2026-06-01 17:21:58 INFO Epoch Progress | Epoch: 9 | Loss: 0.362 | Progress: 50% | Step: 166/329
2026-06-01 17:22:39 INFO Epoch Progress | Epoch: 9 | Loss: 0.361 | Progress: 76% | Step: 249/329
2026-06-01 17:23:19 INFO Epoch Progress | Epoch: 9 | Loss: 0.361 | Progress: 100% | Step: 329/329
2026-06-01 17:27:55 INFO Epoch Done | All Subgraph Pairs: 3221295 | Bce Negative Pairs: 154979 | Bce Negative Ratio: 3.178 | Bce Positive Pairs: 48771 | Bce Supervised Fraction: 0.063 | Bce Target Negative Pairs: 243855 | Covered Positive Edges: 48771 | Edge Cover Sampling S: 196.337 | Epoch: 9 | Internal Val Graph Sim: 0.015 | Internal Val Topology S: 17.350 | Mean Positive Edge Reuse: 1.000 | Peak Gpu Mem Mb: 24870.565 | Planned Subgraphs: 1316 | Positive Edge Coverage Ratio: 1.000 | Supervised Pairs: 203750 | Topo Loss Scale: 1.000 | Total Positive Edges: 48771 | Train Forward Backward S: 163.521 | Train Loss: 0.360 | Val AUPRC: 0.393 | Val Pair Pass S: 238.018 | Val Threshold S: 0.000
2026-06-01 17:27:55 INFO Early Stop | Epoch: 9
2026-06-01 17:27:55 INFO Stage Done | Run Id: p4_fixed
2026-06-01 17:27:55 INFO Stage Start | Checkpoint: models/tccig/tccig_train/p4_fixed/best_model.pth | Run Id: p4_fixed
2026-06-01 17:27:55 INFO Checkpoint Loaded | Path: models/tccig/tccig_train/p4_fixed/best_model.pth
2026-06-01 17:27:55 INFO Fixed Threshold Diagnostic | Mode: fixed | Value: 0.500
2026-06-01 17:34:05 INFO Tccig Graph Assembly Evaluate | Assembly Rule: top_m_hat | Candidate Count: 2033136 | M Hat: 64404.148 | Pair Count: 2035153 | Selected Edges: 64404
2026-06-01 17:34:05 INFO Tccig Pairwise Threshold | Threshold Mode: validation_mcc | Threshold Predicted Positive Rate: 0.000 | Threshold Target Metric: 0.006 | Threshold Validation F1: 0.000 | Threshold Validation Mcc: 0.006 | Threshold Validation Positive Rate: 0.500 | Threshold Validation Youden: 0.000 | Threshold Value: 0.972
2026-06-01 17:34:05 INFO Graph Assembly Diagnostics Written | Path: logs/tccig/evaluate/p4_fixed/graph_assembly_diagnostics.json
2026-06-01 17:34:05 INFO Evaluation Metrics | Accuracy: 0.955 | AUPRC: 0.010 | Auroc: 0.363 | F1: 0.010 | Mcc: -0.010 | Precision: 0.007 | Recall: 0.016 | Sensitivity: 0.016 | Specificity: 0.968 | Split: test
2026-06-01 17:34:05 INFO CSV Written | Path: logs/tccig/evaluate/p4_fixed/evaluate.csv
2026-06-01 17:34:05 INFO Stage Done | Run Id: p4_fixed
2026-06-01 17:34:06 INFO Stage Start | Checkpoint: models/tccig/tccig_train/p4_fixed/best_model.pth | Run Id: p4_fixed
2026-06-01 17:34:06 INFO Fixed Threshold Diagnostic | Mode: fixed | Value: 0.500
2026-06-01 17:34:53 INFO Topology Inference Ready | Cached Embedding Count: 2017 | Distributed: True | Pair Count: 2035153 | World Size: 4
2026-06-01 17:35:33 INFO Tccig Graph Assembly | Assembly Rule: top_m_hat | Candidate Batch Size: 8192 | M Hat: 64404.148 | Pair Count: 2035153 | Selected Edges: 64404
2026-06-01 17:35:33 INFO Graph Assembly Diagnostics Written | Path: logs/tccig/topology_evaluate/p4_fixed/graph_assembly_diagnostics.json
2026-06-01 17:35:34 INFO Pair Predictions Written | Path: logs/tccig/topology_evaluate/p4_fixed/all_test_ppi_pred.txt
2026-06-01 17:36:57 INFO Topology Metrics Written | Path: logs/tccig/topology_evaluate/p4_fixed/topology_metrics.json
2026-06-01 17:36:57 INFO Comparison Report Skipped | Reason: missing_baselines:src/topology/baselines/pring_human_table2.json
2026-06-01 17:36:57 INFO Stage Done | Run Id: p4_fixed
