/bin/bash: warning: setlocale: LC_ALL: cannot change locale (C.UTF-8)

*****************************************
Setting OMP_NUM_THREADS environment variable for each process to be 1 in default, to avoid your system being overloaded, please further tune the variable for optimal performance in your application as needed. 
*****************************************
[W604 22:16:02.431100229 Utils.hpp:137] Warning: Environment variable NCCL_ASYNC_ERROR_HANDLING is deprecated; use TORCH_NCCL_ASYNC_ERROR_HANDLING instead (function operator())
[W604 22:16:02.431100075 Utils.hpp:137] Warning: Environment variable NCCL_ASYNC_ERROR_HANDLING is deprecated; use TORCH_NCCL_ASYNC_ERROR_HANDLING instead (function operator())
[W604 22:16:02.440566671 Utils.hpp:137] Warning: Environment variable NCCL_ASYNC_ERROR_HANDLING is deprecated; use TORCH_NCCL_ASYNC_ERROR_HANDLING instead (function operator())
[W604 22:16:02.440593022 Utils.hpp:137] Warning: Environment variable NCCL_ASYNC_ERROR_HANDLING is deprecated; use TORCH_NCCL_ASYNC_ERROR_HANDLING instead (function operator())
[W604 22:16:02.448255704 Utils.hpp:137] Warning: Environment variable NCCL_ASYNC_ERROR_HANDLING is deprecated; use TORCH_NCCL_ASYNC_ERROR_HANDLING instead (function operator())
[W604 22:16:02.454661542 Utils.hpp:137] Warning: Environment variable NCCL_ASYNC_ERROR_HANDLING is deprecated; use TORCH_NCCL_ASYNC_ERROR_HANDLING instead (function operator())
[W604 22:16:02.458350761 Utils.hpp:137] Warning: Environment variable NCCL_ASYNC_ERROR_HANDLING is deprecated; use TORCH_NCCL_ASYNC_ERROR_HANDLING instead (function operator())
[W604 22:16:02.458374891 Utils.hpp:137] Warning: Environment variable NCCL_ASYNC_ERROR_HANDLING is deprecated; use TORCH_NCCL_ASYNC_ERROR_HANDLING instead (function operator())
[RANK 0] Detected kernel version 3.10.0, which is below the recommended minimum of 5.5.0; this can cause the process to hang. It is recommended to upgrade the kernel to the minimum version or higher.
2026-06-04 22:16:02,838 INFO __main__: TCCIG runtime initialized: backend=ddp distributed=True rank=0 world_size=8 device=cuda:0
/public/home/wangar2023/grand/.venv/lib/python3.11/site-packages/torch_geometric/__init__.py:4: UserWarning: An issue occurred while importing 'torch-scatter'. Disabling its usage. Stacktrace: Could not load this library: /public/home/wangar2023/grand/.venv/lib/python3.11/site-packages/torch_scatter/_version_cuda.so
  import torch_geometric.typing
/public/home/wangar2023/grand/.venv/lib/python3.11/site-packages/torch_geometric/__init__.py:4: UserWarning: An issue occurred while importing 'torch-scatter'. Disabling its usage. Stacktrace: Could not load this library: /public/home/wangar2023/grand/.venv/lib/python3.11/site-packages/torch_scatter/_version_cuda.so
  import torch_geometric.typing
/public/home/wangar2023/grand/.venv/lib/python3.11/site-packages/torch_geometric/__init__.py:4: UserWarning: An issue occurred while importing 'torch-scatter'. Disabling its usage. Stacktrace: Could not load this library: /public/home/wangar2023/grand/.venv/lib/python3.11/site-packages/torch_scatter/_version_cuda.so
  import torch_geometric.typing
/public/home/wangar2023/grand/.venv/lib/python3.11/site-packages/torch_geometric/__init__.py:4: UserWarning: An issue occurred while importing 'torch-scatter'. Disabling its usage. Stacktrace: Could not load this library: /public/home/wangar2023/grand/.venv/lib/python3.11/site-packages/torch_scatter/_version_cuda.so
  import torch_geometric.typing
/public/home/wangar2023/grand/.venv/lib/python3.11/site-packages/torch_geometric/__init__.py:4: UserWarning: An issue occurred while importing 'torch-sparse'. Disabling its usage. Stacktrace: Could not load this library: /public/home/wangar2023/grand/.venv/lib/python3.11/site-packages/torch_sparse/_version_cuda.so
  import torch_geometric.typing
/public/home/wangar2023/grand/.venv/lib/python3.11/site-packages/torch_geometric/__init__.py:4: UserWarning: An issue occurred while importing 'torch-sparse'. Disabling its usage. Stacktrace: Could not load this library: /public/home/wangar2023/grand/.venv/lib/python3.11/site-packages/torch_sparse/_version_cuda.so
  import torch_geometric.typing
/public/home/wangar2023/grand/.venv/lib/python3.11/site-packages/torch_geometric/__init__.py:4: UserWarning: An issue occurred while importing 'torch-sparse'. Disabling its usage. Stacktrace: Could not load this library: /public/home/wangar2023/grand/.venv/lib/python3.11/site-packages/torch_sparse/_version_cuda.so
  import torch_geometric.typing
/public/home/wangar2023/grand/.venv/lib/python3.11/site-packages/torch_geometric/__init__.py:4: UserWarning: An issue occurred while importing 'torch-sparse'. Disabling its usage. Stacktrace: Could not load this library: /public/home/wangar2023/grand/.venv/lib/python3.11/site-packages/torch_sparse/_version_cuda.so
  import torch_geometric.typing
/public/home/wangar2023/grand/.venv/lib/python3.11/site-packages/torch_geometric/__init__.py:4: UserWarning: An issue occurred while importing 'torch-scatter'. Disabling its usage. Stacktrace: Could not load this library: /public/home/wangar2023/grand/.venv/lib/python3.11/site-packages/torch_scatter/_version_cuda.so
  import torch_geometric.typing
/public/home/wangar2023/grand/.venv/lib/python3.11/site-packages/torch_geometric/__init__.py:4: UserWarning: An issue occurred while importing 'torch-sparse'. Disabling its usage. Stacktrace: Could not load this library: /public/home/wangar2023/grand/.venv/lib/python3.11/site-packages/torch_sparse/_version_cuda.so
  import torch_geometric.typing
/public/home/wangar2023/grand/.venv/lib/python3.11/site-packages/torch_geometric/__init__.py:4: UserWarning: An issue occurred while importing 'torch-scatter'. Disabling its usage. Stacktrace: Could not load this library: /public/home/wangar2023/grand/.venv/lib/python3.11/site-packages/torch_scatter/_version_cuda.so
  import torch_geometric.typing
/public/home/wangar2023/grand/.venv/lib/python3.11/site-packages/torch_geometric/__init__.py:4: UserWarning: An issue occurred while importing 'torch-sparse'. Disabling its usage. Stacktrace: Could not load this library: /public/home/wangar2023/grand/.venv/lib/python3.11/site-packages/torch_sparse/_version_cuda.so
  import torch_geometric.typing
/public/home/wangar2023/grand/.venv/lib/python3.11/site-packages/torch_geometric/__init__.py:4: UserWarning: An issue occurred while importing 'torch-scatter'. Disabling its usage. Stacktrace: Could not load this library: /public/home/wangar2023/grand/.venv/lib/python3.11/site-packages/torch_scatter/_version_cuda.so
  import torch_geometric.typing
/public/home/wangar2023/grand/.venv/lib/python3.11/site-packages/torch_geometric/__init__.py:4: UserWarning: An issue occurred while importing 'torch-sparse'. Disabling its usage. Stacktrace: Could not load this library: /public/home/wangar2023/grand/.venv/lib/python3.11/site-packages/torch_sparse/_version_cuda.so
  import torch_geometric.typing
/public/home/wangar2023/grand/.venv/lib/python3.11/site-packages/torch_geometric/__init__.py:4: UserWarning: An issue occurred while importing 'torch-scatter'. Disabling its usage. Stacktrace: Could not load this library: /public/home/wangar2023/grand/.venv/lib/python3.11/site-packages/torch_scatter/_version_cuda.so
  import torch_geometric.typing
/public/home/wangar2023/grand/.venv/lib/python3.11/site-packages/torch_geometric/__init__.py:4: UserWarning: An issue occurred while importing 'torch-sparse'. Disabling its usage. Stacktrace: Could not load this library: /public/home/wangar2023/grand/.venv/lib/python3.11/site-packages/torch_sparse/_version_cuda.so
  import torch_geometric.typing
[rank1]:[W604 22:16:27.610613653 Utils.hpp:112] Warning: Environment variable NCCL_ASYNC_ERROR_HANDLING is deprecated; use TORCH_NCCL_ASYNC_ERROR_HANDLING instead (function operator())
[rank0]:[W604 22:16:27.610716989 Utils.hpp:112] Warning: Environment variable NCCL_ASYNC_ERROR_HANDLING is deprecated; use TORCH_NCCL_ASYNC_ERROR_HANDLING instead (function operator())
[rank3]:[W604 22:16:27.611179701 Utils.hpp:112] Warning: Environment variable NCCL_ASYNC_ERROR_HANDLING is deprecated; use TORCH_NCCL_ASYNC_ERROR_HANDLING instead (function operator())
[rank5]:[W604 22:16:27.611409699 Utils.hpp:112] Warning: Environment variable NCCL_ASYNC_ERROR_HANDLING is deprecated; use TORCH_NCCL_ASYNC_ERROR_HANDLING instead (function operator())
[rank7]:[W604 22:16:27.611584325 Utils.hpp:112] Warning: Environment variable NCCL_ASYNC_ERROR_HANDLING is deprecated; use TORCH_NCCL_ASYNC_ERROR_HANDLING instead (function operator())
[rank2]:[W604 22:16:27.611895293 Utils.hpp:112] Warning: Environment variable NCCL_ASYNC_ERROR_HANDLING is deprecated; use TORCH_NCCL_ASYNC_ERROR_HANDLING instead (function operator())
[rank4]:[W604 22:16:27.612020542 Utils.hpp:112] Warning: Environment variable NCCL_ASYNC_ERROR_HANDLING is deprecated; use TORCH_NCCL_ASYNC_ERROR_HANDLING instead (function operator())
[rank6]:[W604 22:16:27.612150813 Utils.hpp:112] Warning: Environment variable NCCL_ASYNC_ERROR_HANDLING is deprecated; use TORCH_NCCL_ASYNC_ERROR_HANDLING instead (function operator())
2026-06-04 22:18:29,849 INFO tccig.s2gae: TCCIG epoch 1 complete: time_s=47.19 train_loss=3388220036898105.000000 train_bce=142339553.577795 val_auprc=0.155333 monitor[val_topology_loss]=11.451333 val_topology_loss=11.451333 rule=top_k local_train_pairs=31575 global_train_pairs=252600 lr=0.001 peak_gpu_mem_mb=5521.5
2026-06-04 22:18:37,780 INFO tccig.s2gae: TCCIG epoch 2 complete: time_s=7.68 train_loss=4931525551806068.000000 train_bce=29566736.633222 val_auprc=0.145432 monitor[val_topology_loss]=11.449648 val_topology_loss=11.449648 rule=top_k local_train_pairs=31575 global_train_pairs=252600 lr=0.001 peak_gpu_mem_mb=5521.5
2026-06-04 22:19:24,387 INFO tccig.s2gae: TCCIG epoch 3 complete: time_s=46.54 train_loss=1910084062021971.000000 train_bce=194484833.527245 val_auprc=0.151619 monitor[val_topology_loss]=11.452574 val_topology_loss=11.452574 rule=top_k local_train_pairs=31575 global_train_pairs=252600 lr=0.001 peak_gpu_mem_mb=5521.5
2026-06-04 22:20:11,273 INFO tccig.s2gae: TCCIG epoch 4 complete: time_s=46.69 train_loss=2101798828390944.750000 train_bce=12145494.447165 val_auprc=0.152401 monitor[val_topology_loss]=11.452681 val_topology_loss=11.452681 rule=top_k local_train_pairs=31575 global_train_pairs=252600 lr=0.001 peak_gpu_mem_mb=5521.5
2026-06-04 22:20:18,982 INFO tccig.s2gae: TCCIG epoch 5 complete: time_s=7.70 train_loss=369117000679671.500000 train_bce=13331028.359299 val_auprc=0.141657 monitor[val_topology_loss]=11.449648 val_topology_loss=11.449648 rule=top_k local_train_pairs=31575 global_train_pairs=252600 lr=0.001 peak_gpu_mem_mb=5521.5
2026-06-04 22:20:26,723 INFO tccig.s2gae: TCCIG epoch 6 complete: time_s=7.67 train_loss=396661047568040.562500 train_bce=84866172.756109 val_auprc=0.125302 monitor[val_topology_loss]=11.446440 val_topology_loss=11.446440 rule=top_k local_train_pairs=31575 global_train_pairs=252600 lr=0.001 peak_gpu_mem_mb=5521.5
2026-06-04 22:21:13,464 INFO tccig.s2gae: TCCIG epoch 7 complete: time_s=46.65 train_loss=59854159326034.789062 train_bce=27190110.604204 val_auprc=0.154032 monitor[val_topology_loss]=11.449117 val_topology_loss=11.449117 rule=top_k local_train_pairs=31575 global_train_pairs=252600 lr=0.001 peak_gpu_mem_mb=5521.5
2026-06-04 22:22:00,089 INFO tccig.s2gae: TCCIG epoch 8 complete: time_s=46.55 train_loss=50728542039727.242188 train_bce=3701915.689685 val_auprc=0.156772 monitor[val_topology_loss]=11.440615 val_topology_loss=11.440615 rule=top_k local_train_pairs=31575 global_train_pairs=252600 lr=0.001 peak_gpu_mem_mb=5521.5
2026-06-04 22:22:29,991 INFO tccig.s2gae: TCCIG epoch 9 complete: time_s=29.19 train_loss=7246061432129.420898 train_bce=4504856.005625 val_auprc=0.140183 monitor[val_topology_loss]=9.882424 val_topology_loss=9.882424 rule=top_k local_train_pairs=31575 global_train_pairs=252600 lr=0.001 peak_gpu_mem_mb=5521.5
2026-06-04 22:23:16,826 INFO tccig.s2gae: TCCIG epoch 10 complete: time_s=46.63 train_loss=2928326908493.100098 train_bce=6471743.503913 val_auprc=0.193003 monitor[val_topology_loss]=11.450067 val_topology_loss=11.450067 rule=top_k local_train_pairs=31575 global_train_pairs=252600 lr=0.001 peak_gpu_mem_mb=5521.5
2026-06-04 22:23:52,334 INFO tccig.s2gae: TCCIG epoch 11 complete: time_s=35.25 train_loss=325962493179.649231 train_bce=1153138.638175 val_auprc=0.145808 monitor[val_topology_loss]=10.420183 val_topology_loss=10.420183 rule=top_k local_train_pairs=31575 global_train_pairs=252600 lr=0.001 peak_gpu_mem_mb=5521.5
2026-06-04 22:24:33,397 INFO tccig.s2gae: TCCIG epoch 12 complete: time_s=41.05 train_loss=88256607416.285538 train_bce=1041831.427630 val_auprc=0.141954 monitor[val_topology_loss]=10.445571 val_topology_loss=10.445571 rule=top_k local_train_pairs=31575 global_train_pairs=252600 lr=0.001 peak_gpu_mem_mb=5521.5
2026-06-04 22:25:16,444 INFO tccig.s2gae: TCCIG epoch 13 complete: time_s=43.03 train_loss=3426807685.714046 train_bce=201224.510379 val_auprc=0.123865 monitor[val_topology_loss]=10.194667 val_topology_loss=10.194667 rule=top_k local_train_pairs=31575 global_train_pairs=252600 lr=0.001 peak_gpu_mem_mb=5521.5
2026-06-04 22:25:59,999 INFO tccig.s2gae: TCCIG epoch 14 complete: time_s=43.54 train_loss=157378560.888250 train_bce=19809.511171 val_auprc=0.141591 monitor[val_topology_loss]=9.107035 val_topology_loss=9.107035 rule=top_k local_train_pairs=31575 global_train_pairs=252600 lr=0.001 peak_gpu_mem_mb=5521.5
2026-06-04 22:26:31,554 INFO tccig.s2gae: TCCIG epoch 15 complete: time_s=31.54 train_loss=1436572.213836 train_bce=1926.797483 val_auprc=0.153005 monitor[val_topology_loss]=6.626022 val_topology_loss=6.626022 rule=top_k local_train_pairs=31575 global_train_pairs=252600 lr=0.001 peak_gpu_mem_mb=5521.5
2026-06-04 22:26:50,115 INFO tccig.s2gae: TCCIG epoch 16 complete: time_s=18.52 train_loss=62.377448 train_bce=11.358718 val_auprc=0.406503 monitor[val_topology_loss]=9.137740 val_topology_loss=9.137740 rule=top_m local_train_pairs=31575 global_train_pairs=252600 lr=0.001 peak_gpu_mem_mb=5521.5
2026-06-04 22:27:08,816 INFO tccig.s2gae: TCCIG epoch 17 complete: time_s=18.62 train_loss=0.552764 train_bce=0.490172 val_auprc=0.625259 monitor[val_topology_loss]=9.205548 val_topology_loss=9.205548 rule=top_m local_train_pairs=31575 global_train_pairs=252600 lr=0.001 peak_gpu_mem_mb=5521.5
2026-06-04 22:27:27,685 INFO tccig.s2gae: TCCIG epoch 18 complete: time_s=18.67 train_loss=0.458674 train_bce=0.433491 val_auprc=0.663400 monitor[val_topology_loss]=9.199121 val_topology_loss=9.199121 rule=top_m local_train_pairs=31575 global_train_pairs=252600 lr=0.001 peak_gpu_mem_mb=5521.5
2026-06-04 22:27:45,725 INFO tccig.s2gae: TCCIG epoch 19 complete: time_s=17.96 train_loss=0.453154 train_bce=0.430568 val_auprc=0.510015 monitor[val_topology_loss]=9.146526 val_topology_loss=9.146526 rule=top_m local_train_pairs=31575 global_train_pairs=252600 lr=0.001 peak_gpu_mem_mb=5521.5
2026-06-04 22:28:04,422 INFO tccig.s2gae: TCCIG epoch 20 complete: time_s=18.65 train_loss=0.545111 train_bce=0.507017 val_auprc=0.428107 monitor[val_topology_loss]=9.206006 val_topology_loss=9.206006 rule=top_m local_train_pairs=31575 global_train_pairs=252600 lr=0.001 peak_gpu_mem_mb=5521.5
