/bin/bash: warning: setlocale: LC_ALL: cannot change locale (C.UTF-8)
Warning: torch was built against CUDA 12.8, but using toolkit 12.5 at /public/software/CUDA/cuda-12.5.
Set GRAND_CUDA_VERSION or CUDA_HOME to an exact-match toolkit to avoid DS_SKIP_CUDA_CHECK=1.

*****************************************
Setting OMP_NUM_THREADS environment variable for each process to be 1 in default, to avoid your system being overloaded, please further tune the variable for optimal performance in your application as needed. 
*****************************************
INFO:src.pipeline.__main__:Loaded config: configs/tccig/tccig.yaml
WARNING:accelerate.utils.other:[RANK 0] Detected kernel version 3.10.0, which is below the recommended minimum of 5.5.0; this can cause the process to hang. It is recommended to upgrade the kernel to the minimum version or higher.
WARNING:py.warnings:/public/home/wangar2023/grand/.venv/lib/python3.11/site-packages/torch/distributed/c10d_logger.py:83: UserWarning: barrier(): using the device under current context. You can specify `device_id` in `init_process_group` to mute this warning.
  return func(*args, **kwargs)

2026-05-30 14:52:47 INFO Pipeline Runtime | Device: cuda:0 | Distributed: True | Test Batches: 1691 | Train Batches: 762 | Valid Batches: 762 | World Size: 4
2026-05-30 14:52:55 INFO Stage Start | Init Mode: scratch | Run Id: tccig_scratch
2026-05-30 14:53:24 INFO Tccig Train Config | Epochs: 20 | Internal Validation Compute Spectral Stats: False | Internal Validation Inference Batch Size: 128 | Internal Validation Node Sizes: [20, 40, 60, 80, 100] | Internal Validation Pairs: 108500 | Internal Validation Subgraphs: 50 | Monitor: val_topology_loss | Pair Batch Size: 32
2026-05-30 15:00:26 INFO Epoch Progress | Epoch: 1 | Loss: 0.498 | Progress: 0% | Step: 1/667
2026-05-30 15:00:56 INFO Epoch Progress | Epoch: 1 | Loss: 2.995 | Progress: 25% | Step: 167/667
2026-05-30 15:01:26 INFO Epoch Progress | Epoch: 1 | Loss: 2.831 | Progress: 50% | Step: 334/667
2026-05-30 15:01:54 INFO Epoch Progress | Epoch: 1 | Loss: 2.284 | Progress: 75% | Step: 501/667
2026-05-30 15:02:21 INFO Epoch Progress | Epoch: 1 | Loss: 1.913 | Progress: 100% | Step: 667/667
2026-05-30 15:10:01 INFO Best Saved | Epoch: 1 | Monitor: val_topology_loss | Value: 222.804
2026-05-30 15:10:01 INFO Epoch Done | All Subgraph Pairs: 1620810 | Bce Negative Pairs: 154979 | Bce Negative Ratio: 3.178 | Bce Positive Pairs: 48771 | Bce Supervised Fraction: 0.126 | Bce Target Negative Pairs: 243855 | Covered Positive Edges: 48771 | Edge Cover Sampling S: 413.137 | Epoch: 1 | Internal Val Graph Sim: 0.105 | Internal Val Topology S: 213.608 | Mean Positive Edge Reuse: 1.000 | Peak Gpu Mem Mb: 3054.510 | Planned Subgraphs: 2668 | Positive Edge Coverage Ratio: 1.000 | Supervised Pairs: 203750 | Topo Loss Scale: 1.000 | Total Positive Edges: 48771 | Train Forward Backward S: 132.624 | Train Loss: 1.869 | Val AUPRC: 0.664 | Val Pair Pass S: 213.043 | Val Threshold S: 0.000
2026-05-30 15:16:41 INFO Epoch Progress | Epoch: 2 | Loss: 0.624 | Progress: 0% | Step: 1/667
2026-05-30 15:17:11 INFO Epoch Progress | Epoch: 2 | Loss: 0.593 | Progress: 25% | Step: 167/667
2026-05-30 15:17:41 INFO Epoch Progress | Epoch: 2 | Loss: 0.569 | Progress: 50% | Step: 334/667
2026-05-30 15:18:12 INFO Epoch Progress | Epoch: 2 | Loss: 0.556 | Progress: 75% | Step: 501/667
2026-05-30 15:18:42 INFO Epoch Progress | Epoch: 2 | Loss: 0.547 | Progress: 100% | Step: 667/667
2026-05-30 15:26:38 INFO Epoch Done | All Subgraph Pairs: 1620810 | Bce Negative Pairs: 154979 | Bce Negative Ratio: 3.178 | Bce Positive Pairs: 48771 | Bce Supervised Fraction: 0.126 | Bce Target Negative Pairs: 243855 | Covered Positive Edges: 48771 | Edge Cover Sampling S: 409.400 | Epoch: 2 | Internal Val Graph Sim: 0.105 | Internal Val Topology S: 209.547 | Mean Positive Edge Reuse: 1.000 | Peak Gpu Mem Mb: 3054.510 | Planned Subgraphs: 2668 | Positive Edge Coverage Ratio: 1.000 | Supervised Pairs: 203750 | Topo Loss Scale: 1.000 | Total Positive Edges: 48771 | Train Forward Backward S: 136.439 | Train Loss: 0.559 | Val AUPRC: 0.681 | Val Pair Pass S: 217.963 | Val Threshold S: 0.000
2026-05-30 15:33:32 INFO Epoch Progress | Epoch: 3 | Loss: 0.496 | Progress: 0% | Step: 1/668
2026-05-30 15:34:03 INFO Epoch Progress | Epoch: 3 | Loss: 0.517 | Progress: 25% | Step: 167/668
2026-05-30 15:34:34 INFO Epoch Progress | Epoch: 3 | Loss: 0.518 | Progress: 50% | Step: 334/668
2026-05-30 15:35:05 INFO Epoch Progress | Epoch: 3 | Loss: 0.518 | Progress: 75% | Step: 501/668
2026-05-30 15:35:36 INFO Epoch Progress | Epoch: 3 | Loss: 0.517 | Progress: 100% | Step: 668/668
2026-05-30 15:43:30 INFO Epoch Done | All Subgraph Pairs: 1622025 | Bce Negative Pairs: 154979 | Bce Negative Ratio: 3.178 | Bce Positive Pairs: 48771 | Bce Supervised Fraction: 0.126 | Bce Target Negative Pairs: 243855 | Covered Positive Edges: 48771 | Edge Cover Sampling S: 417.487 | Epoch: 3 | Internal Val Graph Sim: 0.105 | Internal Val Topology S: 210.119 | Mean Positive Edge Reuse: 1.000 | Peak Gpu Mem Mb: 3054.510 | Planned Subgraphs: 2670 | Positive Edge Coverage Ratio: 1.000 | Supervised Pairs: 203750 | Topo Loss Scale: 1.000 | Total Positive Edges: 48771 | Train Forward Backward S: 138.916 | Train Loss: 0.527 | Val AUPRC: 0.692 | Val Pair Pass S: 219.597 | Val Threshold S: 0.000
2026-05-30 15:50:17 INFO Epoch Progress | Epoch: 4 | Loss: 0.524 | Progress: 0% | Step: 1/668
2026-05-30 15:50:49 INFO Epoch Progress | Epoch: 4 | Loss: 0.514 | Progress: 25% | Step: 167/668
2026-05-30 15:51:20 INFO Epoch Progress | Epoch: 4 | Loss: 0.516 | Progress: 50% | Step: 334/668
2026-05-30 15:51:51 INFO Epoch Progress | Epoch: 4 | Loss: 0.515 | Progress: 75% | Step: 501/668
2026-05-30 15:52:21 INFO Epoch Progress | Epoch: 4 | Loss: 0.514 | Progress: 100% | Step: 668/668
2026-05-30 16:00:17 INFO Best Saved | Epoch: 4 | Monitor: val_topology_loss | Value: 222.801
2026-05-30 16:00:17 INFO Epoch Done | All Subgraph Pairs: 1621245 | Bce Negative Pairs: 154979 | Bce Negative Ratio: 3.178 | Bce Positive Pairs: 48771 | Bce Supervised Fraction: 0.126 | Bce Target Negative Pairs: 243855 | Covered Positive Edges: 48771 | Edge Cover Sampling S: 411.234 | Epoch: 4 | Internal Val Graph Sim: 0.105 | Internal Val Topology S: 211.336 | Mean Positive Edge Reuse: 1.000 | Peak Gpu Mem Mb: 3054.510 | Planned Subgraphs: 2669 | Positive Edge Coverage Ratio: 1.000 | Supervised Pairs: 203750 | Topo Loss Scale: 1.000 | Total Positive Edges: 48771 | Train Forward Backward S: 138.527 | Train Loss: 0.521 | Val AUPRC: 0.708 | Val Pair Pass S: 219.278 | Val Threshold S: 0.000
2026-05-30 16:07:05 INFO Epoch Progress | Epoch: 5 | Loss: 0.524 | Progress: 0% | Step: 1/667
2026-05-30 16:07:38 INFO Epoch Progress | Epoch: 5 | Loss: 0.513 | Progress: 25% | Step: 167/667
2026-05-30 16:08:08 INFO Epoch Progress | Epoch: 5 | Loss: 0.510 | Progress: 50% | Step: 334/667
2026-05-30 16:08:38 INFO Epoch Progress | Epoch: 5 | Loss: 0.509 | Progress: 75% | Step: 501/667
2026-05-30 16:09:09 INFO Epoch Progress | Epoch: 5 | Loss: 0.509 | Progress: 100% | Step: 667/667
slurmstepd: error: *** JOB 920308 ON hexm03 CANCELLED AT 2026-05-30T16:16:55 ***
