2026-05-31 01:56:28 INFO Pipeline Runtime | Device: cuda:0 | Distributed: True | Test Batches: 1691 | Train Batches: 762 | Valid Batches: 762 | World Size: 4
2026-05-31 01:56:37 INFO Stage Start | Init Mode: scratch | Run Id: p0_fixed
2026-05-31 01:57:09 INFO Tccig Train Config | Epochs: 20 | Internal Validation Compute Spectral Stats: False | Internal Validation Inference Batch Size: 1024 | Internal Validation Node Sizes: [20, 40, 60, 80, 100] | Internal Validation Pairs: 108500 | Internal Validation Subgraphs: 50 | Monitor: val_topology_loss | Pair Batch Size: 32
2026-05-31 01:57:09 INFO Density Bias Initialized | Bias: -1.156 | Positive Edge Probability: 0.239 | Source: supervised_bce
2026-05-31 02:00:26 INFO Epoch Progress | Epoch: 1 | Loss: 0.556 | Progress: 0% | Step: 1/329
2026-05-31 02:00:58 INFO Epoch Progress | Epoch: 1 | Loss: 1.730 | Progress: 25% | Step: 83/329
2026-05-31 02:01:29 INFO Epoch Progress | Epoch: 1 | Loss: 1.474 | Progress: 50% | Step: 166/329
2026-05-31 02:02:01 INFO Epoch Progress | Epoch: 1 | Loss: 1.250 | Progress: 76% | Step: 249/329
2026-05-31 02:02:32 INFO Epoch Progress | Epoch: 1 | Loss: 1.134 | Progress: 100% | Step: 329/329
2026-05-31 02:06:25 INFO Best Saved | Epoch: 1 | Monitor: val_topology_loss | Value: 15.072
2026-05-31 02:06:25 INFO Best AUPRC Observed | Epoch: 1 | Value: 0.662
2026-05-31 02:06:25 INFO Epoch Done | All Subgraph Pairs: 3221295 | Bce Negative Pairs: 154979 | Bce Negative Ratio: 3.178 | Bce Positive Pairs: 48771 | Bce Supervised Fraction: 0.063 | Bce Target Negative Pairs: 243855 | Covered Positive Edges: 48771 | Edge Cover Sampling S: 199.366 | Epoch: 1 | Internal Val Graph Sim: 0.133 | Internal Val Topology S: 17.067 | Mean Positive Edge Reuse: 1.000 | Peak Gpu Mem Mb: 24874.820 | Planned Subgraphs: 1316 | Positive Edge Coverage Ratio: 1.000 | Supervised Pairs: 203750 | Topo Loss Scale: 1.000 | Total Positive Edges: 48771 | Train Forward Backward S: 127.342 | Train Loss: 1.144 | Val AUPRC: 0.662 | Val Pair Pass S: 207.464 | Val Threshold S: 0.000
2026-05-31 02:09:52 INFO Epoch Progress | Epoch: 2 | Loss: 0.834 | Progress: 0% | Step: 1/329
2026-05-31 02:10:19 INFO Epoch Progress | Epoch: 2 | Loss: 0.760 | Progress: 25% | Step: 83/329
2026-05-31 02:10:42 INFO Epoch Progress | Epoch: 2 | Loss: 0.738 | Progress: 50% | Step: 166/329
2026-05-31 02:11:06 INFO Epoch Progress | Epoch: 2 | Loss: 0.727 | Progress: 76% | Step: 249/329
2026-05-31 02:11:29 INFO Epoch Progress | Epoch: 2 | Loss: 0.716 | Progress: 100% | Step: 329/329
2026-05-31 02:15:17 INFO Best Saved | Epoch: 2 | Monitor: val_topology_loss | Value: 2.821
2026-05-31 02:15:17 INFO Best AUPRC Observed | Epoch: 2 | Value: 0.680
2026-05-31 02:15:17 INFO Epoch Done | All Subgraph Pairs: 3221295 | Bce Negative Pairs: 154979 | Bce Negative Ratio: 3.178 | Bce Positive Pairs: 48771 | Bce Supervised Fraction: 0.063 | Bce Target Negative Pairs: 243855 | Covered Positive Edges: 48771 | Edge Cover Sampling S: 203.544 | Epoch: 2 | Internal Val Graph Sim: 0.147 | Internal Val Topology S: 18.196 | Mean Positive Edge Reuse: 1.000 | Peak Gpu Mem Mb: 24874.820 | Planned Subgraphs: 1316 | Positive Edge Coverage Ratio: 1.000 | Supervised Pairs: 203750 | Topo Loss Scale: 1.000 | Total Positive Edges: 48771 | Train Forward Backward S: 94.265 | Train Loss: 0.714 | Val AUPRC: 0.680 | Val Pair Pass S: 209.241 | Val Threshold S: 0.000
2026-05-31 02:18:57 INFO Epoch Progress | Epoch: 3 | Loss: 0.668 | Progress: 0% | Step: 1/330
2026-05-31 02:19:25 INFO Epoch Progress | Epoch: 3 | Loss: 0.659 | Progress: 25% | Step: 83/330
2026-05-31 02:19:48 INFO Epoch Progress | Epoch: 3 | Loss: 0.644 | Progress: 50% | Step: 166/330
2026-05-31 02:20:12 INFO Epoch Progress | Epoch: 3 | Loss: 0.634 | Progress: 75% | Step: 249/330
2026-05-31 02:20:34 INFO Epoch Progress | Epoch: 3 | Loss: 0.623 | Progress: 100% | Step: 330/330
2026-05-31 02:24:26 INFO Best Saved | Epoch: 3 | Monitor: val_topology_loss | Value: 0.436
2026-05-31 02:24:26 INFO Best AUPRC Observed | Epoch: 3 | Value: 0.682
2026-05-31 02:24:26 INFO Epoch Done | All Subgraph Pairs: 3224455 | Bce Negative Pairs: 154979 | Bce Negative Ratio: 3.178 | Bce Positive Pairs: 48771 | Bce Supervised Fraction: 0.063 | Bce Target Negative Pairs: 243855 | Covered Positive Edges: 48771 | Edge Cover Sampling S: 212.051 | Epoch: 3 | Internal Val Graph Sim: 0.120 | Internal Val Topology S: 16.386 | Mean Positive Edge Reuse: 1.000 | Peak Gpu Mem Mb: 24874.820 | Planned Subgraphs: 1317 | Positive Edge Coverage Ratio: 1.000 | Supervised Pairs: 203750 | Topo Loss Scale: 1.000 | Total Positive Edges: 48771 | Train Forward Backward S: 94.565 | Train Loss: 0.619 | Val AUPRC: 0.682 | Val Pair Pass S: 212.000 | Val Threshold S: 0.000
2026-05-31 02:27:54 INFO Epoch Progress | Epoch: 4 | Loss: 0.531 | Progress: 0% | Step: 1/330
2026-05-31 02:28:29 INFO Epoch Progress | Epoch: 4 | Loss: 0.575 | Progress: 25% | Step: 83/330
2026-05-31 02:29:03 INFO Epoch Progress | Epoch: 4 | Loss: 0.577 | Progress: 50% | Step: 166/330
2026-05-31 02:29:36 INFO Epoch Progress | Epoch: 4 | Loss: 0.575 | Progress: 75% | Step: 249/330
2026-05-31 02:30:07 INFO Epoch Progress | Epoch: 4 | Loss: 0.573 | Progress: 100% | Step: 330/330
2026-05-31 02:34:04 INFO Best AUPRC Observed | Epoch: 4 | Value: 0.686
2026-05-31 02:34:04 INFO Epoch Done | All Subgraph Pairs: 3224455 | Bce Negative Pairs: 154979 | Bce Negative Ratio: 3.178 | Bce Positive Pairs: 48771 | Bce Supervised Fraction: 0.063 | Bce Target Negative Pairs: 243855 | Covered Positive Edges: 48771 | Edge Cover Sampling S: 207.201 | Epoch: 4 | Internal Val Graph Sim: 0.089 | Internal Val Topology S: 16.361 | Mean Positive Edge Reuse: 1.000 | Peak Gpu Mem Mb: 24874.820 | Planned Subgraphs: 1317 | Positive Edge Coverage Ratio: 1.000 | Supervised Pairs: 203750 | Topo Loss Scale: 1.000 | Total Positive Edges: 48771 | Train Forward Backward S: 103.300 | Train Loss: 0.570 | Val AUPRC: 0.686 | Val Pair Pass S: 220.566 | Val Threshold S: 0.000
2026-05-31 02:37:40 INFO Epoch Progress | Epoch: 5 | Loss: 0.613 | Progress: 0% | Step: 1/330
2026-05-31 02:38:19 INFO Epoch Progress | Epoch: 5 | Loss: 0.563 | Progress: 25% | Step: 83/330
2026-05-31 02:38:55 INFO Epoch Progress | Epoch: 5 | Loss: 0.561 | Progress: 50% | Step: 166/330
2026-05-31 02:39:27 INFO Epoch Progress | Epoch: 5 | Loss: 0.561 | Progress: 75% | Step: 249/330
2026-05-31 02:40:01 INFO Epoch Progress | Epoch: 5 | Loss: 0.561 | Progress: 100% | Step: 330/330
2026-05-31 02:43:58 INFO Best AUPRC Observed | Epoch: 5 | Value: 0.689
2026-05-31 02:43:58 INFO Epoch Done | All Subgraph Pairs: 3224455 | Bce Negative Pairs: 154979 | Bce Negative Ratio: 3.178 | Bce Positive Pairs: 48771 | Bce Supervised Fraction: 0.063 | Bce Target Negative Pairs: 243855 | Covered Positive Edges: 48771 | Edge Cover Sampling S: 214.660 | Epoch: 5 | Internal Val Graph Sim: 0.092 | Internal Val Topology S: 16.779 | Mean Positive Edge Reuse: 1.000 | Peak Gpu Mem Mb: 24874.820 | Planned Subgraphs: 1317 | Positive Edge Coverage Ratio: 1.000 | Supervised Pairs: 203750 | Topo Loss Scale: 1.000 | Total Positive Edges: 48771 | Train Forward Backward S: 101.479 | Train Loss: 0.561 | Val AUPRC: 0.689 | Val Pair Pass S: 219.455 | Val Threshold S: 0.000
2026-05-31 02:47:16 INFO Epoch Progress | Epoch: 6 | Loss: 0.535 | Progress: 0% | Step: 1/330
2026-05-31 02:47:55 INFO Epoch Progress | Epoch: 6 | Loss: 0.554 | Progress: 25% | Step: 83/330
2026-05-31 02:48:29 INFO Epoch Progress | Epoch: 6 | Loss: 0.556 | Progress: 50% | Step: 166/330
2026-05-31 02:49:03 INFO Epoch Progress | Epoch: 6 | Loss: 0.556 | Progress: 75% | Step: 249/330
2026-05-31 02:49:35 INFO Epoch Progress | Epoch: 6 | Loss: 0.555 | Progress: 100% | Step: 330/330
2026-05-31 02:53:31 INFO Best AUPRC Observed | Epoch: 6 | Value: 0.698
2026-05-31 02:53:31 INFO Epoch Done | All Subgraph Pairs: 3224455 | Bce Negative Pairs: 154979 | Bce Negative Ratio: 3.178 | Bce Positive Pairs: 48771 | Bce Supervised Fraction: 0.063 | Bce Target Negative Pairs: 243855 | Covered Positive Edges: 48771 | Edge Cover Sampling S: 201.016 | Epoch: 6 | Internal Val Graph Sim: 0.091 | Internal Val Topology S: 16.256 | Mean Positive Edge Reuse: 1.000 | Peak Gpu Mem Mb: 24874.820 | Planned Subgraphs: 1317 | Positive Edge Coverage Ratio: 1.000 | Supervised Pairs: 203750 | Topo Loss Scale: 1.000 | Total Positive Edges: 48771 | Train Forward Backward S: 101.481 | Train Loss: 0.558 | Val AUPRC: 0.698 | Val Pair Pass S: 217.776 | Val Threshold S: 0.000
2026-05-31 02:56:53 INFO Epoch Progress | Epoch: 7 | Loss: 0.574 | Progress: 0% | Step: 1/329
2026-05-31 02:57:35 INFO Epoch Progress | Epoch: 7 | Loss: 0.552 | Progress: 25% | Step: 83/329
2026-05-31 02:58:16 INFO Epoch Progress | Epoch: 7 | Loss: 0.556 | Progress: 50% | Step: 166/329
2026-05-31 02:58:56 INFO Epoch Progress | Epoch: 7 | Loss: 0.558 | Progress: 76% | Step: 249/329
2026-05-31 02:59:33 INFO Epoch Progress | Epoch: 7 | Loss: 0.556 | Progress: 100% | Step: 329/329
2026-05-31 03:03:28 INFO Best AUPRC Observed | Epoch: 7 | Value: 0.703
2026-05-31 03:03:28 INFO Epoch Done | All Subgraph Pairs: 3221295 | Bce Negative Pairs: 154979 | Bce Negative Ratio: 3.178 | Bce Positive Pairs: 48771 | Bce Supervised Fraction: 0.063 | Bce Target Negative Pairs: 243855 | Covered Positive Edges: 48771 | Edge Cover Sampling S: 204.669 | Epoch: 7 | Internal Val Graph Sim: 0.094 | Internal Val Topology S: 15.966 | Mean Positive Edge Reuse: 1.000 | Peak Gpu Mem Mb: 24874.820 | Planned Subgraphs: 1316 | Positive Edge Coverage Ratio: 1.000 | Supervised Pairs: 203750 | Topo Loss Scale: 1.000 | Total Positive Edges: 48771 | Train Forward Backward S: 108.084 | Train Loss: 0.555 | Val AUPRC: 0.703 | Val Pair Pass S: 218.858 | Val Threshold S: 0.000
2026-05-31 03:03:28 INFO Early Stop | Epoch: 7
2026-05-31 03:03:28 INFO Stage Done | Run Id: p0_fixed
2026-06-01 00:23:58 INFO Pipeline Runtime | Device: cuda:0 | Distributed: True | Test Batches: 1691 | Train Batches: 762 | Valid Batches: 762 | World Size: 4
2026-06-01 00:24:07 INFO Stage Start | Init Mode: scratch | Run Id: p0_fixed
2026-06-01 00:24:37 INFO Tccig Train Config | Epochs: 20 | Internal Validation Compute Spectral Stats: False | Internal Validation Inference Batch Size: 1024 | Internal Validation Node Sizes: [20, 40, 60, 80, 100] | Internal Validation Pairs: 108500 | Internal Validation Subgraphs: 50 | Monitor: val_topology_loss | Pair Batch Size: 32
2026-06-01 00:24:37 INFO Density Bias Initialized | Bias: -1.156 | Positive Edge Probability: 0.239 | Source: supervised_bce
2026-06-01 00:28:05 INFO Epoch Progress | Epoch: 1 | Loss: 0.556 | Progress: 0% | Step: 1/329
2026-06-01 00:28:38 INFO Epoch Progress | Epoch: 1 | Loss: 1.730 | Progress: 25% | Step: 83/329
2026-06-01 00:29:09 INFO Epoch Progress | Epoch: 1 | Loss: 1.474 | Progress: 50% | Step: 166/329
2026-06-01 00:29:41 INFO Epoch Progress | Epoch: 1 | Loss: 1.250 | Progress: 76% | Step: 249/329
2026-06-01 00:30:12 INFO Epoch Progress | Epoch: 1 | Loss: 1.134 | Progress: 100% | Step: 329/329
2026-06-01 00:33:57 INFO Best Saved | Epoch: 1 | Monitor: val_topology_loss | Value: 15.089
2026-06-01 00:33:57 INFO Best AUPRC Observed | Epoch: 1 | Value: 0.662
2026-06-01 00:33:57 INFO Epoch Done | All Subgraph Pairs: 3221295 | Bce Negative Pairs: 154979 | Bce Negative Ratio: 3.178 | Bce Positive Pairs: 48771 | Bce Supervised Fraction: 0.063 | Bce Target Negative Pairs: 243855 | Covered Positive Edges: 48771 | Edge Cover Sampling S: 201.193 | Epoch: 1 | Internal Val Graph Sim: 0.133 | Internal Val Topology S: 16.900 | Mean Positive Edge Reuse: 1.000 | Peak Gpu Mem Mb: 24874.820 | Planned Subgraphs: 1316 | Positive Edge Coverage Ratio: 1.000 | Supervised Pairs: 203750 | Topo Loss Scale: 1.000 | Total Positive Edges: 48771 | Train Forward Backward S: 126.887 | Train Loss: 1.144 | Val AUPRC: 0.662 | Val Pair Pass S: 207.944 | Val Threshold S: 0.000
2026-06-01 00:37:14 INFO Epoch Progress | Epoch: 2 | Loss: 0.834 | Progress: 0% | Step: 1/329
2026-06-01 00:37:40 INFO Epoch Progress | Epoch: 2 | Loss: 0.760 | Progress: 25% | Step: 83/329
2026-06-01 00:38:03 INFO Epoch Progress | Epoch: 2 | Loss: 0.738 | Progress: 50% | Step: 166/329
2026-06-01 00:38:27 INFO Epoch Progress | Epoch: 2 | Loss: 0.727 | Progress: 76% | Step: 249/329
2026-06-01 00:38:51 INFO Epoch Progress | Epoch: 2 | Loss: 0.716 | Progress: 100% | Step: 329/329
2026-06-01 00:42:44 INFO Best Saved | Epoch: 2 | Monitor: val_topology_loss | Value: 2.825
2026-06-01 00:42:44 INFO Best AUPRC Observed | Epoch: 2 | Value: 0.680
2026-06-01 00:42:44 INFO Epoch Done | All Subgraph Pairs: 3221295 | Bce Negative Pairs: 154979 | Bce Negative Ratio: 3.178 | Bce Positive Pairs: 48771 | Bce Supervised Fraction: 0.063 | Bce Target Negative Pairs: 243855 | Covered Positive Edges: 48771 | Edge Cover Sampling S: 199.250 | Epoch: 2 | Internal Val Graph Sim: 0.146 | Internal Val Topology S: 16.219 | Mean Positive Edge Reuse: 1.000 | Peak Gpu Mem Mb: 24874.820 | Planned Subgraphs: 1316 | Positive Edge Coverage Ratio: 1.000 | Supervised Pairs: 203750 | Topo Loss Scale: 1.000 | Total Positive Edges: 48771 | Train Forward Backward S: 94.870 | Train Loss: 0.714 | Val AUPRC: 0.680 | Val Pair Pass S: 208.905 | Val Threshold S: 0.000
2026-06-01 00:46:03 INFO Epoch Progress | Epoch: 3 | Loss: 0.668 | Progress: 0% | Step: 1/330
2026-06-01 00:46:27 INFO Epoch Progress | Epoch: 3 | Loss: 0.659 | Progress: 25% | Step: 83/330
2026-06-01 00:46:50 INFO Epoch Progress | Epoch: 3 | Loss: 0.644 | Progress: 50% | Step: 166/330
2026-06-01 00:47:13 INFO Epoch Progress | Epoch: 3 | Loss: 0.634 | Progress: 75% | Step: 249/330
2026-06-01 00:47:37 INFO Epoch Progress | Epoch: 3 | Loss: 0.623 | Progress: 100% | Step: 330/330
2026-06-01 00:51:37 INFO Best Saved | Epoch: 3 | Monitor: val_topology_loss | Value: 0.436
2026-06-01 00:51:37 INFO Best AUPRC Observed | Epoch: 3 | Value: 0.682
2026-06-01 00:51:37 INFO Epoch Done | All Subgraph Pairs: 3224455 | Bce Negative Pairs: 154979 | Bce Negative Ratio: 3.178 | Bce Positive Pairs: 48771 | Bce Supervised Fraction: 0.063 | Bce Target Negative Pairs: 243855 | Covered Positive Edges: 48771 | Edge Cover Sampling S: 201.519 | Epoch: 3 | Internal Val Graph Sim: 0.119 | Internal Val Topology S: 16.522 | Mean Positive Edge Reuse: 1.000 | Peak Gpu Mem Mb: 24874.820 | Planned Subgraphs: 1317 | Positive Edge Coverage Ratio: 1.000 | Supervised Pairs: 203750 | Topo Loss Scale: 1.000 | Total Positive Edges: 48771 | Train Forward Backward S: 94.061 | Train Loss: 0.619 | Val AUPRC: 0.682 | Val Pair Pass S: 207.592 | Val Threshold S: 0.000
2026-06-01 00:55:07 INFO Epoch Progress | Epoch: 4 | Loss: 0.531 | Progress: 0% | Step: 1/330
2026-06-01 00:55:31 INFO Epoch Progress | Epoch: 4 | Loss: 0.575 | Progress: 25% | Step: 83/330
2026-06-01 00:55:54 INFO Epoch Progress | Epoch: 4 | Loss: 0.577 | Progress: 50% | Step: 166/330
2026-06-01 00:56:18 INFO Epoch Progress | Epoch: 4 | Loss: 0.575 | Progress: 75% | Step: 249/330
2026-06-01 00:56:41 INFO Epoch Progress | Epoch: 4 | Loss: 0.573 | Progress: 100% | Step: 330/330
2026-06-01 01:00:30 INFO Best AUPRC Observed | Epoch: 4 | Value: 0.686
2026-06-01 01:00:30 INFO Epoch Done | All Subgraph Pairs: 3224455 | Bce Negative Pairs: 154979 | Bce Negative Ratio: 3.178 | Bce Positive Pairs: 48771 | Bce Supervised Fraction: 0.063 | Bce Target Negative Pairs: 243855 | Covered Positive Edges: 48771 | Edge Cover Sampling S: 208.733 | Epoch: 4 | Internal Val Graph Sim: 0.090 | Internal Val Topology S: 16.014 | Mean Positive Edge Reuse: 1.000 | Peak Gpu Mem Mb: 24874.820 | Planned Subgraphs: 1317 | Positive Edge Coverage Ratio: 1.000 | Supervised Pairs: 203750 | Topo Loss Scale: 1.000 | Total Positive Edges: 48771 | Train Forward Backward S: 94.483 | Train Loss: 0.570 | Val AUPRC: 0.686 | Val Pair Pass S: 208.395 | Val Threshold S: 0.000
2026-06-01 01:04:05 INFO Epoch Progress | Epoch: 5 | Loss: 0.613 | Progress: 0% | Step: 1/330
2026-06-01 01:04:29 INFO Epoch Progress | Epoch: 5 | Loss: 0.563 | Progress: 25% | Step: 83/330
2026-06-01 01:04:51 INFO Epoch Progress | Epoch: 5 | Loss: 0.561 | Progress: 50% | Step: 166/330
2026-06-01 01:05:14 INFO Epoch Progress | Epoch: 5 | Loss: 0.561 | Progress: 75% | Step: 249/330
2026-06-01 01:05:36 INFO Epoch Progress | Epoch: 5 | Loss: 0.561 | Progress: 100% | Step: 330/330
2026-06-01 01:09:26 INFO Best AUPRC Observed | Epoch: 5 | Value: 0.689
2026-06-01 01:09:26 INFO Epoch Done | All Subgraph Pairs: 3224455 | Bce Negative Pairs: 154979 | Bce Negative Ratio: 3.178 | Bce Positive Pairs: 48771 | Bce Supervised Fraction: 0.063 | Bce Target Negative Pairs: 243855 | Covered Positive Edges: 48771 | Edge Cover Sampling S: 213.350 | Epoch: 5 | Internal Val Graph Sim: 0.092 | Internal Val Topology S: 15.877 | Mean Positive Edge Reuse: 1.000 | Peak Gpu Mem Mb: 24874.820 | Planned Subgraphs: 1317 | Positive Edge Coverage Ratio: 1.000 | Supervised Pairs: 203750 | Topo Loss Scale: 1.000 | Total Positive Edges: 48771 | Train Forward Backward S: 93.288 | Train Loss: 0.561 | Val AUPRC: 0.689 | Val Pair Pass S: 207.228 | Val Threshold S: 0.000
2026-06-01 01:12:54 INFO Epoch Progress | Epoch: 6 | Loss: 0.535 | Progress: 0% | Step: 1/330
2026-06-01 01:13:18 INFO Epoch Progress | Epoch: 6 | Loss: 0.554 | Progress: 25% | Step: 83/330
2026-06-01 01:13:41 INFO Epoch Progress | Epoch: 6 | Loss: 0.556 | Progress: 50% | Step: 166/330
2026-06-01 01:14:05 INFO Epoch Progress | Epoch: 6 | Loss: 0.556 | Progress: 75% | Step: 249/330
2026-06-01 01:14:27 INFO Epoch Progress | Epoch: 6 | Loss: 0.555 | Progress: 100% | Step: 330/330
2026-06-01 01:18:22 INFO Best AUPRC Observed | Epoch: 6 | Value: 0.698
2026-06-01 01:18:22 INFO Epoch Done | All Subgraph Pairs: 3224455 | Bce Negative Pairs: 154979 | Bce Negative Ratio: 3.178 | Bce Positive Pairs: 48771 | Bce Supervised Fraction: 0.063 | Bce Target Negative Pairs: 243855 | Covered Positive Edges: 48771 | Edge Cover Sampling S: 205.627 | Epoch: 6 | Internal Val Graph Sim: 0.090 | Internal Val Topology S: 16.524 | Mean Positive Edge Reuse: 1.000 | Peak Gpu Mem Mb: 24874.820 | Planned Subgraphs: 1317 | Positive Edge Coverage Ratio: 1.000 | Supervised Pairs: 203750 | Topo Loss Scale: 1.000 | Total Positive Edges: 48771 | Train Forward Backward S: 93.798 | Train Loss: 0.558 | Val AUPRC: 0.698 | Val Pair Pass S: 209.898 | Val Threshold S: 0.000
2026-06-01 01:21:52 INFO Epoch Progress | Epoch: 7 | Loss: 0.574 | Progress: 0% | Step: 1/329
2026-06-01 01:22:18 INFO Epoch Progress | Epoch: 7 | Loss: 0.552 | Progress: 25% | Step: 83/329
2026-06-01 01:22:41 INFO Epoch Progress | Epoch: 7 | Loss: 0.556 | Progress: 50% | Step: 166/329
2026-06-01 01:23:06 INFO Epoch Progress | Epoch: 7 | Loss: 0.558 | Progress: 76% | Step: 249/329
2026-06-01 01:23:28 INFO Epoch Progress | Epoch: 7 | Loss: 0.556 | Progress: 100% | Step: 329/329
2026-06-01 01:27:15 INFO Best AUPRC Observed | Epoch: 7 | Value: 0.703
2026-06-01 01:27:15 INFO Epoch Done | All Subgraph Pairs: 3221295 | Bce Negative Pairs: 154979 | Bce Negative Ratio: 3.178 | Bce Positive Pairs: 48771 | Bce Supervised Fraction: 0.063 | Bce Target Negative Pairs: 243855 | Covered Positive Edges: 48771 | Edge Cover Sampling S: 206.202 | Epoch: 7 | Internal Val Graph Sim: 0.094 | Internal Val Topology S: 16.393 | Mean Positive Edge Reuse: 1.000 | Peak Gpu Mem Mb: 24874.820 | Planned Subgraphs: 1316 | Positive Edge Coverage Ratio: 1.000 | Supervised Pairs: 203750 | Topo Loss Scale: 1.000 | Total Positive Edges: 48771 | Train Forward Backward S: 96.127 | Train Loss: 0.555 | Val AUPRC: 0.703 | Val Pair Pass S: 210.343 | Val Threshold S: 0.000
2026-06-01 01:27:15 INFO Early Stop | Epoch: 7
2026-06-01 01:27:15 INFO Stage Done | Run Id: p0_fixed
