2026-04-26 17:34:26 INFO Pipeline Runtime | Device: cuda:0 | Distributed: True | Test Batches: 1691 | Train Batches: 762 | Valid Batches: 762 | World Size: 4
2026-04-26 17:34:26 INFO Stage Start | Checkpoint: models/v3/train/20260308_002906/best_model.pth | Init Mode: warm_start | Run Id: ws_n100
2026-04-26 17:35:20 INFO Finetune Config | Epochs: 20 | Internal Validation Compute Spectral Stats: False | Internal Validation Inference Batch Size: 128 | Internal Validation Node Sizes: [20, 40, 60, 80, 100, 120, 140, 160, 180, 200] | Internal Validation Pairs: 1529000 | Internal Validation Subgraphs: 200 | Monitor: val_loss | Pair Batch Size: 32
2026-04-26 17:37:35 INFO Bce Negative Assignment Clipped | Actual Negative Pairs: 154979 | Bce Negative Ratio: 5 | Target Negative Pairs: 243855
2026-04-26 17:38:56 INFO Epoch Progress | Epoch: 1 | Loss: 1.3322 | Progress: 0% | Step: 1/229
2026-04-26 18:09:59 INFO Pipeline Runtime | Device: cuda:0 | Distributed: True | Test Batches: 1691 | Train Batches: 762 | Valid Batches: 762 | World Size: 4
2026-04-26 18:09:59 INFO Stage Start | Checkpoint: models/v3/train/20260308_002906/best_model.pth | Init Mode: warm_start | Run Id: ws_n100
2026-04-26 18:10:54 INFO Finetune Config | Epochs: 20 | Internal Validation Compute Spectral Stats: False | Internal Validation Inference Batch Size: 128 | Internal Validation Node Sizes: [20, 40, 60, 80, 100, 120, 140, 160, 180, 200] | Internal Validation Pairs: 1529000 | Internal Validation Subgraphs: 200 | Monitor: val_loss | Pair Batch Size: 32
2026-04-26 18:13:11 INFO Bce Negative Assignment Clipped | Actual Negative Pairs: 154979 | Bce Negative Ratio: 5 | Target Negative Pairs: 243855
2026-04-26 18:14:32 INFO Epoch Progress | Epoch: 1 | Loss: 1.3322 | Progress: 0% | Step: 1/229
2026-04-26 21:32:28 INFO Pipeline Runtime | Device: cuda:0 | Distributed: True | Test Batches: 1691 | Train Batches: 762 | Valid Batches: 762 | World Size: 4
2026-04-26 21:32:28 INFO Stage Start | Checkpoint: models/v3/train/20260308_002906/best_model.pth | Init Mode: warm_start | Run Id: ws_n100
2026-04-26 21:33:18 INFO Finetune Config | Epochs: 20 | Internal Validation Compute Spectral Stats: False | Internal Validation Inference Batch Size: 128 | Internal Validation Node Sizes: [20, 40, 60, 80, 100, 120, 140, 160, 180, 200] | Internal Validation Pairs: 1529000 | Internal Validation Subgraphs: 200 | Monitor: val_loss | Pair Batch Size: 32
2026-04-26 21:35:29 INFO Bce Negative Assignment Clipped | Actual Negative Pairs: 154979 | Bce Negative Ratio: 5 | Target Negative Pairs: 243855
2026-04-26 21:36:51 INFO Epoch Progress | Epoch: 1 | Loss: 1.3322 | Progress: 0% | Step: 1/229
2026-04-26 23:04:59 INFO Pipeline Runtime | Device: cuda:0 | Distributed: True | Test Batches: 1691 | Train Batches: 762 | Valid Batches: 762 | World Size: 4
2026-04-26 23:04:59 INFO Stage Start | Checkpoint: models/v3/train/20260308_002906/best_model.pth | Init Mode: warm_start | Run Id: ws_n100
2026-04-26 23:05:52 INFO Finetune Config | Epochs: 20 | Internal Validation Compute Spectral Stats: False | Internal Validation Inference Batch Size: 128 | Internal Validation Node Sizes: [20, 40, 60, 80, 100, 120, 140, 160, 180, 200] | Internal Validation Pairs: 1529000 | Internal Validation Subgraphs: 200 | Monitor: val_loss | Pair Batch Size: 32
2026-04-26 23:08:11 INFO Bce Negative Assignment Clipped | Actual Negative Pairs: 154979 | Bce Negative Ratio: 5 | Target Negative Pairs: 243855
2026-04-26 23:09:33 INFO Epoch Progress | Epoch: 1 | Loss: 1.3322 | Progress: 0% | Step: 1/229
2026-04-27 00:25:16 INFO Epoch Progress | Epoch: 1 | Loss: 1.3110 | Progress: 25% | Step: 58/229
2026-04-27 01:42:13 INFO Epoch Progress | Epoch: 1 | Loss: 1.2902 | Progress: 51% | Step: 116/229
2026-04-27 02:54:16 INFO Epoch Progress | Epoch: 1 | Loss: 1.3911 | Progress: 76% | Step: 174/229
2026-04-27 03:59:12 INFO Epoch Progress | Epoch: 1 | Loss: 1.5375 | Progress: 100% | Step: 229/229
2026-04-27 04:39:06 INFO Best Saved | Epoch: 1 | Monitor: val_loss | Value: 5.1601
2026-04-27 04:39:06 INFO Epoch Done | All Subgraph Pairs: 4524300 | Bce Negative Pairs: 154979 | Bce Negative Ratio: 3.1777 | Bce Positive Pairs: 48771 | Bce Supervised Fraction: 0.0450 | Bce Target Negative Pairs: 243855 | Covered Positive Edges: 48771 | Edge Cover Sampling S: 137.4805 | Epoch: 1 | Internal Val Graph Sim: 0.2277 | Internal Val Topology S: 2215.7266 | Mean Positive Edge Reuse: 1.0000 | Peak Gpu Mem Mb: 21783.3223 | Planned Subgraphs: 914 | Positive Edge Coverage Ratio: 1.0000 | Supervised Pairs: 203750 | Topo Loss Scale: 1.0000 | Total Positive Edges: 48771 | Train Forward Backward S: 17447.2761 | Train Loss: 1.5317 | Val AUPRC: 0.9295 | Val Pair Pass S: 177.6907 | Val Threshold S: 0.0000
2026-04-27 04:41:14 INFO Bce Negative Assignment Clipped | Actual Negative Pairs: 154979 | Bce Negative Ratio: 5 | Target Negative Pairs: 243855
2026-04-27 04:42:38 INFO Epoch Progress | Epoch: 2 | Loss: 1.2376 | Progress: 0% | Step: 1/229
2026-04-27 05:57:39 INFO Epoch Progress | Epoch: 2 | Loss: 1.1976 | Progress: 25% | Step: 58/229
2026-04-27 07:14:30 INFO Epoch Progress | Epoch: 2 | Loss: 1.1746 | Progress: 51% | Step: 116/229
2026-04-27 08:26:50 INFO Epoch Progress | Epoch: 2 | Loss: 1.2715 | Progress: 76% | Step: 174/229
2026-04-27 09:31:06 INFO Epoch Progress | Epoch: 2 | Loss: 1.3927 | Progress: 100% | Step: 229/229
2026-04-27 10:11:19 INFO Epoch Done | All Subgraph Pairs: 4524300 | Bce Negative Pairs: 154979 | Bce Negative Ratio: 3.1777 | Bce Positive Pairs: 48771 | Bce Supervised Fraction: 0.0450 | Bce Target Negative Pairs: 243855 | Covered Positive Edges: 48771 | Edge Cover Sampling S: 129.5837 | Epoch: 2 | Internal Val Graph Sim: 0.2220 | Internal Val Topology S: 2237.8190 | Mean Positive Edge Reuse: 1.0000 | Peak Gpu Mem Mb: 21766.0420 | Planned Subgraphs: 914 | Positive Edge Coverage Ratio: 1.0000 | Supervised Pairs: 203750 | Topo Loss Scale: 1.0000 | Total Positive Edges: 48771 | Train Forward Backward S: 17375.8958 | Train Loss: 1.3789 | Val AUPRC: 0.9282 | Val Pair Pass S: 175.3450 | Val Threshold S: 0.0000
2026-04-27 10:13:27 INFO Bce Negative Assignment Clipped | Actual Negative Pairs: 154979 | Bce Negative Ratio: 5 | Target Negative Pairs: 243855
2026-04-27 10:14:39 INFO Epoch Progress | Epoch: 3 | Loss: 1.0602 | Progress: 0% | Step: 1/229
2026-04-27 11:30:20 INFO Epoch Progress | Epoch: 3 | Loss: 1.0900 | Progress: 25% | Step: 58/229
2026-04-27 12:47:39 INFO Epoch Progress | Epoch: 3 | Loss: 1.0694 | Progress: 51% | Step: 116/229
2026-04-27 13:59:48 INFO Epoch Progress | Epoch: 3 | Loss: 1.1714 | Progress: 76% | Step: 174/229
2026-04-27 15:04:27 INFO Epoch Progress | Epoch: 3 | Loss: 1.3054 | Progress: 100% | Step: 229/229
2026-04-27 15:44:29 INFO Epoch Done | All Subgraph Pairs: 4529250 | Bce Negative Pairs: 154979 | Bce Negative Ratio: 3.1777 | Bce Positive Pairs: 48771 | Bce Supervised Fraction: 0.0450 | Bce Target Negative Pairs: 243855 | Covered Positive Edges: 48771 | Edge Cover Sampling S: 130.6094 | Epoch: 3 | Internal Val Graph Sim: 0.2271 | Internal Val Topology S: 2224.7218 | Mean Positive Edge Reuse: 1.0000 | Peak Gpu Mem Mb: 21799.6719 | Planned Subgraphs: 915 | Positive Edge Coverage Ratio: 1.0000 | Supervised Pairs: 203750 | Topo Loss Scale: 1.0000 | Total Positive Edges: 48771 | Train Forward Backward S: 17442.3673 | Train Loss: 1.3160 | Val AUPRC: 0.9284 | Val Pair Pass S: 176.4091 | Val Threshold S: 0.0000
2026-04-27 15:46:45 INFO Bce Negative Assignment Clipped | Actual Negative Pairs: 154979 | Bce Negative Ratio: 5 | Target Negative Pairs: 243855
2026-04-27 15:48:01 INFO Epoch Progress | Epoch: 4 | Loss: 0.8323 | Progress: 0% | Step: 1/229
2026-04-27 17:03:37 INFO Epoch Progress | Epoch: 4 | Loss: 0.9292 | Progress: 25% | Step: 58/229
2026-04-27 18:20:41 INFO Epoch Progress | Epoch: 4 | Loss: 0.9326 | Progress: 51% | Step: 116/229
2026-04-27 19:32:49 INFO Epoch Progress | Epoch: 4 | Loss: 1.0633 | Progress: 76% | Step: 174/229
2026-04-27 20:37:52 INFO Epoch Progress | Epoch: 4 | Loss: 1.2342 | Progress: 100% | Step: 229/229
2026-04-27 21:17:50 INFO Epoch Done | All Subgraph Pairs: 4529250 | Bce Negative Pairs: 154979 | Bce Negative Ratio: 3.1777 | Bce Positive Pairs: 48771 | Bce Supervised Fraction: 0.0450 | Bce Target Negative Pairs: 243855 | Covered Positive Edges: 48771 | Edge Cover Sampling S: 138.6759 | Epoch: 4 | Internal Val Graph Sim: 0.2319 | Internal Val Topology S: 2221.0485 | Mean Positive Edge Reuse: 1.0000 | Peak Gpu Mem Mb: 21799.6719 | Planned Subgraphs: 915 | Positive Edge Coverage Ratio: 1.0000 | Supervised Pairs: 203750 | Topo Loss Scale: 1.0000 | Total Positive Edges: 48771 | Train Forward Backward S: 17450.1483 | Train Loss: 1.2326 | Val AUPRC: 0.9291 | Val Pair Pass S: 176.5427 | Val Threshold S: 0.0000
2026-04-27 21:19:59 INFO Bce Negative Assignment Clipped | Actual Negative Pairs: 154979 | Bce Negative Ratio: 5 | Target Negative Pairs: 243855
2026-04-27 21:21:15 INFO Epoch Progress | Epoch: 5 | Loss: 0.8516 | Progress: 0% | Step: 1/229
2026-04-27 22:37:08 INFO Epoch Progress | Epoch: 5 | Loss: 0.8367 | Progress: 25% | Step: 58/229
2026-04-27 23:53:26 INFO Epoch Progress | Epoch: 5 | Loss: 0.8255 | Progress: 51% | Step: 116/229
2026-04-28 01:05:35 INFO Epoch Progress | Epoch: 5 | Loss: 0.9849 | Progress: 76% | Step: 174/229
2026-04-28 02:10:24 INFO Epoch Progress | Epoch: 5 | Loss: 1.1704 | Progress: 100% | Step: 229/229
2026-04-28 02:50:20 INFO Epoch Done | All Subgraph Pairs: 4524300 | Bce Negative Pairs: 154979 | Bce Negative Ratio: 3.1777 | Bce Positive Pairs: 48771 | Bce Supervised Fraction: 0.0450 | Bce Target Negative Pairs: 243855 | Covered Positive Edges: 48771 | Edge Cover Sampling S: 127.9279 | Epoch: 5 | Internal Val Graph Sim: 0.2338 | Internal Val Topology S: 2218.9997 | Mean Positive Edge Reuse: 1.0000 | Peak Gpu Mem Mb: 21799.6719 | Planned Subgraphs: 914 | Positive Edge Coverage Ratio: 1.0000 | Supervised Pairs: 203750 | Topo Loss Scale: 1.0000 | Total Positive Edges: 48771 | Train Forward Backward S: 17411.0159 | Train Loss: 1.1664 | Val AUPRC: 0.9310 | Val Pair Pass S: 176.7104 | Val Threshold S: 0.0001
2026-04-28 02:50:20 INFO Early Stop | Epoch: 5
2026-04-28 02:50:20 INFO Stage Done | Run Id: ws_n100
