2026-05-16 01:16:43 INFO Pipeline Runtime | Device: cuda:0 | Distributed: True | Test Batches: 1691 | Train Batches: 812 | Valid Batches: 762 | World Size: 4
2026-05-16 01:16:43 INFO Stage Start | Run Id: tuna64_sngp_official_s47
2026-05-16 01:16:47 INFO Train Config | Epochs: 50 | Monitor: auprc | Patience: 10
2026-05-16 01:16:47 INFO Epoch Start | Epoch: 1
2026-05-16 01:16:52 INFO Epoch Progress | Epoch: 1 | Loss: 0.6992 | LR: 4.00023e-06 | Progress: 0% | Step: 1/812
2026-05-16 01:17:53 INFO Epoch Progress | Epoch: 1 | Loss: 0.6925 | LR: 1.31716e-05 | Progress: 25% | Step: 203/812
2026-05-16 01:18:55 INFO Epoch Progress | Epoch: 1 | Loss: 0.6909 | LR: 3.71813e-05 | Progress: 50% | Step: 406/812
2026-05-16 01:19:57 INFO Epoch Progress | Epoch: 1 | Loss: 0.6882 | LR: 6.6854e-05 | Progress: 75% | Step: 609/812
2026-05-16 01:20:59 INFO Epoch Progress | Epoch: 1 | Loss: 0.6814 | LR: 9.08503e-05 | Progress: 100% | Step: 812/812
2026-05-16 01:24:55 INFO CSV Written | Epoch: 1
2026-05-16 01:24:58 INFO Best Saved | Epoch: 1 | Monitor: val_auprc | Value: 0.7385
2026-05-16 01:24:58 INFO Epoch Done | Epoch: 1 | Time: 487.5337 | Train Loss: 0.6816 | Val Accuracy: 0.6902 | Val AUPRC: 0.7385 | Val Auroc: 0.7628 | Val F1: 0.6857 | Val Loss: 0.6464
2026-05-16 01:24:58 INFO Epoch Start | Epoch: 2
2026-05-16 01:25:00 INFO Epoch Progress | Epoch: 2 | Loss: 0.6160 | LR: 9.09374e-05 | Progress: 0% | Step: 1/812
2026-05-16 01:26:00 INFO Epoch Progress | Epoch: 2 | Loss: 0.6253 | LR: 0.0001 | Progress: 25% | Step: 203/812
2026-05-16 01:27:01 INFO Epoch Progress | Epoch: 2 | Loss: 0.6099 | LR: 9.98779e-05 | Progress: 50% | Step: 406/812
2026-05-16 01:28:02 INFO Epoch Progress | Epoch: 2 | Loss: 0.5981 | LR: 9.95128e-05 | Progress: 75% | Step: 609/812
2026-05-16 01:29:02 INFO Epoch Progress | Epoch: 2 | Loss: 0.5874 | LR: 9.89065e-05 | Progress: 100% | Step: 812/812
2026-05-16 01:33:06 INFO CSV Written | Epoch: 2
2026-05-16 01:33:06 INFO Best Saved | Epoch: 2 | Monitor: val_auprc | Value: 0.8076
2026-05-16 01:33:06 INFO Epoch Done | Epoch: 2 | Time: 488.4875 | Train Loss: 0.5876 | Val Accuracy: 0.7559 | Val AUPRC: 0.8076 | Val Auroc: 0.8281 | Val F1: 0.7712 | Val Loss: 0.5507
2026-05-16 01:33:06 INFO Epoch Start | Epoch: 3
2026-05-16 01:33:09 INFO Epoch Progress | Epoch: 3 | Loss: 0.5120 | LR: 9.89029e-05 | Progress: 0% | Step: 1/812
2026-05-16 01:34:10 INFO Epoch Progress | Epoch: 3 | Loss: 0.5439 | LR: 9.80619e-05 | Progress: 25% | Step: 203/812
2026-05-16 01:35:12 INFO Epoch Progress | Epoch: 3 | Loss: 0.5357 | LR: 9.69832e-05 | Progress: 50% | Step: 406/812
2026-05-16 01:36:14 INFO Epoch Progress | Epoch: 3 | Loss: 0.5284 | LR: 9.56755e-05 | Progress: 75% | Step: 609/812
2026-05-16 01:37:16 INFO Epoch Progress | Epoch: 3 | Loss: 0.5237 | LR: 9.41454e-05 | Progress: 100% | Step: 812/812
2026-05-16 01:41:08 INFO CSV Written | Epoch: 3
2026-05-16 01:41:08 INFO Best Saved | Epoch: 3 | Monitor: val_auprc | Value: 0.8429
2026-05-16 01:41:08 INFO Epoch Done | Epoch: 3 | Time: 481.4889 | Train Loss: 0.5230 | Val Accuracy: 0.7717 | Val AUPRC: 0.8429 | Val Auroc: 0.8514 | Val F1: 0.7854 | Val Loss: 0.5140
2026-05-16 01:41:08 INFO Epoch Start | Epoch: 4
2026-05-16 01:41:10 INFO Epoch Progress | Epoch: 4 | Loss: 0.5393 | LR: 9.41373e-05 | Progress: 0% | Step: 1/812
2026-05-16 01:42:12 INFO Epoch Progress | Epoch: 4 | Loss: 0.4938 | LR: 9.24002e-05 | Progress: 25% | Step: 203/812
2026-05-16 01:43:12 INFO Epoch Progress | Epoch: 4 | Loss: 0.4932 | LR: 9.04484e-05 | Progress: 50% | Step: 406/812
2026-05-16 01:44:13 INFO Epoch Progress | Epoch: 4 | Loss: 0.4943 | LR: 8.82995e-05 | Progress: 75% | Step: 609/812
2026-05-16 01:45:13 INFO Epoch Progress | Epoch: 4 | Loss: 0.4918 | LR: 8.59641e-05 | Progress: 100% | Step: 812/812
2026-05-16 01:49:17 INFO CSV Written | Epoch: 4
2026-05-16 01:49:17 INFO Best Saved | Epoch: 4 | Monitor: val_auprc | Value: 0.8620
2026-05-16 01:49:17 INFO Epoch Done | Epoch: 4 | Time: 489.4090 | Train Loss: 0.4919 | Val Accuracy: 0.7855 | Val AUPRC: 0.8620 | Val Auroc: 0.8677 | Val F1: 0.8006 | Val Loss: 0.4911
2026-05-16 01:49:17 INFO Epoch Start | Epoch: 5
2026-05-16 01:49:19 INFO Epoch Progress | Epoch: 5 | Loss: 0.4576 | LR: 8.59521e-05 | Progress: 0% | Step: 1/812
2026-05-16 01:50:22 INFO Epoch Progress | Epoch: 5 | Loss: 0.4789 | LR: 8.34534e-05 | Progress: 25% | Step: 203/812
2026-05-16 01:51:25 INFO Epoch Progress | Epoch: 5 | Loss: 0.4726 | LR: 8.07798e-05 | Progress: 50% | Step: 406/812
2026-05-16 01:52:27 INFO Epoch Progress | Epoch: 5 | Loss: 0.4719 | LR: 7.79562e-05 | Progress: 75% | Step: 609/812
2026-05-16 01:53:28 INFO Epoch Progress | Epoch: 5 | Loss: 0.4716 | LR: 7.49964e-05 | Progress: 100% | Step: 812/812
2026-05-16 01:57:25 INFO CSV Written | Epoch: 5
2026-05-16 01:57:25 INFO Best Saved | Epoch: 5 | Monitor: val_auprc | Value: 0.8688
2026-05-16 01:57:25 INFO Epoch Done | Epoch: 5 | Time: 487.9042 | Train Loss: 0.4724 | Val Accuracy: 0.7909 | Val AUPRC: 0.8688 | Val Auroc: 0.8742 | Val F1: 0.8061 | Val Loss: 0.4806
2026-05-16 01:57:25 INFO Epoch Start | Epoch: 6
2026-05-16 01:57:39 INFO Epoch Progress | Epoch: 6 | Loss: 0.9856 | LR: 7.49815e-05 | Progress: 1% | Step: 1/190
2026-05-16 01:58:44 INFO Epoch Progress | Epoch: 6 | Loss: 0.8060 | LR: 7.42782e-05 | Progress: 25% | Step: 48/190
2026-05-16 01:59:49 INFO Epoch Progress | Epoch: 6 | Loss: 0.7572 | LR: 7.35534e-05 | Progress: 51% | Step: 96/190
2026-05-16 02:00:52 INFO Epoch Progress | Epoch: 6 | Loss: 0.7395 | LR: 7.28221e-05 | Progress: 76% | Step: 144/190
2026-05-16 02:01:50 INFO Epoch Progress | Epoch: 6 | Loss: 0.7306 | LR: 7.21155e-05 | Progress: 100% | Step: 190/190
2026-05-16 02:06:00 INFO CSV Written | Epoch: 6
2026-05-16 02:06:00 INFO Epoch Done | Epoch: 6 | Time: 514.2251 | Train Loss: 0.7293 | Val Accuracy: 0.6930 | Val AUPRC: 0.7909 | Val Auroc: 0.7960 | Val F1: 0.7418 | Val Loss: 0.6841
2026-05-16 02:06:00 INFO Epoch Start | Epoch: 7
2026-05-16 02:06:10 INFO Epoch Progress | Epoch: 7 | Loss: 0.7048 | LR: 7.21001e-05 | Progress: 1% | Step: 1/190
2026-05-16 02:07:14 INFO Epoch Progress | Epoch: 7 | Loss: 0.7020 | LR: 7.13723e-05 | Progress: 25% | Step: 48/190
2026-05-16 02:08:19 INFO Epoch Progress | Epoch: 7 | Loss: 0.7016 | LR: 7.06232e-05 | Progress: 51% | Step: 96/190
2026-05-16 02:09:23 INFO Epoch Progress | Epoch: 7 | Loss: 0.7011 | LR: 6.98686e-05 | Progress: 76% | Step: 144/190
2026-05-16 02:10:21 INFO Epoch Progress | Epoch: 7 | Loss: 0.7007 | LR: 6.91403e-05 | Progress: 100% | Step: 190/190
2026-05-16 02:14:25 INFO CSV Written | Epoch: 7
2026-05-16 02:14:25 INFO Epoch Done | Epoch: 7 | Time: 505.3964 | Train Loss: 0.7006 | Val Accuracy: 0.6818 | Val AUPRC: 0.7889 | Val Auroc: 0.7942 | Val F1: 0.7387 | Val Loss: 0.6862
2026-05-16 02:14:25 INFO Epoch Start | Epoch: 8
2026-05-16 02:14:36 INFO Epoch Progress | Epoch: 8 | Loss: 0.6989 | LR: 6.91244e-05 | Progress: 1% | Step: 1/190
2026-05-16 02:15:40 INFO Epoch Progress | Epoch: 8 | Loss: 0.6994 | LR: 6.83752e-05 | Progress: 25% | Step: 48/190
2026-05-16 02:16:46 INFO Epoch Progress | Epoch: 8 | Loss: 0.6993 | LR: 6.76051e-05 | Progress: 51% | Step: 96/190
2026-05-16 02:17:52 INFO Epoch Progress | Epoch: 8 | Loss: 0.6991 | LR: 6.68302e-05 | Progress: 76% | Step: 144/190
2026-05-16 02:18:53 INFO Epoch Progress | Epoch: 8 | Loss: 0.6987 | LR: 6.60833e-05 | Progress: 100% | Step: 190/190
2026-05-16 02:22:55 INFO CSV Written | Epoch: 8
2026-05-16 02:22:55 INFO Epoch Done | Epoch: 8 | Time: 509.6578 | Train Loss: 0.6987 | Val Accuracy: 0.6706 | Val AUPRC: 0.7847 | Val Auroc: 0.7900 | Val F1: 0.7356 | Val Loss: 0.6876
2026-05-16 02:22:55 INFO Epoch Start | Epoch: 9
2026-05-16 02:23:06 INFO Epoch Progress | Epoch: 9 | Loss: 0.6967 | LR: 6.6067e-05 | Progress: 1% | Step: 1/190
2026-05-16 02:24:10 INFO Epoch Progress | Epoch: 9 | Loss: 0.6981 | LR: 6.52996e-05 | Progress: 25% | Step: 48/190
2026-05-16 02:25:15 INFO Epoch Progress | Epoch: 9 | Loss: 0.6978 | LR: 6.45118e-05 | Progress: 51% | Step: 96/190
2026-05-16 02:26:21 INFO Epoch Progress | Epoch: 9 | Loss: 0.6977 | LR: 6.372e-05 | Progress: 76% | Step: 144/190
2026-05-16 02:27:21 INFO Epoch Progress | Epoch: 9 | Loss: 0.6976 | LR: 6.29577e-05 | Progress: 100% | Step: 190/190
2026-05-16 02:31:21 INFO CSV Written | Epoch: 9
2026-05-16 02:31:21 INFO Epoch Done | Epoch: 9 | Time: 506.1326 | Train Loss: 0.6975 | Val Accuracy: 0.6609 | Val AUPRC: 0.7675 | Val Auroc: 0.7702 | Val F1: 0.7240 | Val Loss: 0.6888
2026-05-16 02:31:21 INFO Epoch Start | Epoch: 10
2026-05-16 02:31:32 INFO Epoch Progress | Epoch: 10 | Loss: 0.6965 | LR: 6.29411e-05 | Progress: 1% | Step: 1/190
2026-05-16 02:32:35 INFO Epoch Progress | Epoch: 10 | Loss: 0.6971 | LR: 6.21588e-05 | Progress: 25% | Step: 48/190
2026-05-16 02:33:40 INFO Epoch Progress | Epoch: 10 | Loss: 0.6970 | LR: 6.13566e-05 | Progress: 51% | Step: 96/190
2026-05-16 02:34:44 INFO Epoch Progress | Epoch: 10 | Loss: 0.6969 | LR: 6.05513e-05 | Progress: 76% | Step: 144/190
2026-05-16 02:35:43 INFO Epoch Progress | Epoch: 10 | Loss: 0.6968 | LR: 5.97768e-05 | Progress: 100% | Step: 190/190
2026-05-16 02:39:48 INFO CSV Written | Epoch: 10
2026-05-16 02:39:48 INFO Epoch Done | Epoch: 10 | Time: 507.3602 | Train Loss: 0.6968 | Val Accuracy: 0.6568 | Val AUPRC: 0.7812 | Val Auroc: 0.7871 | Val F1: 0.7301 | Val Loss: 0.6889
2026-05-16 02:39:48 INFO Epoch Start | Epoch: 11
2026-05-16 02:39:57 INFO Epoch Progress | Epoch: 11 | Loss: 0.6963 | LR: 5.97599e-05 | Progress: 1% | Step: 1/190
2026-05-16 02:41:02 INFO Epoch Progress | Epoch: 11 | Loss: 0.6962 | LR: 5.89661e-05 | Progress: 25% | Step: 48/190
2026-05-16 02:42:06 INFO Epoch Progress | Epoch: 11 | Loss: 0.6962 | LR: 5.81529e-05 | Progress: 51% | Step: 96/190
2026-05-16 02:43:14 INFO Epoch Progress | Epoch: 11 | Loss: 0.6963 | LR: 5.73375e-05 | Progress: 76% | Step: 144/190
2026-05-16 02:44:15 INFO Epoch Progress | Epoch: 11 | Loss: 0.6962 | LR: 5.65542e-05 | Progress: 100% | Step: 190/190
2026-05-16 02:48:21 INFO CSV Written | Epoch: 11
2026-05-16 02:48:21 INFO Epoch Done | Epoch: 11 | Time: 512.6935 | Train Loss: 0.6962 | Val Accuracy: 0.6335 | Val AUPRC: 0.7569 | Val Auroc: 0.7583 | Val F1: 0.7134 | Val Loss: 0.6899
2026-05-16 02:48:21 INFO Epoch Start | Epoch: 12
2026-05-16 02:48:33 INFO Epoch Progress | Epoch: 12 | Loss: 0.6951 | LR: 5.65371e-05 | Progress: 1% | Step: 1/190
2026-05-16 02:49:44 INFO Epoch Progress | Epoch: 12 | Loss: 0.6959 | LR: 5.57351e-05 | Progress: 25% | Step: 48/190
2026-05-16 02:50:54 INFO Epoch Progress | Epoch: 12 | Loss: 0.6959 | LR: 5.49144e-05 | Progress: 51% | Step: 96/190
2026-05-16 02:52:06 INFO Epoch Progress | Epoch: 12 | Loss: 0.6959 | LR: 5.40924e-05 | Progress: 76% | Step: 144/190
2026-05-16 02:53:09 INFO Epoch Progress | Epoch: 12 | Loss: 0.6959 | LR: 5.33036e-05 | Progress: 100% | Step: 190/190
2026-05-16 02:57:15 INFO CSV Written | Epoch: 12
2026-05-16 02:57:15 INFO Epoch Done | Epoch: 12 | Time: 534.5225 | Train Loss: 0.6959 | Val Accuracy: 0.6399 | Val AUPRC: 0.7620 | Val Auroc: 0.7658 | Val F1: 0.7170 | Val Loss: 0.6900
2026-05-16 02:57:15 INFO Epoch Start | Epoch: 13
2026-05-16 02:57:26 INFO Epoch Progress | Epoch: 13 | Loss: 0.6959 | LR: 5.32864e-05 | Progress: 1% | Step: 1/190
2026-05-16 02:58:34 INFO Epoch Progress | Epoch: 13 | Loss: 0.6959 | LR: 5.24796e-05 | Progress: 25% | Step: 48/190
2026-05-16 02:59:45 INFO Epoch Progress | Epoch: 13 | Loss: 0.6957 | LR: 5.16549e-05 | Progress: 51% | Step: 96/190
2026-05-16 03:00:56 INFO Epoch Progress | Epoch: 13 | Loss: 0.6956 | LR: 5.08298e-05 | Progress: 76% | Step: 144/190
2026-05-16 03:02:00 INFO Epoch Progress | Epoch: 13 | Loss: 0.6955 | LR: 5.00389e-05 | Progress: 100% | Step: 190/190
2026-05-16 03:05:59 INFO CSV Written | Epoch: 13
2026-05-16 03:05:59 INFO Epoch Done | Epoch: 13 | Time: 523.1808 | Train Loss: 0.6955 | Val Accuracy: 0.6009 | Val AUPRC: 0.7394 | Val Auroc: 0.7419 | Val F1: 0.7014 | Val Loss: 0.6907
2026-05-16 03:05:59 INFO Epoch Start | Epoch: 14
2026-05-16 03:06:10 INFO Epoch Progress | Epoch: 14 | Loss: 0.6950 | LR: 5.00217e-05 | Progress: 1% | Step: 1/190
2026-05-16 03:07:19 INFO Epoch Progress | Epoch: 14 | Loss: 0.6953 | LR: 4.92135e-05 | Progress: 25% | Step: 48/190
2026-05-16 03:08:28 INFO Epoch Progress | Epoch: 14 | Loss: 0.6952 | LR: 4.83884e-05 | Progress: 51% | Step: 96/190
2026-05-16 03:09:37 INFO Epoch Progress | Epoch: 14 | Loss: 0.6953 | LR: 4.75637e-05 | Progress: 76% | Step: 144/190
2026-05-16 03:10:42 INFO Epoch Progress | Epoch: 14 | Loss: 0.6953 | LR: 4.6774e-05 | Progress: 100% | Step: 190/190
2026-05-16 03:14:36 INFO CSV Written | Epoch: 14
2026-05-16 03:14:36 INFO Epoch Done | Epoch: 14 | Time: 517.3003 | Train Loss: 0.6953 | Val Accuracy: 0.6122 | Val AUPRC: 0.7504 | Val Auroc: 0.7518 | Val F1: 0.7061 | Val Loss: 0.6907
2026-05-16 03:14:36 INFO Epoch Start | Epoch: 15
2026-05-16 03:14:46 INFO Epoch Progress | Epoch: 15 | Loss: 0.6953 | LR: 4.67569e-05 | Progress: 1% | Step: 1/190
2026-05-16 03:15:56 INFO Epoch Progress | Epoch: 15 | Loss: 0.6952 | LR: 4.59508e-05 | Progress: 25% | Step: 48/190
2026-05-16 03:17:07 INFO Epoch Progress | Epoch: 15 | Loss: 0.6951 | LR: 4.51288e-05 | Progress: 51% | Step: 96/190
2026-05-16 03:18:17 INFO Epoch Progress | Epoch: 15 | Loss: 0.6951 | LR: 4.4308e-05 | Progress: 76% | Step: 144/190
2026-05-16 03:19:22 INFO Epoch Progress | Epoch: 15 | Loss: 0.6951 | LR: 4.35229e-05 | Progress: 100% | Step: 190/190
2026-05-16 03:23:29 INFO CSV Written | Epoch: 15
2026-05-16 03:23:29 INFO Epoch Done | Epoch: 15 | Time: 533.0999 | Train Loss: 0.6951 | Val Accuracy: 0.6020 | Val AUPRC: 0.7390 | Val Auroc: 0.7370 | Val F1: 0.6995 | Val Loss: 0.6910
2026-05-16 03:23:29 INFO Early Stop | Epoch: 15
2026-05-16 03:23:29 INFO Stage Done | Run Id: tuna64_sngp_official_s47
