2026-05-23 07:24:28 INFO Pipeline Runtime | Device: cuda:0 | Distributed: True | Test Batches: 1691 | Train Batches: 812 | Valid Batches: 762 | World Size: 4
2026-05-23 07:24:28 INFO Stage Start | Run Id: pair_context_gated_abba_block_sn_d512_s47
2026-05-23 07:24:31 INFO Train Config | Epochs: 50 | Monitor: auprc | Patience: 10
2026-05-23 07:24:31 INFO Epoch Start | Epoch: 1
2026-05-23 07:24:36 INFO Epoch Progress | Epoch: 1 | Loss: 0.6621 | LR: 4e-06 | Progress: 0% | Step: 1/812
2026-05-23 07:26:52 INFO Epoch Progress | Epoch: 1 | Loss: 0.6638 | LR: 1.29976e-05 | Progress: 25% | Step: 203/812
2026-05-23 07:29:11 INFO Epoch Progress | Epoch: 1 | Loss: 0.6218 | LR: 3.68989e-05 | Progress: 50% | Step: 406/812
2026-05-23 07:31:29 INFO Epoch Progress | Epoch: 1 | Loss: 0.5898 | LR: 6.65711e-05 | Progress: 75% | Step: 609/812
2026-05-23 07:33:47 INFO Epoch Progress | Epoch: 1 | Loss: 0.5649 | LR: 9.0675e-05 | Progress: 100% | Step: 812/812
2026-05-23 07:37:50 INFO CSV Written | Epoch: 1
2026-05-23 07:37:54 INFO Best Saved | Epoch: 1 | Monitor: val_auprc | Value: 0.8799
2026-05-23 07:37:54 INFO Epoch Done | Epoch: 1 | Time: 799.5682 | Train Loss: 0.5650 | Val Accuracy: 0.7895 | Val AUPRC: 0.8799 | Val Auroc: 0.8760 | Val F1: 0.7835 | Val Loss: 0.4774
2026-05-23 07:37:54 INFO Epoch Start | Epoch: 2
2026-05-23 07:37:57 INFO Epoch Progress | Epoch: 2 | Loss: 0.4336 | LR: 9.07628e-05 | Progress: 0% | Step: 1/812
2026-05-23 07:40:13 INFO Epoch Progress | Epoch: 2 | Loss: 0.4713 | LR: 9.99993e-05 | Progress: 25% | Step: 203/812
2026-05-23 07:42:30 INFO Epoch Progress | Epoch: 2 | Loss: 0.4674 | LR: 9.98803e-05 | Progress: 50% | Step: 406/812
2026-05-23 07:44:48 INFO Epoch Progress | Epoch: 2 | Loss: 0.4553 | LR: 9.95176e-05 | Progress: 75% | Step: 609/812
2026-05-23 07:47:05 INFO Epoch Progress | Epoch: 2 | Loss: 0.4458 | LR: 9.89136e-05 | Progress: 100% | Step: 812/812
2026-05-23 07:51:10 INFO CSV Written | Epoch: 2
2026-05-23 07:51:10 INFO Best Saved | Epoch: 2 | Monitor: val_auprc | Value: 0.9167
2026-05-23 07:51:10 INFO Epoch Done | Epoch: 2 | Time: 796.0545 | Train Loss: 0.4453 | Val Accuracy: 0.8319 | Val AUPRC: 0.9167 | Val Auroc: 0.9136 | Val F1: 0.8341 | Val Loss: 0.4165
2026-05-23 07:51:10 INFO Epoch Start | Epoch: 3
2026-05-23 07:51:13 INFO Epoch Progress | Epoch: 3 | Loss: 0.3535 | LR: 9.89101e-05 | Progress: 0% | Step: 1/812
2026-05-23 07:53:30 INFO Epoch Progress | Epoch: 3 | Loss: 0.4052 | LR: 9.80714e-05 | Progress: 25% | Step: 203/812
2026-05-23 07:55:48 INFO Epoch Progress | Epoch: 3 | Loss: 0.4014 | LR: 9.69949e-05 | Progress: 50% | Step: 406/812
2026-05-23 07:58:05 INFO Epoch Progress | Epoch: 3 | Loss: 0.3954 | LR: 9.56965e-05 | Progress: 75% | Step: 609/812
2026-05-23 08:00:23 INFO Epoch Progress | Epoch: 3 | Loss: 0.3925 | LR: 9.41696e-05 | Progress: 100% | Step: 812/812
2026-05-23 08:04:27 INFO CSV Written | Epoch: 3
2026-05-23 08:04:27 INFO Best Saved | Epoch: 3 | Monitor: val_auprc | Value: 0.9284
2026-05-23 08:04:27 INFO Epoch Done | Epoch: 3 | Time: 796.8739 | Train Loss: 0.3921 | Val Accuracy: 0.8480 | Val AUPRC: 0.9284 | Val Auroc: 0.9265 | Val F1: 0.8480 | Val Loss: 0.3918
2026-05-23 08:04:27 INFO Epoch Start | Epoch: 4
2026-05-23 08:04:30 INFO Epoch Progress | Epoch: 4 | Loss: 0.3185 | LR: 9.41615e-05 | Progress: 0% | Step: 1/812
2026-05-23 08:06:46 INFO Epoch Progress | Epoch: 4 | Loss: 0.3531 | LR: 9.24275e-05 | Progress: 25% | Step: 203/812
2026-05-23 08:09:04 INFO Epoch Progress | Epoch: 4 | Loss: 0.3554 | LR: 9.04787e-05 | Progress: 50% | Step: 406/812
2026-05-23 08:11:21 INFO Epoch Progress | Epoch: 4 | Loss: 0.3598 | LR: 8.83326e-05 | Progress: 75% | Step: 609/812
2026-05-23 08:13:39 INFO Epoch Progress | Epoch: 4 | Loss: 0.3593 | LR: 8.59999e-05 | Progress: 100% | Step: 812/812
2026-05-23 08:17:46 INFO CSV Written | Epoch: 4
2026-05-23 08:17:46 INFO Best Saved | Epoch: 4 | Monitor: val_auprc | Value: 0.9376
2026-05-23 08:17:46 INFO Epoch Done | Epoch: 4 | Time: 798.3885 | Train Loss: 0.3588 | Val Accuracy: 0.8619 | Val AUPRC: 0.9376 | Val Auroc: 0.9365 | Val F1: 0.8627 | Val Loss: 0.3727
2026-05-23 08:17:46 INFO Epoch Start | Epoch: 5
2026-05-23 08:17:49 INFO Epoch Progress | Epoch: 5 | Loss: 0.2468 | LR: 8.59879e-05 | Progress: 0% | Step: 1/812
2026-05-23 08:20:05 INFO Epoch Progress | Epoch: 5 | Loss: 0.3320 | LR: 8.34917e-05 | Progress: 25% | Step: 203/812
2026-05-23 08:22:23 INFO Epoch Progress | Epoch: 5 | Loss: 0.3280 | LR: 8.08204e-05 | Progress: 50% | Step: 406/812
2026-05-23 08:24:41 INFO Epoch Progress | Epoch: 5 | Loss: 0.3313 | LR: 7.79989e-05 | Progress: 75% | Step: 609/812
2026-05-23 08:26:58 INFO Epoch Progress | Epoch: 5 | Loss: 0.3310 | LR: 7.5041e-05 | Progress: 100% | Step: 812/812
2026-05-23 08:31:04 INFO CSV Written | Epoch: 5
2026-05-23 08:31:04 INFO Best Saved | Epoch: 5 | Monitor: val_auprc | Value: 0.9440
2026-05-23 08:31:04 INFO Epoch Done | Epoch: 5 | Time: 797.7555 | Train Loss: 0.3296 | Val Accuracy: 0.8705 | Val AUPRC: 0.9440 | Val Auroc: 0.9427 | Val F1: 0.8725 | Val Loss: 0.3613
2026-05-23 08:31:04 INFO Epoch Start | Epoch: 6
2026-05-23 08:31:24 INFO Epoch Progress | Epoch: 6 | Loss: 0.6211 | LR: 7.50262e-05 | Progress: 1% | Step: 1/190
2026-05-23 08:33:10 INFO Epoch Progress | Epoch: 6 | Loss: 0.6845 | LR: 7.43233e-05 | Progress: 25% | Step: 48/190
2026-05-23 08:34:53 INFO Epoch Progress | Epoch: 6 | Loss: 0.6687 | LR: 7.35988e-05 | Progress: 51% | Step: 96/190
2026-05-23 08:36:37 INFO Epoch Progress | Epoch: 6 | Loss: 0.6590 | LR: 7.2868e-05 | Progress: 76% | Step: 144/190
2026-05-23 08:38:16 INFO Epoch Progress | Epoch: 6 | Loss: 0.6587 | LR: 7.21618e-05 | Progress: 100% | Step: 190/190
2026-05-23 08:42:22 INFO CSV Written | Epoch: 6
2026-05-23 08:42:22 INFO Epoch Done | Epoch: 6 | Time: 678.1039 | Train Loss: 0.6502 | Val Accuracy: 0.8735 | Val AUPRC: 0.9430 | Val Auroc: 0.9432 | Val F1: 0.8747 | Val Loss: 0.4479
2026-05-23 08:42:22 INFO Epoch Start | Epoch: 7
2026-05-23 08:42:35 INFO Epoch Progress | Epoch: 7 | Loss: 0.5553 | LR: 7.21463e-05 | Progress: 1% | Step: 1/190
2026-05-23 08:44:19 INFO Epoch Progress | Epoch: 7 | Loss: 0.6049 | LR: 7.14189e-05 | Progress: 25% | Step: 48/190
2026-05-23 08:46:03 INFO Epoch Progress | Epoch: 7 | Loss: 0.6116 | LR: 7.06702e-05 | Progress: 51% | Step: 96/190
2026-05-23 08:47:49 INFO Epoch Progress | Epoch: 7 | Loss: 0.6181 | LR: 6.99159e-05 | Progress: 76% | Step: 144/190
2026-05-23 08:49:28 INFO Epoch Progress | Epoch: 7 | Loss: 0.6158 | LR: 6.91879e-05 | Progress: 100% | Step: 190/190
2026-05-23 08:53:36 INFO CSV Written | Epoch: 7
2026-05-23 08:53:36 INFO Epoch Done | Epoch: 7 | Time: 674.5031 | Train Loss: 0.6088 | Val Accuracy: 0.8763 | Val AUPRC: 0.9423 | Val Auroc: 0.9439 | Val F1: 0.8784 | Val Loss: 0.4148
2026-05-23 08:53:36 INFO Epoch Start | Epoch: 8
2026-05-23 08:53:49 INFO Epoch Progress | Epoch: 8 | Loss: 0.6686 | LR: 6.9172e-05 | Progress: 1% | Step: 1/190
2026-05-23 08:55:33 INFO Epoch Progress | Epoch: 8 | Loss: 0.5540 | LR: 6.84391e-05 | Progress: 25% | Step: 48/190
2026-05-23 08:57:19 INFO Epoch Progress | Epoch: 8 | Loss: 0.5755 | LR: 6.76694e-05 | Progress: 51% | Step: 96/190
2026-05-23 08:59:05 INFO Epoch Progress | Epoch: 8 | Loss: 0.5826 | LR: 6.6895e-05 | Progress: 76% | Step: 144/190
2026-05-23 09:00:44 INFO Epoch Progress | Epoch: 8 | Loss: 0.5863 | LR: 6.61484e-05 | Progress: 100% | Step: 190/190
2026-05-23 09:04:51 INFO CSV Written | Epoch: 8
2026-05-23 09:04:51 INFO Best Saved | Epoch: 8 | Monitor: val_auprc | Value: 0.9462
2026-05-23 09:04:51 INFO Epoch Done | Epoch: 8 | Time: 674.6342 | Train Loss: 0.5767 | Val Accuracy: 0.8759 | Val AUPRC: 0.9462 | Val Auroc: 0.9455 | Val F1: 0.8757 | Val Loss: 0.4029
2026-05-23 09:04:51 INFO Epoch Start | Epoch: 9
2026-05-23 09:05:04 INFO Epoch Progress | Epoch: 9 | Loss: 0.3684 | LR: 6.61321e-05 | Progress: 1% | Step: 1/190
2026-05-23 09:06:46 INFO Epoch Progress | Epoch: 9 | Loss: 0.5299 | LR: 6.53651e-05 | Progress: 25% | Step: 48/190
2026-05-23 09:08:33 INFO Epoch Progress | Epoch: 9 | Loss: 0.5409 | LR: 6.45776e-05 | Progress: 51% | Step: 96/190
2026-05-23 09:10:18 INFO Epoch Progress | Epoch: 9 | Loss: 0.5434 | LR: 6.37861e-05 | Progress: 76% | Step: 144/190
2026-05-23 09:11:58 INFO Epoch Progress | Epoch: 9 | Loss: 0.5454 | LR: 6.30241e-05 | Progress: 100% | Step: 190/190
2026-05-23 09:16:08 INFO CSV Written | Epoch: 9
2026-05-23 09:16:08 INFO Epoch Done | Epoch: 9 | Time: 676.3106 | Train Loss: 0.5414 | Val Accuracy: 0.8766 | Val AUPRC: 0.9437 | Val Auroc: 0.9440 | Val F1: 0.8775 | Val Loss: 0.3902
2026-05-23 09:16:08 INFO Epoch Start | Epoch: 10
2026-05-23 09:16:20 INFO Epoch Progress | Epoch: 10 | Loss: 0.6462 | LR: 6.30075e-05 | Progress: 1% | Step: 1/190
2026-05-23 09:18:05 INFO Epoch Progress | Epoch: 10 | Loss: 0.5019 | LR: 6.22255e-05 | Progress: 25% | Step: 48/190
2026-05-23 09:19:49 INFO Epoch Progress | Epoch: 10 | Loss: 0.4978 | LR: 6.14236e-05 | Progress: 51% | Step: 96/190
2026-05-23 09:21:33 INFO Epoch Progress | Epoch: 10 | Loss: 0.4897 | LR: 6.06185e-05 | Progress: 76% | Step: 144/190
2026-05-23 09:23:12 INFO Epoch Progress | Epoch: 10 | Loss: 0.4970 | LR: 5.98443e-05 | Progress: 100% | Step: 190/190
2026-05-23 09:27:20 INFO CSV Written | Epoch: 10
2026-05-23 09:27:20 INFO Epoch Done | Epoch: 10 | Time: 672.3179 | Train Loss: 0.5007 | Val Accuracy: 0.8743 | Val AUPRC: 0.9413 | Val Auroc: 0.9410 | Val F1: 0.8780 | Val Loss: 0.3816
2026-05-23 09:27:20 INFO Epoch Start | Epoch: 11
2026-05-23 09:27:33 INFO Epoch Progress | Epoch: 11 | Loss: 0.3517 | LR: 5.98274e-05 | Progress: 1% | Step: 1/190
2026-05-23 09:29:17 INFO Epoch Progress | Epoch: 11 | Loss: 0.4524 | LR: 5.90337e-05 | Progress: 25% | Step: 48/190
2026-05-23 09:31:02 INFO Epoch Progress | Epoch: 11 | Loss: 0.4566 | LR: 5.82207e-05 | Progress: 51% | Step: 96/190
2026-05-23 09:32:49 INFO Epoch Progress | Epoch: 11 | Loss: 0.4666 | LR: 5.74055e-05 | Progress: 76% | Step: 144/190
2026-05-23 09:34:29 INFO Epoch Progress | Epoch: 11 | Loss: 0.4719 | LR: 5.66224e-05 | Progress: 100% | Step: 190/190
2026-05-23 09:38:38 INFO CSV Written | Epoch: 11
2026-05-23 09:38:38 INFO Epoch Done | Epoch: 11 | Time: 677.5441 | Train Loss: 0.4642 | Val Accuracy: 0.8769 | Val AUPRC: 0.9420 | Val Auroc: 0.9405 | Val F1: 0.8749 | Val Loss: 0.3749
2026-05-23 09:38:38 INFO Epoch Start | Epoch: 12
2026-05-23 09:38:51 INFO Epoch Progress | Epoch: 12 | Loss: 0.4448 | LR: 5.66053e-05 | Progress: 1% | Step: 1/190
2026-05-23 09:40:32 INFO Epoch Progress | Epoch: 12 | Loss: 0.4053 | LR: 5.58034e-05 | Progress: 25% | Step: 48/190
2026-05-23 09:42:18 INFO Epoch Progress | Epoch: 12 | Loss: 0.4177 | LR: 5.49828e-05 | Progress: 51% | Step: 96/190
2026-05-23 09:44:02 INFO Epoch Progress | Epoch: 12 | Loss: 0.4298 | LR: 5.41609e-05 | Progress: 76% | Step: 144/190
2026-05-23 09:45:44 INFO Epoch Progress | Epoch: 12 | Loss: 0.4323 | LR: 5.33722e-05 | Progress: 100% | Step: 190/190
2026-05-23 09:49:52 INFO CSV Written | Epoch: 12
2026-05-23 09:49:52 INFO Epoch Done | Epoch: 12 | Time: 674.3421 | Train Loss: 0.4301 | Val Accuracy: 0.8757 | Val AUPRC: 0.9387 | Val Auroc: 0.9376 | Val F1: 0.8754 | Val Loss: 0.3748
2026-05-23 09:49:52 INFO Epoch Start | Epoch: 13
2026-05-23 09:50:04 INFO Epoch Progress | Epoch: 13 | Loss: 0.3968 | LR: 5.33551e-05 | Progress: 1% | Step: 1/190
2026-05-23 09:51:47 INFO Epoch Progress | Epoch: 13 | Loss: 0.3747 | LR: 5.25655e-05 | Progress: 25% | Step: 48/190
2026-05-23 09:53:32 INFO Epoch Progress | Epoch: 13 | Loss: 0.3870 | LR: 5.17409e-05 | Progress: 51% | Step: 96/190
2026-05-23 09:55:17 INFO Epoch Progress | Epoch: 13 | Loss: 0.3915 | LR: 5.09158e-05 | Progress: 76% | Step: 144/190
2026-05-23 09:56:55 INFO Epoch Progress | Epoch: 13 | Loss: 0.3977 | LR: 5.01249e-05 | Progress: 100% | Step: 190/190
2026-05-23 10:01:03 INFO CSV Written | Epoch: 13
2026-05-23 10:01:03 INFO Epoch Done | Epoch: 13 | Time: 671.0342 | Train Loss: 0.3900 | Val Accuracy: 0.8785 | Val AUPRC: 0.9342 | Val Auroc: 0.9370 | Val F1: 0.8815 | Val Loss: 0.3797
2026-05-23 10:01:03 INFO Epoch Start | Epoch: 14
2026-05-23 10:01:15 INFO Epoch Progress | Epoch: 14 | Loss: 0.2295 | LR: 5.01077e-05 | Progress: 1% | Step: 1/190
2026-05-23 10:02:58 INFO Epoch Progress | Epoch: 14 | Loss: 0.3642 | LR: 4.92995e-05 | Progress: 25% | Step: 48/190
2026-05-23 10:04:42 INFO Epoch Progress | Epoch: 14 | Loss: 0.3758 | LR: 4.84744e-05 | Progress: 51% | Step: 96/190
2026-05-23 10:06:26 INFO Epoch Progress | Epoch: 14 | Loss: 0.3690 | LR: 4.76496e-05 | Progress: 76% | Step: 144/190
2026-05-23 10:08:07 INFO Epoch Progress | Epoch: 14 | Loss: 0.3686 | LR: 4.68598e-05 | Progress: 100% | Step: 190/190
2026-05-23 10:12:15 INFO CSV Written | Epoch: 14
2026-05-23 10:12:15 INFO Epoch Done | Epoch: 14 | Time: 672.2514 | Train Loss: 0.3611 | Val Accuracy: 0.8784 | Val AUPRC: 0.9340 | Val Auroc: 0.9344 | Val F1: 0.8791 | Val Loss: 0.3896
2026-05-23 10:12:15 INFO Epoch Start | Epoch: 15
2026-05-23 10:12:28 INFO Epoch Progress | Epoch: 15 | Loss: 0.3560 | LR: 4.68427e-05 | Progress: 1% | Step: 1/190
2026-05-23 10:14:11 INFO Epoch Progress | Epoch: 15 | Loss: 0.3258 | LR: 4.60365e-05 | Progress: 25% | Step: 48/190
2026-05-23 10:15:55 INFO Epoch Progress | Epoch: 15 | Loss: 0.3316 | LR: 4.52144e-05 | Progress: 51% | Step: 96/190
2026-05-23 10:17:40 INFO Epoch Progress | Epoch: 15 | Loss: 0.3342 | LR: 4.43935e-05 | Progress: 76% | Step: 144/190
2026-05-23 10:19:17 INFO Epoch Progress | Epoch: 15 | Loss: 0.3379 | LR: 4.36082e-05 | Progress: 100% | Step: 190/190
2026-05-23 10:23:25 INFO CSV Written | Epoch: 15
2026-05-23 10:23:25 INFO Epoch Done | Epoch: 15 | Time: 670.0703 | Train Loss: 0.3327 | Val Accuracy: 0.8776 | Val AUPRC: 0.9335 | Val Auroc: 0.9331 | Val F1: 0.8773 | Val Loss: 0.3883
2026-05-23 10:23:25 INFO Epoch Start | Epoch: 16
2026-05-23 10:23:39 INFO Epoch Progress | Epoch: 16 | Loss: 0.2766 | LR: 4.35911e-05 | Progress: 1% | Step: 1/190
2026-05-23 10:25:21 INFO Epoch Progress | Epoch: 16 | Loss: 0.3193 | LR: 4.27905e-05 | Progress: 25% | Step: 48/190
2026-05-23 10:27:04 INFO Epoch Progress | Epoch: 16 | Loss: 0.3183 | LR: 4.19748e-05 | Progress: 51% | Step: 96/190
2026-05-23 10:28:49 INFO Epoch Progress | Epoch: 16 | Loss: 0.3199 | LR: 4.11612e-05 | Progress: 76% | Step: 144/190
2026-05-23 10:30:27 INFO Epoch Progress | Epoch: 16 | Loss: 0.3224 | LR: 4.03838e-05 | Progress: 100% | Step: 190/190
2026-05-23 10:34:35 INFO CSV Written | Epoch: 16
2026-05-23 10:34:35 INFO Epoch Done | Epoch: 16 | Time: 669.3230 | Train Loss: 0.3113 | Val Accuracy: 0.8767 | Val AUPRC: 0.9207 | Val Auroc: 0.9267 | Val F1: 0.8779 | Val Loss: 0.4095
2026-05-23 10:34:35 INFO Epoch Start | Epoch: 17
2026-05-23 10:34:48 INFO Epoch Progress | Epoch: 17 | Loss: 0.2538 | LR: 4.0367e-05 | Progress: 1% | Step: 1/190
2026-05-23 10:36:30 INFO Epoch Progress | Epoch: 17 | Loss: 0.2642 | LR: 3.95752e-05 | Progress: 25% | Step: 48/190
2026-05-23 10:38:15 INFO Epoch Progress | Epoch: 17 | Loss: 0.2955 | LR: 3.87694e-05 | Progress: 51% | Step: 96/190
2026-05-23 10:40:00 INFO Epoch Progress | Epoch: 17 | Loss: 0.2902 | LR: 3.79667e-05 | Progress: 76% | Step: 144/190
2026-05-23 10:41:39 INFO Epoch Progress | Epoch: 17 | Loss: 0.2873 | LR: 3.72005e-05 | Progress: 100% | Step: 190/190
2026-05-23 10:45:45 INFO CSV Written | Epoch: 17
2026-05-23 10:45:45 INFO Epoch Done | Epoch: 17 | Time: 670.6191 | Train Loss: 0.2860 | Val Accuracy: 0.8791 | Val AUPRC: 0.9213 | Val Auroc: 0.9262 | Val F1: 0.8819 | Val Loss: 0.4181
2026-05-23 10:45:45 INFO Epoch Start | Epoch: 18
2026-05-23 10:45:58 INFO Epoch Progress | Epoch: 18 | Loss: 0.4002 | LR: 3.71839e-05 | Progress: 1% | Step: 1/190
2026-05-23 10:47:42 INFO Epoch Progress | Epoch: 18 | Loss: 0.2552 | LR: 3.64044e-05 | Progress: 25% | Step: 48/190
2026-05-23 10:49:26 INFO Epoch Progress | Epoch: 18 | Loss: 0.2518 | LR: 3.56121e-05 | Progress: 51% | Step: 96/190
2026-05-23 10:51:12 INFO Epoch Progress | Epoch: 18 | Loss: 0.2631 | LR: 3.48236e-05 | Progress: 76% | Step: 144/190
2026-05-23 10:52:51 INFO Epoch Progress | Epoch: 18 | Loss: 0.2676 | LR: 3.40719e-05 | Progress: 100% | Step: 190/190
2026-05-23 10:57:00 INFO CSV Written | Epoch: 18
2026-05-23 10:57:00 INFO Epoch Done | Epoch: 18 | Time: 674.6650 | Train Loss: 0.2670 | Val Accuracy: 0.8792 | Val AUPRC: 0.9282 | Val Auroc: 0.9280 | Val F1: 0.8783 | Val Loss: 0.4172
2026-05-23 10:57:00 INFO Early Stop | Epoch: 18
2026-05-23 10:57:00 INFO Stage Done | Run Id: pair_context_gated_abba_block_sn_d512_s47
