Warning: torch was built against CUDA 12.8, but using toolkit 12.5 at /public/software/CUDA/cuda-12.5.
Set GRAND_CUDA_VERSION or CUDA_HOME to an exact-match toolkit to avoid DS_SKIP_CUDA_CHECK=1.

*****************************************
Setting OMP_NUM_THREADS environment variable for each process to be 1 in default, to avoid your system being overloaded, please further tune the variable for optimal performance in your application as needed. 
*****************************************
INFO:src.pipeline.__main__:Loaded config: configs/tuna/0514/tuna64_linear_cross_s47.yaml
WARNING:accelerate.utils.other:[RANK 0] Detected kernel version 3.10.0, which is below the recommended minimum of 5.5.0; this can cause the process to hang. It is recommended to upgrade the kernel to the minimum version or higher.
WARNING:py.warnings:/public/home/wangar2023/grand/.venv/lib/python3.11/site-packages/torch/distributed/c10d_logger.py:83: UserWarning: barrier(): using the device under current context. You can specify `device_id` in `init_process_group` to mute this warning.
  return func(*args, **kwargs)

2026-05-15 18:32:30 INFO Pipeline Runtime | Device: cuda:0 | Distributed: True | Test Batches: 1691 | Train Batches: 812 | Valid Batches: 762 | World Size: 4
2026-05-15 18:32:30 INFO Stage Start | Run Id: tuna64_linear_cross_s47
2026-05-15 18:32:33 INFO Train Config | Epochs: 50 | Monitor: auprc | Patience: 10
2026-05-15 18:32:33 INFO Epoch Start | Epoch: 1
2026-05-15 18:32:37 INFO Epoch Progress | Epoch: 1 | Loss: 0.7128 | LR: 4.00023e-06 | Progress: 0% | Step: 1/812
2026-05-15 18:33:37 INFO Epoch Progress | Epoch: 1 | Loss: 0.6980 | LR: 1.31716e-05 | Progress: 25% | Step: 203/812
2026-05-15 18:34:37 INFO Epoch Progress | Epoch: 1 | Loss: 0.6967 | LR: 3.71813e-05 | Progress: 50% | Step: 406/812
2026-05-15 18:35:37 INFO Epoch Progress | Epoch: 1 | Loss: 0.6956 | LR: 6.6854e-05 | Progress: 75% | Step: 609/812
2026-05-15 18:36:36 INFO Epoch Progress | Epoch: 1 | Loss: 0.6948 | LR: 9.08503e-05 | Progress: 100% | Step: 812/812
2026-05-15 18:40:38 INFO CSV Written | Epoch: 1
WARNING:py.warnings:/public/home/wangar2023/grand/.venv/lib/python3.11/site-packages/deepspeed/runtime/zero/linear.py:47: FutureWarning: `torch.cuda.amp.custom_fwd(args...)` is deprecated. Please use `torch.amp.custom_fwd(args..., device_type='cuda')` instead.
  @autocast_custom_fwd

WARNING:py.warnings:/public/home/wangar2023/grand/.venv/lib/python3.11/site-packages/deepspeed/runtime/zero/linear.py:66: FutureWarning: `torch.cuda.amp.custom_bwd(args...)` is deprecated. Please use `torch.amp.custom_bwd(args..., device_type='cuda')` instead.
  @autocast_custom_bwd

2026-05-15 18:40:43 INFO Best Saved | Epoch: 1 | Monitor: val_auprc | Value: 0.5516
2026-05-15 18:40:43 INFO Epoch Done | Epoch: 1 | Time: 485.5889 | Train Loss: 0.6947 | Val Accuracy: 0.5156 | Val AUPRC: 0.5516 | Val Auroc: 0.5224 | Val F1: 0.5004 | Val Loss: 0.6917
2026-05-15 18:40:43 INFO Epoch Start | Epoch: 2
2026-05-15 18:40:45 INFO Epoch Progress | Epoch: 2 | Loss: 0.6801 | LR: 9.09374e-05 | Progress: 0% | Step: 1/812
2026-05-15 18:41:46 INFO Epoch Progress | Epoch: 2 | Loss: 0.6890 | LR: 0.0001 | Progress: 25% | Step: 203/812
2026-05-15 18:42:46 INFO Epoch Progress | Epoch: 2 | Loss: 0.6801 | LR: 9.98779e-05 | Progress: 50% | Step: 406/812
2026-05-15 18:43:47 INFO Epoch Progress | Epoch: 2 | Loss: 0.6618 | LR: 9.95128e-05 | Progress: 75% | Step: 609/812
2026-05-15 18:44:47 INFO Epoch Progress | Epoch: 2 | Loss: 0.6482 | LR: 9.89065e-05 | Progress: 100% | Step: 812/812
2026-05-15 18:48:32 INFO CSV Written | Epoch: 2
2026-05-15 18:48:32 INFO Best Saved | Epoch: 2 | Monitor: val_auprc | Value: 0.7255
2026-05-15 18:48:32 INFO Epoch Done | Epoch: 2 | Time: 468.5203 | Train Loss: 0.6483 | Val Accuracy: 0.6795 | Val AUPRC: 0.7255 | Val Auroc: 0.7471 | Val F1: 0.7163 | Val Loss: 0.6031
2026-05-15 18:48:32 INFO Epoch Start | Epoch: 3
2026-05-15 18:48:34 INFO Epoch Progress | Epoch: 3 | Loss: 0.6447 | LR: 9.89029e-05 | Progress: 0% | Step: 1/812
2026-05-15 18:49:35 INFO Epoch Progress | Epoch: 3 | Loss: 0.6041 | LR: 9.80619e-05 | Progress: 25% | Step: 203/812
2026-05-15 18:50:36 INFO Epoch Progress | Epoch: 3 | Loss: 0.5970 | LR: 9.69832e-05 | Progress: 50% | Step: 406/812
2026-05-15 18:51:37 INFO Epoch Progress | Epoch: 3 | Loss: 0.5913 | LR: 9.56755e-05 | Progress: 75% | Step: 609/812
2026-05-15 18:52:38 INFO Epoch Progress | Epoch: 3 | Loss: 0.5893 | LR: 9.41454e-05 | Progress: 100% | Step: 812/812
2026-05-15 18:56:35 INFO CSV Written | Epoch: 3
2026-05-15 18:56:35 INFO Best Saved | Epoch: 3 | Monitor: val_auprc | Value: 0.7486
2026-05-15 18:56:35 INFO Epoch Done | Epoch: 3 | Time: 483.2249 | Train Loss: 0.5883 | Val Accuracy: 0.7020 | Val AUPRC: 0.7486 | Val Auroc: 0.7716 | Val F1: 0.7298 | Val Loss: 0.5828
2026-05-15 18:56:35 INFO Epoch Start | Epoch: 4
2026-05-15 18:56:37 INFO Epoch Progress | Epoch: 4 | Loss: 0.5530 | LR: 9.41373e-05 | Progress: 0% | Step: 1/812
2026-05-15 18:57:37 INFO Epoch Progress | Epoch: 4 | Loss: 0.5732 | LR: 9.24002e-05 | Progress: 25% | Step: 203/812
2026-05-15 18:58:36 INFO Epoch Progress | Epoch: 4 | Loss: 0.5729 | LR: 9.04484e-05 | Progress: 50% | Step: 406/812
2026-05-15 18:59:36 INFO Epoch Progress | Epoch: 4 | Loss: 0.5756 | LR: 8.82995e-05 | Progress: 75% | Step: 609/812
2026-05-15 19:00:35 INFO Epoch Progress | Epoch: 4 | Loss: 0.5736 | LR: 8.59641e-05 | Progress: 100% | Step: 812/812
2026-05-15 19:04:32 INFO CSV Written | Epoch: 4
2026-05-15 19:04:32 INFO Best Saved | Epoch: 4 | Monitor: val_auprc | Value: 0.7666
2026-05-15 19:04:32 INFO Epoch Done | Epoch: 4 | Time: 476.7551 | Train Loss: 0.5722 | Val Accuracy: 0.7141 | Val AUPRC: 0.7666 | Val Auroc: 0.7872 | Val F1: 0.7411 | Val Loss: 0.5705
2026-05-15 19:04:32 INFO Epoch Start | Epoch: 5
2026-05-15 19:04:34 INFO Epoch Progress | Epoch: 5 | Loss: 0.5315 | LR: 8.59521e-05 | Progress: 0% | Step: 1/812
2026-05-15 19:05:36 INFO Epoch Progress | Epoch: 5 | Loss: 0.5630 | LR: 8.34534e-05 | Progress: 25% | Step: 203/812
2026-05-15 19:06:36 INFO Epoch Progress | Epoch: 5 | Loss: 0.5575 | LR: 8.07798e-05 | Progress: 50% | Step: 406/812
2026-05-15 19:07:38 INFO Epoch Progress | Epoch: 5 | Loss: 0.5572 | LR: 7.79562e-05 | Progress: 75% | Step: 609/812
2026-05-15 19:08:39 INFO Epoch Progress | Epoch: 5 | Loss: 0.5582 | LR: 7.49964e-05 | Progress: 100% | Step: 812/812
2026-05-15 19:12:31 INFO CSV Written | Epoch: 5
2026-05-15 19:12:31 INFO Best Saved | Epoch: 5 | Monitor: val_auprc | Value: 0.7839
2026-05-15 19:12:31 INFO Epoch Done | Epoch: 5 | Time: 479.5895 | Train Loss: 0.5568 | Val Accuracy: 0.7235 | Val AUPRC: 0.7839 | Val Auroc: 0.8022 | Val F1: 0.7515 | Val Loss: 0.5624
2026-05-15 19:12:31 INFO Epoch Start | Epoch: 6
2026-05-15 19:12:45 INFO Epoch Progress | Epoch: 6 | Loss: 1.1630 | LR: 7.49815e-05 | Progress: 1% | Step: 1/190
2026-05-15 19:13:48 INFO Epoch Progress | Epoch: 6 | Loss: 0.9246 | LR: 7.42782e-05 | Progress: 25% | Step: 48/190
2026-05-15 19:14:47 INFO Epoch Progress | Epoch: 6 | Loss: 0.8502 | LR: 7.35534e-05 | Progress: 51% | Step: 96/190
2026-05-15 19:15:48 INFO Epoch Progress | Epoch: 6 | Loss: 0.8132 | LR: 7.28221e-05 | Progress: 76% | Step: 144/190
2026-05-15 19:16:44 INFO Epoch Progress | Epoch: 6 | Loss: 0.7926 | LR: 7.21155e-05 | Progress: 100% | Step: 190/190
2026-05-15 19:20:45 INFO CSV Written | Epoch: 6
2026-05-15 19:20:45 INFO Epoch Done | Epoch: 6 | Time: 494.1084 | Train Loss: 0.7899 | Val Accuracy: 0.6866 | Val AUPRC: 0.7270 | Val Auroc: 0.7516 | Val F1: 0.7057 | Val Loss: 0.6688
2026-05-15 19:20:45 INFO Epoch Start | Epoch: 7
2026-05-15 19:20:56 INFO Epoch Progress | Epoch: 7 | Loss: 0.7207 | LR: 7.21001e-05 | Progress: 1% | Step: 1/190
2026-05-15 19:21:57 INFO Epoch Progress | Epoch: 7 | Loss: 0.7224 | LR: 7.13723e-05 | Progress: 25% | Step: 48/190
2026-05-15 19:22:59 INFO Epoch Progress | Epoch: 7 | Loss: 0.7200 | LR: 7.06232e-05 | Progress: 51% | Step: 96/190
2026-05-15 19:24:03 INFO Epoch Progress | Epoch: 7 | Loss: 0.7178 | LR: 6.98686e-05 | Progress: 76% | Step: 144/190
2026-05-15 19:25:00 INFO Epoch Progress | Epoch: 7 | Loss: 0.7161 | LR: 6.91403e-05 | Progress: 100% | Step: 190/190
2026-05-15 19:29:06 INFO CSV Written | Epoch: 7
2026-05-15 19:29:06 INFO Epoch Done | Epoch: 7 | Time: 500.8821 | Train Loss: 0.7159 | Val Accuracy: 0.6536 | Val AUPRC: 0.6958 | Val Auroc: 0.7201 | Val F1: 0.6402 | Val Loss: 0.6822
2026-05-15 19:29:06 INFO Epoch Start | Epoch: 8
2026-05-15 19:29:17 INFO Epoch Progress | Epoch: 8 | Loss: 0.7081 | LR: 6.91244e-05 | Progress: 1% | Step: 1/190
2026-05-15 19:30:19 INFO Epoch Progress | Epoch: 8 | Loss: 0.7091 | LR: 6.83752e-05 | Progress: 25% | Step: 48/190
2026-05-15 19:31:21 INFO Epoch Progress | Epoch: 8 | Loss: 0.7085 | LR: 6.76051e-05 | Progress: 51% | Step: 96/190
2026-05-15 19:32:23 INFO Epoch Progress | Epoch: 8 | Loss: 0.7081 | LR: 6.68302e-05 | Progress: 76% | Step: 144/190
2026-05-15 19:33:19 INFO Epoch Progress | Epoch: 8 | Loss: 0.7075 | LR: 6.60833e-05 | Progress: 100% | Step: 190/190
2026-05-15 19:37:16 INFO CSV Written | Epoch: 8
2026-05-15 19:37:16 INFO Epoch Done | Epoch: 8 | Time: 489.5065 | Train Loss: 0.7075 | Val Accuracy: 0.6412 | Val AUPRC: 0.6799 | Val Auroc: 0.7027 | Val F1: 0.6255 | Val Loss: 0.6864
2026-05-15 19:37:16 INFO Epoch Start | Epoch: 9
2026-05-15 19:37:26 INFO Epoch Progress | Epoch: 9 | Loss: 0.7023 | LR: 6.6067e-05 | Progress: 1% | Step: 1/190
2026-05-15 19:38:29 INFO Epoch Progress | Epoch: 9 | Loss: 0.7047 | LR: 6.52996e-05 | Progress: 25% | Step: 48/190
2026-05-15 19:39:32 INFO Epoch Progress | Epoch: 9 | Loss: 0.7044 | LR: 6.45118e-05 | Progress: 51% | Step: 96/190
2026-05-15 19:40:35 INFO Epoch Progress | Epoch: 9 | Loss: 0.7041 | LR: 6.372e-05 | Progress: 76% | Step: 144/190
2026-05-15 19:41:32 INFO Epoch Progress | Epoch: 9 | Loss: 0.7038 | LR: 6.29577e-05 | Progress: 100% | Step: 190/190
2026-05-15 19:45:32 INFO CSV Written | Epoch: 9
2026-05-15 19:45:32 INFO Epoch Done | Epoch: 9 | Time: 495.9242 | Train Loss: 0.7038 | Val Accuracy: 0.6343 | Val AUPRC: 0.6714 | Val Auroc: 0.6946 | Val F1: 0.6115 | Val Loss: 0.6882
2026-05-15 19:45:32 INFO Epoch Start | Epoch: 10
2026-05-15 19:45:42 INFO Epoch Progress | Epoch: 10 | Loss: 0.7007 | LR: 6.29411e-05 | Progress: 1% | Step: 1/190
2026-05-15 19:46:42 INFO Epoch Progress | Epoch: 10 | Loss: 0.7024 | LR: 6.21588e-05 | Progress: 25% | Step: 48/190
2026-05-15 19:47:44 INFO Epoch Progress | Epoch: 10 | Loss: 0.7020 | LR: 6.13566e-05 | Progress: 51% | Step: 96/190
2026-05-15 19:48:46 INFO Epoch Progress | Epoch: 10 | Loss: 0.7018 | LR: 6.05513e-05 | Progress: 76% | Step: 144/190
2026-05-15 19:49:42 INFO Epoch Progress | Epoch: 10 | Loss: 0.7016 | LR: 5.97768e-05 | Progress: 100% | Step: 190/190
2026-05-15 19:53:49 INFO CSV Written | Epoch: 10
2026-05-15 19:53:49 INFO Epoch Done | Epoch: 10 | Time: 497.8300 | Train Loss: 0.7016 | Val Accuracy: 0.6334 | Val AUPRC: 0.6682 | Val Auroc: 0.6903 | Val F1: 0.6211 | Val Loss: 0.6891
2026-05-15 19:53:49 INFO Epoch Start | Epoch: 11
2026-05-15 19:54:00 INFO Epoch Progress | Epoch: 11 | Loss: 0.7009 | LR: 5.97599e-05 | Progress: 1% | Step: 1/190
2026-05-15 19:55:01 INFO Epoch Progress | Epoch: 11 | Loss: 0.7009 | LR: 5.89661e-05 | Progress: 25% | Step: 48/190
2026-05-15 19:56:02 INFO Epoch Progress | Epoch: 11 | Loss: 0.7006 | LR: 5.81529e-05 | Progress: 51% | Step: 96/190
2026-05-15 19:57:05 INFO Epoch Progress | Epoch: 11 | Loss: 0.7002 | LR: 5.73375e-05 | Progress: 76% | Step: 144/190
2026-05-15 19:58:01 INFO Epoch Progress | Epoch: 11 | Loss: 0.7001 | LR: 5.65542e-05 | Progress: 100% | Step: 190/190
2026-05-15 20:01:52 INFO CSV Written | Epoch: 11
2026-05-15 20:01:52 INFO Epoch Done | Epoch: 11 | Time: 482.8418 | Train Loss: 0.7001 | Val Accuracy: 0.6358 | Val AUPRC: 0.6641 | Val Auroc: 0.6862 | Val F1: 0.6636 | Val Loss: 0.6898
2026-05-15 20:01:52 INFO Epoch Start | Epoch: 12
2026-05-15 20:02:03 INFO Epoch Progress | Epoch: 12 | Loss: 0.6987 | LR: 5.65371e-05 | Progress: 1% | Step: 1/190
2026-05-15 20:03:04 INFO Epoch Progress | Epoch: 12 | Loss: 0.6994 | LR: 5.57351e-05 | Progress: 25% | Step: 48/190
2026-05-15 20:04:05 INFO Epoch Progress | Epoch: 12 | Loss: 0.6994 | LR: 5.49144e-05 | Progress: 51% | Step: 96/190
2026-05-15 20:05:07 INFO Epoch Progress | Epoch: 12 | Loss: 0.6993 | LR: 5.40924e-05 | Progress: 76% | Step: 144/190
2026-05-15 20:06:02 INFO Epoch Progress | Epoch: 12 | Loss: 0.6992 | LR: 5.33036e-05 | Progress: 100% | Step: 190/190
2026-05-15 20:10:05 INFO CSV Written | Epoch: 12
2026-05-15 20:10:05 INFO Epoch Done | Epoch: 12 | Time: 492.6975 | Train Loss: 0.6991 | Val Accuracy: 0.6135 | Val AUPRC: 0.6623 | Val Auroc: 0.6847 | Val F1: 0.5524 | Val Loss: 0.6902
2026-05-15 20:10:05 INFO Epoch Start | Epoch: 13
2026-05-15 20:10:15 INFO Epoch Progress | Epoch: 13 | Loss: 0.7004 | LR: 5.32864e-05 | Progress: 1% | Step: 1/190
2026-05-15 20:11:15 INFO Epoch Progress | Epoch: 13 | Loss: 0.6986 | LR: 5.24796e-05 | Progress: 25% | Step: 48/190
2026-05-15 20:12:17 INFO Epoch Progress | Epoch: 13 | Loss: 0.6985 | LR: 5.16549e-05 | Progress: 51% | Step: 96/190
2026-05-15 20:13:20 INFO Epoch Progress | Epoch: 13 | Loss: 0.6984 | LR: 5.08298e-05 | Progress: 76% | Step: 144/190
2026-05-15 20:14:17 INFO Epoch Progress | Epoch: 13 | Loss: 0.6983 | LR: 5.00389e-05 | Progress: 100% | Step: 190/190
2026-05-15 20:18:23 INFO CSV Written | Epoch: 13
2026-05-15 20:18:23 INFO Epoch Done | Epoch: 13 | Time: 497.8515 | Train Loss: 0.6983 | Val Accuracy: 0.6104 | Val AUPRC: 0.6601 | Val Auroc: 0.6829 | Val F1: 0.5436 | Val Loss: 0.6905
2026-05-15 20:18:23 INFO Epoch Start | Epoch: 14
2026-05-15 20:18:33 INFO Epoch Progress | Epoch: 14 | Loss: 0.6975 | LR: 5.00217e-05 | Progress: 1% | Step: 1/190
2026-05-15 20:19:34 INFO Epoch Progress | Epoch: 14 | Loss: 0.6980 | LR: 4.92135e-05 | Progress: 25% | Step: 48/190
2026-05-15 20:20:35 INFO Epoch Progress | Epoch: 14 | Loss: 0.6977 | LR: 4.83884e-05 | Progress: 51% | Step: 96/190
2026-05-15 20:21:36 INFO Epoch Progress | Epoch: 14 | Loss: 0.6978 | LR: 4.75637e-05 | Progress: 76% | Step: 144/190
2026-05-15 20:22:32 INFO Epoch Progress | Epoch: 14 | Loss: 0.6978 | LR: 4.6774e-05 | Progress: 100% | Step: 190/190
2026-05-15 20:26:43 INFO CSV Written | Epoch: 14
2026-05-15 20:26:43 INFO Epoch Done | Epoch: 14 | Time: 500.4575 | Train Loss: 0.6978 | Val Accuracy: 0.6329 | Val AUPRC: 0.6602 | Val Auroc: 0.6832 | Val F1: 0.6462 | Val Loss: 0.6908
2026-05-15 20:26:43 INFO Epoch Start | Epoch: 15
2026-05-15 20:26:54 INFO Epoch Progress | Epoch: 15 | Loss: 0.6973 | LR: 4.67569e-05 | Progress: 1% | Step: 1/190
2026-05-15 20:28:00 INFO Epoch Progress | Epoch: 15 | Loss: 0.6974 | LR: 4.59508e-05 | Progress: 25% | Step: 48/190
2026-05-15 20:29:08 INFO Epoch Progress | Epoch: 15 | Loss: 0.6973 | LR: 4.51288e-05 | Progress: 51% | Step: 96/190
2026-05-15 20:30:14 INFO Epoch Progress | Epoch: 15 | Loss: 0.6972 | LR: 4.4308e-05 | Progress: 76% | Step: 144/190
2026-05-15 20:31:15 INFO Epoch Progress | Epoch: 15 | Loss: 0.6972 | LR: 4.35229e-05 | Progress: 100% | Step: 190/190
2026-05-15 20:35:11 INFO CSV Written | Epoch: 15
2026-05-15 20:35:11 INFO Epoch Done | Epoch: 15 | Time: 507.2404 | Train Loss: 0.6972 | Val Accuracy: 0.6233 | Val AUPRC: 0.6610 | Val Auroc: 0.6836 | Val F1: 0.5972 | Val Loss: 0.6909
2026-05-15 20:35:11 INFO Early Stop | Epoch: 15
2026-05-15 20:35:11 INFO Stage Done | Run Id: tuna64_linear_cross_s47
2026-05-15 20:35:11 INFO Stage Start | Checkpoint: models/tuna/train/tuna64_linear_cross_s47/best_model.pth | Run Id: tuna64_linear_cross_s47
2026-05-15 20:35:11 INFO Checkpoint Loaded | Path: models/tuna/train/tuna64_linear_cross_s47/best_model.pth
2026-05-15 20:35:11 INFO Decision Threshold | Mode: fixed | Value: 0.5000
2026-05-15 20:43:30 INFO Evaluation Metrics | Accuracy: 0.6101 | AUPRC: 0.6722 | Auroc: 0.6692 | F1: 0.6669 | Mcc: 0.2341 | Precision: 0.5822 | Recall: 0.7806 | Sensitivity: 0.7806 | Specificity: 0.4395 | Split: test
2026-05-15 20:43:30 INFO CSV Written | Path: logs/tuna/evaluate/tuna64_linear_cross_s47/evaluate.csv
2026-05-15 20:43:30 INFO Stage Done | Run Id: tuna64_linear_cross_s47
[rank0]:[W515 20:43:31.613369613 ProcessGroupNCCL.cpp:1553] Warning: WARNING: destroy_process_group() was not called before program exit, which can leak resources. For more info, please see https://pytorch.org/docs/stable/distributed.html#shutdown (function operator())

*****************************************
Setting OMP_NUM_THREADS environment variable for each process to be 1 in default, to avoid your system being overloaded, please further tune the variable for optimal performance in your application as needed. 
*****************************************
INFO:src.pipeline.__main__:Loaded config: configs/tuna/0514/tuna64_linear_official_s47.yaml
WARNING:accelerate.utils.other:[RANK 0] Detected kernel version 3.10.0, which is below the recommended minimum of 5.5.0; this can cause the process to hang. It is recommended to upgrade the kernel to the minimum version or higher.
WARNING:py.warnings:/public/home/wangar2023/grand/.venv/lib/python3.11/site-packages/torch/distributed/c10d_logger.py:83: UserWarning: barrier(): using the device under current context. You can specify `device_id` in `init_process_group` to mute this warning.
  return func(*args, **kwargs)

2026-05-15 20:45:45 INFO Pipeline Runtime | Device: cuda:0 | Distributed: True | Test Batches: 1691 | Train Batches: 812 | Valid Batches: 762 | World Size: 4
2026-05-15 20:45:45 INFO Stage Start | Run Id: tuna64_linear_official_s47
2026-05-15 20:45:47 INFO Train Config | Epochs: 50 | Monitor: auprc | Patience: 10
2026-05-15 20:45:47 INFO Epoch Start | Epoch: 1
2026-05-15 20:45:52 INFO Epoch Progress | Epoch: 1 | Loss: 0.7094 | LR: 4.00023e-06 | Progress: 0% | Step: 1/812
2026-05-15 20:46:53 INFO Epoch Progress | Epoch: 1 | Loss: 0.7002 | LR: 1.31716e-05 | Progress: 25% | Step: 203/812
2026-05-15 20:47:53 INFO Epoch Progress | Epoch: 1 | Loss: 0.6979 | LR: 3.71813e-05 | Progress: 50% | Step: 406/812
2026-05-15 20:48:53 INFO Epoch Progress | Epoch: 1 | Loss: 0.6912 | LR: 6.6854e-05 | Progress: 75% | Step: 609/812
2026-05-15 20:49:53 INFO Epoch Progress | Epoch: 1 | Loss: 0.6775 | LR: 9.08503e-05 | Progress: 100% | Step: 812/812
2026-05-15 20:53:53 INFO CSV Written | Epoch: 1
WARNING:py.warnings:/public/home/wangar2023/grand/.venv/lib/python3.11/site-packages/deepspeed/runtime/zero/linear.py:47: FutureWarning: `torch.cuda.amp.custom_fwd(args...)` is deprecated. Please use `torch.amp.custom_fwd(args..., device_type='cuda')` instead.
  @autocast_custom_fwd

WARNING:py.warnings:/public/home/wangar2023/grand/.venv/lib/python3.11/site-packages/deepspeed/runtime/zero/linear.py:66: FutureWarning: `torch.cuda.amp.custom_bwd(args...)` is deprecated. Please use `torch.amp.custom_bwd(args..., device_type='cuda')` instead.
  @autocast_custom_bwd

2026-05-15 20:53:57 INFO Best Saved | Epoch: 1 | Monitor: val_auprc | Value: 0.7279
2026-05-15 20:53:57 INFO Epoch Done | Epoch: 1 | Time: 485.8780 | Train Loss: 0.6775 | Val Accuracy: 0.6738 | Val AUPRC: 0.7279 | Val Auroc: 0.7438 | Val F1: 0.6991 | Val Loss: 0.6130
2026-05-15 20:53:57 INFO Epoch Start | Epoch: 2
2026-05-15 20:53:59 INFO Epoch Progress | Epoch: 2 | Loss: 0.5652 | LR: 9.09374e-05 | Progress: 0% | Step: 1/812
2026-05-15 20:55:00 INFO Epoch Progress | Epoch: 2 | Loss: 0.5967 | LR: 0.0001 | Progress: 25% | Step: 203/812
2026-05-15 20:56:01 INFO Epoch Progress | Epoch: 2 | Loss: 0.5839 | LR: 9.98779e-05 | Progress: 50% | Step: 406/812
2026-05-15 20:57:03 INFO Epoch Progress | Epoch: 2 | Loss: 0.5730 | LR: 9.95128e-05 | Progress: 75% | Step: 609/812
2026-05-15 20:58:04 INFO Epoch Progress | Epoch: 2 | Loss: 0.5642 | LR: 9.89065e-05 | Progress: 100% | Step: 812/812
2026-05-15 21:02:12 INFO CSV Written | Epoch: 2
2026-05-15 21:02:12 INFO Best Saved | Epoch: 2 | Monitor: val_auprc | Value: 0.8322
2026-05-15 21:02:12 INFO Epoch Done | Epoch: 2 | Time: 494.9941 | Train Loss: 0.5643 | Val Accuracy: 0.7559 | Val AUPRC: 0.8322 | Val Auroc: 0.8348 | Val F1: 0.7697 | Val Loss: 0.5290
2026-05-15 21:02:12 INFO Epoch Start | Epoch: 3
2026-05-15 21:02:14 INFO Epoch Progress | Epoch: 3 | Loss: 0.4985 | LR: 9.89029e-05 | Progress: 0% | Step: 1/812
2026-05-15 21:03:15 INFO Epoch Progress | Epoch: 3 | Loss: 0.5308 | LR: 9.80619e-05 | Progress: 25% | Step: 203/812
2026-05-15 21:04:15 INFO Epoch Progress | Epoch: 3 | Loss: 0.5236 | LR: 9.69832e-05 | Progress: 50% | Step: 406/812
2026-05-15 21:05:14 INFO Epoch Progress | Epoch: 3 | Loss: 0.5178 | LR: 9.56755e-05 | Progress: 75% | Step: 609/812
2026-05-15 21:06:13 INFO Epoch Progress | Epoch: 3 | Loss: 0.5143 | LR: 9.41454e-05 | Progress: 100% | Step: 812/812
2026-05-15 21:10:19 INFO CSV Written | Epoch: 3
2026-05-15 21:10:19 INFO Best Saved | Epoch: 3 | Monitor: val_auprc | Value: 0.8522
2026-05-15 21:10:19 INFO Epoch Done | Epoch: 3 | Time: 487.3219 | Train Loss: 0.5140 | Val Accuracy: 0.7730 | Val AUPRC: 0.8522 | Val Auroc: 0.8536 | Val F1: 0.7799 | Val Loss: 0.5047
2026-05-15 21:10:19 INFO Epoch Start | Epoch: 4
2026-05-15 21:10:21 INFO Epoch Progress | Epoch: 4 | Loss: 0.5139 | LR: 9.41373e-05 | Progress: 0% | Step: 1/812
2026-05-15 21:11:21 INFO Epoch Progress | Epoch: 4 | Loss: 0.4934 | LR: 9.24002e-05 | Progress: 25% | Step: 203/812
2026-05-15 21:12:23 INFO Epoch Progress | Epoch: 4 | Loss: 0.4938 | LR: 9.04484e-05 | Progress: 50% | Step: 406/812
2026-05-15 21:13:23 INFO Epoch Progress | Epoch: 4 | Loss: 0.4942 | LR: 8.82995e-05 | Progress: 75% | Step: 609/812
2026-05-15 21:14:23 INFO Epoch Progress | Epoch: 4 | Loss: 0.4927 | LR: 8.59641e-05 | Progress: 100% | Step: 812/812
2026-05-15 21:18:21 INFO CSV Written | Epoch: 4
2026-05-15 21:18:21 INFO Best Saved | Epoch: 4 | Monitor: val_auprc | Value: 0.8645
2026-05-15 21:18:21 INFO Epoch Done | Epoch: 4 | Time: 482.0687 | Train Loss: 0.4918 | Val Accuracy: 0.7846 | Val AUPRC: 0.8645 | Val Auroc: 0.8656 | Val F1: 0.7897 | Val Loss: 0.4894
2026-05-15 21:18:21 INFO Epoch Start | Epoch: 5
2026-05-15 21:18:24 INFO Epoch Progress | Epoch: 5 | Loss: 0.4556 | LR: 8.59521e-05 | Progress: 0% | Step: 1/812
2026-05-15 21:19:25 INFO Epoch Progress | Epoch: 5 | Loss: 0.4821 | LR: 8.34534e-05 | Progress: 25% | Step: 203/812
2026-05-15 21:20:25 INFO Epoch Progress | Epoch: 5 | Loss: 0.4792 | LR: 8.07798e-05 | Progress: 50% | Step: 406/812
2026-05-15 21:21:27 INFO Epoch Progress | Epoch: 5 | Loss: 0.4775 | LR: 7.79562e-05 | Progress: 75% | Step: 609/812
2026-05-15 21:22:28 INFO Epoch Progress | Epoch: 5 | Loss: 0.4763 | LR: 7.49964e-05 | Progress: 100% | Step: 812/812
2026-05-15 21:26:19 INFO CSV Written | Epoch: 5
2026-05-15 21:26:19 INFO Best Saved | Epoch: 5 | Monitor: val_auprc | Value: 0.8725
2026-05-15 21:26:19 INFO Epoch Done | Epoch: 5 | Time: 477.7983 | Train Loss: 0.4756 | Val Accuracy: 0.7952 | Val AUPRC: 0.8725 | Val Auroc: 0.8746 | Val F1: 0.8021 | Val Loss: 0.4764
2026-05-15 21:26:19 INFO Epoch Start | Epoch: 6
2026-05-15 21:26:32 INFO Epoch Progress | Epoch: 6 | Loss: 0.8440 | LR: 7.49815e-05 | Progress: 1% | Step: 1/190
2026-05-15 21:27:39 INFO Epoch Progress | Epoch: 6 | Loss: 0.9303 | LR: 7.42782e-05 | Progress: 25% | Step: 48/190
2026-05-15 21:28:46 INFO Epoch Progress | Epoch: 6 | Loss: 0.8672 | LR: 7.35534e-05 | Progress: 51% | Step: 96/190
2026-05-15 21:29:55 INFO Epoch Progress | Epoch: 6 | Loss: 0.8282 | LR: 7.28221e-05 | Progress: 76% | Step: 144/190
2026-05-15 21:30:56 INFO Epoch Progress | Epoch: 6 | Loss: 0.8061 | LR: 7.21155e-05 | Progress: 100% | Step: 190/190
2026-05-15 21:34:55 INFO CSV Written | Epoch: 6
2026-05-15 21:34:55 INFO Epoch Done | Epoch: 6 | Time: 515.8230 | Train Loss: 0.8023 | Val Accuracy: 0.7304 | Val AUPRC: 0.8164 | Val Auroc: 0.8124 | Val F1: 0.7122 | Val Loss: 0.6522
2026-05-15 21:34:55 INFO Epoch Start | Epoch: 7
2026-05-15 21:35:06 INFO Epoch Progress | Epoch: 7 | Loss: 0.7165 | LR: 7.21001e-05 | Progress: 1% | Step: 1/190
2026-05-15 21:36:15 INFO Epoch Progress | Epoch: 7 | Loss: 0.7276 | LR: 7.13723e-05 | Progress: 25% | Step: 48/190
2026-05-15 21:37:25 INFO Epoch Progress | Epoch: 7 | Loss: 0.7246 | LR: 7.06232e-05 | Progress: 51% | Step: 96/190
2026-05-15 21:38:36 INFO Epoch Progress | Epoch: 7 | Loss: 0.7223 | LR: 6.98686e-05 | Progress: 76% | Step: 144/190
2026-05-15 21:39:39 INFO Epoch Progress | Epoch: 7 | Loss: 0.7203 | LR: 6.91403e-05 | Progress: 100% | Step: 190/190
2026-05-15 21:43:32 INFO CSV Written | Epoch: 7
2026-05-15 21:43:32 INFO Epoch Done | Epoch: 7 | Time: 516.6233 | Train Loss: 0.7199 | Val Accuracy: 0.7393 | Val AUPRC: 0.8230 | Val Auroc: 0.8197 | Val F1: 0.7322 | Val Loss: 0.6658
2026-05-15 21:43:32 INFO Epoch Start | Epoch: 8
2026-05-15 21:43:43 INFO Epoch Progress | Epoch: 8 | Loss: 0.7048 | LR: 6.91244e-05 | Progress: 1% | Step: 1/190
2026-05-15 21:44:52 INFO Epoch Progress | Epoch: 8 | Loss: 0.7127 | LR: 6.83752e-05 | Progress: 25% | Step: 48/190
2026-05-15 21:46:03 INFO Epoch Progress | Epoch: 8 | Loss: 0.7119 | LR: 6.76051e-05 | Progress: 51% | Step: 96/190
2026-05-15 21:47:13 INFO Epoch Progress | Epoch: 8 | Loss: 0.7109 | LR: 6.68302e-05 | Progress: 76% | Step: 144/190
2026-05-15 21:48:15 INFO Epoch Progress | Epoch: 8 | Loss: 0.7103 | LR: 6.60833e-05 | Progress: 100% | Step: 190/190
2026-05-15 21:52:23 INFO CSV Written | Epoch: 8
2026-05-15 21:52:23 INFO Epoch Done | Epoch: 8 | Time: 531.2676 | Train Loss: 0.7102 | Val Accuracy: 0.7433 | Val AUPRC: 0.8261 | Val Auroc: 0.8231 | Val F1: 0.7438 | Val Loss: 0.6712
2026-05-15 21:52:23 INFO Epoch Start | Epoch: 9
2026-05-15 21:52:35 INFO Epoch Progress | Epoch: 9 | Loss: 0.7109 | LR: 6.6067e-05 | Progress: 1% | Step: 1/190
2026-05-15 21:53:46 INFO Epoch Progress | Epoch: 9 | Loss: 0.7075 | LR: 6.52996e-05 | Progress: 25% | Step: 48/190
2026-05-15 21:54:59 INFO Epoch Progress | Epoch: 9 | Loss: 0.7069 | LR: 6.45118e-05 | Progress: 51% | Step: 96/190
2026-05-15 21:56:12 INFO Epoch Progress | Epoch: 9 | Loss: 0.7063 | LR: 6.372e-05 | Progress: 76% | Step: 144/190
2026-05-15 21:57:16 INFO Epoch Progress | Epoch: 9 | Loss: 0.7058 | LR: 6.29577e-05 | Progress: 100% | Step: 190/190
2026-05-15 22:01:16 INFO CSV Written | Epoch: 9
2026-05-15 22:01:16 INFO Epoch Done | Epoch: 9 | Time: 533.0721 | Train Loss: 0.7058 | Val Accuracy: 0.7341 | Val AUPRC: 0.8281 | Val Auroc: 0.8254 | Val F1: 0.7104 | Val Loss: 0.6742
2026-05-15 22:01:16 INFO Epoch Start | Epoch: 10
2026-05-15 22:01:28 INFO Epoch Progress | Epoch: 10 | Loss: 0.7022 | LR: 6.29411e-05 | Progress: 1% | Step: 1/190
2026-05-15 22:02:39 INFO Epoch Progress | Epoch: 10 | Loss: 0.7041 | LR: 6.21588e-05 | Progress: 25% | Step: 48/190
2026-05-15 22:03:51 INFO Epoch Progress | Epoch: 10 | Loss: 0.7037 | LR: 6.13566e-05 | Progress: 51% | Step: 96/190
2026-05-15 22:05:01 INFO Epoch Progress | Epoch: 10 | Loss: 0.7034 | LR: 6.05513e-05 | Progress: 76% | Step: 144/190
2026-05-15 22:06:05 INFO Epoch Progress | Epoch: 10 | Loss: 0.7033 | LR: 5.97768e-05 | Progress: 100% | Step: 190/190
2026-05-15 22:10:05 INFO CSV Written | Epoch: 10
2026-05-15 22:10:05 INFO Epoch Done | Epoch: 10 | Time: 528.6804 | Train Loss: 0.7031 | Val Accuracy: 0.7393 | Val AUPRC: 0.8298 | Val Auroc: 0.8274 | Val F1: 0.7212 | Val Loss: 0.6761
2026-05-15 22:10:05 INFO Epoch Start | Epoch: 11
2026-05-15 22:10:17 INFO Epoch Progress | Epoch: 11 | Loss: 0.7003 | LR: 5.97599e-05 | Progress: 1% | Step: 1/190
2026-05-15 22:11:29 INFO Epoch Progress | Epoch: 11 | Loss: 0.7024 | LR: 5.89661e-05 | Progress: 25% | Step: 48/190
2026-05-15 22:12:41 INFO Epoch Progress | Epoch: 11 | Loss: 0.7021 | LR: 5.81529e-05 | Progress: 51% | Step: 96/190
2026-05-15 22:13:56 INFO Epoch Progress | Epoch: 11 | Loss: 0.7018 | LR: 5.73375e-05 | Progress: 76% | Step: 144/190
2026-05-15 22:15:02 INFO Epoch Progress | Epoch: 11 | Loss: 0.7015 | LR: 5.65542e-05 | Progress: 100% | Step: 190/190
2026-05-15 22:18:58 INFO CSV Written | Epoch: 11
2026-05-15 22:18:58 INFO Epoch Done | Epoch: 11 | Time: 532.9104 | Train Loss: 0.7015 | Val Accuracy: 0.7027 | Val AUPRC: 0.8297 | Val Auroc: 0.8280 | Val F1: 0.6300 | Val Loss: 0.6776
2026-05-15 22:18:58 INFO Epoch Start | Epoch: 12
2026-05-15 22:19:09 INFO Epoch Progress | Epoch: 12 | Loss: 0.7026 | LR: 5.65371e-05 | Progress: 1% | Step: 1/190
2026-05-15 22:20:17 INFO Epoch Progress | Epoch: 12 | Loss: 0.7012 | LR: 5.57351e-05 | Progress: 25% | Step: 48/190
2026-05-15 22:21:30 INFO Epoch Progress | Epoch: 12 | Loss: 0.7013 | LR: 5.49144e-05 | Progress: 51% | Step: 96/190
2026-05-15 22:22:43 INFO Epoch Progress | Epoch: 12 | Loss: 0.7011 | LR: 5.40924e-05 | Progress: 76% | Step: 144/190
2026-05-15 22:23:50 INFO Epoch Progress | Epoch: 12 | Loss: 0.7010 | LR: 5.33036e-05 | Progress: 100% | Step: 190/190
2026-05-15 22:27:53 INFO CSV Written | Epoch: 12
2026-05-15 22:27:53 INFO Epoch Done | Epoch: 12 | Time: 535.6767 | Train Loss: 0.7006 | Val Accuracy: 0.7388 | Val AUPRC: 0.8320 | Val Auroc: 0.8303 | Val F1: 0.7169 | Val Loss: 0.6785
2026-05-15 22:27:53 INFO Epoch Start | Epoch: 13
2026-05-15 22:28:04 INFO Epoch Progress | Epoch: 13 | Loss: 0.7002 | LR: 5.32864e-05 | Progress: 1% | Step: 1/190
2026-05-15 22:29:17 INFO Epoch Progress | Epoch: 13 | Loss: 0.6999 | LR: 5.24796e-05 | Progress: 25% | Step: 48/190
2026-05-15 22:30:27 INFO Epoch Progress | Epoch: 13 | Loss: 0.7003 | LR: 5.16549e-05 | Progress: 51% | Step: 96/190
2026-05-15 22:32:21 INFO Epoch Progress | Epoch: 13 | Loss: 0.6998 | LR: 5.08298e-05 | Progress: 76% | Step: 144/190
2026-05-15 22:34:04 INFO Epoch Progress | Epoch: 13 | Loss: 0.6995 | LR: 5.00389e-05 | Progress: 100% | Step: 190/190
2026-05-15 22:38:09 INFO CSV Written | Epoch: 13
2026-05-15 22:38:09 INFO Epoch Done | Epoch: 13 | Time: 615.4053 | Train Loss: 0.6994 | Val Accuracy: 0.7311 | Val AUPRC: 0.8320 | Val Auroc: 0.8306 | Val F1: 0.6986 | Val Loss: 0.6794
2026-05-15 22:38:09 INFO Epoch Start | Epoch: 14
2026-05-15 22:38:21 INFO Epoch Progress | Epoch: 14 | Loss: 0.6987 | LR: 5.00217e-05 | Progress: 1% | Step: 1/190
2026-05-15 22:39:34 INFO Epoch Progress | Epoch: 14 | Loss: 0.6985 | LR: 4.92135e-05 | Progress: 25% | Step: 48/190
2026-05-15 22:40:46 INFO Epoch Progress | Epoch: 14 | Loss: 0.6981 | LR: 4.83884e-05 | Progress: 51% | Step: 96/190
2026-05-15 22:42:01 INFO Epoch Progress | Epoch: 14 | Loss: 0.6983 | LR: 4.75637e-05 | Progress: 76% | Step: 144/190
2026-05-15 22:43:08 INFO Epoch Progress | Epoch: 14 | Loss: 0.6984 | LR: 4.6774e-05 | Progress: 100% | Step: 190/190
2026-05-15 22:47:05 INFO CSV Written | Epoch: 14
2026-05-15 22:47:05 INFO Epoch Done | Epoch: 14 | Time: 536.4535 | Train Loss: 0.6985 | Val Accuracy: 0.7347 | Val AUPRC: 0.8330 | Val Auroc: 0.8317 | Val F1: 0.7066 | Val Loss: 0.6799
2026-05-15 22:47:05 INFO Epoch Start | Epoch: 15
2026-05-15 22:47:16 INFO Epoch Progress | Epoch: 15 | Loss: 0.6927 | LR: 4.67569e-05 | Progress: 1% | Step: 1/190
2026-05-15 22:48:21 INFO Epoch Progress | Epoch: 15 | Loss: 0.6984 | LR: 4.59508e-05 | Progress: 25% | Step: 48/190
2026-05-15 22:49:28 INFO Epoch Progress | Epoch: 15 | Loss: 0.6983 | LR: 4.51288e-05 | Progress: 51% | Step: 96/190
2026-05-15 22:50:35 INFO Epoch Progress | Epoch: 15 | Loss: 0.6983 | LR: 4.4308e-05 | Progress: 76% | Step: 144/190
2026-05-15 22:51:35 INFO Epoch Progress | Epoch: 15 | Loss: 0.6982 | LR: 4.35229e-05 | Progress: 100% | Step: 190/190
2026-05-15 22:55:31 INFO CSV Written | Epoch: 15
2026-05-15 22:55:31 INFO Epoch Done | Epoch: 15 | Time: 505.5227 | Train Loss: 0.6981 | Val Accuracy: 0.7286 | Val AUPRC: 0.8334 | Val Auroc: 0.8324 | Val F1: 0.6881 | Val Loss: 0.6804
2026-05-15 22:55:31 INFO Early Stop | Epoch: 15
2026-05-15 22:55:31 INFO Stage Done | Run Id: tuna64_linear_official_s47
2026-05-15 22:55:31 INFO Stage Start | Checkpoint: models/tuna/train/tuna64_linear_official_s47/best_model.pth | Run Id: tuna64_linear_official_s47
2026-05-15 22:55:31 INFO Checkpoint Loaded | Path: models/tuna/train/tuna64_linear_official_s47/best_model.pth
2026-05-15 22:55:31 INFO Decision Threshold | Mode: fixed | Value: 0.5000
2026-05-15 23:03:51 INFO Evaluation Metrics | Accuracy: 0.6226 | AUPRC: 0.7024 | Auroc: 0.6827 | F1: 0.6495 | Mcc: 0.2481 | Precision: 0.6064 | Recall: 0.6992 | Sensitivity: 0.6992 | Specificity: 0.5459 | Split: test
2026-05-15 23:03:51 INFO CSV Written | Path: logs/tuna/evaluate/tuna64_linear_official_s47/evaluate.csv
2026-05-15 23:03:51 INFO Stage Done | Run Id: tuna64_linear_official_s47
[rank0]:[W515 23:03:52.415706815 ProcessGroupNCCL.cpp:1553] Warning: WARNING: destroy_process_group() was not called before program exit, which can leak resources. For more info, please see https://pytorch.org/docs/stable/distributed.html#shutdown (function operator())

*****************************************
Setting OMP_NUM_THREADS environment variable for each process to be 1 in default, to avoid your system being overloaded, please further tune the variable for optimal performance in your application as needed. 
*****************************************
INFO:src.pipeline.__main__:Loaded config: configs/tuna/0514/tuna64_sngp_cross_s47.yaml
WARNING:accelerate.utils.other:[RANK 0] Detected kernel version 3.10.0, which is below the recommended minimum of 5.5.0; this can cause the process to hang. It is recommended to upgrade the kernel to the minimum version or higher.
WARNING:py.warnings:/public/home/wangar2023/grand/.venv/lib/python3.11/site-packages/torch/distributed/c10d_logger.py:83: UserWarning: barrier(): using the device under current context. You can specify `device_id` in `init_process_group` to mute this warning.
  return func(*args, **kwargs)

2026-05-15 23:06:01 INFO Pipeline Runtime | Device: cuda:0 | Distributed: True | Test Batches: 1691 | Train Batches: 812 | Valid Batches: 762 | World Size: 4
2026-05-15 23:06:01 INFO Stage Start | Run Id: tuna64_sngp_cross_s47
2026-05-15 23:06:04 INFO Train Config | Epochs: 50 | Monitor: auprc | Patience: 10
2026-05-15 23:06:04 INFO Epoch Start | Epoch: 1
2026-05-15 23:06:09 INFO Epoch Progress | Epoch: 1 | Loss: 0.6968 | LR: 4.00023e-06 | Progress: 0% | Step: 1/812
2026-05-15 23:07:11 INFO Epoch Progress | Epoch: 1 | Loss: 0.6930 | LR: 1.31716e-05 | Progress: 25% | Step: 203/812
2026-05-15 23:08:14 INFO Epoch Progress | Epoch: 1 | Loss: 0.6915 | LR: 3.71813e-05 | Progress: 50% | Step: 406/812
2026-05-15 23:09:15 INFO Epoch Progress | Epoch: 1 | Loss: 0.6895 | LR: 6.6854e-05 | Progress: 75% | Step: 609/812
2026-05-15 23:10:16 INFO Epoch Progress | Epoch: 1 | Loss: 0.6860 | LR: 9.08503e-05 | Progress: 100% | Step: 812/812
2026-05-15 23:14:13 INFO CSV Written | Epoch: 1
WARNING:py.warnings:/public/home/wangar2023/grand/.venv/lib/python3.11/site-packages/deepspeed/runtime/zero/linear.py:47: FutureWarning: `torch.cuda.amp.custom_fwd(args...)` is deprecated. Please use `torch.amp.custom_fwd(args..., device_type='cuda')` instead.
  @autocast_custom_fwd

WARNING:py.warnings:/public/home/wangar2023/grand/.venv/lib/python3.11/site-packages/deepspeed/runtime/zero/linear.py:66: FutureWarning: `torch.cuda.amp.custom_bwd(args...)` is deprecated. Please use `torch.amp.custom_bwd(args..., device_type='cuda')` instead.
  @autocast_custom_bwd

2026-05-15 23:14:17 INFO Best Saved | Epoch: 1 | Monitor: val_auprc | Value: 0.6600
2026-05-15 23:14:17 INFO Epoch Done | Epoch: 1 | Time: 489.4513 | Train Loss: 0.6862 | Val Accuracy: 0.6139 | Val AUPRC: 0.6600 | Val Auroc: 0.6689 | Val F1: 0.5637 | Val Loss: 0.6719
2026-05-15 23:14:17 INFO Epoch Start | Epoch: 2
2026-05-15 23:14:19 INFO Epoch Progress | Epoch: 2 | Loss: 0.6308 | LR: 9.09374e-05 | Progress: 0% | Step: 1/812
2026-05-15 23:15:19 INFO Epoch Progress | Epoch: 2 | Loss: 0.6631 | LR: 0.0001 | Progress: 25% | Step: 203/812
2026-05-15 23:16:19 INFO Epoch Progress | Epoch: 2 | Loss: 0.6575 | LR: 9.98779e-05 | Progress: 50% | Step: 406/812
2026-05-15 23:17:19 INFO Epoch Progress | Epoch: 2 | Loss: 0.6515 | LR: 9.95128e-05 | Progress: 75% | Step: 609/812
2026-05-15 23:18:19 INFO Epoch Progress | Epoch: 2 | Loss: 0.6447 | LR: 9.89065e-05 | Progress: 100% | Step: 812/812
2026-05-15 23:22:17 INFO CSV Written | Epoch: 2
2026-05-15 23:22:17 INFO Best Saved | Epoch: 2 | Monitor: val_auprc | Value: 0.6920
2026-05-15 23:22:17 INFO Epoch Done | Epoch: 2 | Time: 480.1916 | Train Loss: 0.6451 | Val Accuracy: 0.6722 | Val AUPRC: 0.6920 | Val Auroc: 0.7243 | Val F1: 0.6865 | Val Loss: 0.6280
2026-05-15 23:22:17 INFO Epoch Start | Epoch: 3
2026-05-15 23:22:19 INFO Epoch Progress | Epoch: 3 | Loss: 0.5713 | LR: 9.89029e-05 | Progress: 0% | Step: 1/812
2026-05-15 23:23:20 INFO Epoch Progress | Epoch: 3 | Loss: 0.6209 | LR: 9.80619e-05 | Progress: 25% | Step: 203/812
2026-05-15 23:24:21 INFO Epoch Progress | Epoch: 3 | Loss: 0.6099 | LR: 9.69832e-05 | Progress: 50% | Step: 406/812
2026-05-15 23:25:22 INFO Epoch Progress | Epoch: 3 | Loss: 0.6008 | LR: 9.56755e-05 | Progress: 75% | Step: 609/812
2026-05-15 23:26:22 INFO Epoch Progress | Epoch: 3 | Loss: 0.5948 | LR: 9.41454e-05 | Progress: 100% | Step: 812/812
2026-05-15 23:30:16 INFO CSV Written | Epoch: 3
2026-05-15 23:30:16 INFO Best Saved | Epoch: 3 | Monitor: val_auprc | Value: 0.7441
2026-05-15 23:30:16 INFO Epoch Done | Epoch: 3 | Time: 479.1764 | Train Loss: 0.5944 | Val Accuracy: 0.7275 | Val AUPRC: 0.7441 | Val Auroc: 0.7838 | Val F1: 0.7489 | Val Loss: 0.5769
2026-05-15 23:30:16 INFO Epoch Start | Epoch: 4
2026-05-15 23:30:18 INFO Epoch Progress | Epoch: 4 | Loss: 0.5775 | LR: 9.41373e-05 | Progress: 0% | Step: 1/812
2026-05-15 23:31:19 INFO Epoch Progress | Epoch: 4 | Loss: 0.5614 | LR: 9.24002e-05 | Progress: 25% | Step: 203/812
2026-05-15 23:32:20 INFO Epoch Progress | Epoch: 4 | Loss: 0.5604 | LR: 9.04484e-05 | Progress: 50% | Step: 406/812
2026-05-15 23:33:21 INFO Epoch Progress | Epoch: 4 | Loss: 0.5598 | LR: 8.82995e-05 | Progress: 75% | Step: 609/812
2026-05-15 23:34:22 INFO Epoch Progress | Epoch: 4 | Loss: 0.5572 | LR: 8.59641e-05 | Progress: 100% | Step: 812/812
2026-05-15 23:38:25 INFO CSV Written | Epoch: 4
2026-05-15 23:38:25 INFO Best Saved | Epoch: 4 | Monitor: val_auprc | Value: 0.7713
2026-05-15 23:38:25 INFO Epoch Done | Epoch: 4 | Time: 488.2709 | Train Loss: 0.5563 | Val Accuracy: 0.7358 | Val AUPRC: 0.7713 | Val Auroc: 0.8057 | Val F1: 0.7713 | Val Loss: 0.5575
2026-05-15 23:38:25 INFO Epoch Start | Epoch: 5
2026-05-15 23:38:27 INFO Epoch Progress | Epoch: 5 | Loss: 0.5243 | LR: 8.59521e-05 | Progress: 0% | Step: 1/812
2026-05-15 23:39:28 INFO Epoch Progress | Epoch: 5 | Loss: 0.5469 | LR: 8.34534e-05 | Progress: 25% | Step: 203/812
2026-05-15 23:40:29 INFO Epoch Progress | Epoch: 5 | Loss: 0.5405 | LR: 8.07798e-05 | Progress: 50% | Step: 406/812
2026-05-15 23:41:30 INFO Epoch Progress | Epoch: 5 | Loss: 0.5390 | LR: 7.79562e-05 | Progress: 75% | Step: 609/812
2026-05-15 23:42:31 INFO Epoch Progress | Epoch: 5 | Loss: 0.5381 | LR: 7.49964e-05 | Progress: 100% | Step: 812/812
2026-05-15 23:46:28 INFO CSV Written | Epoch: 5
2026-05-15 23:46:28 INFO Best Saved | Epoch: 5 | Monitor: val_auprc | Value: 0.7869
2026-05-15 23:46:28 INFO Epoch Done | Epoch: 5 | Time: 483.7398 | Train Loss: 0.5366 | Val Accuracy: 0.7411 | Val AUPRC: 0.7869 | Val Auroc: 0.8189 | Val F1: 0.7754 | Val Loss: 0.5460
2026-05-15 23:46:28 INFO Epoch Start | Epoch: 6
2026-05-15 23:46:41 INFO Epoch Progress | Epoch: 6 | Loss: 1.0563 | LR: 7.49815e-05 | Progress: 1% | Step: 1/190
2026-05-15 23:47:44 INFO Epoch Progress | Epoch: 6 | Loss: 0.8326 | LR: 7.42782e-05 | Progress: 25% | Step: 48/190
2026-05-15 23:48:42 INFO Epoch Progress | Epoch: 6 | Loss: 0.7730 | LR: 7.35534e-05 | Progress: 51% | Step: 96/190
2026-05-15 23:49:44 INFO Epoch Progress | Epoch: 6 | Loss: 0.7512 | LR: 7.28221e-05 | Progress: 76% | Step: 144/190
2026-05-15 23:50:38 INFO Epoch Progress | Epoch: 6 | Loss: 0.7401 | LR: 7.21155e-05 | Progress: 100% | Step: 190/190
2026-05-15 23:54:39 INFO CSV Written | Epoch: 6
2026-05-15 23:54:39 INFO Epoch Done | Epoch: 6 | Time: 491.0794 | Train Loss: 0.7390 | Val Accuracy: 0.5762 | Val AUPRC: 0.6785 | Val Auroc: 0.6922 | Val F1: 0.6927 | Val Loss: 0.6880
2026-05-15 23:54:39 INFO Epoch Start | Epoch: 7
2026-05-15 23:54:47 INFO Epoch Progress | Epoch: 7 | Loss: 0.7039 | LR: 7.21001e-05 | Progress: 1% | Step: 1/190
2026-05-15 23:55:45 INFO Epoch Progress | Epoch: 7 | Loss: 0.7037 | LR: 7.13723e-05 | Progress: 25% | Step: 48/190
2026-05-15 23:56:46 INFO Epoch Progress | Epoch: 7 | Loss: 0.7034 | LR: 7.06232e-05 | Progress: 51% | Step: 96/190
2026-05-15 23:57:45 INFO Epoch Progress | Epoch: 7 | Loss: 0.7029 | LR: 6.98686e-05 | Progress: 76% | Step: 144/190
2026-05-15 23:58:39 INFO Epoch Progress | Epoch: 7 | Loss: 0.7025 | LR: 6.91403e-05 | Progress: 100% | Step: 190/190
2026-05-16 00:02:35 INFO CSV Written | Epoch: 7
2026-05-16 00:02:35 INFO Epoch Done | Epoch: 7 | Time: 475.5526 | Train Loss: 0.7024 | Val Accuracy: 0.5433 | Val AUPRC: 0.6738 | Val Auroc: 0.6901 | Val F1: 0.6834 | Val Loss: 0.6894
2026-05-16 00:02:35 INFO Epoch Start | Epoch: 8
2026-05-16 00:02:44 INFO Epoch Progress | Epoch: 8 | Loss: 0.6983 | LR: 6.91244e-05 | Progress: 1% | Step: 1/190
2026-05-16 00:03:41 INFO Epoch Progress | Epoch: 8 | Loss: 0.7001 | LR: 6.83752e-05 | Progress: 25% | Step: 48/190
2026-05-16 00:04:36 INFO Epoch Progress | Epoch: 8 | Loss: 0.7000 | LR: 6.76051e-05 | Progress: 51% | Step: 96/190
2026-05-16 00:05:33 INFO Epoch Progress | Epoch: 8 | Loss: 0.6999 | LR: 6.68302e-05 | Progress: 76% | Step: 144/190
2026-05-16 00:06:26 INFO Epoch Progress | Epoch: 8 | Loss: 0.6998 | LR: 6.60833e-05 | Progress: 100% | Step: 190/190
2026-05-16 00:10:23 INFO CSV Written | Epoch: 8
2026-05-16 00:10:23 INFO Epoch Done | Epoch: 8 | Time: 468.1780 | Train Loss: 0.6999 | Val Accuracy: 0.5303 | Val AUPRC: 0.6771 | Val Auroc: 0.6937 | Val F1: 0.6789 | Val Loss: 0.6899
2026-05-16 00:10:23 INFO Epoch Start | Epoch: 9
2026-05-16 00:10:32 INFO Epoch Progress | Epoch: 9 | Loss: 0.6980 | LR: 6.6067e-05 | Progress: 1% | Step: 1/190
2026-05-16 00:11:28 INFO Epoch Progress | Epoch: 9 | Loss: 0.6993 | LR: 6.52996e-05 | Progress: 25% | Step: 48/190
2026-05-16 00:12:24 INFO Epoch Progress | Epoch: 9 | Loss: 0.6990 | LR: 6.45118e-05 | Progress: 51% | Step: 96/190
2026-05-16 00:13:21 INFO Epoch Progress | Epoch: 9 | Loss: 0.6987 | LR: 6.372e-05 | Progress: 76% | Step: 144/190
2026-05-16 00:14:14 INFO Epoch Progress | Epoch: 9 | Loss: 0.6986 | LR: 6.29577e-05 | Progress: 100% | Step: 190/190
2026-05-16 00:18:09 INFO CSV Written | Epoch: 9
2026-05-16 00:18:09 INFO Epoch Done | Epoch: 9 | Time: 465.9524 | Train Loss: 0.6985 | Val Accuracy: 0.5227 | Val AUPRC: 0.6666 | Val Auroc: 0.6831 | Val F1: 0.6759 | Val Loss: 0.6906
2026-05-16 00:18:09 INFO Epoch Start | Epoch: 10
2026-05-16 00:18:18 INFO Epoch Progress | Epoch: 10 | Loss: 0.6971 | LR: 6.29411e-05 | Progress: 1% | Step: 1/190
2026-05-16 00:19:15 INFO Epoch Progress | Epoch: 10 | Loss: 0.6979 | LR: 6.21588e-05 | Progress: 25% | Step: 48/190
2026-05-16 00:20:18 INFO Epoch Progress | Epoch: 10 | Loss: 0.6978 | LR: 6.13566e-05 | Progress: 51% | Step: 96/190
2026-05-16 00:21:19 INFO Epoch Progress | Epoch: 10 | Loss: 0.6977 | LR: 6.05513e-05 | Progress: 76% | Step: 144/190
2026-05-16 00:22:13 INFO Epoch Progress | Epoch: 10 | Loss: 0.6976 | LR: 5.97768e-05 | Progress: 100% | Step: 190/190
2026-05-16 00:26:13 INFO CSV Written | Epoch: 10
2026-05-16 00:26:13 INFO Epoch Done | Epoch: 10 | Time: 483.6917 | Train Loss: 0.6976 | Val Accuracy: 0.5239 | Val AUPRC: 0.6788 | Val Auroc: 0.6998 | Val F1: 0.6765 | Val Loss: 0.6905
2026-05-16 00:26:13 INFO Epoch Start | Epoch: 11
2026-05-16 00:26:22 INFO Epoch Progress | Epoch: 11 | Loss: 0.6976 | LR: 5.97599e-05 | Progress: 1% | Step: 1/190
2026-05-16 00:27:20 INFO Epoch Progress | Epoch: 11 | Loss: 0.6970 | LR: 5.89661e-05 | Progress: 25% | Step: 48/190
2026-05-16 00:28:19 INFO Epoch Progress | Epoch: 11 | Loss: 0.6970 | LR: 5.81529e-05 | Progress: 51% | Step: 96/190
2026-05-16 00:29:17 INFO Epoch Progress | Epoch: 11 | Loss: 0.6969 | LR: 5.73375e-05 | Progress: 76% | Step: 144/190
2026-05-16 00:30:12 INFO Epoch Progress | Epoch: 11 | Loss: 0.6970 | LR: 5.65542e-05 | Progress: 100% | Step: 190/190
2026-05-16 00:34:21 INFO CSV Written | Epoch: 11
2026-05-16 00:34:21 INFO Epoch Done | Epoch: 11 | Time: 488.3216 | Train Loss: 0.6970 | Val Accuracy: 0.5208 | Val AUPRC: 0.6738 | Val Auroc: 0.6938 | Val F1: 0.6752 | Val Loss: 0.6909
2026-05-16 00:34:21 INFO Epoch Start | Epoch: 12
2026-05-16 00:34:30 INFO Epoch Progress | Epoch: 12 | Loss: 0.6961 | LR: 5.65371e-05 | Progress: 1% | Step: 1/190
2026-05-16 00:35:27 INFO Epoch Progress | Epoch: 12 | Loss: 0.6965 | LR: 5.57351e-05 | Progress: 25% | Step: 48/190
2026-05-16 00:36:25 INFO Epoch Progress | Epoch: 12 | Loss: 0.6966 | LR: 5.49144e-05 | Progress: 51% | Step: 96/190
2026-05-16 00:37:26 INFO Epoch Progress | Epoch: 12 | Loss: 0.6966 | LR: 5.40924e-05 | Progress: 76% | Step: 144/190
2026-05-16 00:38:18 INFO Epoch Progress | Epoch: 12 | Loss: 0.6965 | LR: 5.33036e-05 | Progress: 100% | Step: 190/190
2026-05-16 00:42:04 INFO CSV Written | Epoch: 12
2026-05-16 00:42:04 INFO Epoch Done | Epoch: 12 | Time: 462.6419 | Train Loss: 0.6965 | Val Accuracy: 0.5146 | Val AUPRC: 0.6713 | Val Auroc: 0.6906 | Val F1: 0.6727 | Val Loss: 0.6911
2026-05-16 00:42:04 INFO Epoch Start | Epoch: 13
2026-05-16 00:42:11 INFO Epoch Progress | Epoch: 13 | Loss: 0.6957 | LR: 5.32864e-05 | Progress: 1% | Step: 1/190
2026-05-16 00:43:08 INFO Epoch Progress | Epoch: 13 | Loss: 0.6963 | LR: 5.24796e-05 | Progress: 25% | Step: 48/190
2026-05-16 00:44:05 INFO Epoch Progress | Epoch: 13 | Loss: 0.6962 | LR: 5.16549e-05 | Progress: 51% | Step: 96/190
2026-05-16 00:45:02 INFO Epoch Progress | Epoch: 13 | Loss: 0.6961 | LR: 5.08298e-05 | Progress: 76% | Step: 144/190
2026-05-16 00:45:59 INFO Epoch Progress | Epoch: 13 | Loss: 0.6961 | LR: 5.00389e-05 | Progress: 100% | Step: 190/190
2026-05-16 00:49:56 INFO CSV Written | Epoch: 13
2026-05-16 00:49:56 INFO Epoch Done | Epoch: 13 | Time: 472.4020 | Train Loss: 0.6961 | Val Accuracy: 0.5139 | Val AUPRC: 0.6731 | Val Auroc: 0.6913 | Val F1: 0.6725 | Val Loss: 0.6912
2026-05-16 00:49:56 INFO Epoch Start | Epoch: 14
2026-05-16 00:50:04 INFO Epoch Progress | Epoch: 14 | Loss: 0.6952 | LR: 5.00217e-05 | Progress: 1% | Step: 1/190
2026-05-16 00:51:04 INFO Epoch Progress | Epoch: 14 | Loss: 0.6958 | LR: 4.92135e-05 | Progress: 25% | Step: 48/190
2026-05-16 00:52:04 INFO Epoch Progress | Epoch: 14 | Loss: 0.6958 | LR: 4.83884e-05 | Progress: 51% | Step: 96/190
2026-05-16 00:53:03 INFO Epoch Progress | Epoch: 14 | Loss: 0.6958 | LR: 4.75637e-05 | Progress: 76% | Step: 144/190
2026-05-16 00:53:58 INFO Epoch Progress | Epoch: 14 | Loss: 0.6958 | LR: 4.6774e-05 | Progress: 100% | Step: 190/190
2026-05-16 00:58:03 INFO CSV Written | Epoch: 14
2026-05-16 00:58:03 INFO Epoch Done | Epoch: 14 | Time: 486.8180 | Train Loss: 0.6958 | Val Accuracy: 0.5106 | Val AUPRC: 0.6709 | Val Auroc: 0.6893 | Val F1: 0.6711 | Val Loss: 0.6913
2026-05-16 00:58:03 INFO Epoch Start | Epoch: 15
2026-05-16 00:58:12 INFO Epoch Progress | Epoch: 15 | Loss: 0.6955 | LR: 4.67569e-05 | Progress: 1% | Step: 1/190
2026-05-16 00:59:11 INFO Epoch Progress | Epoch: 15 | Loss: 0.6955 | LR: 4.59508e-05 | Progress: 25% | Step: 48/190
2026-05-16 01:00:12 INFO Epoch Progress | Epoch: 15 | Loss: 0.6955 | LR: 4.51288e-05 | Progress: 51% | Step: 96/190
2026-05-16 01:01:10 INFO Epoch Progress | Epoch: 15 | Loss: 0.6955 | LR: 4.4308e-05 | Progress: 76% | Step: 144/190
2026-05-16 01:02:05 INFO Epoch Progress | Epoch: 15 | Loss: 0.6955 | LR: 4.35229e-05 | Progress: 100% | Step: 190/190
2026-05-16 01:06:08 INFO CSV Written | Epoch: 15
2026-05-16 01:06:08 INFO Epoch Done | Epoch: 15 | Time: 484.5971 | Train Loss: 0.6955 | Val Accuracy: 0.5104 | Val AUPRC: 0.6680 | Val Auroc: 0.6864 | Val F1: 0.6710 | Val Loss: 0.6914
2026-05-16 01:06:08 INFO Early Stop | Epoch: 15
2026-05-16 01:06:08 INFO Stage Done | Run Id: tuna64_sngp_cross_s47
2026-05-16 01:06:08 INFO Stage Start | Checkpoint: models/tuna/train/tuna64_sngp_cross_s47/best_model.pth | Run Id: tuna64_sngp_cross_s47
2026-05-16 01:06:08 INFO Checkpoint Loaded | Path: models/tuna/train/tuna64_sngp_cross_s47/best_model.pth
2026-05-16 01:06:08 INFO Decision Threshold | Mode: fixed | Value: 0.5000
2026-05-16 01:14:27 INFO Evaluation Metrics | Accuracy: 0.5983 | AUPRC: 0.6308 | Auroc: 0.6477 | F1: 0.6770 | Mcc: 0.2249 | Precision: 0.5662 | Recall: 0.8417 | Sensitivity: 0.8417 | Specificity: 0.3548 | Split: test
2026-05-16 01:14:27 INFO CSV Written | Path: logs/tuna/evaluate/tuna64_sngp_cross_s47/evaluate.csv
2026-05-16 01:14:27 INFO Stage Done | Run Id: tuna64_sngp_cross_s47
[rank0]:[W516 01:14:28.804898330 ProcessGroupNCCL.cpp:1553] Warning: WARNING: destroy_process_group() was not called before program exit, which can leak resources. For more info, please see https://pytorch.org/docs/stable/distributed.html#shutdown (function operator())

*****************************************
Setting OMP_NUM_THREADS environment variable for each process to be 1 in default, to avoid your system being overloaded, please further tune the variable for optimal performance in your application as needed. 
*****************************************
INFO:src.pipeline.__main__:Loaded config: configs/tuna/0514/tuna64_sngp_official_s47.yaml
WARNING:accelerate.utils.other:[RANK 0] Detected kernel version 3.10.0, which is below the recommended minimum of 5.5.0; this can cause the process to hang. It is recommended to upgrade the kernel to the minimum version or higher.
WARNING:py.warnings:/public/home/wangar2023/grand/.venv/lib/python3.11/site-packages/torch/distributed/c10d_logger.py:83: UserWarning: barrier(): using the device under current context. You can specify `device_id` in `init_process_group` to mute this warning.
  return func(*args, **kwargs)

2026-05-16 01:16:43 INFO Pipeline Runtime | Device: cuda:0 | Distributed: True | Test Batches: 1691 | Train Batches: 812 | Valid Batches: 762 | World Size: 4
2026-05-16 01:16:43 INFO Stage Start | Run Id: tuna64_sngp_official_s47
2026-05-16 01:16:47 INFO Train Config | Epochs: 50 | Monitor: auprc | Patience: 10
2026-05-16 01:16:47 INFO Epoch Start | Epoch: 1
2026-05-16 01:16:52 INFO Epoch Progress | Epoch: 1 | Loss: 0.6992 | LR: 4.00023e-06 | Progress: 0% | Step: 1/812
2026-05-16 01:17:53 INFO Epoch Progress | Epoch: 1 | Loss: 0.6925 | LR: 1.31716e-05 | Progress: 25% | Step: 203/812
2026-05-16 01:18:55 INFO Epoch Progress | Epoch: 1 | Loss: 0.6909 | LR: 3.71813e-05 | Progress: 50% | Step: 406/812
2026-05-16 01:19:57 INFO Epoch Progress | Epoch: 1 | Loss: 0.6882 | LR: 6.6854e-05 | Progress: 75% | Step: 609/812
2026-05-16 01:20:59 INFO Epoch Progress | Epoch: 1 | Loss: 0.6814 | LR: 9.08503e-05 | Progress: 100% | Step: 812/812
2026-05-16 01:24:55 INFO CSV Written | Epoch: 1
WARNING:py.warnings:/public/home/wangar2023/grand/.venv/lib/python3.11/site-packages/deepspeed/runtime/zero/linear.py:47: FutureWarning: `torch.cuda.amp.custom_fwd(args...)` is deprecated. Please use `torch.amp.custom_fwd(args..., device_type='cuda')` instead.
  @autocast_custom_fwd

WARNING:py.warnings:/public/home/wangar2023/grand/.venv/lib/python3.11/site-packages/deepspeed/runtime/zero/linear.py:66: FutureWarning: `torch.cuda.amp.custom_bwd(args...)` is deprecated. Please use `torch.amp.custom_bwd(args..., device_type='cuda')` instead.
  @autocast_custom_bwd

2026-05-16 01:24:58 INFO Best Saved | Epoch: 1 | Monitor: val_auprc | Value: 0.7385
2026-05-16 01:24:58 INFO Epoch Done | Epoch: 1 | Time: 487.5337 | Train Loss: 0.6816 | Val Accuracy: 0.6902 | Val AUPRC: 0.7385 | Val Auroc: 0.7628 | Val F1: 0.6857 | Val Loss: 0.6464
2026-05-16 01:24:58 INFO Epoch Start | Epoch: 2
2026-05-16 01:25:00 INFO Epoch Progress | Epoch: 2 | Loss: 0.6160 | LR: 9.09374e-05 | Progress: 0% | Step: 1/812
2026-05-16 01:26:00 INFO Epoch Progress | Epoch: 2 | Loss: 0.6253 | LR: 0.0001 | Progress: 25% | Step: 203/812
2026-05-16 01:27:01 INFO Epoch Progress | Epoch: 2 | Loss: 0.6099 | LR: 9.98779e-05 | Progress: 50% | Step: 406/812
2026-05-16 01:28:02 INFO Epoch Progress | Epoch: 2 | Loss: 0.5981 | LR: 9.95128e-05 | Progress: 75% | Step: 609/812
2026-05-16 01:29:02 INFO Epoch Progress | Epoch: 2 | Loss: 0.5874 | LR: 9.89065e-05 | Progress: 100% | Step: 812/812
2026-05-16 01:33:06 INFO CSV Written | Epoch: 2
2026-05-16 01:33:06 INFO Best Saved | Epoch: 2 | Monitor: val_auprc | Value: 0.8076
2026-05-16 01:33:06 INFO Epoch Done | Epoch: 2 | Time: 488.4875 | Train Loss: 0.5876 | Val Accuracy: 0.7559 | Val AUPRC: 0.8076 | Val Auroc: 0.8281 | Val F1: 0.7712 | Val Loss: 0.5507
2026-05-16 01:33:06 INFO Epoch Start | Epoch: 3
2026-05-16 01:33:09 INFO Epoch Progress | Epoch: 3 | Loss: 0.5120 | LR: 9.89029e-05 | Progress: 0% | Step: 1/812
2026-05-16 01:34:10 INFO Epoch Progress | Epoch: 3 | Loss: 0.5439 | LR: 9.80619e-05 | Progress: 25% | Step: 203/812
2026-05-16 01:35:12 INFO Epoch Progress | Epoch: 3 | Loss: 0.5357 | LR: 9.69832e-05 | Progress: 50% | Step: 406/812
2026-05-16 01:36:14 INFO Epoch Progress | Epoch: 3 | Loss: 0.5284 | LR: 9.56755e-05 | Progress: 75% | Step: 609/812
2026-05-16 01:37:16 INFO Epoch Progress | Epoch: 3 | Loss: 0.5237 | LR: 9.41454e-05 | Progress: 100% | Step: 812/812
2026-05-16 01:41:08 INFO CSV Written | Epoch: 3
2026-05-16 01:41:08 INFO Best Saved | Epoch: 3 | Monitor: val_auprc | Value: 0.8429
2026-05-16 01:41:08 INFO Epoch Done | Epoch: 3 | Time: 481.4889 | Train Loss: 0.5230 | Val Accuracy: 0.7717 | Val AUPRC: 0.8429 | Val Auroc: 0.8514 | Val F1: 0.7854 | Val Loss: 0.5140
2026-05-16 01:41:08 INFO Epoch Start | Epoch: 4
2026-05-16 01:41:10 INFO Epoch Progress | Epoch: 4 | Loss: 0.5393 | LR: 9.41373e-05 | Progress: 0% | Step: 1/812
2026-05-16 01:42:12 INFO Epoch Progress | Epoch: 4 | Loss: 0.4938 | LR: 9.24002e-05 | Progress: 25% | Step: 203/812
2026-05-16 01:43:12 INFO Epoch Progress | Epoch: 4 | Loss: 0.4932 | LR: 9.04484e-05 | Progress: 50% | Step: 406/812
2026-05-16 01:44:13 INFO Epoch Progress | Epoch: 4 | Loss: 0.4943 | LR: 8.82995e-05 | Progress: 75% | Step: 609/812
2026-05-16 01:45:13 INFO Epoch Progress | Epoch: 4 | Loss: 0.4918 | LR: 8.59641e-05 | Progress: 100% | Step: 812/812
2026-05-16 01:49:17 INFO CSV Written | Epoch: 4
2026-05-16 01:49:17 INFO Best Saved | Epoch: 4 | Monitor: val_auprc | Value: 0.8620
2026-05-16 01:49:17 INFO Epoch Done | Epoch: 4 | Time: 489.4090 | Train Loss: 0.4919 | Val Accuracy: 0.7855 | Val AUPRC: 0.8620 | Val Auroc: 0.8677 | Val F1: 0.8006 | Val Loss: 0.4911
2026-05-16 01:49:17 INFO Epoch Start | Epoch: 5
2026-05-16 01:49:19 INFO Epoch Progress | Epoch: 5 | Loss: 0.4576 | LR: 8.59521e-05 | Progress: 0% | Step: 1/812
2026-05-16 01:50:22 INFO Epoch Progress | Epoch: 5 | Loss: 0.4789 | LR: 8.34534e-05 | Progress: 25% | Step: 203/812
2026-05-16 01:51:25 INFO Epoch Progress | Epoch: 5 | Loss: 0.4726 | LR: 8.07798e-05 | Progress: 50% | Step: 406/812
2026-05-16 01:52:27 INFO Epoch Progress | Epoch: 5 | Loss: 0.4719 | LR: 7.79562e-05 | Progress: 75% | Step: 609/812
2026-05-16 01:53:28 INFO Epoch Progress | Epoch: 5 | Loss: 0.4716 | LR: 7.49964e-05 | Progress: 100% | Step: 812/812
2026-05-16 01:57:25 INFO CSV Written | Epoch: 5
2026-05-16 01:57:25 INFO Best Saved | Epoch: 5 | Monitor: val_auprc | Value: 0.8688
2026-05-16 01:57:25 INFO Epoch Done | Epoch: 5 | Time: 487.9042 | Train Loss: 0.4724 | Val Accuracy: 0.7909 | Val AUPRC: 0.8688 | Val Auroc: 0.8742 | Val F1: 0.8061 | Val Loss: 0.4806
2026-05-16 01:57:25 INFO Epoch Start | Epoch: 6
2026-05-16 01:57:39 INFO Epoch Progress | Epoch: 6 | Loss: 0.9856 | LR: 7.49815e-05 | Progress: 1% | Step: 1/190
2026-05-16 01:58:44 INFO Epoch Progress | Epoch: 6 | Loss: 0.8060 | LR: 7.42782e-05 | Progress: 25% | Step: 48/190
2026-05-16 01:59:49 INFO Epoch Progress | Epoch: 6 | Loss: 0.7572 | LR: 7.35534e-05 | Progress: 51% | Step: 96/190
2026-05-16 02:00:52 INFO Epoch Progress | Epoch: 6 | Loss: 0.7395 | LR: 7.28221e-05 | Progress: 76% | Step: 144/190
2026-05-16 02:01:50 INFO Epoch Progress | Epoch: 6 | Loss: 0.7306 | LR: 7.21155e-05 | Progress: 100% | Step: 190/190
2026-05-16 02:06:00 INFO CSV Written | Epoch: 6
2026-05-16 02:06:00 INFO Epoch Done | Epoch: 6 | Time: 514.2251 | Train Loss: 0.7293 | Val Accuracy: 0.6930 | Val AUPRC: 0.7909 | Val Auroc: 0.7960 | Val F1: 0.7418 | Val Loss: 0.6841
2026-05-16 02:06:00 INFO Epoch Start | Epoch: 7
2026-05-16 02:06:10 INFO Epoch Progress | Epoch: 7 | Loss: 0.7048 | LR: 7.21001e-05 | Progress: 1% | Step: 1/190
2026-05-16 02:07:14 INFO Epoch Progress | Epoch: 7 | Loss: 0.7020 | LR: 7.13723e-05 | Progress: 25% | Step: 48/190
2026-05-16 02:08:19 INFO Epoch Progress | Epoch: 7 | Loss: 0.7016 | LR: 7.06232e-05 | Progress: 51% | Step: 96/190
2026-05-16 02:09:23 INFO Epoch Progress | Epoch: 7 | Loss: 0.7011 | LR: 6.98686e-05 | Progress: 76% | Step: 144/190
2026-05-16 02:10:21 INFO Epoch Progress | Epoch: 7 | Loss: 0.7007 | LR: 6.91403e-05 | Progress: 100% | Step: 190/190
2026-05-16 02:14:25 INFO CSV Written | Epoch: 7
2026-05-16 02:14:25 INFO Epoch Done | Epoch: 7 | Time: 505.3964 | Train Loss: 0.7006 | Val Accuracy: 0.6818 | Val AUPRC: 0.7889 | Val Auroc: 0.7942 | Val F1: 0.7387 | Val Loss: 0.6862
2026-05-16 02:14:25 INFO Epoch Start | Epoch: 8
2026-05-16 02:14:36 INFO Epoch Progress | Epoch: 8 | Loss: 0.6989 | LR: 6.91244e-05 | Progress: 1% | Step: 1/190
2026-05-16 02:15:40 INFO Epoch Progress | Epoch: 8 | Loss: 0.6994 | LR: 6.83752e-05 | Progress: 25% | Step: 48/190
2026-05-16 02:16:46 INFO Epoch Progress | Epoch: 8 | Loss: 0.6993 | LR: 6.76051e-05 | Progress: 51% | Step: 96/190
2026-05-16 02:17:52 INFO Epoch Progress | Epoch: 8 | Loss: 0.6991 | LR: 6.68302e-05 | Progress: 76% | Step: 144/190
2026-05-16 02:18:53 INFO Epoch Progress | Epoch: 8 | Loss: 0.6987 | LR: 6.60833e-05 | Progress: 100% | Step: 190/190
2026-05-16 02:22:55 INFO CSV Written | Epoch: 8
2026-05-16 02:22:55 INFO Epoch Done | Epoch: 8 | Time: 509.6578 | Train Loss: 0.6987 | Val Accuracy: 0.6706 | Val AUPRC: 0.7847 | Val Auroc: 0.7900 | Val F1: 0.7356 | Val Loss: 0.6876
2026-05-16 02:22:55 INFO Epoch Start | Epoch: 9
2026-05-16 02:23:06 INFO Epoch Progress | Epoch: 9 | Loss: 0.6967 | LR: 6.6067e-05 | Progress: 1% | Step: 1/190
2026-05-16 02:24:10 INFO Epoch Progress | Epoch: 9 | Loss: 0.6981 | LR: 6.52996e-05 | Progress: 25% | Step: 48/190
2026-05-16 02:25:15 INFO Epoch Progress | Epoch: 9 | Loss: 0.6978 | LR: 6.45118e-05 | Progress: 51% | Step: 96/190
2026-05-16 02:26:21 INFO Epoch Progress | Epoch: 9 | Loss: 0.6977 | LR: 6.372e-05 | Progress: 76% | Step: 144/190
2026-05-16 02:27:21 INFO Epoch Progress | Epoch: 9 | Loss: 0.6976 | LR: 6.29577e-05 | Progress: 100% | Step: 190/190
2026-05-16 02:31:21 INFO CSV Written | Epoch: 9
2026-05-16 02:31:21 INFO Epoch Done | Epoch: 9 | Time: 506.1326 | Train Loss: 0.6975 | Val Accuracy: 0.6609 | Val AUPRC: 0.7675 | Val Auroc: 0.7702 | Val F1: 0.7240 | Val Loss: 0.6888
2026-05-16 02:31:21 INFO Epoch Start | Epoch: 10
2026-05-16 02:31:32 INFO Epoch Progress | Epoch: 10 | Loss: 0.6965 | LR: 6.29411e-05 | Progress: 1% | Step: 1/190
2026-05-16 02:32:35 INFO Epoch Progress | Epoch: 10 | Loss: 0.6971 | LR: 6.21588e-05 | Progress: 25% | Step: 48/190
2026-05-16 02:33:40 INFO Epoch Progress | Epoch: 10 | Loss: 0.6970 | LR: 6.13566e-05 | Progress: 51% | Step: 96/190
2026-05-16 02:34:44 INFO Epoch Progress | Epoch: 10 | Loss: 0.6969 | LR: 6.05513e-05 | Progress: 76% | Step: 144/190
2026-05-16 02:35:43 INFO Epoch Progress | Epoch: 10 | Loss: 0.6968 | LR: 5.97768e-05 | Progress: 100% | Step: 190/190
2026-05-16 02:39:48 INFO CSV Written | Epoch: 10
2026-05-16 02:39:48 INFO Epoch Done | Epoch: 10 | Time: 507.3602 | Train Loss: 0.6968 | Val Accuracy: 0.6568 | Val AUPRC: 0.7812 | Val Auroc: 0.7871 | Val F1: 0.7301 | Val Loss: 0.6889
2026-05-16 02:39:48 INFO Epoch Start | Epoch: 11
2026-05-16 02:39:57 INFO Epoch Progress | Epoch: 11 | Loss: 0.6963 | LR: 5.97599e-05 | Progress: 1% | Step: 1/190
2026-05-16 02:41:02 INFO Epoch Progress | Epoch: 11 | Loss: 0.6962 | LR: 5.89661e-05 | Progress: 25% | Step: 48/190
2026-05-16 02:42:06 INFO Epoch Progress | Epoch: 11 | Loss: 0.6962 | LR: 5.81529e-05 | Progress: 51% | Step: 96/190
2026-05-16 02:43:14 INFO Epoch Progress | Epoch: 11 | Loss: 0.6963 | LR: 5.73375e-05 | Progress: 76% | Step: 144/190
2026-05-16 02:44:15 INFO Epoch Progress | Epoch: 11 | Loss: 0.6962 | LR: 5.65542e-05 | Progress: 100% | Step: 190/190
2026-05-16 02:48:21 INFO CSV Written | Epoch: 11
2026-05-16 02:48:21 INFO Epoch Done | Epoch: 11 | Time: 512.6935 | Train Loss: 0.6962 | Val Accuracy: 0.6335 | Val AUPRC: 0.7569 | Val Auroc: 0.7583 | Val F1: 0.7134 | Val Loss: 0.6899
2026-05-16 02:48:21 INFO Epoch Start | Epoch: 12
2026-05-16 02:48:33 INFO Epoch Progress | Epoch: 12 | Loss: 0.6951 | LR: 5.65371e-05 | Progress: 1% | Step: 1/190
2026-05-16 02:49:44 INFO Epoch Progress | Epoch: 12 | Loss: 0.6959 | LR: 5.57351e-05 | Progress: 25% | Step: 48/190
2026-05-16 02:50:54 INFO Epoch Progress | Epoch: 12 | Loss: 0.6959 | LR: 5.49144e-05 | Progress: 51% | Step: 96/190
2026-05-16 02:52:06 INFO Epoch Progress | Epoch: 12 | Loss: 0.6959 | LR: 5.40924e-05 | Progress: 76% | Step: 144/190
2026-05-16 02:53:09 INFO Epoch Progress | Epoch: 12 | Loss: 0.6959 | LR: 5.33036e-05 | Progress: 100% | Step: 190/190
2026-05-16 02:57:15 INFO CSV Written | Epoch: 12
2026-05-16 02:57:15 INFO Epoch Done | Epoch: 12 | Time: 534.5225 | Train Loss: 0.6959 | Val Accuracy: 0.6399 | Val AUPRC: 0.7620 | Val Auroc: 0.7658 | Val F1: 0.7170 | Val Loss: 0.6900
2026-05-16 02:57:15 INFO Epoch Start | Epoch: 13
2026-05-16 02:57:26 INFO Epoch Progress | Epoch: 13 | Loss: 0.6959 | LR: 5.32864e-05 | Progress: 1% | Step: 1/190
2026-05-16 02:58:34 INFO Epoch Progress | Epoch: 13 | Loss: 0.6959 | LR: 5.24796e-05 | Progress: 25% | Step: 48/190
2026-05-16 02:59:45 INFO Epoch Progress | Epoch: 13 | Loss: 0.6957 | LR: 5.16549e-05 | Progress: 51% | Step: 96/190
2026-05-16 03:00:56 INFO Epoch Progress | Epoch: 13 | Loss: 0.6956 | LR: 5.08298e-05 | Progress: 76% | Step: 144/190
2026-05-16 03:02:00 INFO Epoch Progress | Epoch: 13 | Loss: 0.6955 | LR: 5.00389e-05 | Progress: 100% | Step: 190/190
2026-05-16 03:05:59 INFO CSV Written | Epoch: 13
2026-05-16 03:05:59 INFO Epoch Done | Epoch: 13 | Time: 523.1808 | Train Loss: 0.6955 | Val Accuracy: 0.6009 | Val AUPRC: 0.7394 | Val Auroc: 0.7419 | Val F1: 0.7014 | Val Loss: 0.6907
2026-05-16 03:05:59 INFO Epoch Start | Epoch: 14
2026-05-16 03:06:10 INFO Epoch Progress | Epoch: 14 | Loss: 0.6950 | LR: 5.00217e-05 | Progress: 1% | Step: 1/190
2026-05-16 03:07:19 INFO Epoch Progress | Epoch: 14 | Loss: 0.6953 | LR: 4.92135e-05 | Progress: 25% | Step: 48/190
2026-05-16 03:08:28 INFO Epoch Progress | Epoch: 14 | Loss: 0.6952 | LR: 4.83884e-05 | Progress: 51% | Step: 96/190
2026-05-16 03:09:37 INFO Epoch Progress | Epoch: 14 | Loss: 0.6953 | LR: 4.75637e-05 | Progress: 76% | Step: 144/190
2026-05-16 03:10:42 INFO Epoch Progress | Epoch: 14 | Loss: 0.6953 | LR: 4.6774e-05 | Progress: 100% | Step: 190/190
2026-05-16 03:14:36 INFO CSV Written | Epoch: 14
2026-05-16 03:14:36 INFO Epoch Done | Epoch: 14 | Time: 517.3003 | Train Loss: 0.6953 | Val Accuracy: 0.6122 | Val AUPRC: 0.7504 | Val Auroc: 0.7518 | Val F1: 0.7061 | Val Loss: 0.6907
2026-05-16 03:14:36 INFO Epoch Start | Epoch: 15
2026-05-16 03:14:46 INFO Epoch Progress | Epoch: 15 | Loss: 0.6953 | LR: 4.67569e-05 | Progress: 1% | Step: 1/190
2026-05-16 03:15:56 INFO Epoch Progress | Epoch: 15 | Loss: 0.6952 | LR: 4.59508e-05 | Progress: 25% | Step: 48/190
2026-05-16 03:17:07 INFO Epoch Progress | Epoch: 15 | Loss: 0.6951 | LR: 4.51288e-05 | Progress: 51% | Step: 96/190
2026-05-16 03:18:17 INFO Epoch Progress | Epoch: 15 | Loss: 0.6951 | LR: 4.4308e-05 | Progress: 76% | Step: 144/190
2026-05-16 03:19:22 INFO Epoch Progress | Epoch: 15 | Loss: 0.6951 | LR: 4.35229e-05 | Progress: 100% | Step: 190/190
2026-05-16 03:23:29 INFO CSV Written | Epoch: 15
2026-05-16 03:23:29 INFO Epoch Done | Epoch: 15 | Time: 533.0999 | Train Loss: 0.6951 | Val Accuracy: 0.6020 | Val AUPRC: 0.7390 | Val Auroc: 0.7370 | Val F1: 0.6995 | Val Loss: 0.6910
2026-05-16 03:23:29 INFO Early Stop | Epoch: 15
2026-05-16 03:23:29 INFO Stage Done | Run Id: tuna64_sngp_official_s47
2026-05-16 03:23:29 INFO Stage Start | Checkpoint: models/tuna/train/tuna64_sngp_official_s47/best_model.pth | Run Id: tuna64_sngp_official_s47
2026-05-16 03:23:29 INFO Checkpoint Loaded | Path: models/tuna/train/tuna64_sngp_official_s47/best_model.pth
2026-05-16 03:23:29 INFO Decision Threshold | Mode: fixed | Value: 0.5000
2026-05-16 03:31:56 INFO Evaluation Metrics | Accuracy: 0.6101 | AUPRC: 0.6895 | Auroc: 0.6704 | F1: 0.6519 | Mcc: 0.2268 | Precision: 0.5889 | Recall: 0.7300 | Sensitivity: 0.7300 | Specificity: 0.4901 | Split: test
2026-05-16 03:31:56 INFO CSV Written | Path: logs/tuna/evaluate/tuna64_sngp_official_s47/evaluate.csv
2026-05-16 03:31:56 INFO Stage Done | Run Id: tuna64_sngp_official_s47
[rank0]:[W516 03:31:57.609612632 ProcessGroupNCCL.cpp:1553] Warning: WARNING: destroy_process_group() was not called before program exit, which can leak resources. For more info, please see https://pytorch.org/docs/stable/distributed.html#shutdown (function operator())
