2026-05-15 20:45:45 INFO Pipeline Runtime | Device: cuda:0 | Distributed: True | Test Batches: 1691 | Train Batches: 812 | Valid Batches: 762 | World Size: 4
2026-05-15 20:45:45 INFO Stage Start | Run Id: tuna64_linear_official_s47
2026-05-15 20:45:47 INFO Train Config | Epochs: 50 | Monitor: auprc | Patience: 10
2026-05-15 20:45:47 INFO Epoch Start | Epoch: 1
2026-05-15 20:45:52 INFO Epoch Progress | Epoch: 1 | Loss: 0.7094 | LR: 4.00023e-06 | Progress: 0% | Step: 1/812
2026-05-15 20:46:53 INFO Epoch Progress | Epoch: 1 | Loss: 0.7002 | LR: 1.31716e-05 | Progress: 25% | Step: 203/812
2026-05-15 20:47:53 INFO Epoch Progress | Epoch: 1 | Loss: 0.6979 | LR: 3.71813e-05 | Progress: 50% | Step: 406/812
2026-05-15 20:48:53 INFO Epoch Progress | Epoch: 1 | Loss: 0.6912 | LR: 6.6854e-05 | Progress: 75% | Step: 609/812
2026-05-15 20:49:53 INFO Epoch Progress | Epoch: 1 | Loss: 0.6775 | LR: 9.08503e-05 | Progress: 100% | Step: 812/812
2026-05-15 20:53:53 INFO CSV Written | Epoch: 1
2026-05-15 20:53:57 INFO Best Saved | Epoch: 1 | Monitor: val_auprc | Value: 0.7279
2026-05-15 20:53:57 INFO Epoch Done | Epoch: 1 | Time: 485.8780 | Train Loss: 0.6775 | Val Accuracy: 0.6738 | Val AUPRC: 0.7279 | Val Auroc: 0.7438 | Val F1: 0.6991 | Val Loss: 0.6130
2026-05-15 20:53:57 INFO Epoch Start | Epoch: 2
2026-05-15 20:53:59 INFO Epoch Progress | Epoch: 2 | Loss: 0.5652 | LR: 9.09374e-05 | Progress: 0% | Step: 1/812
2026-05-15 20:55:00 INFO Epoch Progress | Epoch: 2 | Loss: 0.5967 | LR: 0.0001 | Progress: 25% | Step: 203/812
2026-05-15 20:56:01 INFO Epoch Progress | Epoch: 2 | Loss: 0.5839 | LR: 9.98779e-05 | Progress: 50% | Step: 406/812
2026-05-15 20:57:03 INFO Epoch Progress | Epoch: 2 | Loss: 0.5730 | LR: 9.95128e-05 | Progress: 75% | Step: 609/812
2026-05-15 20:58:04 INFO Epoch Progress | Epoch: 2 | Loss: 0.5642 | LR: 9.89065e-05 | Progress: 100% | Step: 812/812
2026-05-15 21:02:12 INFO CSV Written | Epoch: 2
2026-05-15 21:02:12 INFO Best Saved | Epoch: 2 | Monitor: val_auprc | Value: 0.8322
2026-05-15 21:02:12 INFO Epoch Done | Epoch: 2 | Time: 494.9941 | Train Loss: 0.5643 | Val Accuracy: 0.7559 | Val AUPRC: 0.8322 | Val Auroc: 0.8348 | Val F1: 0.7697 | Val Loss: 0.5290
2026-05-15 21:02:12 INFO Epoch Start | Epoch: 3
2026-05-15 21:02:14 INFO Epoch Progress | Epoch: 3 | Loss: 0.4985 | LR: 9.89029e-05 | Progress: 0% | Step: 1/812
2026-05-15 21:03:15 INFO Epoch Progress | Epoch: 3 | Loss: 0.5308 | LR: 9.80619e-05 | Progress: 25% | Step: 203/812
2026-05-15 21:04:15 INFO Epoch Progress | Epoch: 3 | Loss: 0.5236 | LR: 9.69832e-05 | Progress: 50% | Step: 406/812
2026-05-15 21:05:14 INFO Epoch Progress | Epoch: 3 | Loss: 0.5178 | LR: 9.56755e-05 | Progress: 75% | Step: 609/812
2026-05-15 21:06:13 INFO Epoch Progress | Epoch: 3 | Loss: 0.5143 | LR: 9.41454e-05 | Progress: 100% | Step: 812/812
2026-05-15 21:10:19 INFO CSV Written | Epoch: 3
2026-05-15 21:10:19 INFO Best Saved | Epoch: 3 | Monitor: val_auprc | Value: 0.8522
2026-05-15 21:10:19 INFO Epoch Done | Epoch: 3 | Time: 487.3219 | Train Loss: 0.5140 | Val Accuracy: 0.7730 | Val AUPRC: 0.8522 | Val Auroc: 0.8536 | Val F1: 0.7799 | Val Loss: 0.5047
2026-05-15 21:10:19 INFO Epoch Start | Epoch: 4
2026-05-15 21:10:21 INFO Epoch Progress | Epoch: 4 | Loss: 0.5139 | LR: 9.41373e-05 | Progress: 0% | Step: 1/812
2026-05-15 21:11:21 INFO Epoch Progress | Epoch: 4 | Loss: 0.4934 | LR: 9.24002e-05 | Progress: 25% | Step: 203/812
2026-05-15 21:12:23 INFO Epoch Progress | Epoch: 4 | Loss: 0.4938 | LR: 9.04484e-05 | Progress: 50% | Step: 406/812
2026-05-15 21:13:23 INFO Epoch Progress | Epoch: 4 | Loss: 0.4942 | LR: 8.82995e-05 | Progress: 75% | Step: 609/812
2026-05-15 21:14:23 INFO Epoch Progress | Epoch: 4 | Loss: 0.4927 | LR: 8.59641e-05 | Progress: 100% | Step: 812/812
2026-05-15 21:18:21 INFO CSV Written | Epoch: 4
2026-05-15 21:18:21 INFO Best Saved | Epoch: 4 | Monitor: val_auprc | Value: 0.8645
2026-05-15 21:18:21 INFO Epoch Done | Epoch: 4 | Time: 482.0687 | Train Loss: 0.4918 | Val Accuracy: 0.7846 | Val AUPRC: 0.8645 | Val Auroc: 0.8656 | Val F1: 0.7897 | Val Loss: 0.4894
2026-05-15 21:18:21 INFO Epoch Start | Epoch: 5
2026-05-15 21:18:24 INFO Epoch Progress | Epoch: 5 | Loss: 0.4556 | LR: 8.59521e-05 | Progress: 0% | Step: 1/812
2026-05-15 21:19:25 INFO Epoch Progress | Epoch: 5 | Loss: 0.4821 | LR: 8.34534e-05 | Progress: 25% | Step: 203/812
2026-05-15 21:20:25 INFO Epoch Progress | Epoch: 5 | Loss: 0.4792 | LR: 8.07798e-05 | Progress: 50% | Step: 406/812
2026-05-15 21:21:27 INFO Epoch Progress | Epoch: 5 | Loss: 0.4775 | LR: 7.79562e-05 | Progress: 75% | Step: 609/812
2026-05-15 21:22:28 INFO Epoch Progress | Epoch: 5 | Loss: 0.4763 | LR: 7.49964e-05 | Progress: 100% | Step: 812/812
2026-05-15 21:26:19 INFO CSV Written | Epoch: 5
2026-05-15 21:26:19 INFO Best Saved | Epoch: 5 | Monitor: val_auprc | Value: 0.8725
2026-05-15 21:26:19 INFO Epoch Done | Epoch: 5 | Time: 477.7983 | Train Loss: 0.4756 | Val Accuracy: 0.7952 | Val AUPRC: 0.8725 | Val Auroc: 0.8746 | Val F1: 0.8021 | Val Loss: 0.4764
2026-05-15 21:26:19 INFO Epoch Start | Epoch: 6
2026-05-15 21:26:32 INFO Epoch Progress | Epoch: 6 | Loss: 0.8440 | LR: 7.49815e-05 | Progress: 1% | Step: 1/190
2026-05-15 21:27:39 INFO Epoch Progress | Epoch: 6 | Loss: 0.9303 | LR: 7.42782e-05 | Progress: 25% | Step: 48/190
2026-05-15 21:28:46 INFO Epoch Progress | Epoch: 6 | Loss: 0.8672 | LR: 7.35534e-05 | Progress: 51% | Step: 96/190
2026-05-15 21:29:55 INFO Epoch Progress | Epoch: 6 | Loss: 0.8282 | LR: 7.28221e-05 | Progress: 76% | Step: 144/190
2026-05-15 21:30:56 INFO Epoch Progress | Epoch: 6 | Loss: 0.8061 | LR: 7.21155e-05 | Progress: 100% | Step: 190/190
2026-05-15 21:34:55 INFO CSV Written | Epoch: 6
2026-05-15 21:34:55 INFO Epoch Done | Epoch: 6 | Time: 515.8230 | Train Loss: 0.8023 | Val Accuracy: 0.7304 | Val AUPRC: 0.8164 | Val Auroc: 0.8124 | Val F1: 0.7122 | Val Loss: 0.6522
2026-05-15 21:34:55 INFO Epoch Start | Epoch: 7
2026-05-15 21:35:06 INFO Epoch Progress | Epoch: 7 | Loss: 0.7165 | LR: 7.21001e-05 | Progress: 1% | Step: 1/190
2026-05-15 21:36:15 INFO Epoch Progress | Epoch: 7 | Loss: 0.7276 | LR: 7.13723e-05 | Progress: 25% | Step: 48/190
2026-05-15 21:37:25 INFO Epoch Progress | Epoch: 7 | Loss: 0.7246 | LR: 7.06232e-05 | Progress: 51% | Step: 96/190
2026-05-15 21:38:36 INFO Epoch Progress | Epoch: 7 | Loss: 0.7223 | LR: 6.98686e-05 | Progress: 76% | Step: 144/190
2026-05-15 21:39:39 INFO Epoch Progress | Epoch: 7 | Loss: 0.7203 | LR: 6.91403e-05 | Progress: 100% | Step: 190/190
2026-05-15 21:43:32 INFO CSV Written | Epoch: 7
2026-05-15 21:43:32 INFO Epoch Done | Epoch: 7 | Time: 516.6233 | Train Loss: 0.7199 | Val Accuracy: 0.7393 | Val AUPRC: 0.8230 | Val Auroc: 0.8197 | Val F1: 0.7322 | Val Loss: 0.6658
2026-05-15 21:43:32 INFO Epoch Start | Epoch: 8
2026-05-15 21:43:43 INFO Epoch Progress | Epoch: 8 | Loss: 0.7048 | LR: 6.91244e-05 | Progress: 1% | Step: 1/190
2026-05-15 21:44:52 INFO Epoch Progress | Epoch: 8 | Loss: 0.7127 | LR: 6.83752e-05 | Progress: 25% | Step: 48/190
2026-05-15 21:46:03 INFO Epoch Progress | Epoch: 8 | Loss: 0.7119 | LR: 6.76051e-05 | Progress: 51% | Step: 96/190
2026-05-15 21:47:13 INFO Epoch Progress | Epoch: 8 | Loss: 0.7109 | LR: 6.68302e-05 | Progress: 76% | Step: 144/190
2026-05-15 21:48:15 INFO Epoch Progress | Epoch: 8 | Loss: 0.7103 | LR: 6.60833e-05 | Progress: 100% | Step: 190/190
2026-05-15 21:52:23 INFO CSV Written | Epoch: 8
2026-05-15 21:52:23 INFO Epoch Done | Epoch: 8 | Time: 531.2676 | Train Loss: 0.7102 | Val Accuracy: 0.7433 | Val AUPRC: 0.8261 | Val Auroc: 0.8231 | Val F1: 0.7438 | Val Loss: 0.6712
2026-05-15 21:52:23 INFO Epoch Start | Epoch: 9
2026-05-15 21:52:35 INFO Epoch Progress | Epoch: 9 | Loss: 0.7109 | LR: 6.6067e-05 | Progress: 1% | Step: 1/190
2026-05-15 21:53:46 INFO Epoch Progress | Epoch: 9 | Loss: 0.7075 | LR: 6.52996e-05 | Progress: 25% | Step: 48/190
2026-05-15 21:54:59 INFO Epoch Progress | Epoch: 9 | Loss: 0.7069 | LR: 6.45118e-05 | Progress: 51% | Step: 96/190
2026-05-15 21:56:12 INFO Epoch Progress | Epoch: 9 | Loss: 0.7063 | LR: 6.372e-05 | Progress: 76% | Step: 144/190
2026-05-15 21:57:16 INFO Epoch Progress | Epoch: 9 | Loss: 0.7058 | LR: 6.29577e-05 | Progress: 100% | Step: 190/190
2026-05-15 22:01:16 INFO CSV Written | Epoch: 9
2026-05-15 22:01:16 INFO Epoch Done | Epoch: 9 | Time: 533.0721 | Train Loss: 0.7058 | Val Accuracy: 0.7341 | Val AUPRC: 0.8281 | Val Auroc: 0.8254 | Val F1: 0.7104 | Val Loss: 0.6742
2026-05-15 22:01:16 INFO Epoch Start | Epoch: 10
2026-05-15 22:01:28 INFO Epoch Progress | Epoch: 10 | Loss: 0.7022 | LR: 6.29411e-05 | Progress: 1% | Step: 1/190
2026-05-15 22:02:39 INFO Epoch Progress | Epoch: 10 | Loss: 0.7041 | LR: 6.21588e-05 | Progress: 25% | Step: 48/190
2026-05-15 22:03:51 INFO Epoch Progress | Epoch: 10 | Loss: 0.7037 | LR: 6.13566e-05 | Progress: 51% | Step: 96/190
2026-05-15 22:05:01 INFO Epoch Progress | Epoch: 10 | Loss: 0.7034 | LR: 6.05513e-05 | Progress: 76% | Step: 144/190
2026-05-15 22:06:05 INFO Epoch Progress | Epoch: 10 | Loss: 0.7033 | LR: 5.97768e-05 | Progress: 100% | Step: 190/190
2026-05-15 22:10:05 INFO CSV Written | Epoch: 10
2026-05-15 22:10:05 INFO Epoch Done | Epoch: 10 | Time: 528.6804 | Train Loss: 0.7031 | Val Accuracy: 0.7393 | Val AUPRC: 0.8298 | Val Auroc: 0.8274 | Val F1: 0.7212 | Val Loss: 0.6761
2026-05-15 22:10:05 INFO Epoch Start | Epoch: 11
2026-05-15 22:10:17 INFO Epoch Progress | Epoch: 11 | Loss: 0.7003 | LR: 5.97599e-05 | Progress: 1% | Step: 1/190
2026-05-15 22:11:29 INFO Epoch Progress | Epoch: 11 | Loss: 0.7024 | LR: 5.89661e-05 | Progress: 25% | Step: 48/190
2026-05-15 22:12:41 INFO Epoch Progress | Epoch: 11 | Loss: 0.7021 | LR: 5.81529e-05 | Progress: 51% | Step: 96/190
2026-05-15 22:13:56 INFO Epoch Progress | Epoch: 11 | Loss: 0.7018 | LR: 5.73375e-05 | Progress: 76% | Step: 144/190
2026-05-15 22:15:02 INFO Epoch Progress | Epoch: 11 | Loss: 0.7015 | LR: 5.65542e-05 | Progress: 100% | Step: 190/190
2026-05-15 22:18:58 INFO CSV Written | Epoch: 11
2026-05-15 22:18:58 INFO Epoch Done | Epoch: 11 | Time: 532.9104 | Train Loss: 0.7015 | Val Accuracy: 0.7027 | Val AUPRC: 0.8297 | Val Auroc: 0.8280 | Val F1: 0.6300 | Val Loss: 0.6776
2026-05-15 22:18:58 INFO Epoch Start | Epoch: 12
2026-05-15 22:19:09 INFO Epoch Progress | Epoch: 12 | Loss: 0.7026 | LR: 5.65371e-05 | Progress: 1% | Step: 1/190
2026-05-15 22:20:17 INFO Epoch Progress | Epoch: 12 | Loss: 0.7012 | LR: 5.57351e-05 | Progress: 25% | Step: 48/190
2026-05-15 22:21:30 INFO Epoch Progress | Epoch: 12 | Loss: 0.7013 | LR: 5.49144e-05 | Progress: 51% | Step: 96/190
2026-05-15 22:22:43 INFO Epoch Progress | Epoch: 12 | Loss: 0.7011 | LR: 5.40924e-05 | Progress: 76% | Step: 144/190
2026-05-15 22:23:50 INFO Epoch Progress | Epoch: 12 | Loss: 0.7010 | LR: 5.33036e-05 | Progress: 100% | Step: 190/190
2026-05-15 22:27:53 INFO CSV Written | Epoch: 12
2026-05-15 22:27:53 INFO Epoch Done | Epoch: 12 | Time: 535.6767 | Train Loss: 0.7006 | Val Accuracy: 0.7388 | Val AUPRC: 0.8320 | Val Auroc: 0.8303 | Val F1: 0.7169 | Val Loss: 0.6785
2026-05-15 22:27:53 INFO Epoch Start | Epoch: 13
2026-05-15 22:28:04 INFO Epoch Progress | Epoch: 13 | Loss: 0.7002 | LR: 5.32864e-05 | Progress: 1% | Step: 1/190
2026-05-15 22:29:17 INFO Epoch Progress | Epoch: 13 | Loss: 0.6999 | LR: 5.24796e-05 | Progress: 25% | Step: 48/190
2026-05-15 22:30:27 INFO Epoch Progress | Epoch: 13 | Loss: 0.7003 | LR: 5.16549e-05 | Progress: 51% | Step: 96/190
2026-05-15 22:32:21 INFO Epoch Progress | Epoch: 13 | Loss: 0.6998 | LR: 5.08298e-05 | Progress: 76% | Step: 144/190
2026-05-15 22:34:04 INFO Epoch Progress | Epoch: 13 | Loss: 0.6995 | LR: 5.00389e-05 | Progress: 100% | Step: 190/190
2026-05-15 22:38:09 INFO CSV Written | Epoch: 13
2026-05-15 22:38:09 INFO Epoch Done | Epoch: 13 | Time: 615.4053 | Train Loss: 0.6994 | Val Accuracy: 0.7311 | Val AUPRC: 0.8320 | Val Auroc: 0.8306 | Val F1: 0.6986 | Val Loss: 0.6794
2026-05-15 22:38:09 INFO Epoch Start | Epoch: 14
2026-05-15 22:38:21 INFO Epoch Progress | Epoch: 14 | Loss: 0.6987 | LR: 5.00217e-05 | Progress: 1% | Step: 1/190
2026-05-15 22:39:34 INFO Epoch Progress | Epoch: 14 | Loss: 0.6985 | LR: 4.92135e-05 | Progress: 25% | Step: 48/190
2026-05-15 22:40:46 INFO Epoch Progress | Epoch: 14 | Loss: 0.6981 | LR: 4.83884e-05 | Progress: 51% | Step: 96/190
2026-05-15 22:42:01 INFO Epoch Progress | Epoch: 14 | Loss: 0.6983 | LR: 4.75637e-05 | Progress: 76% | Step: 144/190
2026-05-15 22:43:08 INFO Epoch Progress | Epoch: 14 | Loss: 0.6984 | LR: 4.6774e-05 | Progress: 100% | Step: 190/190
2026-05-15 22:47:05 INFO CSV Written | Epoch: 14
2026-05-15 22:47:05 INFO Epoch Done | Epoch: 14 | Time: 536.4535 | Train Loss: 0.6985 | Val Accuracy: 0.7347 | Val AUPRC: 0.8330 | Val Auroc: 0.8317 | Val F1: 0.7066 | Val Loss: 0.6799
2026-05-15 22:47:05 INFO Epoch Start | Epoch: 15
2026-05-15 22:47:16 INFO Epoch Progress | Epoch: 15 | Loss: 0.6927 | LR: 4.67569e-05 | Progress: 1% | Step: 1/190
2026-05-15 22:48:21 INFO Epoch Progress | Epoch: 15 | Loss: 0.6984 | LR: 4.59508e-05 | Progress: 25% | Step: 48/190
2026-05-15 22:49:28 INFO Epoch Progress | Epoch: 15 | Loss: 0.6983 | LR: 4.51288e-05 | Progress: 51% | Step: 96/190
2026-05-15 22:50:35 INFO Epoch Progress | Epoch: 15 | Loss: 0.6983 | LR: 4.4308e-05 | Progress: 76% | Step: 144/190
2026-05-15 22:51:35 INFO Epoch Progress | Epoch: 15 | Loss: 0.6982 | LR: 4.35229e-05 | Progress: 100% | Step: 190/190
2026-05-15 22:55:31 INFO CSV Written | Epoch: 15
2026-05-15 22:55:31 INFO Epoch Done | Epoch: 15 | Time: 505.5227 | Train Loss: 0.6981 | Val Accuracy: 0.7286 | Val AUPRC: 0.8334 | Val Auroc: 0.8324 | Val F1: 0.6881 | Val Loss: 0.6804
2026-05-15 22:55:31 INFO Early Stop | Epoch: 15
2026-05-15 22:55:31 INFO Stage Done | Run Id: tuna64_linear_official_s47
