2026-05-17 16:46:59 INFO Pipeline Runtime | Device: cuda:0 | Distributed: True | Test Batches: 1691 | Train Batches: 812 | Valid Batches: 762 | World Size: 4
2026-05-17 16:46:59 INFO Stage Start | Run Id: pair_context_gated_abba_block_s47
2026-05-17 16:47:01 INFO Train Config | Epochs: 50 | Monitor: auprc | Patience: 10
2026-05-17 16:47:01 INFO Epoch Start | Epoch: 1
2026-05-17 16:47:06 INFO Epoch Progress | Epoch: 1 | Loss: 0.8984 | LR: 4e-06 | Progress: 0% | Step: 1/812
2026-05-17 16:50:01 INFO Epoch Progress | Epoch: 1 | Loss: 0.7212 | LR: 1.29976e-05 | Progress: 25% | Step: 203/812
2026-05-17 16:52:57 INFO Epoch Progress | Epoch: 1 | Loss: 0.6720 | LR: 3.67579e-05 | Progress: 50% | Step: 406/812
2026-05-17 16:55:53 INFO Epoch Progress | Epoch: 1 | Loss: 0.6302 | LR: 6.64294e-05 | Progress: 75% | Step: 609/812
2026-05-17 16:58:49 INFO Epoch Progress | Epoch: 1 | Loss: 0.5977 | LR: 9.05868e-05 | Progress: 100% | Step: 812/812
2026-05-17 17:03:15 INFO CSV Written | Epoch: 1
2026-05-17 17:03:21 INFO Best Saved | Epoch: 1 | Monitor: val_auprc | Value: 0.8733
2026-05-17 17:03:21 INFO Epoch Done | Epoch: 1 | Time: 974.1582 | Train Loss: 0.5969 | Val Accuracy: 0.7799 | Val AUPRC: 0.8733 | Val Auroc: 0.8695 | Val F1: 0.7679 | Val Loss: 0.4957
2026-05-17 17:03:21 INFO Epoch Start | Epoch: 2
2026-05-17 17:03:24 INFO Epoch Progress | Epoch: 2 | Loss: 0.4026 | LR: 9.0675e-05 | Progress: 0% | Step: 1/812
2026-05-17 17:06:19 INFO Epoch Progress | Epoch: 2 | Loss: 0.4801 | LR: 9.99983e-05 | Progress: 25% | Step: 203/812
2026-05-17 17:09:15 INFO Epoch Progress | Epoch: 2 | Loss: 0.4755 | LR: 9.98815e-05 | Progress: 50% | Step: 406/812
2026-05-17 17:12:12 INFO Epoch Progress | Epoch: 2 | Loss: 0.4640 | LR: 9.952e-05 | Progress: 75% | Step: 609/812
2026-05-17 17:15:08 INFO Epoch Progress | Epoch: 2 | Loss: 0.4554 | LR: 9.89172e-05 | Progress: 100% | Step: 812/812
2026-05-17 17:19:32 INFO CSV Written | Epoch: 2
2026-05-17 17:19:33 INFO Best Saved | Epoch: 2 | Monitor: val_auprc | Value: 0.9175
2026-05-17 17:19:33 INFO Epoch Done | Epoch: 2 | Time: 970.9031 | Train Loss: 0.4534 | Val Accuracy: 0.8335 | Val AUPRC: 0.9175 | Val Auroc: 0.9149 | Val F1: 0.8336 | Val Loss: 0.4217
2026-05-17 17:19:33 INFO Epoch Start | Epoch: 3
2026-05-17 17:19:35 INFO Epoch Progress | Epoch: 3 | Loss: 0.4072 | LR: 9.89136e-05 | Progress: 0% | Step: 1/812
2026-05-17 17:22:31 INFO Epoch Progress | Epoch: 3 | Loss: 0.4114 | LR: 9.80761e-05 | Progress: 25% | Step: 203/812
2026-05-17 17:25:26 INFO Epoch Progress | Epoch: 3 | Loss: 0.4038 | LR: 9.70008e-05 | Progress: 50% | Step: 406/812
2026-05-17 17:28:22 INFO Epoch Progress | Epoch: 3 | Loss: 0.3987 | LR: 9.56965e-05 | Progress: 75% | Step: 609/812
2026-05-17 17:31:17 INFO Epoch Progress | Epoch: 3 | Loss: 0.3948 | LR: 9.41696e-05 | Progress: 100% | Step: 812/812
2026-05-17 17:35:41 INFO CSV Written | Epoch: 3
2026-05-17 17:35:41 INFO Best Saved | Epoch: 3 | Monitor: val_auprc | Value: 0.9268
2026-05-17 17:35:41 INFO Epoch Done | Epoch: 3 | Time: 968.1567 | Train Loss: 0.3957 | Val Accuracy: 0.8415 | Val AUPRC: 0.9268 | Val Auroc: 0.9252 | Val F1: 0.8352 | Val Loss: 0.3990
2026-05-17 17:35:41 INFO Epoch Start | Epoch: 4
2026-05-17 17:35:44 INFO Epoch Progress | Epoch: 4 | Loss: 0.3186 | LR: 9.41615e-05 | Progress: 0% | Step: 1/812
2026-05-17 17:38:38 INFO Epoch Progress | Epoch: 4 | Loss: 0.3599 | LR: 9.24366e-05 | Progress: 25% | Step: 203/812
2026-05-17 17:41:34 INFO Epoch Progress | Epoch: 4 | Loss: 0.3593 | LR: 9.04888e-05 | Progress: 50% | Step: 406/812
2026-05-17 17:44:30 INFO Epoch Progress | Epoch: 4 | Loss: 0.3610 | LR: 8.83437e-05 | Progress: 75% | Step: 609/812
2026-05-17 17:47:25 INFO Epoch Progress | Epoch: 4 | Loss: 0.3603 | LR: 8.60118e-05 | Progress: 100% | Step: 812/812
2026-05-17 17:51:54 INFO CSV Written | Epoch: 4
2026-05-17 17:51:54 INFO Best Saved | Epoch: 4 | Monitor: val_auprc | Value: 0.9392
2026-05-17 17:51:54 INFO Epoch Done | Epoch: 4 | Time: 973.0303 | Train Loss: 0.3603 | Val Accuracy: 0.8555 | Val AUPRC: 0.9392 | Val Auroc: 0.9379 | Val F1: 0.8498 | Val Loss: 0.3811
2026-05-17 17:51:54 INFO Epoch Start | Epoch: 5
2026-05-17 17:51:57 INFO Epoch Progress | Epoch: 5 | Loss: 0.2734 | LR: 8.59999e-05 | Progress: 0% | Step: 1/812
2026-05-17 17:54:51 INFO Epoch Progress | Epoch: 5 | Loss: 0.3301 | LR: 8.35045e-05 | Progress: 25% | Step: 203/812
2026-05-17 17:57:47 INFO Epoch Progress | Epoch: 5 | Loss: 0.3286 | LR: 8.08339e-05 | Progress: 50% | Step: 406/812
2026-05-17 18:00:44 INFO Epoch Progress | Epoch: 5 | Loss: 0.3315 | LR: 7.80132e-05 | Progress: 75% | Step: 609/812
2026-05-17 18:03:40 INFO Epoch Progress | Epoch: 5 | Loss: 0.3327 | LR: 7.50559e-05 | Progress: 100% | Step: 812/812
2026-05-17 18:08:08 INFO CSV Written | Epoch: 5
2026-05-17 18:08:08 INFO Best Saved | Epoch: 5 | Monitor: val_auprc | Value: 0.9437
2026-05-17 18:08:08 INFO Epoch Done | Epoch: 5 | Time: 973.3146 | Train Loss: 0.3307 | Val Accuracy: 0.8689 | Val AUPRC: 0.9437 | Val Auroc: 0.9432 | Val F1: 0.8660 | Val Loss: 0.3678
2026-05-17 18:08:08 INFO Epoch Start | Epoch: 6
2026-05-17 18:08:25 INFO Epoch Progress | Epoch: 6 | Loss: 0.5792 | LR: 7.5041e-05 | Progress: 1% | Step: 1/190
2026-05-17 18:10:41 INFO Epoch Progress | Epoch: 6 | Loss: 0.6832 | LR: 7.43383e-05 | Progress: 25% | Step: 48/190
2026-05-17 18:12:57 INFO Epoch Progress | Epoch: 6 | Loss: 0.6620 | LR: 7.3614e-05 | Progress: 51% | Step: 96/190
2026-05-17 18:15:14 INFO Epoch Progress | Epoch: 6 | Loss: 0.6543 | LR: 7.28833e-05 | Progress: 76% | Step: 144/190
2026-05-17 18:17:23 INFO Epoch Progress | Epoch: 6 | Loss: 0.6534 | LR: 7.21772e-05 | Progress: 100% | Step: 190/190
2026-05-17 18:21:50 INFO CSV Written | Epoch: 6
2026-05-17 18:21:50 INFO Epoch Done | Epoch: 6 | Time: 822.1564 | Train Loss: 0.6496 | Val Accuracy: 0.8609 | Val AUPRC: 0.9425 | Val Auroc: 0.9414 | Val F1: 0.8526 | Val Loss: 0.4301
2026-05-17 18:21:50 INFO Epoch Start | Epoch: 7
2026-05-17 18:22:04 INFO Epoch Progress | Epoch: 7 | Loss: 0.6026 | LR: 7.21618e-05 | Progress: 1% | Step: 1/190
2026-05-17 18:24:19 INFO Epoch Progress | Epoch: 7 | Loss: 0.5963 | LR: 7.14344e-05 | Progress: 25% | Step: 48/190
2026-05-17 18:26:36 INFO Epoch Progress | Epoch: 7 | Loss: 0.6001 | LR: 7.06859e-05 | Progress: 51% | Step: 96/190
2026-05-17 18:28:52 INFO Epoch Progress | Epoch: 7 | Loss: 0.6072 | LR: 6.99317e-05 | Progress: 76% | Step: 144/190
2026-05-17 18:31:01 INFO Epoch Progress | Epoch: 7 | Loss: 0.6130 | LR: 6.92038e-05 | Progress: 100% | Step: 190/190
2026-05-17 18:35:31 INFO CSV Written | Epoch: 7
2026-05-17 18:35:31 INFO Epoch Done | Epoch: 7 | Time: 821.5394 | Train Loss: 0.6056 | Val Accuracy: 0.8666 | Val AUPRC: 0.9429 | Val Auroc: 0.9416 | Val F1: 0.8618 | Val Loss: 0.4138
2026-05-17 18:35:31 INFO Epoch Start | Epoch: 8
2026-05-17 18:35:46 INFO Epoch Progress | Epoch: 8 | Loss: 0.5722 | LR: 6.91879e-05 | Progress: 1% | Step: 1/190
2026-05-17 18:38:01 INFO Epoch Progress | Epoch: 8 | Loss: 0.5568 | LR: 6.84391e-05 | Progress: 25% | Step: 48/190
2026-05-17 18:40:18 INFO Epoch Progress | Epoch: 8 | Loss: 0.5670 | LR: 6.76694e-05 | Progress: 51% | Step: 96/190
2026-05-17 18:42:34 INFO Epoch Progress | Epoch: 8 | Loss: 0.5733 | LR: 6.6895e-05 | Progress: 76% | Step: 144/190
2026-05-17 18:44:44 INFO Epoch Progress | Epoch: 8 | Loss: 0.5757 | LR: 6.61484e-05 | Progress: 100% | Step: 190/190
2026-05-17 18:49:09 INFO CSV Written | Epoch: 8
2026-05-17 18:49:09 INFO Epoch Done | Epoch: 8 | Time: 817.7872 | Train Loss: 0.5739 | Val Accuracy: 0.8656 | Val AUPRC: 0.9391 | Val Auroc: 0.9385 | Val F1: 0.8618 | Val Loss: 0.4021
2026-05-17 18:49:09 INFO Epoch Start | Epoch: 9
2026-05-17 18:49:24 INFO Epoch Progress | Epoch: 9 | Loss: 0.4849 | LR: 6.61321e-05 | Progress: 1% | Step: 1/190
2026-05-17 18:51:38 INFO Epoch Progress | Epoch: 9 | Loss: 0.5274 | LR: 6.53651e-05 | Progress: 25% | Step: 48/190
2026-05-17 18:53:55 INFO Epoch Progress | Epoch: 9 | Loss: 0.5299 | LR: 6.45776e-05 | Progress: 51% | Step: 96/190
2026-05-17 18:56:12 INFO Epoch Progress | Epoch: 9 | Loss: 0.5332 | LR: 6.38027e-05 | Progress: 76% | Step: 144/190
2026-05-17 18:58:22 INFO Epoch Progress | Epoch: 9 | Loss: 0.5387 | LR: 6.30407e-05 | Progress: 100% | Step: 190/190
2026-05-17 19:02:48 INFO CSV Written | Epoch: 9
2026-05-17 19:02:48 INFO Epoch Done | Epoch: 9 | Time: 818.7913 | Train Loss: 0.5339 | Val Accuracy: 0.8612 | Val AUPRC: 0.9421 | Val Auroc: 0.9399 | Val F1: 0.8532 | Val Loss: 0.3969
2026-05-17 19:02:48 INFO Epoch Start | Epoch: 10
2026-05-17 19:03:03 INFO Epoch Progress | Epoch: 10 | Loss: 0.5061 | LR: 6.30241e-05 | Progress: 1% | Step: 1/190
2026-05-17 19:05:17 INFO Epoch Progress | Epoch: 10 | Loss: 0.5020 | LR: 6.22422e-05 | Progress: 25% | Step: 48/190
2026-05-17 19:07:34 INFO Epoch Progress | Epoch: 10 | Loss: 0.4994 | LR: 6.14403e-05 | Progress: 51% | Step: 96/190
2026-05-17 19:09:50 INFO Epoch Progress | Epoch: 10 | Loss: 0.4991 | LR: 6.06353e-05 | Progress: 76% | Step: 144/190
2026-05-17 19:11:59 INFO Epoch Progress | Epoch: 10 | Loss: 0.5050 | LR: 5.98611e-05 | Progress: 100% | Step: 190/190
2026-05-17 19:16:27 INFO CSV Written | Epoch: 10
2026-05-17 19:16:27 INFO Epoch Done | Epoch: 10 | Time: 818.5252 | Train Loss: 0.4980 | Val Accuracy: 0.8625 | Val AUPRC: 0.9386 | Val Auroc: 0.9367 | Val F1: 0.8563 | Val Loss: 0.3918
2026-05-17 19:16:27 INFO Epoch Start | Epoch: 11
2026-05-17 19:16:42 INFO Epoch Progress | Epoch: 11 | Loss: 0.2938 | LR: 5.98443e-05 | Progress: 1% | Step: 1/190
2026-05-17 19:18:56 INFO Epoch Progress | Epoch: 11 | Loss: 0.4323 | LR: 5.90506e-05 | Progress: 25% | Step: 48/190
2026-05-17 19:21:13 INFO Epoch Progress | Epoch: 11 | Loss: 0.4487 | LR: 5.82377e-05 | Progress: 51% | Step: 96/190
2026-05-17 19:23:29 INFO Epoch Progress | Epoch: 11 | Loss: 0.4454 | LR: 5.74225e-05 | Progress: 76% | Step: 144/190
2026-05-17 19:25:38 INFO Epoch Progress | Epoch: 11 | Loss: 0.4519 | LR: 5.66394e-05 | Progress: 100% | Step: 190/190
2026-05-17 19:30:04 INFO CSV Written | Epoch: 11
2026-05-17 19:30:04 INFO Epoch Done | Epoch: 11 | Time: 816.9216 | Train Loss: 0.4553 | Val Accuracy: 0.8619 | Val AUPRC: 0.9348 | Val Auroc: 0.9328 | Val F1: 0.8553 | Val Loss: 0.3960
2026-05-17 19:30:04 INFO Epoch Start | Epoch: 12
2026-05-17 19:30:19 INFO Epoch Progress | Epoch: 12 | Loss: 0.5162 | LR: 5.66224e-05 | Progress: 1% | Step: 1/190
2026-05-17 19:32:33 INFO Epoch Progress | Epoch: 12 | Loss: 0.4168 | LR: 5.58205e-05 | Progress: 25% | Step: 48/190
2026-05-17 19:34:50 INFO Epoch Progress | Epoch: 12 | Loss: 0.4221 | LR: 5.5e-05 | Progress: 51% | Step: 96/190
2026-05-17 19:37:07 INFO Epoch Progress | Epoch: 12 | Loss: 0.4303 | LR: 5.41781e-05 | Progress: 76% | Step: 144/190
2026-05-17 19:39:17 INFO Epoch Progress | Epoch: 12 | Loss: 0.4306 | LR: 5.33894e-05 | Progress: 100% | Step: 190/190
2026-05-17 19:43:45 INFO CSV Written | Epoch: 12
2026-05-17 19:43:45 INFO Epoch Done | Epoch: 12 | Time: 820.9550 | Train Loss: 0.4212 | Val Accuracy: 0.8651 | Val AUPRC: 0.9335 | Val Auroc: 0.9310 | Val F1: 0.8620 | Val Loss: 0.3918
2026-05-17 19:43:45 INFO Epoch Start | Epoch: 13
2026-05-17 19:43:58 INFO Epoch Progress | Epoch: 13 | Loss: 0.3821 | LR: 5.33722e-05 | Progress: 1% | Step: 1/190
2026-05-17 19:46:13 INFO Epoch Progress | Epoch: 13 | Loss: 0.3792 | LR: 5.25655e-05 | Progress: 25% | Step: 48/190
2026-05-17 19:48:31 INFO Epoch Progress | Epoch: 13 | Loss: 0.3806 | LR: 5.17409e-05 | Progress: 51% | Step: 96/190
2026-05-17 19:50:47 INFO Epoch Progress | Epoch: 13 | Loss: 0.3800 | LR: 5.09158e-05 | Progress: 76% | Step: 144/190
2026-05-17 19:52:57 INFO Epoch Progress | Epoch: 13 | Loss: 0.3833 | LR: 5.01249e-05 | Progress: 100% | Step: 190/190
2026-05-17 19:57:25 INFO CSV Written | Epoch: 13
2026-05-17 19:57:25 INFO Epoch Done | Epoch: 13 | Time: 820.4518 | Train Loss: 0.3841 | Val Accuracy: 0.8675 | Val AUPRC: 0.9311 | Val Auroc: 0.9278 | Val F1: 0.8623 | Val Loss: 0.4063
2026-05-17 19:57:25 INFO Epoch Start | Epoch: 14
2026-05-17 19:57:40 INFO Epoch Progress | Epoch: 14 | Loss: 0.4189 | LR: 5.01077e-05 | Progress: 1% | Step: 1/190
2026-05-17 19:59:54 INFO Epoch Progress | Epoch: 14 | Loss: 0.3601 | LR: 4.92995e-05 | Progress: 25% | Step: 48/190
2026-05-17 20:02:11 INFO Epoch Progress | Epoch: 14 | Loss: 0.3617 | LR: 4.84744e-05 | Progress: 51% | Step: 96/190
2026-05-17 20:04:28 INFO Epoch Progress | Epoch: 14 | Loss: 0.3619 | LR: 4.76496e-05 | Progress: 76% | Step: 144/190
2026-05-17 20:06:38 INFO Epoch Progress | Epoch: 14 | Loss: 0.3644 | LR: 4.68598e-05 | Progress: 100% | Step: 190/190
2026-05-17 20:11:07 INFO CSV Written | Epoch: 14
2026-05-17 20:11:07 INFO Epoch Done | Epoch: 14 | Time: 822.0970 | Train Loss: 0.3513 | Val Accuracy: 0.8602 | Val AUPRC: 0.9311 | Val Auroc: 0.9278 | Val F1: 0.8551 | Val Loss: 0.4195
2026-05-17 20:11:07 INFO Epoch Start | Epoch: 15
2026-05-17 20:11:21 INFO Epoch Progress | Epoch: 15 | Loss: 0.3145 | LR: 4.68427e-05 | Progress: 1% | Step: 1/190
2026-05-17 20:13:35 INFO Epoch Progress | Epoch: 15 | Loss: 0.3019 | LR: 4.60365e-05 | Progress: 25% | Step: 48/190
2026-05-17 20:15:51 INFO Epoch Progress | Epoch: 15 | Loss: 0.3113 | LR: 4.52144e-05 | Progress: 51% | Step: 96/190
2026-05-17 20:18:09 INFO Epoch Progress | Epoch: 15 | Loss: 0.3258 | LR: 4.43935e-05 | Progress: 76% | Step: 144/190
2026-05-17 20:20:18 INFO Epoch Progress | Epoch: 15 | Loss: 0.3292 | LR: 4.36082e-05 | Progress: 100% | Step: 190/190
2026-05-17 20:24:44 INFO CSV Written | Epoch: 15
2026-05-17 20:24:44 INFO Epoch Done | Epoch: 15 | Time: 817.3476 | Train Loss: 0.3210 | Val Accuracy: 0.8649 | Val AUPRC: 0.9300 | Val Auroc: 0.9250 | Val F1: 0.8586 | Val Loss: 0.4352
2026-05-17 20:24:44 INFO Early Stop | Epoch: 15
2026-05-17 20:24:44 INFO Stage Done | Run Id: pair_context_gated_abba_block_s47
